******************************************************************************
                  TI ARM Linker PC v18.1.3                     
******************************************************************************
>> Linked Wed Sep 12 11:58:30 2018

OUTPUT FILE NAME:   <Project1A.out>
ENTRY POINT SYMBOL: "_c_int00_noinit_noargs"  address: 000001f1


MEMORY CONFIGURATION

         name            origin    length      used     unused   attr    fill
----------------------  --------  ---------  --------  --------  ----  --------
  MAIN                  00000000   00040000  000002ae  0003fd52  R  X
  INFO                  00200000   00004000  00000000  00004000  R  X
  SRAM_CODE             01000000   00010000  00000200  0000fe00  RW X
  SRAM_DATA             20000000   00010000  00000200  0000fe00  RW  


SEGMENT ALLOCATION MAP

run origin  load origin   length   init length attrs members
----------  ----------- ---------- ----------- ----- -------
00000000    00000000    000002b0   000002b0    r-x
  00000000    00000000    000000e4   000000e4    r-- .intvecs
  000000e4    000000e4    0000019a   0000019a    r-x .text
  00000280    00000280    00000030   00000030    r-- .const
2000fe00    2000fe00    00000200   00000000    rw-
  2000fe00    2000fe00    00000200   00000000    rw- .stack


SECTION ALLOCATION MAP

 output                                  attributes/
section   page    origin      length       input sections
--------  ----  ----------  ----------   ----------------
.intvecs   0    00000000    000000e4     
                  00000000    000000e4     startup_msp432p401r_ccs.obj (.intvecs:retain)

.text      0    000000e4    0000019a     
                  000000e4    00000078     system_msp432p401r.obj (.text:SystemInit)
                  0000015c    00000054     main.obj (.text:main)
                  000001b0    00000040     msp432p4xx_driverlib.lib : gpio.o (.text:GPIO_setAsOutputPin)
                  000001f0    00000030     rtsv7M4_T_le_v4SPD16_eabi.lib : boot_cortex_m.c.obj (.text:_c_int00_noinit_noargs:_c_int00_noinit_noargs)
                  00000220    00000028     msp432p4xx_driverlib.lib : gpio.o (.text:GPIO_setOutputHighOnPin)
                  00000248    00000020     main.obj (.text:Setup)
                  00000268    0000000c     startup_msp432p401r_ccs.obj (.text:Reset_Handler)
                  00000274    00000004     rtsv7M4_T_le_v4SPD16_eabi.lib : pre_init.c.obj (.text:_system_pre_init)
                  00000278    00000004                                   : exit.c.obj (.text:abort:abort)
                  0000027c    00000002     startup_msp432p401r_ccs.obj (.text:Default_Handler)

.const     0    00000280    00000030     
                  00000280    00000030     msp432p4xx_driverlib.lib : gpio.o (.const:GPIO_PORT_TO_BASE)

.cinit     0    00000000    00000000     UNINITIALIZED

.init_array 
*          0    00000000    00000000     UNINITIALIZED

.binit     0    00000000    00000000     

.stack     0    2000fe00    00000200     UNINITIALIZED
                  2000fe00    00000004     rtsv7M4_T_le_v4SPD16_eabi.lib : boot_cortex_m.c.obj (.stack)
                  2000fe04    000001fc     --HOLE--

MODULE SUMMARY

       Module                        code   ro data   rw data
       ------                        ----   -------   -------
    .\
       system_msp432p401r.obj        120    0         0      
       main.obj                      116    0         0      
    +--+-----------------------------+------+---------+---------+
       Total:                        236    0         0      
                                                             
    .\ccs\
       startup_msp432p401r_ccs.obj   14     228       0      
    +--+-----------------------------+------+---------+---------+
       Total:                        14     228       0      
                                                             
    C:/ti/simplelink_msp432p4_sdk_2_20_00_12/source/ti/devices/msp432p4xx/driverlib/ccs/msp432p4xx_driverlib.lib
       gpio.o                        104    48        0      
    +--+-----------------------------+------+---------+---------+
       Total:                        104    48        0      
                                                             
    C:\ti\ccsv8\tools\compiler\ti-cgt-arm_18.1.3.LTS\lib\rtsv7M4_T_le_v4SPD16_eabi.lib
       boot_cortex_m.c.obj           48     0         0      
       exit.c.obj                    4      0         0      
       pre_init.c.obj                4      0         0      
    +--+-----------------------------+------+---------+---------+
       Total:                        56     0         0      
                                                             
       Stack:                        0      0         1024   
    +--+-----------------------------+------+---------+---------+
       Grand Total:                  410    276       1024   


GLOBAL SYMBOLS: SORTED ALPHABETICALLY BY Name 

address   name                   
-------   ----                   
0000027d  ADC14_IRQHandler       
0000027d  AES256_IRQHandler      
0000027d  BusFault_Handler       
00000279  C$$EXIT                
0000027d  COMP_E0_IRQHandler     
0000027d  COMP_E1_IRQHandler     
0000027d  CS_IRQHandler          
0000027d  DMA_ERR_IRQHandler     
0000027d  DMA_INT0_IRQHandler    
0000027d  DMA_INT1_IRQHandler    
0000027d  DMA_INT2_IRQHandler    
0000027d  DMA_INT3_IRQHandler    
0000027d  DebugMon_Handler       
0000027d  Default_Handler        
0000027d  EUSCIA0_IRQHandler     
0000027d  EUSCIA1_IRQHandler     
0000027d  EUSCIA2_IRQHandler     
0000027d  EUSCIA3_IRQHandler     
0000027d  EUSCIB0_IRQHandler     
0000027d  EUSCIB1_IRQHandler     
0000027d  EUSCIB2_IRQHandler     
0000027d  EUSCIB3_IRQHandler     
0000027d  FLCTL_IRQHandler       
0000027d  FPU_IRQHandler         
000001b1  GPIO_setAsOutputPin    
00000221  GPIO_setOutputHighOnPin
0000027d  HardFault_Handler      
0000027d  MemManage_Handler      
0000027d  NMI_Handler            
0000027d  PCM_IRQHandler         
0000027d  PORT1_IRQHandler       
0000027d  PORT2_IRQHandler       
0000027d  PORT3_IRQHandler       
0000027d  PORT4_IRQHandler       
0000027d  PORT5_IRQHandler       
0000027d  PORT6_IRQHandler       
0000027d  PSS_IRQHandler         
0000027d  PendSV_Handler         
0000027d  RTC_C_IRQHandler       
00000269  Reset_Handler          
0000027d  SVC_Handler            
00000249  Setup                  
0000027d  SysTick_Handler        
000000e5  SystemInit             
0000027d  T32_INT1_IRQHandler    
0000027d  T32_INT2_IRQHandler    
0000027d  T32_INTC_IRQHandler    
0000027d  TA0_0_IRQHandler       
0000027d  TA0_N_IRQHandler       
0000027d  TA1_0_IRQHandler       
0000027d  TA1_N_IRQHandler       
0000027d  TA2_0_IRQHandler       
0000027d  TA2_N_IRQHandler       
0000027d  TA3_0_IRQHandler       
0000027d  TA3_N_IRQHandler       
0000027d  UsageFault_Handler     
4000480c  WDTCTL_SYM             
0000027d  WDT_A_IRQHandler       
20010000  __STACK_END            
00000200  __STACK_SIZE           
ffffffff  __TI_pprof_out_hndl    
ffffffff  __TI_prof_data_size    
ffffffff  __TI_prof_data_start   
00000000  __TI_static_base__     
ffffffff  __binit__              
ffffffff  __c_args__             
UNDEFED   __mpu_init             
2000fe00  __stack                
000001f1  _c_int00_noinit_noargs 
00000275  _system_pre_init       
00000279  abort                  
ffffffff  binit                  
00000000  interruptVectors       
0000015d  main                   


GLOBAL SYMBOLS: SORTED BY Symbol Address 

address   name                   
-------   ----                   
00000000  __TI_static_base__     
00000000  interruptVectors       
000000e5  SystemInit             
0000015d  main                   
000001b1  GPIO_setAsOutputPin    
000001f1  _c_int00_noinit_noargs 
00000200  __STACK_SIZE           
00000221  GPIO_setOutputHighOnPin
00000249  Setup                  
00000269  Reset_Handler          
00000275  _system_pre_init       
00000279  C$$EXIT                
00000279  abort                  
0000027d  ADC14_IRQHandler       
0000027d  AES256_IRQHandler      
0000027d  BusFault_Handler       
0000027d  COMP_E0_IRQHandler     
0000027d  COMP_E1_IRQHandler     
0000027d  CS_IRQHandler          
0000027d  DMA_ERR_IRQHandler     
0000027d  DMA_INT0_IRQHandler    
0000027d  DMA_INT1_IRQHandler    
0000027d  DMA_INT2_IRQHandler    
0000027d  DMA_INT3_IRQHandler    
0000027d  DebugMon_Handler       
0000027d  Default_Handler        
0000027d  EUSCIA0_IRQHandler     
0000027d  EUSCIA1_IRQHandler     
0000027d  EUSCIA2_IRQHandler     
0000027d  EUSCIA3_IRQHandler     
0000027d  EUSCIB0_IRQHandler     
0000027d  EUSCIB1_IRQHandler     
0000027d  EUSCIB2_IRQHandler     
0000027d  EUSCIB3_IRQHandler     
0000027d  FLCTL_IRQHandler       
0000027d  FPU_IRQHandler         
0000027d  HardFault_Handler      
0000027d  MemManage_Handler      
0000027d  NMI_Handler            
0000027d  PCM_IRQHandler         
0000027d  PORT1_IRQHandler       
0000027d  PORT2_IRQHandler       
0000027d  PORT3_IRQHandler       
0000027d  PORT4_IRQHandler       
0000027d  PORT5_IRQHandler       
0000027d  PORT6_IRQHandler       
0000027d  PSS_IRQHandler         
0000027d  PendSV_Handler         
0000027d  RTC_C_IRQHandler       
0000027d  SVC_Handler            
0000027d  SysTick_Handler        
0000027d  T32_INT1_IRQHandler    
0000027d  T32_INT2_IRQHandler    
0000027d  T32_INTC_IRQHandler    
0000027d  TA0_0_IRQHandler       
0000027d  TA0_N_IRQHandler       
0000027d  TA1_0_IRQHandler       
0000027d  TA1_N_IRQHandler       
0000027d  TA2_0_IRQHandler       
0000027d  TA2_N_IRQHandler       
0000027d  TA3_0_IRQHandler       
0000027d  TA3_N_IRQHandler       
0000027d  UsageFault_Handler     
0000027d  WDT_A_IRQHandler       
2000fe00  __stack                
20010000  __STACK_END            
4000480c  WDTCTL_SYM             
ffffffff  __TI_pprof_out_hndl    
ffffffff  __TI_prof_data_size    
ffffffff  __TI_prof_data_start   
ffffffff  __binit__              
ffffffff  __c_args__             
ffffffff  binit                  
UNDEFED   __mpu_init             

[74 symbols]
