******************************************************************************
                  TI ARM Linker PC v18.1.4                     
******************************************************************************
>> Linked Tue Nov 20 12:20:41 2018

OUTPUT FILE NAME:   <Project5.out>
ENTRY POINT SYMBOL: "_c_int00"  address: 00004901


MEMORY CONFIGURATION

         name            origin    length      used     unused   attr    fill
----------------------  --------  ---------  --------  --------  ----  --------
  MAIN                  00000000   00040000  0000d258  00032da8  R  X
  INFO                  00200000   00004000  00000000  00004000  R  X
  SRAM_CODE             01000000   00010000  00000000  00010000  RW X
  SRAM_DATA             20000000   00010000  000018cf  0000e731  RW  


SEGMENT ALLOCATION MAP

run origin  load origin   length   init length attrs members
----------  ----------- ---------- ----------- ----- -------
00000000    00000000    0000d260   0000d260    r-x
  00000000    00000000    0000003c   0000003c    r-- .resetVecs
  00000040    00000040    00006a0a   00006a0a    r-x .text
  00006a4c    00006a4c    000065b2   000065b2    r-- .const
  0000d000    0000d000    00000260   00000260    r-- .cinit
20000000    20000000    000015d1   00000000    rw-
  20000000    20000000    00000140   00000000    rw- .vecs
  20000140    20000140    00000f8e   00000000    rw- .bss
  200010d0    200010d0    00000501   00000000    rw- .data
2000fd00    2000fd00    00000300   00000000    rw-
  2000fd00    2000fd00    00000300   00000000    rw- .stack


SECTION ALLOCATION MAP

 output                                  attributes/
section   page    origin      length       input sections
--------  ----  ----------  ----------   ----------------
.text      0    00000040    00006a0a     
                  00000040    00000430     sysbios.aem4f : BIOS.obj (.text:ti_sysbios_family_arm_m3_Hwi_excDumpRegs__I)
                  00000470    00000388     grlib.a : image.obj (.text:Graphics_drawImage)
                  000007f8    0000034c     ti.targets.arm.rtsarm.aem4f : System.oem4f (.text:xdc_runtime_System_doPrint__I)
                  00000b44    00000004     msp432p4xx_driverlib.lib : cpu.o (.text:CPU_wfi)
                  00000b48    000002b8     sysbios.aem4f : BIOS.obj (.text:ti_sysbios_knl_Semaphore_pend__E)
                  00000e00    0000026c                   : BIOS.obj (.text:ti_sysbios_heaps_HeapMem_free__E)
                  0000106c    00000264     drivers_MSP432P401R.aem4f : PowerMSP432.oem4f (.text:Power_sleep)
                  000012d0    00000250     sysbios.aem4f : BIOS.obj (.text:ti_sysbios_heaps_HeapMem_alloc__E)
                  00001520    00000234                   : BIOS.obj (.text:ti_sysbios_knl_Task_Instance_finalize__E)
                  00001754    00000004     tirtosport.aem4f : HwiP_tirtos.oem4f (.text:HwiP_disable)
                  00001758    000001fc     sysbios.aem4f : BIOS.obj (.text:ti_sysbios_family_arm_m3_Hwi_excHandlerMax__I)
                  00001954    000001d8     Crystalfontz128x128_ST7735.obj (.text:Crystalfontz128x128_PixelDrawMultiple)
                  00001b2c    00000004     drivers_MSP432P401R.aem4f : List.oem4f (.text:List_head)
                  00001b30    000001c8     sysbios.aem4f : BIOS.obj (.text:ti_sysbios_knl_Task_sleep__E)
                  00001cf8    000001c0                   : BIOS.obj (.text:ti_sysbios_knl_Task_Instance_init__E)
                  00001eb8    000001a0     msp432p4xx_driverlib.lib : pcm.o (.text:__PCM_setPowerStateAdvanced)
                  00002058    00000174     sysbios.aem4f : BIOS.obj (.text:ti_sysbios_family_arm_m3_Hwi_excBusFault__I)
                  000021cc    00000004     drivers_MSP432P401R.aem4f : List.oem4f (.text:List_next)
                  000021d0    00000164     sysbios.aem4f : BIOS.obj (.text:ti_sysbios_family_arm_m3_Hwi_excUsageFault__I)
                  00002334    00000004     rtsv7M4_T_le_v4SPD16_eabi.lib : exit.c.obj (.text:abort:abort)
                  00002338    00000148     sysbios.aem4f : BIOS.obj (.text:ti_sysbios_family_arm_m3_Hwi_excMemFault__I)
                  00002480    00000140     drivers_MSP432P401R.aem4f : GPIOMSP432.oem4f (.text:GPIO_setConfig)
                  000025c0    0000013c     sysbios.aem4f : BIOS.obj (.text:ti_sysbios_heaps_HeapMem_Instance_init__E)
                  000026fc    00000134     Crystalfontz128x128_ST7735.obj (.text:Crystalfontz128x128_SetDrawFrame)
                  00002830    0000012c     Crystalfontz128x128_ST7735.obj (.text:Crystalfontz128x128_Init)
                  0000295c    0000011c     project5.obj (.text:main)
                  00002a78    00000118     ti.targets.arm.rtsarm.aem4f : Error.oem4f (.text:xdc_runtime_Error_policyDefault__E)
                  00002b90    00000100                                 : Core-mem.oem4f (.text:xdc_runtime_Core_createObject__I)
                  00002c90    000000f8                                 : Startup.oem4f (.text:xdc_runtime_Startup_startMods__I)
                  00002d88    000000f8     project5_pem4f.oem4f (.text:xdc_runtime_System_printfExtend__I)
                  00002e80    000000f0     drivers_MSP432P401R.aem4f : PowerMSP432.oem4f (.text:initPerfControl)
                  00002f70    000000ec     sysbios.aem4f : m3_Hwi_asm.obj (.text:ti_sysbios_family_arm_m3_Hwi_dispatch__I)
                  0000305c    00000004     project5_pem4f.oem4f (.text:ti_sysbios_BIOS_RtsGateProxy_enter__E)
                  00003060    000000ec     sysbios.aem4f : BIOS.obj (.text:ti_sysbios_knl_Semaphore_post__E)
                  0000314c    000000e0     msp432p4xx_driverlib.lib : cs.o (.text:CS_initClockSignal)
                  0000322c    000000dc                              : pcm.o (.text:__PCM_setPowerModeAdvanced)
                  00003308    000000cc     ti.targets.arm.rtsarm.aem4f : Core-smem.oem4f (.text:xdc_runtime_Core_constructObject__I)
                  000033d4    00000004     project5_pem4f.oem4f (.text:ti_sysbios_BIOS_RtsGateProxy_leave__E)
                  000033d8    000000bc     sysbios.aem4f : BIOS.obj (.text:ti_sysbios_family_arm_m3_Hwi_excDebugMon__I)
                  00003494    00000004     project5_pem4f.oem4f (.text:ti_sysbios_family_arm_m3_TaskSupport_Module__startupDone__S)
                  00003498    000000bc     sysbios.aem4f : BIOS.obj (.text:ti_sysbios_family_arm_m3_Hwi_excHardFault__I)
                  00003554    00000004     project5_pem4f.oem4f (.text:ti_sysbios_heaps_HeapMem_Module_GateProxy_enter__E)
                  00003558    000000b4     sysbios.aem4f : BIOS.obj (.text:ti_sysbios_gates_GateMutex_enter__E)
                  0000360c    00000004     project5_pem4f.oem4f (.text:ti_sysbios_heaps_HeapMem_Module_GateProxy_leave__E)
                  00003610    000000b4     sysbios.aem4f : BIOS.obj (.text:ti_sysbios_knl_Task_checkStacks__E)
                  000036c4    000000b0     msp432p4xx_driverlib.lib : pcm.o (.text:__PCM_setCoreVoltageLevelAdvanced)
                  00003774    00000004     project5_pem4f.oem4f (.text:ti_sysbios_knl_Clock_TimerProxy_getMaxTicks__E)
                  00003778    000000a8     sysbios.aem4f : BIOS.obj (.text:ti_sysbios_family_arm_msp432_Timer_periodicStub__E)
                  00003820    000000a0     auto_init.aem4f : auto_init.oem4f (.text)
                  000038c0    000000a0     ti.targets.arm.rtsarm.aem4f : Text.oem4f (.text:xdc_runtime_Text_putMod__E)
                  00003960    0000009c     Crystalfontz128x128_ST7735.obj (.text:Crystalfontz128x128_RectFill)
                  000039fc    0000009c     rtsv7M4_T_le_v4SPD16_eabi.lib : memcpy_t2.asm.obj (.text)
                  00003a98    0000009c     sysbios.aem4f : BIOS.obj (.text:ti_sysbios_knl_Semaphore_Instance_init__E)
                  00003b34    0000009a     ti.targets.arm.rtsarm.aem4f : Text.oem4f (.text:xdc_runtime_Text_putSite__E)
                  00003bce    00000002     power_tirtos_MSP432P401R.aem4f : PowerMSP432_tirtos.oem4f (.text:PowerMSP432_initPolicy)
                  00003bd0    00000094     sysbios.aem4f : BIOS.obj (.text:ti_sysbios_family_arm_m3_Hwi_Instance_init__E)
                  00003c64    00000004     project5_pem4f.oem4f (.text:ti_sysbios_knl_Queue_destruct)
                  00003c68    00000094     sysbios.aem4f : BIOS.obj (.text:ti_sysbios_family_arm_m3_Hwi_initNVIC__E)
                  00003cfc    00000004     project5_pem4f.oem4f (.text:ti_sysbios_knl_Semaphore_destruct)
                  00003d00    00000094     sysbios.aem4f : BIOS.obj (.text:ti_sysbios_knl_Task_postInit__I)
                  00003d94    0000008c                   : m3_TaskSupport_asm.obj (.text:ti_sysbios_family_arm_m3_TaskSupport_buildTaskStack)
                  00003e20    00000088     msp432p4xx_driverlib.lib : spi.o (.text:SPI_initMaster)
                  00003ea8    00000088     sysbios.aem4f : BIOS.obj (.text:ti_sysbios_family_arm_msp432_Timer_Module_startup__E)
                  00003f30    00000084                   : BIOS.obj (.text:ti_sysbios_family_arm_m3_Hwi_postInit__I)
                  00003fb4    0000007c     msp432p4xx_driverlib.lib : pcm.o (.text:PCM_gotoLPM3)
                  00004030    0000007a     rtsv7M4_T_le_v4SPD16_eabi.lib : memset_t2.asm.obj (.text)
                  000040aa    00000006     ti.targets.arm.rtsarm.aem4f : System.oem4f (.text:xdc_runtime_System_Module_startup__E)
                  000040b0    00000070     sysbios.aem4f : BIOS.obj (.text:ti_sysbios_knl_Clock_workFunc__E)
                  00004120    00000070                   : BIOS.obj (.text:ti_sysbios_knl_Task_exit__E)
                  00004190    0000006d     ti.targets.arm.rtsarm.aem4f : System.oem4f (.text:xdc_runtime_System_formatNum__I)
                  000041fd    00000001     --HOLE-- [fill = 0]
                  000041fe    00000002     rtsv7M4_T_le_v4SPD16_eabi.lib : _lock.c.obj (.text:_nop)
                  00004200    0000006c     grlib.a : image.obj (.text:Graphics_convertPalette)
                  0000426c    00000004     ti.targets.arm.rtsarm.aem4f : Error.oem4f (.text:xdc_runtime_Error_getSite__E)
                  00004270    0000006c     sysbios.aem4f : BIOS.obj (.text:ti_sysbios_knl_Swi_restoreHwi__E)
                  000042dc    0000006c     ti.targets.arm.rtsarm.aem4f : Error.oem4f (.text:xdc_runtime_Error_print__E)
                  00004348    0000006c                                 : Memory.oem4f (.text:xdc_runtime_Memory_alloc__E)
                  000043b4    00000068     rtsv7M4_T_le_v4SPD16_eabi.lib : copy_decompress_lzss.c.obj (.text:decompress:lzss:__TI_decompress_lzss)
                  0000441c    00000066     ti.targets.arm.rtsarm.aem4f : Core-mem.oem4f (.text:xdc_runtime_Core_deleteObject__I)
                  00004482    00000004     project5_pem4f.oem4f (.text:xdc_runtime_System_Module_GateProxy_enter__E)
                  00004486    00000002     rtsv7M4_T_le_v4SPD16_eabi.lib : div0.asm.obj (.text)
                  00004488    00000064     sysbios.aem4f : BIOS.obj (.text:ti_sysbios_family_arm_m3_Hwi_dispatchC__I)
                  000044ec    00000062     tirtosport.aem4f : HwiP_tirtos.oem4f (.text:HwiP_create)
                  0000454e    00000060     Crystalfontz128x128_ST7735.obj (.text:Crystalfontz128x128_LineDrawH)
                  000045ae    00000060     Crystalfontz128x128_ST7735.obj (.text:Crystalfontz128x128_LineDrawV)
                  0000460e    00000002     project5_pem4f.oem4f (.text:ti_sysbios_BIOS_nullFunc__I)
                  00004610    00000060     sysbios.aem4f : BIOS.obj (.text:ti_sysbios_knl_Task_schedule__I)
                  00004670    0000005c     drivers_MSP432P401R.aem4f : GPIOMSP432.oem4f (.text:GPIO_init)
                  000046cc    00000004     project5_pem4f.oem4f (.text:xdc_runtime_System_Module_GateProxy_leave__E)
                  000046d0    0000005c     sysbios.aem4f : BIOS.obj (.text:ti_sysbios_knl_Swi_run__I)
                  0000472c    00000004     ti.targets.arm.rtsarm.aem4f : System.oem4f (.text:xdc_runtime_System_aprintf_va__F)
                  00004730    0000005c     sysbios.aem4f : BIOS.obj (.text:ti_sysbios_knl_Swi_schedule__I)
                  0000478c    00000004     ti.targets.arm.rtsarm.aem4f : System.oem4f (.text:xdc_runtime_System_printf_va__F)
                  00004790    0000005c     sysbios.aem4f : BIOS.obj (.text:ti_sysbios_knl_Task_Module_startup__E)
                  000047ec    00000004     --HOLE-- [fill = 0]
                  000047f0    0000005c                   : BIOS.obj (.text:ti_sysbios_knl_Task_startCore__E)
                  0000484c    0000005b     ti.targets.arm.rtsarm.aem4f : Text.oem4f (.text:xdc_runtime_Text_putLab__E)
                  000048a7    00000001     --HOLE-- [fill = 0]
                  000048a8    00000058     rtsv7M4_T_le_v4SPD16_eabi.lib : hostwrite.c.obj (.text:HOSTwrite)
                  00004900    00000058     boot.aem4f : boot.oem4f (.text)
                  00004958    00000058     project5_pem4f.oem4f (.text:ti_sysbios_family_arm_m3_Hwi_construct)
                  000049b0    00000058     sysbios.aem4f : m3_Hwi_asm_switch.obj (.text:ti_sysbios_family_arm_m3_Hwi_initStacks__E)
                  00004a08    00000054     Crystalfontz128x128_ST7735.obj (.text:Crystalfontz128x128_SetOrientation)
                  00004a5c    00000054     drivers_MSP432P401R.aem4f : GPIOMSP432.oem4f (.text:GPIO_hwiIntFxn)
                  00004ab0    00000054                               : GPIOMSP432.oem4f (.text:GPIO_setCallback)
                  00004b04    00000004     --HOLE-- [fill = 0]
                  00004b08    00000054     sysbios.aem4f : BIOS.obj (.text:ti_sysbios_family_arm_msp432_Timer_initDevice__I)
                  00004b5c    00000004     --HOLE-- [fill = 0]
                  00004b60    00000054                   : BIOS.obj (.text:ti_sysbios_family_arm_msp432_init_Boot_configureClocksHigh)
                  00004bb4    00000054     project5_pem4f.oem4f (.text:ti_sysbios_knl_Task_construct)
                  00004c08    00000054     ti.targets.arm.rtsarm.aem4f : Assert.oem4f (.text:xdc_runtime_Assert_raise__I)
                  00004c5c    00000052     grlib.a : context.obj (.text:Graphics_initContext)
                  00004cae    00000002     --HOLE-- [fill = 0]
                  00004cb0    00000050     drivers_MSP432P401R.aem4f : GPIOMSP432.oem4f (.text:GPIO_write)
                  00004d00    00000050     msp432p4xx_driverlib.lib : pcm.o (.text:PCM_shutdownDevice)
                  00004d50    00000050     sysbios.aem4f : BIOS.obj (.text:ti_sysbios_family_arm_m3_Hwi_Module_startup__E)
                  00004da0    00000050     ti.targets.arm.rtsarm.aem4f : Startup.oem4f (.text:xdc_runtime_Startup_exec__E)
                  00004df0    00000050                                 : Text.oem4f (.text:xdc_runtime_Text_visitRope2__I)
                  00004e40    0000004c     msp432p4xx_driverlib.lib : gpio.o (.text:GPIO_setAsPeripheralModuleFunctionOutputPin)
                  00004e8c    0000004c     rtsv7M4_T_le_v4SPD16_eabi.lib : cpy_tbl.c.obj (.text:copy_in)
                  00004ed8    0000004c     sysbios.aem4f : BIOS.obj (.text:ti_sysbios_family_arm_msp432_Timer_start__E)
                  00004f24    00000004     --HOLE-- [fill = 0]
                  00004f28    0000004c                   : BIOS.obj (.text:ti_sysbios_heaps_HeapMem_getStats__E)
                  00004f74    00000004     --HOLE-- [fill = 0]
                  00004f78    0000004c                   : BIOS.obj (.text:ti_sysbios_knl_Swi_runLoop__I)
                  00004fc4    00000004     --HOLE-- [fill = 0]
                  00004fc8    0000004c                   : BIOS.obj (.text:ti_sysbios_knl_Task_allBlockedFunction__I)
                  00005014    00000004     --HOLE-- [fill = 0]
                  00005018    00000048                   : BIOS.obj (.text:ti_sysbios_family_arm_m3_Hwi_disableInterrupt__E)
                  00005060    00000048                   : BIOS.obj (.text:ti_sysbios_family_arm_m3_Hwi_enableInterrupt__E)
                  000050a8    00000048                   : BIOS.obj (.text:ti_sysbios_family_arm_m3_Hwi_excReserved__I)
                  000050f0    00000046     grlib.a : display.obj (.text:Graphics_drawMultiplePixelsOnDisplay)
                  00005136    00000046     ti.targets.arm.rtsarm.aem4f : Core-params.oem4f (.text:xdc_runtime_Core_assignParams__I)
                  0000517c    00000044     drivers_MSP432P401R.aem4f : PowerMSP432.oem4f (.text:Power_init)
                  000051c0    00000044     sysbios.aem4f : BIOS.obj (.text:ti_sysbios_family_arm_m3_Hwi_getStackInfo__E)
                  00005204    00000004     --HOLE-- [fill = 0]
                  00005208    00000044                   : BIOS.obj (.text:ti_sysbios_knl_Swi_post__E)
                  0000524c    00000044     ti.targets.arm.rtsarm.aem4f : Error.oem4f (.text:xdc_runtime_Error_setX__E)
                  00005290    00000044                                 : SysMin.oem4f (.text:xdc_runtime_SysMin_flush__E)
                  000052d4    00000044                                 : Text.oem4f (.text:xdc_runtime_Text_xprintf__I)
                  00005318    00000040     Crystalfontz128x128_ST7735.obj (.text:Crystalfontz128x128_PixelDraw)
                  00005358    00000040     msp432p4xx_driverlib.lib : flash.o (.text:FlashCtl_disableReadBuffering)
                  00005398    00000040     HAL_MSP_EXP432P401R_Crystalfontz128x128_ST7735.obj (.text:HAL_LCD_SpiInit)
                  000053d8    00000040     drivers_MSP432P401R.aem4f : PowerMSP432.oem4f (.text:notify)
                  00005418    00000040     rtsv7M4_T_le_v4SPD16_eabi.lib : u_divt2.asm.obj (.text)
                  00005458    00000040     sysbios.aem4f : BIOS.obj (.text:ti_sysbios_family_arm_msp432_Timer_startup__E)
                  00005498    0000003c     power_tirtos_MSP432P401R.aem4f : PowerMSP432_tirtos.oem4f (.text:PowerMSP432_sleepPolicy)
                  000054d4    00000004     --HOLE-- [fill = 0]
                  000054d8    0000003c     sysbios.aem4f : BIOS.obj (.text:ti_sysbios_family_arm_m3_Hwi_excSvCall__I)
                  00005514    00000004     --HOLE-- [fill = 0]
                  00005518    0000003c                   : BIOS.obj (.text:ti_sysbios_heaps_HeapMem_init__I)
                  00005554    00000004     --HOLE-- [fill = 0]
                  00005558    0000003c                   : BIOS.obj (.text:ti_sysbios_knl_Swi_restore__E)
                  00005594    00000038     HAL_MSP_EXP432P401R_Crystalfontz128x128_ST7735.obj (.text:HAL_LCD_writeCommand)
                  000055cc    00000038     rtsv7M4_T_le_v4SPD16_eabi.lib : trgmsg.c.obj (.text:__TI_writemsg)
                  00005604    00000004     --HOLE-- [fill = 0]
                  00005608    00000038     sysbios.aem4f : BIOS.obj (.text:ti_sysbios_family_arm_m3_Hwi_excNoIsr__I)
                  00005640    00000038                   : BIOS.obj (.text:ti_sysbios_knl_Task_processVitalTaskFlag__I)
                  00005678    00000038     ti.targets.arm.rtsarm.aem4f : SysMin.oem4f (.text:xdc_runtime_SysMin_putch__E)
                  000056b0    00000038                                 : System.oem4f (.text:xdc_runtime_System_atexit__E)
                  000056e8    00000034     msp432p4xx_driverlib.lib : flash.o (.text:FlashCtl_enableReadBuffering)
                  0000571c    00000034     rtsv7M4_T_le_v4SPD16_eabi.lib : trgmsg.c.obj (.text:__TI_readmsg)
                  00005750    00000034     sysbios.aem4f : BIOS.obj (.text:ti_sysbios_family_arm_m3_Hwi_Instance_finalize__E)
                  00005784    00000004     --HOLE-- [fill = 0]
                  00005788    00000034                   : BIOS.obj (.text:ti_sysbios_family_arm_m3_Hwi_excNmi__I)
                  000057bc    00000004     --HOLE-- [fill = 0]
                  000057c0    00000034                   : BIOS.obj (.text:ti_sysbios_hal_Hwi_checkStack)
                  000057f4    00000034     ti.targets.arm.rtsarm.aem4f : Core-label.oem4f (.text:xdc_runtime_Core_assignLabel__I)
                  00005828    00000033                                 : Text.oem4f (.text:xdc_runtime_Text_printVisFxn__I)
                  0000585b    00000005     --HOLE-- [fill = 0]
                  00005860    00000032     sysbios.aem4f : BIOS.obj (.text:ti_sysbios_hal_Hwi_initStack)
                  00005892    00000002     --HOLE-- [fill = 0]
                  00005894    00000030     msp432p4xx_driverlib.lib : gpio.o (.text:GPIO_getEnabledInterruptStatus)
                  000058c4    00000030                              : gpio.o (.text:GPIO_setAsInputPinWithPullDownResistor)
                  000058f4    00000030                              : gpio.o (.text:GPIO_setAsInputPinWithPullUpResistor)
                  00005924    00000030     drivers_MSP432P401R.aem4f : GPIOMSP432.oem4f (.text:GPIO_toggle)
                  00005954    00000030     HAL_MSP_EXP432P401R_Crystalfontz128x128_ST7735.obj (.text:HAL_LCD_PortInit)
                  00005984    00000030     msp432p4xx_driverlib.lib : spi.o (.text:is_A_Module)
                  000059b4    00000030     project5_pem4f.oem4f (.text:ti_sysbios_BIOS_atExitFunc__I)
                  000059e4    00000030     project5_pem4f.oem4f (.text:ti_sysbios_BIOS_startFunc__I)
                  00005a14    00000004     --HOLE-- [fill = 0]
                  00005a18    00000030     sysbios.aem4f : BIOS.obj (.text:ti_sysbios_family_arm_m3_TaskSupport_start__E)
                  00005a48    00000030     project5_pem4f.oem4f (.text:ti_sysbios_gates_GateHwi_Object__create__S)
                  00005a78    00000030     project5_pem4f.oem4f (.text:ti_sysbios_gates_GateMutex_Object__create__S)
                  00005aa8    00000030     project5_pem4f.oem4f (.text:ti_sysbios_heaps_HeapMem_Object__create__S)
                  00005ad8    00000030     project5_pem4f.oem4f (.text:ti_sysbios_knl_Semaphore_construct)
                  00005b08    00000030     sysbios.aem4f : BIOS.obj (.text:ti_sysbios_knl_Semaphore_pendTimeout__I)
                  00005b38    00000030                   : BIOS.obj (.text:ti_sysbios_knl_Task_unblockI__E)
                  00005b68    00000030     ti.targets.arm.rtsarm.aem4f : SysMin.oem4f (.text:xdc_runtime_SysMin_abort__E)
                  00005b98    00000030                                 : System.oem4f (.text:xdc_runtime_System_processAtExit__E)
                  00005bc8    0000002c     Crystalfontz128x128_ST7735.obj (.text:Crystalfontz128x128_ClearScreen)
                  00005bf4    0000002c     msp432p4xx_driverlib.lib : gpio.o (.text:GPIO_setAsInputPin)
                  00005c20    0000002c     grlib.a : display.obj (.text:Graphics_drawPixelOnDisplay)
                  00005c4c    0000002c     HAL_MSP_EXP432P401R_Crystalfontz128x128_ST7735.obj (.text:HAL_LCD_writeData)
                  00005c78    0000002c     msp432p4xx_driverlib.lib : pcm.o (.text:PCM_getCoreVoltageLevel)
                  00005ca4    0000002c     power_tirtos_MSP432P401R.aem4f : PowerMSP432_tirtos.oem4f (.text:PowerMSP432_updateFreqs)
                  00005cd0    0000002c     project5_pem4f.oem4f (.text:ti_sysbios_knl_Clock_doTick__I)
                  00005cfc    0000002c     project5_pem4f.oem4f (.text:ti_sysbios_knl_Queue_construct)
                  00005d28    0000002c     sysbios.aem4f : BIOS.obj (.text:ti_sysbios_knl_Task_restore__E)
                  00005d54    0000002c     ti.targets.arm.rtsarm.aem4f : Text.oem4f (.text:xdc_runtime_Text_cordText__E)
                  00005d80    0000002a     msp432p4xx_driverlib.lib : pcm.o (.text:PCM_getPowerMode)
                  00005daa    0000002a     ti.targets.arm.rtsarm.aem4f : System.oem4f (.text:xdc_runtime_System_putchar__I)
                  00005dd4    00000028     Crystalfontz128x128_ST7735.obj (.text:Crystalfontz128x128_ColorTranslate)
                  00005dfc    00000028     msp432p4xx_driverlib.lib : flash.o (.text:FlashCtl_setWaitState)
                  00005e24    00000028                              : pcm.o (.text:PCM_gotoLPM0)
                  00005e4c    00000004     --HOLE-- [fill = 0]
                  00005e50    00000028     sysbios.aem4f : BIOS.obj (.text:ti_sysbios_knl_Clock_addI__E)
                  00005e78    00000028                   : BIOS.obj (.text:ti_sysbios_knl_Swi_Module_startup__E)
                  00005ea0    00000026                   : m3_Hwi_asm.obj (.text:ti_sysbios_family_arm_m3_Hwi_pendSV__I)
                  00005ec6    00000026     ti.targets.arm.rtsarm.aem4f : System.oem4f (.text:xdc_runtime_System_avprintf__E)
                  00005eec    00000024     msp432p4xx_driverlib.lib : cs.o (.text:CS_setDCOCenteredFrequency)
                  00005f10    00000024                              : gpio.o (.text:GPIO_setAsOutputPin)
                  00005f34    00000024                              : rtc_c.o (.text:RTC_C_holdClock)
                  00005f58    00000024                              : rtc_c.o (.text:RTC_C_startClock)
                  00005f7c    00000024     project5_pem4f.oem4f (.text:ti_sysbios_BIOS_errorRaiseHook__I)
                  00005fa0    00000024     project5_pem4f.oem4f (.text:ti_sysbios_BIOS_registerRTSLock__I)
                  00005fc4    00000024     project5_pem4f.oem4f (.text:ti_sysbios_BIOS_removeRTSLock__I)
                  00005fe8    00000024     sysbios.aem4f : BIOS.obj (.text:ti_sysbios_family_arm_msp432_ClockFreqs_setFrequency__E)
                  0000600c    00000024     project5_pem4f.oem4f (.text:ti_sysbios_gates_GateMutex_Object__delete__S)
                  00006030    00000024     sysbios.aem4f : BIOS.obj (.text:ti_sysbios_knl_Clock_Module_startup__E)
                  00006054    00000004     --HOLE-- [fill = 0]
                  00006058    00000024                   : BIOS.obj (.text:ti_sysbios_knl_Task_restoreHwi__E)
                  0000607c    00000024     ti.targets.arm.rtsarm.aem4f : System.oem4f (.text:xdc_runtime_System_vprintf__E)
                  000060a0    00000022     project5_pem4f.oem4f (.text:xdc_runtime_SysMin_output__I)
                  000060c2    00000002     --HOLE-- [fill = 0]
                  000060c4    00000020     msp432p4xx_driverlib.lib : gpio.o (.text:GPIO_interruptEdgeSelect)
                  000060e4    00000020     project5_pem4f.oem4f (.text:ti_sysbios_BIOS_rtsLock__I)
                  00006104    00000020     sysbios.aem4f : m3_Hwi_asm.obj (.text:ti_sysbios_family_arm_m3_Hwi_excHandlerAsm__I)
                  00006124    00000004     --HOLE-- [fill = 0]
                  00006128    00000020                   : BIOS.obj (.text:ti_sysbios_family_arm_m3_Hwi_excHandler__I)
                  00006148    00000020     project5_pem4f.oem4f (.text:ti_sysbios_gates_GateHwi_Object__delete__S)
                  00006168    00000020     project5_pem4f.oem4f (.text:ti_sysbios_heaps_HeapMem_Object__delete__S)
                  00006188    00000020     sysbios.aem4f : BIOS.obj (.text:ti_sysbios_knl_Idle_run__E)
                  000061a8    00000020     project5_pem4f.oem4f (.text:ti_sysbios_knl_Semaphore_Object__destruct__S)
                  000061c8    00000020     ti.targets.arm.rtsarm.aem4f : Registry.oem4f (.text:xdc_runtime_Registry_findById__E)
                  000061e8    00000020                                 : SysMin.oem4f (.text:xdc_runtime_SysMin_Module_startup__E)
                  00006208    0000001e     sysbios.aem4f : m3_Hwi_asm_switch.obj (.text:ti_sysbios_family_xxx_Hwi_switchAndRunFunc)
                  00006226    00000002     --HOLE-- [fill = 0]
                  00006228    0000001c     msp432p4xx_driverlib.lib : pcm.o (.text:PCM_enableRudeMode)
                  00006244    00000004     --HOLE-- [fill = 0]
                  00006248    0000001c     sysbios.aem4f : BIOS.obj (.text:ti_sysbios_gates_GateMutex_Instance_init__E)
                  00006264    0000001c     project5_pem4f.oem4f (.text:ti_sysbios_knl_Queue_Object__destruct__S)
                  00006280    0000001c     sysbios.aem4f : BIOS.obj (.text:ti_sysbios_knl_Queue_put__E)
                  0000629c    00000004     --HOLE-- [fill = 0]
                  000062a0    0000001c                   : BIOS.obj (.text:ti_sysbios_knl_Task_enter__I)
                  000062bc    0000001c     ti.targets.arm.rtsarm.aem4f : Error.oem4f (.text:xdc_runtime_Error_raiseX__E)
                  000062d8    0000001c                                 : Memory.oem4f (.text:xdc_runtime_Memory_valloc__E)
                  000062f4    0000001c                                 : SysMin.oem4f (.text:xdc_runtime_SysMin_exit__E)
                  00006310    0000001c                                 : System.oem4f (.text:xdc_runtime_System_abort__E)
                  0000632c    0000001a     grlib.a : display.obj (.text:Graphics_clearDisplayOnDisplay)
                  00006346    0000001a             : context.obj (.text:Graphics_setBackgroundColor)
                  00006360    0000001a             : context.obj (.text:Graphics_setFont)
                  0000637a    0000001a     msp432p4xx_driverlib.lib : spi.o (.text:SPI_enableModule)
                  00006394    0000001a     project5_pem4f.oem4f (.text:ti_sysbios_family_arm_m3_Hwi_Handle__label__S)
                  000063ae    0000001a     project5_pem4f.oem4f (.text:ti_sysbios_gates_GateHwi_Handle__label__S)
                  000063c8    0000001a     project5_pem4f.oem4f (.text:ti_sysbios_gates_GateMutex_Handle__label__S)
                  000063e2    0000001a     project5_pem4f.oem4f (.text:ti_sysbios_heaps_HeapMem_Handle__label__S)
                  000063fc    0000001a     project5_pem4f.oem4f (.text:ti_sysbios_knl_Swi_Handle__label__S)
                  00006416    0000001a     project5_pem4f.oem4f (.text:ti_sysbios_knl_Task_Handle__label__S)
                  00006430    0000001a     project5_pem4f.oem4f (.text:xdc_runtime_System_aprintf__E)
                  0000644a    0000001a     project5_pem4f.oem4f (.text:xdc_runtime_System_printf__E)
                  00006464    00000018     msp432p4xx_driverlib.lib : gpio.o (.text:GPIO_clearInterruptFlag)
                  0000647c    00000018                              : gpio.o (.text:GPIO_setDriveStrengthLow)
                  00006494    00000018                              : gpio.o (.text:GPIO_setOutputLowOnPin)
                  000064ac    00000018                              : wdt_a.o (.text:WDT_A_holdTimer)
                  000064c4    00000018     rtsv7M4_T_le_v4SPD16_eabi.lib : args_main.c.obj (.text:_args_main)
                  000064dc    00000018     project5_pem4f.oem4f (.text:ti_sysbios_BIOS_rtsUnlock__I)
                  000064f4    00000018     project5_pem4f.oem4f (.text:ti_sysbios_family_arm_m3_Hwi_Module__startupDone__F)
                  0000650c    00000018     sysbios.aem4f : m3_TaskSupport_asm.obj (.text:ti_sysbios_family_arm_m3_TaskSupport_swap__E)
                  00006524    00000018     project5_pem4f.oem4f (.text:ti_sysbios_family_arm_msp432_Timer_Module__startupDone__F)
                  0000653c    00000004     --HOLE-- [fill = 0]
                  00006540    00000018     sysbios.aem4f : BIOS.obj (.text:ti_sysbios_gates_GateMutex_leave__E)
                  00006558    00000018                   : BIOS.obj (.text:ti_sysbios_knl_Task_sleepTimeout__I)
                  00006570    00000018     ti.targets.arm.rtsarm.aem4f : Error.oem4f (.text:xdc_runtime_Error_check__E)
                  00006588    00000018                                 : System.oem4f (.text:xdc_runtime_System_exit__E)
                  000065a0    00000018                                 : Text.oem4f (.text:xdc_runtime_Text_ropeText__E)
                  000065b8    00000016     grlib.a : context.obj (.text:Graphics_setForegroundColor)
                  000065ce    00000016             : display.obj (.text:Graphics_translateColorOnDisplay)
                  000065e4    00000016     project5_pem4f.oem4f (.text:ti_sysbios_BIOS_exitFunc__I)
                  000065fa    00000016     project5.obj (.text:ti_sysbios_knl_Task_Params_init)
                  00006610    00000014     msp432p4xx_driverlib.lib : gpio.o (.text:GPIO_setDriveStrengthHigh)
                  00006624    00000014                              : gpio.o (.text:GPIO_setOutputHighOnPin)
                  00006638    00000014                              : gpio.o (.text:GPIO_toggleOutputOnPin)
                  0000664c    00000014     drivers_MSP432P401R.aem4f : PowerMSP432.oem4f (.text:Power_idleFunc)
                  00006660    00000014     msp432p4xx_driverlib.lib : wdt_a.o (.text:WDT_A_startTimer)
                  00006674    00000014     project5.obj (.text:heartBeatFxn)
                  00006688    00000014     rtsv7M4_T_le_v4SPD16_eabi.lib : strlen.c.obj (.text:strlen)
                  0000669c    00000014     project5_pem4f.oem4f (.text:ti_sysbios_family_arm_m3_Hwi_Object__get__S)
                  000066b0    00000014     sysbios.aem4f : BIOS.obj (.text:ti_sysbios_family_arm_m3_Hwi_switchFromBootStack__E)
                  000066c4    00000014     project5_pem4f.oem4f (.text:ti_sysbios_heaps_HeapMem_Object__get__S)
                  000066d8    00000014     project5_pem4f.oem4f (.text:ti_sysbios_knl_Swi_Object__get__S)
                  000066ec    00000012     grlib.a : context.obj (.text:Graphics_clearDisplay)
                  000066fe    00000002     --HOLE-- [fill = 0]
                  00006700    00000012     sysbios.aem4f : BIOS.obj (.text:ti_sysbios_hal_Hwi_Module_startup__E)
                  00006712    00000012     project5_pem4f.oem4f (.text:xdc_runtime_Startup_exec__I)
                  00006724    00000010     msp432p4xx_driverlib.lib : gpio.o (.text:GPIO_getInterruptStatus)
                  00006734    00000010                              : pcm.o (.text:PCM_gotoLPM4)
                  00006744    00000004     --HOLE-- [fill = 0]
                  00006748    00000010     sysbios.aem4f : BIOS.obj (.text:ti_sysbios_BIOS_setCpuFreq__E)
                  00006758    00000010                   : BIOS.obj (.text:ti_sysbios_BIOS_setThreadType__E)
                  00006768    00000010                   : BIOS.obj (.text:ti_sysbios_BIOS_start__E)
                  00006778    00000010                   : m3_TaskSupport_asm.obj (.text:ti_sysbios_family_arm_m3_TaskSupport_glue)
                  00006788    00000010                   : BIOS.obj (.text:ti_sysbios_family_arm_msp432_init_Boot_disableWatchdog)
                  00006798    00000010                   : BIOS.obj (.text:ti_sysbios_gates_GateMutex_Instance_finalize__E)
                  000067a8    00000010                   : BIOS.obj (.text:ti_sysbios_knl_Semaphore_Instance_finalize__E)
                  000067b8    00000010                   : BIOS.obj (.text:ti_sysbios_knl_Swi_disable__E)
                  000067c8    00000010     project5_pem4f.oem4f (.text:ti_sysbios_knl_Task_Object__get__S)
                  000067d8    00000010     sysbios.aem4f : BIOS.obj (.text:ti_sysbios_knl_Task_disable__E)
                  000067e8    00000010     ti.targets.arm.rtsarm.aem4f : Gate.oem4f (.text:xdc_runtime_Gate_leaveSystem__E)
                  000067f8    00000010                                 : Memory.oem4f (.text:xdc_runtime_Memory_free__E)
                  00006808    00000010                                 : SysMin.oem4f (.text:xdc_runtime_SysMin_ready__E)
                  00006818    00000010                                 : System.oem4f (.text:xdc_runtime_System_vsnprintf__E)
                  00006828    00000010     project5_pem4f.oem4f (.text:xdc_runtime_Text_visitRope__I)
                  00006838    0000000e     tirtosport.aem4f : HwiP_tirtos.oem4f (.text:HwiP_Params_init)
                  00006846    0000000e     rtsv7M4_T_le_v4SPD16_eabi.lib : copy_decompress_none.c.obj (.text:decompress:none:__TI_decompress_none)
                  00006854    00000004     --HOLE-- [fill = 0]
                  00006858    0000000e     sysbios.aem4f : BIOS.obj (.text:ti_sysbios_knl_Idle_loop__E)
                  00006866    00000002     --HOLE-- [fill = 0]
                  00006868    0000000e                   : BIOS.obj (.text:ti_sysbios_knl_Queue_empty__E)
                  00006876    0000000c     project5_pem4f.oem4f (.text:.bootCodeSection:ti_sysbios_family_arm_msp432_init_Boot_init__I)
                  00006882    0000000c     msp432p4xx_driverlib.lib : cpu.o (.text:CPU_cpsid)
                  0000688e    0000000c                              : cpu.o (.text:CPU_cpsie)
                  0000689a    0000000c                              : spi.o (.text:EUSCI_A_SPI_enable)
                  000068a6    0000000c                              : spi.o (.text:EUSCI_B_SPI_enable)
                  000068b2    00000002     --HOLE-- [fill = 0]
                  000068b4    0000000c                              : pcm.o (.text:PCM_getPowerState)
                  000068c0    0000000c     drivers_MSP432P401R.aem4f : PowerMSP432.oem4f (.text:Power_getConstraintMask)
                  000068cc    0000000c     rtsv7M4_T_le_v4SPD16_eabi.lib : _lock.c.obj (.text:_register_lock)
                  000068d8    0000000c                                   : _lock.c.obj (.text:_register_unlock)
                  000068e4    0000000c                                   : copy_zero_init.c.obj (.text:decompress:ZI:__TI_zero_init)
                  000068f0    0000000c     project5_pem4f.oem4f (.text:ti_sysbios_family_arm_m3_Hwi_Params__init__S)
                  000068fc    00000004     --HOLE-- [fill = 0]
                  00006900    0000000c     sysbios.aem4f : BIOS.obj (.text:ti_sysbios_family_arm_m3_Hwi_disableFxn__E)
                  0000690c    00000004     --HOLE-- [fill = 0]
                  00006910    0000000c                   : BIOS.obj (.text:ti_sysbios_family_arm_m3_TaskSupport_checkStack__E)
                  0000691c    00000004     --HOLE-- [fill = 0]
                  00006920    0000000c                   : BIOS.obj (.text:ti_sysbios_family_arm_m3_TaskSupport_getStackAlignment__E)
                  0000692c    00000004     --HOLE-- [fill = 0]
                  00006930    0000000c                   : BIOS.obj (.text:ti_sysbios_family_arm_msp432_Timer_getMaxTicks__E)
                  0000693c    00000004     --HOLE-- [fill = 0]
                  00006940    0000000c                   : BIOS.obj (.text:ti_sysbios_gates_GateHwi_enter__E)
                  0000694c    0000000c     project5_pem4f.oem4f (.text:ti_sysbios_knl_Queue_Object__get__S)
                  00006958    0000000c     project5_pem4f.oem4f (.text:ti_sysbios_knl_Task_Params__init__S)
                  00006964    0000000c     ti.targets.arm.rtsarm.aem4f : Error.oem4f (.text:xdc_runtime_Error_init__E)
                  00006970    0000000c                                 : Gate.oem4f (.text:xdc_runtime_Gate_enterSystem__E)
                  0000697c    0000000c                                 : Memory.oem4f (.text:xdc_runtime_Memory_calloc__E)
                  00006988    0000000c                                 : Memory.oem4f (.text:xdc_runtime_Memory_getMaxDefaultTypeAlign__E)
                  00006994    0000000c                                 : Startup.oem4f (.text:xdc_runtime_Startup_rtsDone__E)
                  000069a0    0000000a     Crystalfontz128x128_ST7735.obj (.text:Crystalfontz128x128_Flush)
                  000069aa    0000000a     project5_pem4f.oem4f (.text:xdc_runtime_IHeap_alloc)
                  000069b4    0000000a     project5_pem4f.oem4f (.text:xdc_runtime_IHeap_free)
                  000069be    00000008     MSP_EXP432P401R.obj (.text:MSP_EXP432P401R_initGPIO)
                  000069c6    00000008     MSP_EXP432P401R.obj (.text:MSP_EXP432P401R_initGeneral)
                  000069ce    00000008     msp432p4xx_driverlib.lib : pcm.o (.text:PCM_setPowerMode)
                  000069d6    00000008                              : pcm.o (.text:PCM_setPowerState)
                  000069de    00000002     --HOLE-- [fill = 0]
                  000069e0    00000008     sysbios.aem4f : BIOS.obj (.text:ti_sysbios_family_arm_m3_Hwi_doSwiRestore__I)
                  000069e8    00000008                   : BIOS.obj (.text:ti_sysbios_family_arm_m3_Hwi_startup__E)
                  000069f0    00000006                   : BIOS.obj (.text:ti_sysbios_family_arm_m3_Hwi_doTaskRestore__I)
                  000069f6    00000002     --HOLE-- [fill = 0]
                  000069f8    00000006                   : BIOS.obj (.text:ti_sysbios_family_arm_m3_Hwi_restoreFxn__E)
                  000069fe    00000002     --HOLE-- [fill = 0]
                  00006a00    00000006                   : BIOS.obj (.text:ti_sysbios_gates_GateHwi_leave__E)
                  00006a06    00000002     --HOLE-- [fill = 0]
                  00006a08    00000006                   : BIOS.obj (.text:ti_sysbios_heaps_HeapMem_isBlocking__E)
                  00006a0e    00000002     --HOLE-- [fill = 0]
                  00006a10    00000006                   : BIOS.obj (.text:ti_sysbios_knl_Queue_Instance_init__E)
                  00006a16    00000002     --HOLE-- [fill = 0]
                  00006a18    00000006                   : BIOS.obj (.text:ti_sysbios_knl_Swi_startup__E)
                  00006a1e    00000002     --HOLE-- [fill = 0]
                  00006a20    00000004                   : BIOS.obj (.text:ti_sysbios_gates_GateHwi_query__E)
                  00006a24    00000004     --HOLE-- [fill = 0]
                  00006a28    00000004                   : BIOS.obj (.text:ti_sysbios_gates_GateMutex_query__E)
                  00006a2c    00000004     --HOLE-- [fill = 0]
                  00006a30    00000004                   : BIOS.obj (.text:ti_sysbios_knl_Task_startup__E)
                  00006a34    00000004     --HOLE-- [fill = 0]
                  00006a38    00000002                   : BIOS.obj (.text:ti_sysbios_BIOS_linkedWithIncorrectBootLibrary__E)
                  00006a3a    00000006     --HOLE-- [fill = 0]
                  00006a40    00000002                   : BIOS.obj (.text:ti_sysbios_gates_GateHwi_Instance_init__E)
                  00006a42    00000006     --HOLE-- [fill = 0]
                  00006a48    00000002                   : BIOS.obj (.text:ti_sysbios_knl_Clock_logTick__E)

.const     0    00006a4c    000065b2     
                  00006a4c    00004000     project5.obj (.const:.string:pixel_celtics_splash_screen8BPP_UNCOMP)
                  0000aa4c    0000181b     project5_pem4f.oem4f (.const:xdc_runtime_Text_charTab__A)
                  0000c267    00000001     project5_pem4f.oem4f (.const:xdc_runtime_Error_policy__C)
                  0000c268    00000400     project5.obj (.const:palette_celtics_splash_screen8BPP_UNCOMP)
                  0000c668    000002f8     grlib.a : fontfixed6x8.obj (.const:.string:g_pucFontFixed6x8Data)
                  0000c960    000000c8             : fontfixed6x8.obj (.const:g_sFontFixed6x8)
                  0000ca28    000000b0     project5_pem4f.oem4f (.const:xdc_runtime_Text_nodeTab__A)
                  0000cad8    00000048     project5_pem4f.oem4f (.const:.string)
                  0000cb20    0000003c     project5_pem4f.oem4f (.const:ti_sysbios_knl_Task_Object__PARAMS__C)
                  0000cb5c    00000030     project5_pem4f.oem4f (.const:ti_sysbios_family_arm_m3_Hwi_Object__PARAMS__C)
                  0000cb8c    00000028     project5_pem4f.oem4f (.const:ti_sysbios_heaps_HeapMem_Module__FXNS__C)
                  0000cbb4    00000024     project5_pem4f.oem4f (.const:ti_sysbios_gates_GateHwi_Module__FXNS__C)
                  0000cbd8    00000024     project5_pem4f.oem4f (.const:ti_sysbios_gates_GateMutex_Module__FXNS__C)
                  0000cbfc    00000024     project5_pem4f.oem4f (.const:ti_sysbios_heaps_HeapMem_Object__PARAMS__C)
                  0000cc20    00000024     project5_pem4f.oem4f (.const:ti_sysbios_knl_Semaphore_Object__PARAMS__C)
                  0000cc44    00000020     Crystalfontz128x128_ST7735.obj (.const:g_sCrystalfontz128x128_funcs)
                  0000cc64    00000020     project5_pem4f.oem4f (.const:ti_sysbios_family_arm_m3_Hwi_Object__DESC__C)
                  0000cc84    00000020     project5_pem4f.oem4f (.const:ti_sysbios_gates_GateHwi_Object__DESC__C)
                  0000cca4    00000020     project5_pem4f.oem4f (.const:ti_sysbios_gates_GateMutex_Object__DESC__C)
                  0000ccc4    00000020     project5_pem4f.oem4f (.const:ti_sysbios_heaps_HeapMem_Object__DESC__C)
                  0000cce4    00000020     project5_pem4f.oem4f (.const:ti_sysbios_knl_Queue_Object__DESC__C)
                  0000cd04    00000020     project5_pem4f.oem4f (.const:ti_sysbios_knl_Semaphore_Object__DESC__C)
                  0000cd24    00000020     project5_pem4f.oem4f (.const:ti_sysbios_knl_Task_Object__DESC__C)
                  0000cd44    00000020     project5_pem4f.oem4f (.const:xdc_runtime_Startup_sfxnTab__A)
                  0000cd64    0000001c     HAL_MSP_EXP432P401R_Crystalfontz128x128_ST7735.obj (.const:$P$T0$1)
                  0000cd80    00000018     project5_pem4f.oem4f (.const:ti_sysbios_gates_GateHwi_Object__PARAMS__C)
                  0000cd98    00000018     project5_pem4f.oem4f (.const:ti_sysbios_gates_GateMutex_Object__PARAMS__C)
                  0000cdb0    00000018     project5_pem4f.oem4f (.const:ti_sysbios_knl_Queue_Object__PARAMS__C)
                  0000cdc8    00000014     MSP_EXP432P401R.obj (.const:GPIOMSP432_config)
                  0000cddc    00000010     MSP_EXP432P401R.obj (.const:PowerMSP432_config)
                  0000cdec    00000010     project5.obj (.const:celtics_splash_screen)
                  0000cdfc    00000010     project5_pem4f.oem4f (.const:xdc_runtime_Startup_sfxnRts__A)
                  0000ce0c    0000000c     drivers_MSP432P401R.aem4f : GPIOMSP432.oem4f (.const:.string)
                  0000ce18    0000000c     project5_pem4f.oem4f (.const:xdc_runtime_Startup_firstFxns__A)
                  0000ce24    00000008     Crystalfontz128x128_ST7735.obj (.const:$P$T0$1)
                  0000ce2c    00000008     project5_pem4f.oem4f (.const:ti_sysbios_family_arm_m3_Hwi_excHookFuncs__A)
                  0000ce34    00000008     project5_pem4f.oem4f (.const:ti_sysbios_knl_Idle_funcList__A)
                  0000ce3c    00000008     project5_pem4f.oem4f (.const:ti_sysbios_knl_Idle_funcList__C)
                  0000ce44    00000008     project5_pem4f.oem4f (.const:xdc_runtime_Startup_firstFxns__C)
                  0000ce4c    00000008     project5_pem4f.oem4f (.const:xdc_runtime_Startup_lastFxns__C)
                  0000ce54    00000004     project5_pem4f.oem4f (.const:ti_sysbios_family_arm_m3_Hwi_E_NMI__C)
                  0000ce58    00000004     project5_pem4f.oem4f (.const:ti_sysbios_family_arm_m3_Hwi_E_alreadyDefined__C)
                  0000ce5c    00000004     project5_pem4f.oem4f (.const:ti_sysbios_family_arm_m3_Hwi_E_busFault__C)
                  0000ce60    00000004     project5_pem4f.oem4f (.const:ti_sysbios_family_arm_m3_Hwi_E_debugMon__C)
                  0000ce64    00000004     project5_pem4f.oem4f (.const:ti_sysbios_family_arm_m3_Hwi_E_hardFault__C)
                  0000ce68    00000004     project5_pem4f.oem4f (.const:ti_sysbios_family_arm_m3_Hwi_E_memFault__C)
                  0000ce6c    00000004     project5_pem4f.oem4f (.const:ti_sysbios_family_arm_m3_Hwi_E_noIsr__C)
                  0000ce70    00000004     project5_pem4f.oem4f (.const:ti_sysbios_family_arm_m3_Hwi_E_reserved__C)
                  0000ce74    00000004     project5_pem4f.oem4f (.const:ti_sysbios_family_arm_m3_Hwi_E_svCall__C)
                  0000ce78    00000004     project5_pem4f.oem4f (.const:ti_sysbios_family_arm_m3_Hwi_E_usageFault__C)
                  0000ce7c    00000004     project5_pem4f.oem4f (.const:ti_sysbios_family_arm_m3_Hwi_NUM_INTERRUPTS__C)
                  0000ce80    00000004     project5_pem4f.oem4f (.const:ti_sysbios_family_arm_m3_Hwi_Object__count__C)
                  0000ce84    00000004     project5_pem4f.oem4f (.const:ti_sysbios_family_arm_m3_Hwi_ccr__C)
                  0000ce88    00000004     project5_pem4f.oem4f (.const:ti_sysbios_family_arm_m3_Hwi_excHandlerFunc__C)
                  0000ce8c    00000004     project5_pem4f.oem4f (.const:ti_sysbios_family_arm_m3_Hwi_excHookFuncs__C)
                  0000ce90    00000004     project5_pem4f.oem4f (.const:ti_sysbios_family_arm_m3_Hwi_nullIsrFunc__C)
                  0000ce94    00000004     project5_pem4f.oem4f (.const:ti_sysbios_family_arm_m3_Hwi_priGroup__C)
                  0000ce98    00000004     project5_pem4f.oem4f (.const:ti_sysbios_family_arm_m3_TaskSupport_stackAlignment__C)
                  0000ce9c    00000004     project5_pem4f.oem4f (.const:ti_sysbios_family_arm_msp432_Timer_numTimerDevices__C)
                  0000cea0    00000004     project5_pem4f.oem4f (.const:ti_sysbios_family_arm_msp432_Timer_startupNeeded__C)
                  0000cea4    00000004     project5_pem4f.oem4f (.const:ti_sysbios_gates_GateMutex_A_badContext__C)
                  0000cea8    00000004     project5_pem4f.oem4f (.const:ti_sysbios_gates_GateMutex_Instance_State_sem__O)
                  0000ceac    00000004     project5_pem4f.oem4f (.const:ti_sysbios_gates_GateMutex_Module__diagsEnabled__C)
                  0000ceb0    00000004     project5_pem4f.oem4f (.const:ti_sysbios_gates_GateMutex_Module__diagsIncluded__C)
                  0000ceb4    00000004     project5_pem4f.oem4f (.const:ti_sysbios_gates_GateMutex_Module__diagsMask__C)
                  0000ceb8    00000004     project5_pem4f.oem4f (.const:ti_sysbios_hal_Hwi_E_stackOverflow__C)
                  0000cebc    00000004     project5_pem4f.oem4f (.const:ti_sysbios_heaps_HeapMem_A_align__C)
                  0000cec0    00000004     project5_pem4f.oem4f (.const:ti_sysbios_heaps_HeapMem_A_heapSize__C)
                  0000cec4    00000004     project5_pem4f.oem4f (.const:ti_sysbios_heaps_HeapMem_A_invalidFree__C)
                  0000cec8    00000004     project5_pem4f.oem4f (.const:ti_sysbios_heaps_HeapMem_A_zeroBlock__C)
                  0000cecc    00000004     project5_pem4f.oem4f (.const:ti_sysbios_heaps_HeapMem_E_memory__C)
                  0000ced0    00000004     project5_pem4f.oem4f (.const:ti_sysbios_heaps_HeapMem_Module__diagsEnabled__C)
                  0000ced4    00000004     project5_pem4f.oem4f (.const:ti_sysbios_heaps_HeapMem_Module__diagsIncluded__C)
                  0000ced8    00000004     project5_pem4f.oem4f (.const:ti_sysbios_heaps_HeapMem_Module__diagsMask__C)
                  0000cedc    00000004     project5_pem4f.oem4f (.const:ti_sysbios_heaps_HeapMem_Module__gateObj__C)
                  0000cee0    00000004     project5_pem4f.oem4f (.const:ti_sysbios_heaps_HeapMem_Object__count__C)
                  0000cee4    00000004     project5_pem4f.oem4f (.const:ti_sysbios_heaps_HeapMem_reqAlign__C)
                  0000cee8    00000004     project5_pem4f.oem4f (.const:ti_sysbios_knl_Clock_Module_State_clockQ__O)
                  0000ceec    00000004     project5_pem4f.oem4f (.const:ti_sysbios_knl_Semaphore_A_badContext__C)
                  0000cef0    00000004     project5_pem4f.oem4f (.const:ti_sysbios_knl_Semaphore_A_noEvents__C)
                  0000cef4    00000004     project5_pem4f.oem4f (.const:ti_sysbios_knl_Semaphore_A_overflow__C)
                  0000cef8    00000004     project5_pem4f.oem4f (.const:ti_sysbios_knl_Semaphore_A_pendTaskDisabled__C)
                  0000cefc    00000004     project5_pem4f.oem4f (.const:ti_sysbios_knl_Semaphore_Instance_State_pendQ__O)
                  0000cf00    00000004     project5_pem4f.oem4f (.const:ti_sysbios_knl_Semaphore_Module__diagsEnabled__C)
                  0000cf04    00000004     project5_pem4f.oem4f (.const:ti_sysbios_knl_Semaphore_Module__diagsIncluded__C)
                  0000cf08    00000004     project5_pem4f.oem4f (.const:ti_sysbios_knl_Semaphore_Module__diagsMask__C)
                  0000cf0c    00000004     project5_pem4f.oem4f (.const:ti_sysbios_knl_Swi_Object__count__C)
                  0000cf10    00000004     project5_pem4f.oem4f (.const:ti_sysbios_knl_Task_A_badPriority__C)
                  0000cf14    00000004     project5_pem4f.oem4f (.const:ti_sysbios_knl_Task_A_badTaskState__C)
                  0000cf18    00000004     project5_pem4f.oem4f (.const:ti_sysbios_knl_Task_A_badThreadType__C)
                  0000cf1c    00000004     project5_pem4f.oem4f (.const:ti_sysbios_knl_Task_A_badTimeout__C)
                  0000cf20    00000004     project5_pem4f.oem4f (.const:ti_sysbios_knl_Task_A_noPendElem__C)
                  0000cf24    00000004     project5_pem4f.oem4f (.const:ti_sysbios_knl_Task_A_sleepTaskDisabled__C)
                  0000cf28    00000004     project5_pem4f.oem4f (.const:ti_sysbios_knl_Task_E_spOutOfBounds__C)
                  0000cf2c    00000004     project5_pem4f.oem4f (.const:ti_sysbios_knl_Task_E_stackOverflow__C)
                  0000cf30    00000004     project5_pem4f.oem4f (.const:ti_sysbios_knl_Task_Module_State_inactiveQ__O)
                  0000cf34    00000004     project5_pem4f.oem4f (.const:ti_sysbios_knl_Task_Module__diagsEnabled__C)
                  0000cf38    00000004     project5_pem4f.oem4f (.const:ti_sysbios_knl_Task_Module__diagsIncluded__C)
                  0000cf3c    00000004     project5_pem4f.oem4f (.const:ti_sysbios_knl_Task_Module__diagsMask__C)
                  0000cf40    00000004     project5_pem4f.oem4f (.const:ti_sysbios_knl_Task_Object__count__C)
                  0000cf44    00000004     project5_pem4f.oem4f (.const:ti_sysbios_knl_Task_allBlockedFunc__C)
                  0000cf48    00000004     project5_pem4f.oem4f (.const:ti_sysbios_knl_Task_defaultStackHeap__C)
                  0000cf4c    00000004     project5_pem4f.oem4f (.const:ti_sysbios_knl_Task_defaultStackSize__C)
                  0000cf50    00000004     project5_pem4f.oem4f (.const:ti_sysbios_knl_Task_numConstructedTasks__C)
                  0000cf54    00000004     project5_pem4f.oem4f (.const:xdc_runtime_Assert_E_assertFailed__C)
                  0000cf58    00000004     project5_pem4f.oem4f (.const:xdc_runtime_Core_A_initializedParams__C)
                  0000cf5c    00000004     project5_pem4f.oem4f (.const:xdc_runtime_Core_Module__diagsEnabled__C)
                  0000cf60    00000004     project5_pem4f.oem4f (.const:xdc_runtime_Core_Module__diagsIncluded__C)
                  0000cf64    00000004     project5_pem4f.oem4f (.const:xdc_runtime_Core_Module__diagsMask__C)
                  0000cf68    00000004     project5_pem4f.oem4f (.const:xdc_runtime_Error_E_memory__C)
                  0000cf6c    00000004     project5_pem4f.oem4f (.const:xdc_runtime_Error_Module__diagsEnabled__C)
                  0000cf70    00000004     project5_pem4f.oem4f (.const:xdc_runtime_Error_Module__diagsIncluded__C)
                  0000cf74    00000004     project5_pem4f.oem4f (.const:xdc_runtime_Error_Module__diagsMask__C)
                  0000cf78    00000004     project5_pem4f.oem4f (.const:xdc_runtime_Error_Module__loggerFxn8__C)
                  0000cf7c    00000004     project5_pem4f.oem4f (.const:xdc_runtime_Error_Module__loggerObj__C)
                  0000cf80    00000004     project5_pem4f.oem4f (.const:xdc_runtime_Error_policyFxn__C)
                  0000cf84    00000004     project5_pem4f.oem4f (.const:xdc_runtime_Error_raiseHook__C)
                  0000cf88    00000004     project5_pem4f.oem4f (.const:xdc_runtime_IGateProvider_Interface__BASE__C)
                  0000cf8c    00000004     project5_pem4f.oem4f (.const:xdc_runtime_IHeap_Interface__BASE__C)
                  0000cf90    00000004     project5_pem4f.oem4f (.const:xdc_runtime_IModule_Interface__BASE__C)
                  0000cf94    00000004     project5_pem4f.oem4f (.const:xdc_runtime_Log_L_error__C)
                  0000cf98    00000004     project5_pem4f.oem4f (.const:xdc_runtime_Memory_defaultHeapInstance__C)
                  0000cf9c    00000004     project5_pem4f.oem4f (.const:xdc_runtime_Startup_execImpl__C)
                  0000cfa0    00000004     project5_pem4f.oem4f (.const:xdc_runtime_Startup_maxPasses__C)
                  0000cfa4    00000004     project5_pem4f.oem4f (.const:xdc_runtime_Startup_sfxnRts__C)
                  0000cfa8    00000004     project5_pem4f.oem4f (.const:xdc_runtime_Startup_sfxnTab__C)
                  0000cfac    00000004     project5_pem4f.oem4f (.const:xdc_runtime_SysMin_bufSize__C)
                  0000cfb0    00000004     project5_pem4f.oem4f (.const:xdc_runtime_SysMin_outputFunc__C)
                  0000cfb4    00000004     project5_pem4f.oem4f (.const:xdc_runtime_System_Module__gateObj__C)
                  0000cfb8    00000004     project5_pem4f.oem4f (.const:xdc_runtime_System_abortFxn__C)
                  0000cfbc    00000004     project5_pem4f.oem4f (.const:xdc_runtime_System_exitFxn__C)
                  0000cfc0    00000004     project5_pem4f.oem4f (.const:xdc_runtime_System_extendFxn__C)
                  0000cfc4    00000004     project5_pem4f.oem4f (.const:xdc_runtime_System_maxAtexitHandlers__C)
                  0000cfc8    00000004     project5_pem4f.oem4f (.const:xdc_runtime_Text_charTab__C)
                  0000cfcc    00000004     project5_pem4f.oem4f (.const:xdc_runtime_Text_nameEmpty__C)
                  0000cfd0    00000004     project5_pem4f.oem4f (.const:xdc_runtime_Text_nameStatic__C)
                  0000cfd4    00000004     project5_pem4f.oem4f (.const:xdc_runtime_Text_nameUnknown__C)
                  0000cfd8    00000004     project5_pem4f.oem4f (.const:xdc_runtime_Text_nodeTab__C)
                  0000cfdc    00000004     project5_pem4f.oem4f (.const:xdc_runtime_Text_visitRopeFxn__C)
                  0000cfe0    00000002     project5_pem4f.oem4f (.const:ti_sysbios_family_arm_m3_Hwi_Module__id__C)
                  0000cfe2    00000002     project5_pem4f.oem4f (.const:ti_sysbios_gates_GateMutex_Module__id__C)
                  0000cfe4    00000002     project5_pem4f.oem4f (.const:ti_sysbios_hal_Hwi_Module__id__C)
                  0000cfe6    00000002     project5_pem4f.oem4f (.const:ti_sysbios_heaps_HeapMem_Module__id__C)
                  0000cfe8    00000002     project5_pem4f.oem4f (.const:ti_sysbios_knl_Semaphore_Module__id__C)
                  0000cfea    00000002     project5_pem4f.oem4f (.const:ti_sysbios_knl_Task_Module__id__C)
                  0000cfec    00000002     project5_pem4f.oem4f (.const:xdc_runtime_Core_Module__id__C)
                  0000cfee    00000002     project5_pem4f.oem4f (.const:xdc_runtime_Error_Module__loggerDefined__C)
                  0000cff0    00000002     project5_pem4f.oem4f (.const:xdc_runtime_Error_maxDepth__C)
                  0000cff2    00000002     project5_pem4f.oem4f (.const:xdc_runtime_Memory_Module__id__C)
                  0000cff4    00000002     project5_pem4f.oem4f (.const:xdc_runtime_SysMin_flushAtExit__C)
                  0000cff6    00000002     project5_pem4f.oem4f (.const:xdc_runtime_Text_charCnt__C)
                  0000cff8    00000002     project5_pem4f.oem4f (.const:xdc_runtime_Text_isLoaded__C)
                  0000cffa    00000002     project5_pem4f.oem4f (.const:xdc_runtime_Text_registryModsLastId__C)
                  0000cffc    00000002     project5_pem4f.oem4f (.const:xdc_runtime_Text_unnamedModsLastId__C)

.cinit     0    0000d000    00000260     
                  0000d000    00000227     (.cinit..data.load) [load image, compression = lzss]
                  0000d227    00000001     --HOLE-- [fill = 0]
                  0000d228    0000000c     (__TI_handler_table)
                  0000d234    00000004     --HOLE-- [fill = 0]
                  0000d238    00000008     (.cinit..bss.load) [load image, compression = zero_init]
                  0000d240    00000008     (.cinit..vecs.load) [load image, compression = zero_init]
                  0000d248    00000018     (__TI_cinit_table)

.resetVecs 
*          0    00000000    0000003c     
                  00000000    0000003c     project5_pem4f.oem4f (.resetVecs)

.bss       0    20000140    00000f8e     UNINITIALIZED
                  20000140    00000400     grlib.a : image.obj (.bss:g_pulConvertedPalette)
                  20000540    00000400     (.common:ti_sysbios_heaps_HeapMem_Instance_State_0_buf__A)
                  20000940    00000200     project5_pem4f.oem4f (.bss:taskStackSection)
                  20000b40    00000200     (.common:task0Stack)
                  20000d40    00000140     (.common:ti_sysbios_family_arm_m3_Hwi_dispatchTable)
                  20000e80    00000120     rtsv7M4_T_le_v4SPD16_eabi.lib : trgmsg.c.obj (.bss:_CIOBUF_)
                  20000fa0    00000080     (.common:xdc_runtime_SysMin_Module_State_0_outbuf__A)
                  20001020    00000050     (.common:task0Struct)
                  20001070    00000030     drivers_MSP432P401R.aem4f : GPIOMSP432.oem4f (.bss:gpioCallbackInfo)
                  200010a0    0000001c     (.common:g_sContext)
                  200010bc    00000008     (.common:parmbuf)
                  200010c4    00000002     (.common:Lcd_ScreenHeigth)
                  200010c6    00000002     (.common:Lcd_ScreenWidth)
                  200010c8    00000002     (.common:Lcd_TouchTrim)
                  200010ca    00000001     (.common:Lcd_FlagRead)
                  200010cb    00000001     (.common:Lcd_FontSolid)
                  200010cc    00000001     (.common:Lcd_Orientation)
                  200010cd    00000001     (.common:Lcd_PenSolid)

.data      0    200010d0    00000501     UNINITIALIZED
                  200010d0    0000009c     drivers_MSP432P401R.aem4f : PowerMSP432.oem4f (.data:PowerMSP432_perfLevels)
                  2000116c    00000080     project5_pem4f.oem4f (.data:ti_sysbios_knl_Swi_Module_State_0_readyQ__A)
                  200011ec    00000080     project5_pem4f.oem4f (.data:ti_sysbios_knl_Task_Module_State_0_readyQ__A)
                  2000126c    0000004c     project5_pem4f.oem4f (.data:ti_sysbios_family_arm_msp432_Timer_Object__table__V)
                  200012b8    0000004c     project5_pem4f.oem4f (.data:ti_sysbios_knl_Task_Object__table__V)
                  20001304    00000044     project5_pem4f.oem4f (.data:ti_sysbios_knl_Task_Module__state__V)
                  20001348    00000038     project5_pem4f.oem4f (.data:ti_sysbios_gates_GateMutex_Object__table__V)
                  20001380    00000034     project5_pem4f.oem4f (.data:ti_sysbios_family_arm_m3_Hwi_Module__state__V)
                  200013b4    00000030     msp432p4xx_driverlib.lib : gpio.o (.data:GPIO_PORT_TO_BASE)
                  200013e4    00000030     project5_pem4f.oem4f (.data:ti_sysbios_knl_Swi_Object__table__V)
                  20001414    0000002c     project5_pem4f.oem4f (.data:ti_sysbios_knl_Clock_Module__state__V)
                  20001440    00000028     drivers_MSP432P401R.aem4f : PowerMSP432.oem4f (.data:PowerMSP432_module)
                  20001468    00000024     project5_pem4f.oem4f (.data:ti_sysbios_BIOS_Module__state__V)
                  2000148c    00000020     project5_pem4f.oem4f (.data:ti_sysbios_family_arm_msp432_Timer_Module_State_0_device__A)
                  200014ac    0000001c     project5_pem4f.oem4f (.data:ti_sysbios_knl_Swi_Module__state__V)
                  200014c8    00000018     project5_pem4f.oem4f (.data:ti_sysbios_family_arm_m3_Hwi_Object__table__V)
                  200014e0    00000018     project5_pem4f.oem4f (.data:ti_sysbios_heaps_HeapMem_Object__table__V)
                  200014f8    00000010     Crystalfontz128x128_ST7735.obj (.data:g_sCrystalfontz128x128)
                  20001508    00000010     MSP_EXP432P401R.obj (.data:gpioPinConfigs)
                  20001518    00000010     project5_pem4f.oem4f (.data:ti_sysbios_family_arm_msp432_Timer_Module_State_0_handles__A)
                  20001528    0000000c     project5_pem4f.oem4f (.data:ti_sysbios_family_arm_msp432_ClockFreqs_Module__state__V)
                  20001534    0000000c     project5_pem4f.oem4f (.data:ti_sysbios_family_arm_msp432_Timer_Module__state__V)
                  20001540    0000000c     project5_pem4f.oem4f (.data:xdc_runtime_SysMin_Module__state__V)
                  2000154c    00000008     rtsv7M4_T_le_v4SPD16_eabi.lib : _lock.c.obj (.data:$O1$$)
                  20001554    00000008     MSP_EXP432P401R.obj (.data:gpioCallbackFunctions)
                  2000155c    00000008     project5_pem4f.oem4f (.data:ti_sysbios_family_arm_m3_Hwi_Module__root__V)
                  20001564    00000008     project5_pem4f.oem4f (.data:ti_sysbios_gates_GateHwi_Module__root__V)
                  2000156c    00000008     project5_pem4f.oem4f (.data:ti_sysbios_gates_GateMutex_Module__root__V)
                  20001574    00000008     project5_pem4f.oem4f (.data:ti_sysbios_heaps_HeapMem_Module__root__V)
                  2000157c    00000008     project5_pem4f.oem4f (.data:ti_sysbios_knl_Queue_Module__root__V)
                  20001584    00000008     project5_pem4f.oem4f (.data:ti_sysbios_knl_Semaphore_Module__root__V)
                  2000158c    00000008     project5_pem4f.oem4f (.data:ti_sysbios_knl_Task_Module__root__V)
                  20001594    00000008     project5_pem4f.oem4f (.data:xdc_runtime_Registry_Module__state__V)
                  2000159c    00000008     project5_pem4f.oem4f (.data:xdc_runtime_Startup_Module__state__V)
                  200015a4    00000008     project5_pem4f.oem4f (.data:xdc_runtime_System_Module_State_0_atexitHandlers__A)
                  200015ac    00000008     project5_pem4f.oem4f (.data:xdc_runtime_System_Module__state__V)
                  200015b4    00000004     rtsv7M4_T_le_v4SPD16_eabi.lib : stkdepth_vars.c.obj (.data)
                  200015b8    00000004     project5_pem4f.oem4f (.data:ti_sysbios_family_arm_m3_Hwi_Module_State_0_excContext__A)
                  200015bc    00000004     project5_pem4f.oem4f (.data:ti_sysbios_family_arm_m3_Hwi_Module_State_0_excStack__A)
                  200015c0    00000004     project5_pem4f.oem4f (.data:ti_sysbios_gates_GateHwi_Object__table__V)
                  200015c4    00000004     project5_pem4f.oem4f (.data:ti_sysbios_knl_Task_Module_State_0_idleTask__A)
                  200015c8    00000004     project5_pem4f.oem4f (.data:xdc_runtime_Memory_Module__state__V)
                  200015cc    00000002     project5_pem4f.oem4f (.data:ti_sysbios_family_arm_m3_Hwi_Module_State_0_excActive__A)
                  200015ce    00000002     project5_pem4f.oem4f (.data:xdc_runtime_Error_Module__state__V)
                  200015d0    00000001     drivers_MSP432P401R.aem4f : GPIOMSP432.oem4f (.data)

.stack     0    2000fd00    00000300     UNINITIALIZED
                  2000fd00    00000300     --HOLE--

.bootVecs 
*          0    00000000    00000008     DSECT
                  00000000    00000008     boot.aem4f : boot.oem4f (.bootVecs)

.vecs      0    20000000    00000140     UNINITIALIZED
                  20000000    00000140     project5_pem4f.oem4f (.vecs)

xdc.meta   0    00000000    000000ee     COPY SECTION
                  00000000    000000ee     project5_pem4f.oem4f (xdc.meta)

.binit     0    00000000    00000000     

MODULE SUMMARY

       Module                                               code    ro data   rw data
       ------                                               ----    -------   -------
    .\
       project5.obj                                         326     17424     620    
       MSP_EXP432P401R.obj                                  16      36        24     
    +--+----------------------------------------------------+-------+---------+---------+
       Total:                                               342     17460     644    
                                                                                     
    .\LcdDriver\
       Crystalfontz128x128_ST7735.obj                       1670    40        26     
       HAL_MSP_EXP432P401R_Crystalfontz128x128_ST7735.obj   212     28        0      
    +--+----------------------------------------------------+-------+---------+---------+
       Total:                                               1882    68        26     
                                                                                     
    C:\Users\druep\Documents\EEL4930_AdvMCU\Project5\Debug\configPkg\package\cfg\
       project5_pem4f.oem4f                                 1652    7594      3288   
    +--+----------------------------------------------------+-------+---------+---------+
       Total:                                               1652    7594      3288   
                                                                                     
    C:/Users/druep/Documents/EEL4930_AdvMCU/Project5/grlib.a
       image.obj                                            1012    0         1024   
       fontfixed6x8.obj                                     0       960       0      
       context.obj                                          174     0         0      
       display.obj                                          162     0         0      
    +--+----------------------------------------------------+-------+---------+---------+
       Total:                                               1348    960       1024   
                                                                                     
    C:/ti/tirtos_msp43x_2_20_00_06/products/msp432_driverlib_3_21_00_05/driverlib/MSP432P4xx/ccs/msp432p4xx_driverlib.lib
       pcm.o                                                1214    0         0      
       gpio.o                                               480     0         48     
       cs.o                                                 260     0         0      
       spi.o                                                234     0         0      
       flash.o                                              156     0         0      
       rtc_c.o                                              72      0         0      
       wdt_a.o                                              44      0         0      
       cpu.o                                                28      0         0      
    +--+----------------------------------------------------+-------+---------+---------+
       Total:                                               2488    0         48     
                                                                                     
    C:/ti/tirtos_msp43x_2_20_00_06/products/tidrivers_msp43x_2_20_00_08/packages/ti/drivers/lib/drivers_MSP432P401R.aem4f
       PowerMSP432.oem4f                                    1016    0         196    
       GPIOMSP432.oem4f                                     708     12        49     
       List.oem4f                                           8       0         0      
    +--+----------------------------------------------------+-------+---------+---------+
       Total:                                               1732    12        245    
                                                                                     
    C:/ti/tirtos_msp43x_2_20_00_06/products/tidrivers_msp43x_2_20_00_08/packages/ti/drivers/lib/power_tirtos_MSP432P401R.aem4f
       PowerMSP432_tirtos.oem4f                             106     0         0      
    +--+----------------------------------------------------+-------+---------+---------+
       Total:                                               106     0         0      
                                                                                     
    C:/ti/tirtos_msp43x_2_20_00_06/products/tidrivers_msp43x_2_20_00_08/packages/ti/drivers/ports/lib/tirtosport.aem4f
       HwiP_tirtos.oem4f                                    116     0         0      
    +--+----------------------------------------------------+-------+---------+---------+
       Total:                                               116     0         0      
                                                                                     
    C:\Users\druep\Documents\EEL4930_AdvMCU\Project5\src\sysbios\sysbios.aem4f
       BIOS.obj                                             11594   0         0      
       m3_Hwi_asm.obj                                       306     0         0      
       m3_TaskSupport_asm.obj                               180     0         0      
       m3_Hwi_asm_switch.obj                                118     0         0      
    +--+----------------------------------------------------+-------+---------+---------+
       Total:                                               12198   0         0      
                                                                                     
    C:\ti\ccsv8\tools\compiler\ti-cgt-arm_18.1.4.LTS\lib\rtsv7M4_T_le_v4SPD16_eabi.lib
       trgmsg.c.obj                                         108     0         288    
       memcpy_t2.asm.obj                                    156     0         0      
       memset_t2.asm.obj                                    122     0         0      
       copy_decompress_lzss.c.obj                           104     0         0      
       hostwrite.c.obj                                      88      0         0      
       cpy_tbl.c.obj                                        76      0         0      
       u_divt2.asm.obj                                      64      0         0      
       _lock.c.obj                                          26      0         8      
       args_main.c.obj                                      24      0         0      
       strlen.c.obj                                         20      0         0      
       copy_decompress_none.c.obj                           14      0         0      
       copy_zero_init.c.obj                                 12      0         0      
       hostopen.c.obj                                       0       0         8      
       exit.c.obj                                           4       0         0      
       stkdepth_vars.c.obj                                  0       0         4      
       div0.asm.obj                                         2       0         0      
    +--+----------------------------------------------------+-------+---------+---------+
       Total:                                               820     0         308    
                                                                                     
    C:\ti\tirtos_msp43x_2_20_00_06\products\bios_6_46_00_23\packages\ti\targets\arm\rtsarm\lib\auto_init.aem4f
       auto_init.oem4f                                      160     0         0      
    +--+----------------------------------------------------+-------+---------+---------+
       Total:                                               160     0         0      
                                                                                     
    C:\ti\tirtos_msp43x_2_20_00_06\products\bios_6_46_00_23\packages\ti\targets\arm\rtsarm\lib\boot.aem4f
       boot.oem4f                                           88      0         0      
    +--+----------------------------------------------------+-------+---------+---------+
       Total:                                               88      0         0      
                                                                                     
    C:\ti\tirtos_msp43x_2_20_00_06\products\bios_6_46_00_23\packages\ti\targets\arm\rtsarm\lib\ti.targets.arm.rtsarm.aem4f
       System.oem4f                                         1255    0         0      
       Text.oem4f                                           672     0         0      
       Error.oem4f                                          524     0         0      
       Core-mem.oem4f                                       358     0         0      
       Startup.oem4f                                        340     0         0      
       SysMin.oem4f                                         248     0         0      
       Core-smem.oem4f                                      204     0         0      
       Memory.oem4f                                         176     0         0      
       Assert.oem4f                                         84      0         0      
       Core-params.oem4f                                    70      0         0      
       Core-label.oem4f                                     52      0         0      
       Registry.oem4f                                       32      0         0      
       Gate.oem4f                                           28      0         0      
    +--+----------------------------------------------------+-------+---------+---------+
       Total:                                               4043    0         0      
                                                                                     
       Stack:                                               0       0         768    
       Linker Generated:                                    0       603       0      
    +--+----------------------------------------------------+-------+---------+---------+
       Grand Total:                                         26975   26697     6351   


LINKER GENERATED COPY TABLES

__TI_cinit_table @ 0000d248 records: 3, size/record: 8, table size: 24
	.data: load addr=0000d000, load size=00000227 bytes, run addr=200010d0, run size=00000501 bytes, compression=lzss
	.bss: load addr=0000d238, load size=00000008 bytes, run addr=20000140, run size=00000f8e bytes, compression=zero_init
	.vecs: load addr=0000d240, load size=00000008 bytes, run addr=20000000, run size=00000140 bytes, compression=zero_init


LINKER GENERATED HANDLER TABLE

__TI_handler_table @ 0000d228 records: 3, size/record: 4, table size: 12
	index: 0, handler: __TI_decompress_lzss
	index: 1, handler: __TI_decompress_none
	index: 2, handler: __TI_zero_init


GLOBAL SYMBOLS: SORTED ALPHABETICALLY BY Name 

address   name                                                        
-------   ----                                                        
00002335  C$$EXIT                                                     
000055fb  C$$IO$$                                                     
00006883  CPU_cpsid                                                   
0000688f  CPU_cpsie                                                   
00000b45  CPU_wfi                                                     
0000314d  CS_initClockSignal                                          
00005eed  CS_setDCOCenteredFrequency                                  
00002831  Crystalfontz128x128_Init                                    
000026fd  Crystalfontz128x128_SetDrawFrame                            
00004a09  Crystalfontz128x128_SetOrientation                          
0000689b  EUSCI_A_SPI_enable                                          
000068a7  EUSCI_B_SPI_enable                                          
00005359  FlashCtl_disableReadBuffering                               
000056e9  FlashCtl_enableReadBuffering                                
00005dfd  FlashCtl_setWaitState                                       
0000cdc8  GPIOMSP432_config                                           
00006465  GPIO_clearInterruptFlag                                     
00005895  GPIO_getEnabledInterruptStatus                              
00006725  GPIO_getInterruptStatus                                     
00004a5d  GPIO_hwiIntFxn                                              
00004671  GPIO_init                                                   
000060c5  GPIO_interruptEdgeSelect                                    
[...]
00006877  ti_sysbios_family_arm_msp432_init_Boot_init__I              
00006877  xdc_runtime_Startup_reset__I                                
00006883  CPU_cpsid                                                   
0000688f  CPU_cpsie                                                   
0000689b  EUSCI_A_SPI_enable                                          
000068a7  EUSCI_B_SPI_enable                                          
000068b5  PCM_getPowerState                                           
000068c1  Power_getConstraintMask                                     
000068cd  _register_lock                                              
000068d9  _register_unlock                                            
000068e5  __TI_zero_init                                              
000068f1  ti_sysbios_family_arm_m3_Hwi_Params__init__S                
000068f1  ti_sysbios_hal_Hwi_HwiProxy_Params__init__S                 
00006901  ti_sysbios_family_arm_m3_Hwi_disableFxn__E                  
00006901  ti_sysbios_hal_Hwi_HwiProxy_disable__E                      
00006911  ti_sysbios_family_arm_m3_TaskSupport_checkStack__E          
00006911  ti_sysbios_knl_Task_SupportProxy_checkStack__E              
00006921  ti_sysbios_family_arm_m3_TaskSupport_getStackAlignment__E   
00006921  ti_sysbios_knl_Task_SupportProxy_getStackAlignment__E       
00006931  ti_sysbios_family_arm_msp432_Timer_getMaxTicks__E           
00006941  ti_sysbios_gates_GateHwi_enter__E                           
0000694d  ti_sysbios_knl_Queue_Object__get__S                         
00006959  ti_sysbios_knl_Task_Params__init__S                         
00006965  xdc_runtime_Error_init__E                                   
00006971  xdc_runtime_Gate_enterSystem__E                             
0000697d  xdc_runtime_Memory_calloc__E                                
00006989  xdc_runtime_Memory_getMaxDefaultTypeAlign__E                
00006995  xdc_runtime_Startup_rtsDone__E                              
000069ab  xdc_runtime_Memory_HeapProxy_alloc__E                       
000069b5  xdc_runtime_Memory_HeapProxy_free__E                        
000069bf  MSP_EXP432P401R_initGPIO                                    
000069c7  MSP_EXP432P401R_initGeneral                                 
000069cf  PCM_setPowerMode                                            
000069d7  PCM_setPowerState                                           
000069e1  ti_sysbios_family_arm_m3_Hwi_doSwiRestore__I                
000069e9  ti_sysbios_family_arm_m3_Hwi_startup__E                     
000069e9  ti_sysbios_hal_Hwi_HwiProxy_startup__E                      
000069e9  ti_sysbios_hal_Hwi_startup__E                               
000069f1  ti_sysbios_family_arm_m3_Hwi_doTaskRestore__I               
000069f9  HwiP_restore                                                
000069f9  ti_sysbios_family_arm_m3_Hwi_restoreFxn__E                  
000069f9  ti_sysbios_hal_Hwi_HwiProxy_restore__E                      
00006a01  ti_sysbios_gates_GateHwi_leave__E                           
00006a09  ti_sysbios_heaps_HeapMem_isBlocking__E                      
00006a11  ti_sysbios_knl_Queue_Instance_init__E                       
00006a19  ti_sysbios_knl_Swi_startup__E                               
00006a21  ti_sysbios_gates_GateHwi_query__E                           
00006a21  xdc_runtime_Main_Module_GateProxy_query__E                  
00006a21  xdc_runtime_System_Module_GateProxy_query__E                
00006a29  ti_sysbios_BIOS_RtsGateProxy_query__E                       
00006a29  ti_sysbios_gates_GateMutex_query__E                         
00006a29  ti_sysbios_heaps_HeapMem_Module_GateProxy_query__E          
00006a31  ti_sysbios_knl_Task_startup__E                              
00006a39  ti_sysbios_BIOS_linkedWithIncorrectBootLibrary__E           
00006a41  ti_sysbios_gates_GateHwi_Instance_init__E                   
00006a49  ti_sysbios_knl_Clock_logTick__E                             
0000aa4c  xdc_runtime_Text_charTab__A                                 
0000c267  xdc_runtime_Error_policy__C                                 
0000c960  g_sFontFixed6x8                                             
0000ca28  xdc_runtime_Text_nodeTab__A                                 
0000cb20  ti_sysbios_knl_Task_Object__PARAMS__C                       
0000cb5c  ti_sysbios_family_arm_m3_Hwi_Object__PARAMS__C              
0000cb8c  ti_sysbios_heaps_HeapMem_Module__FXNS__C                    
0000cbb4  ti_sysbios_gates_GateHwi_Module__FXNS__C                    
0000cbd8  ti_sysbios_gates_GateMutex_Module__FXNS__C                  
0000cbfc  ti_sysbios_heaps_HeapMem_Object__PARAMS__C                  
0000cc20  ti_sysbios_knl_Semaphore_Object__PARAMS__C                  
0000cc44  g_sCrystalfontz128x128_funcs                                
0000cc64  ti_sysbios_family_arm_m3_Hwi_Object__DESC__C                
0000cc84  ti_sysbios_gates_GateHwi_Object__DESC__C                    
0000cca4  ti_sysbios_gates_GateMutex_Object__DESC__C                  
0000ccc4  ti_sysbios_heaps_HeapMem_Object__DESC__C                    
0000cce4  ti_sysbios_knl_Queue_Object__DESC__C                        
0000cd04  ti_sysbios_knl_Semaphore_Object__DESC__C                    
0000cd24  ti_sysbios_knl_Task_Object__DESC__C                         
0000cd44  xdc_runtime_Startup_sfxnTab__A                              
0000cd80  ti_sysbios_gates_GateHwi_Object__PARAMS__C                  
0000cd98  ti_sysbios_gates_GateMutex_Object__PARAMS__C                
0000cdb0  ti_sysbios_knl_Queue_Object__PARAMS__C                      
0000cdc8  GPIOMSP432_config                                           
0000cddc  PowerMSP432_config                                          
0000cdec  celtics_splash_screen                                       
0000cdfc  xdc_runtime_Startup_sfxnRts__A                              
0000ce18  xdc_runtime_Startup_firstFxns__A                            
0000ce2c  ti_sysbios_family_arm_m3_Hwi_excHookFuncs__A                
0000ce34  ti_sysbios_knl_Idle_funcList__A                             
0000ce3c  ti_sysbios_knl_Idle_funcList__C                             
0000ce44  xdc_runtime_Startup_firstFxns__C                            
0000ce4c  xdc_runtime_Startup_lastFxns__C                             
0000ce54  ti_sysbios_family_arm_m3_Hwi_E_NMI__C                       
0000ce58  ti_sysbios_family_arm_m3_Hwi_E_alreadyDefined__C            
0000ce5c  ti_sysbios_family_arm_m3_Hwi_E_busFault__C                  
0000ce60  ti_sysbios_family_arm_m3_Hwi_E_debugMon__C                  
0000ce64  ti_sysbios_family_arm_m3_Hwi_E_hardFault__C                 
0000ce68  ti_sysbios_family_arm_m3_Hwi_E_memFault__C                  
0000ce6c  ti_sysbios_family_arm_m3_Hwi_E_noIsr__C                     
0000ce70  ti_sysbios_family_arm_m3_Hwi_E_reserved__C                  
0000ce74  ti_sysbios_family_arm_m3_Hwi_E_svCall__C                    
0000ce78  ti_sysbios_family_arm_m3_Hwi_E_usageFault__C                
0000ce7c  ti_sysbios_family_arm_m3_Hwi_NUM_INTERRUPTS__C              
0000ce80  ti_sysbios_family_arm_m3_Hwi_Object__count__C               
0000ce84  ti_sysbios_family_arm_m3_Hwi_ccr__C                         
0000ce88  ti_sysbios_family_arm_m3_Hwi_excHandlerFunc__C              
0000ce8c  ti_sysbios_family_arm_m3_Hwi_excHookFuncs__C                
0000ce90  ti_sysbios_family_arm_m3_Hwi_nullIsrFunc__C                 
0000ce94  ti_sysbios_family_arm_m3_Hwi_priGroup__C                    
0000ce98  ti_sysbios_family_arm_m3_TaskSupport_stackAlignment__C      
0000ce9c  ti_sysbios_family_arm_msp432_Timer_numTimerDevices__C       
0000cea0  ti_sysbios_family_arm_msp432_Timer_startupNeeded__C         
0000cea4  ti_sysbios_gates_GateMutex_A_badContext__C                  
0000cea8  ti_sysbios_gates_GateMutex_Instance_State_sem__O            
0000ceac  ti_sysbios_gates_GateMutex_Module__diagsEnabled__C          
0000ceb0  ti_sysbios_gates_GateMutex_Module__diagsIncluded__C         
0000ceb4  ti_sysbios_gates_GateMutex_Module__diagsMask__C             
0000ceb8  ti_sysbios_hal_Hwi_E_stackOverflow__C                       
0000cebc  ti_sysbios_heaps_HeapMem_A_align__C                         
0000cec0  ti_sysbios_heaps_HeapMem_A_heapSize__C                      
0000cec4  ti_sysbios_heaps_HeapMem_A_invalidFree__C                   
0000cec8  ti_sysbios_heaps_HeapMem_A_zeroBlock__C                     
0000cecc  ti_sysbios_heaps_HeapMem_E_memory__C                        
0000ced0  ti_sysbios_heaps_HeapMem_Module__diagsEnabled__C            
0000ced4  ti_sysbios_heaps_HeapMem_Module__diagsIncluded__C           
0000ced8  ti_sysbios_heaps_HeapMem_Module__diagsMask__C               
0000cedc  ti_sysbios_heaps_HeapMem_Module__gateObj__C                 
0000cee0  ti_sysbios_heaps_HeapMem_Object__count__C                   
0000cee4  ti_sysbios_heaps_HeapMem_reqAlign__C                        
0000cee8  ti_sysbios_knl_Clock_Module_State_clockQ__O                 
0000ceec  ti_sysbios_knl_Semaphore_A_badContext__C                    
0000cef0  ti_sysbios_knl_Semaphore_A_noEvents__C                      
0000cef4  ti_sysbios_knl_Semaphore_A_overflow__C                      
0000cef8  ti_sysbios_knl_Semaphore_A_pendTaskDisabled__C              
0000cefc  ti_sysbios_knl_Semaphore_Instance_State_pendQ__O            
0000cf00  ti_sysbios_knl_Semaphore_Module__diagsEnabled__C            
0000cf04  ti_sysbios_knl_Semaphore_Module__diagsIncluded__C           
0000cf08  ti_sysbios_knl_Semaphore_Module__diagsMask__C               
0000cf0c  ti_sysbios_knl_Swi_Object__count__C                         
0000cf10  ti_sysbios_knl_Task_A_badPriority__C                        
0000cf14  ti_sysbios_knl_Task_A_badTaskState__C                       
0000cf18  ti_sysbios_knl_Task_A_badThreadType__C                      
0000cf1c  ti_sysbios_knl_Task_A_badTimeout__C                         
0000cf20  ti_sysbios_knl_Task_A_noPendElem__C                         
0000cf24  ti_sysbios_knl_Task_A_sleepTaskDisabled__C                  
0000cf28  ti_sysbios_knl_Task_E_spOutOfBounds__C                      
0000cf2c  ti_sysbios_knl_Task_E_stackOverflow__C                      
0000cf30  ti_sysbios_knl_Task_Module_State_inactiveQ__O               
0000cf34  ti_sysbios_knl_Task_Module__diagsEnabled__C                 
0000cf38  ti_sysbios_knl_Task_Module__diagsIncluded__C                
0000cf3c  ti_sysbios_knl_Task_Module__diagsMask__C                    
0000cf40  ti_sysbios_knl_Task_Object__count__C                        
0000cf44  ti_sysbios_knl_Task_allBlockedFunc__C                       
0000cf48  ti_sysbios_knl_Task_defaultStackHeap__C                     
0000cf4c  ti_sysbios_knl_Task_defaultStackSize__C                     
0000cf50  ti_sysbios_knl_Task_numConstructedTasks__C                  
0000cf54  xdc_runtime_Assert_E_assertFailed__C                        
0000cf58  xdc_runtime_Core_A_initializedParams__C                     
0000cf5c  xdc_runtime_Core_Module__diagsEnabled__C                    
0000cf60  xdc_runtime_Core_Module__diagsIncluded__C                   
0000cf64  xdc_runtime_Core_Module__diagsMask__C                       
0000cf68  xdc_runtime_Error_E_memory__C                               
0000cf6c  xdc_runtime_Error_Module__diagsEnabled__C                   
0000cf70  xdc_runtime_Error_Module__diagsIncluded__C                  
0000cf74  xdc_runtime_Error_Module__diagsMask__C                      
0000cf78  xdc_runtime_Error_Module__loggerFxn8__C                     
0000cf7c  xdc_runtime_Error_Module__loggerObj__C                      
0000cf80  xdc_runtime_Error_policyFxn__C                              
0000cf84  xdc_runtime_Error_raiseHook__C                              
0000cf88  xdc_runtime_IGateProvider_Interface__BASE__C                
0000cf8c  xdc_runtime_IHeap_Interface__BASE__C                        
0000cf90  xdc_runtime_IModule_Interface__BASE__C                      
0000cf94  xdc_runtime_Log_L_error__C                                  
0000cf98  xdc_runtime_Memory_defaultHeapInstance__C                   
0000cf9c  xdc_runtime_Startup_execImpl__C                             
0000cfa0  xdc_runtime_Startup_maxPasses__C                            
0000cfa4  xdc_runtime_Startup_sfxnRts__C                              
0000cfa8  xdc_runtime_Startup_sfxnTab__C                              
0000cfac  xdc_runtime_SysMin_bufSize__C                               
0000cfb0  xdc_runtime_SysMin_outputFunc__C                            
0000cfb4  xdc_runtime_System_Module__gateObj__C                       
0000cfb8  xdc_runtime_System_abortFxn__C                              
0000cfbc  xdc_runtime_System_exitFxn__C                               
0000cfc0  xdc_runtime_System_extendFxn__C                             
0000cfc4  xdc_runtime_System_maxAtexitHandlers__C                     
0000cfc8  xdc_runtime_Text_charTab__C                                 
0000cfcc  xdc_runtime_Text_nameEmpty__C                               
0000cfd0  xdc_runtime_Text_nameStatic__C                              
0000cfd4  xdc_runtime_Text_nameUnknown__C                             
0000cfd8  xdc_runtime_Text_nodeTab__C                                 
0000cfdc  xdc_runtime_Text_visitRopeFxn__C                            
0000cfe0  ti_sysbios_family_arm_m3_Hwi_Module__id__C                  
0000cfe2  ti_sysbios_gates_GateMutex_Module__id__C                    
0000cfe4  ti_sysbios_hal_Hwi_Module__id__C                            
0000cfe6  ti_sysbios_heaps_HeapMem_Module__id__C                      
0000cfe8  ti_sysbios_knl_Semaphore_Module__id__C                      
0000cfea  ti_sysbios_knl_Task_Module__id__C                           
0000cfec  xdc_runtime_Core_Module__id__C                              
0000cfee  xdc_runtime_Error_Module__loggerDefined__C                  
0000cff0  xdc_runtime_Error_maxDepth__C                               
0000cff2  xdc_runtime_Memory_Module__id__C                            
0000cff4  xdc_runtime_SysMin_flushAtExit__C                           
0000cff6  xdc_runtime_Text_charCnt__C                                 
0000cff8  xdc_runtime_Text_isLoaded__C                                
0000cffa  xdc_runtime_Text_registryModsLastId__C                      
0000cffc  xdc_runtime_Text_unnamedModsLastId__C                       
0000d000  __TI_static_base__                                          
0000d228  __TI_Handler_Table_Base                                     
0000d234  __TI_Handler_Table_Limit                                    
0000d248  __TI_CINIT_Base                                             
0000d260  __TI_CINIT_Limit                                            
20000000  ti_sysbios_family_arm_m3_Hwi_ramVectors                     
20000540  ti_sysbios_heaps_HeapMem_Instance_State_0_buf__A            
20000940  ti_sysbios_knl_Task_Instance_State_0_stack__A               
20000b40  task0Stack                                                  
20000d40  ti_sysbios_family_arm_m3_Hwi_dispatchTable                  
20000e80  __CIOBUF_                                                   
20000fa0  xdc_runtime_SysMin_Module_State_0_outbuf__A                 
20001020  task0Struct                                                 
200010a0  g_sContext                                                  
200010bc  parmbuf                                                     
200010c4  Lcd_ScreenHeigth                                            
200010c6  Lcd_ScreenWidth                                             
200010c8  Lcd_TouchTrim                                               
200010ca  Lcd_FlagRead                                                
200010cb  Lcd_FontSolid                                               
200010cc  Lcd_Orientation                                             
200010cd  Lcd_PenSolid                                                
200010d0  PowerMSP432_perfLevels                                      
2000116c  ti_sysbios_knl_Swi_Module_State_0_readyQ__A                 
200011ec  ti_sysbios_knl_Task_Module_State_0_readyQ__A                
2000126c  ti_sysbios_family_arm_msp432_Timer_Object__table__V         
200012b8  ti_sysbios_knl_Task_Object__table__V                        
20001304  ti_sysbios_knl_Task_Module__state__V                        
20001348  ti_sysbios_gates_GateMutex_Object__table__V                 
20001380  ti_sysbios_family_arm_m3_Hwi_Module__state__V               
200013e4  ti_sysbios_knl_Swi_Object__table__V                         
20001414  ti_sysbios_knl_Clock_Module__state__V                       
20001440  PowerMSP432_module                                          
20001468  ti_sysbios_BIOS_Module__state__V                            
2000148c  ti_sysbios_family_arm_msp432_Timer_Module_State_0_device__A 
200014ac  ti_sysbios_knl_Swi_Module__state__V                         
200014c8  ti_sysbios_family_arm_m3_Hwi_Object__table__V               
200014e0  ti_sysbios_heaps_HeapMem_Object__table__V                   
200014f8  g_sCrystalfontz128x128                                      
20001508  gpioPinConfigs                                              
20001518  ti_sysbios_family_arm_msp432_Timer_Module_State_0_handles__A
20001528  ti_sysbios_family_arm_msp432_ClockFreqs_Module__state__V    
20001534  ti_sysbios_family_arm_msp432_Timer_Module__state__V         
20001540  xdc_runtime_SysMin_Module__state__V                         
2000154c  _lock                                                       
20001550  _unlock                                                     
20001554  gpioCallbackFunctions                                       
2000155c  ti_sysbios_family_arm_m3_Hwi_Module__root__V                
20001564  ti_sysbios_gates_GateHwi_Module__root__V                    
2000156c  ti_sysbios_gates_GateMutex_Module__root__V                  
20001574  ti_sysbios_heaps_HeapMem_Module__root__V                    
2000157c  ti_sysbios_knl_Queue_Module__root__V                        
20001584  ti_sysbios_knl_Semaphore_Module__root__V                    
2000158c  ti_sysbios_knl_Task_Module__root__V                         
20001594  xdc_runtime_Registry_Module__state__V                       
2000159c  xdc_runtime_Startup_Module__state__V                        
200015a4  xdc_runtime_System_Module_State_0_atexitHandlers__A         
200015ac  xdc_runtime_System_Module__state__V                         
200015b4  main_func_sp                                                
200015b8  ti_sysbios_family_arm_m3_Hwi_Module_State_0_excContext__A   
200015bc  ti_sysbios_family_arm_m3_Hwi_Module_State_0_excStack__A     
200015c0  ti_sysbios_gates_GateHwi_Object__table__V                   
200015c4  ti_sysbios_knl_Task_Module_State_0_idleTask__A              
200015c8  xdc_runtime_Memory_Module__state__V                         
200015cc  ti_sysbios_family_arm_m3_Hwi_Module_State_0_excActive__A    
200015ce  xdc_runtime_Error_Module__state__V                          
2000fd00  __stack                                                     
20010000  __STACK_END                                                 
4000480c  WDTCTL_SYM                                                  
e000e000  ti_sysbios_family_arm_m3_Hwi_nvic                           
ffffffff  __TI_pprof_out_hndl                                         
ffffffff  __TI_prof_data_size                                         
ffffffff  __TI_prof_data_start                                        
ffffffff  __binit__                                                   
ffffffff  __c_args__                                                  
ffffffff  binit                                                       
UNDEFED   SHT$$INIT_ARRAY$$Base                                       
UNDEFED   SHT$$INIT_ARRAY$$Limit                                      

[614 symbols]
