******************************************************************************
                  TI ARM Linker PC v18.1.4                     
******************************************************************************
>> Linked Tue Dec 11 20:00:31 2018

OUTPUT FILE NAME:   <project6_alt.out>
ENTRY POINT SYMBOL: "_c_int00"  address: 00005b75


MEMORY CONFIGURATION

         name            origin    length      used     unused   attr    fill
----------------------  --------  ---------  --------  --------  ----  --------
  MAIN                  00000000   00040000  0000a455  00035bab  R  X
  INFO                  00200000   00004000  00000000  00004000  R  X
  SRAM_CODE             01000000   00010000  00000000  00010000  RW X
  SRAM_DATA             20000000   00010000  000023f7  0000dc09  RW  


SEGMENT ALLOCATION MAP

run origin  load origin   length   init length attrs members
----------  ----------- ---------- ----------- ----- -------
00000000    00000000    0000a460   0000a460    r-x
  00000000    00000000    0000003c   0000003c    r-- .resetVecs
  00000040    00000040    00008112   00008112    r-x .text
  00008158    00008158    00002087   00002087    r-- .const
  0000a1e0    0000a1e0    00000280   00000280    r-- .cinit
20000000    20000000    00001c29   00000000    rw-
  20000000    20000000    00000140   00000000    rw- .vecs
  20000140    20000140    0000159e   00000000    rw- .bss
  200016e0    200016e0    00000549   00000000    rw- .data
2000f830    2000f830    000007d0   00000000    rw-
  2000f830    2000f830    000007d0   00000000    rw- .stack


SECTION ALLOCATION MAP

 output                                  attributes/
section   page    origin      length       input sections
--------  ----  ----------  ----------   ----------------
.text      0    00000040    00008112     
                  00000040    000009c0     rtsv7M4_T_le_v4SPD16_eabi.lib : e_pow.c.obj (.text:pow)
                  00000a00    00000430     sysbios.aem4f : BIOS.obj (.text:ti_sysbios_family_arm_m3_Hwi_excDumpRegs__I)
                  00000e30    000003a0     HAL_TMP006.obj (.text:TMP006_getTemp)
                  000011d0    0000034c     ti.targets.arm.rtsarm.aem4f : System.oem4f (.text:xdc_runtime_System_doPrint__I)
                  0000151c    00000004     msp432p4xx_driverlib.lib : cpu.o (.text:CPU_wfi)
                  00001520    000002b8     sysbios.aem4f : BIOS.obj (.text:ti_sysbios_knl_Semaphore_pend__E)
                  000017d8    0000026c                   : BIOS.obj (.text:ti_sysbios_heaps_HeapMem_free__E)
                  00001a44    00000264     drivers_MSP432P401R.aem4f : PowerMSP432.oem4f (.text:Power_sleep)
                  00001ca8    00000250     sysbios.aem4f : BIOS.obj (.text:ti_sysbios_heaps_HeapMem_alloc__E)
                  00001ef8    00000234                   : BIOS.obj (.text:ti_sysbios_knl_Task_Instance_finalize__E)
                  0000212c    00000004     tirtosport.aem4f : HwiP_tirtos.oem4f (.text:HwiP_disable)
                  00002130    000001fc     sysbios.aem4f : BIOS.obj (.text:ti_sysbios_family_arm_m3_Hwi_excHandlerMax__I)
                  0000232c    00000004     msp432p4xx_driverlib.lib : i2c.o (.text:I2C_setSlaveAddress)
                  00002330    000001c0     sysbios.aem4f : BIOS.obj (.text:ti_sysbios_knl_Task_Instance_init__E)
                  000024f0    000001b6     rtsv7M4_T_le_v4SPD16_eabi.lib : fd_add_t2.asm.obj (.text)
                  000026a6    000001a0     msp432p4xx_driverlib.lib : pcm.o (.text:__PCM_setPowerStateAdvanced)
                  00002846    00000002     power_tirtos_MSP432P401R.aem4f : PowerMSP432_tirtos.oem4f (.text:PowerMSP432_initPolicy)
                  00002848    00000178     project6_pem4f.oem4f (.text:xdc_runtime_System_printfExtend__I)
                  000029c0    00000174     sysbios.aem4f : BIOS.obj (.text:ti_sysbios_family_arm_m3_Hwi_excBusFault__I)
                  00002b34    00000004     drivers_MSP432P401R.aem4f : List.oem4f (.text:List_head)
                  00002b38    00000164     sysbios.aem4f : BIOS.obj (.text:ti_sysbios_family_arm_m3_Hwi_excUsageFault__I)
                  00002c9c    00000158     rtsv7M4_T_le_v4SPD16_eabi.lib : e_sqrt.c.obj (.text:sqrt)
                  00002df4    00000154     msp432p4xx_driverlib.lib : adc14.o (.text:_getIndexForMemRegister)
                  00002f48    00000154     sysbios.aem4f : BIOS.obj (.text:ti_sysbios_knl_Mailbox_Instance_init__E)
                  0000309c    00000004     drivers_MSP432P401R.aem4f : List.oem4f (.text:List_next)
                  000030a0    00000148     sysbios.aem4f : BIOS.obj (.text:ti_sysbios_family_arm_m3_Hwi_excMemFault__I)
                  000031e8    00000140     drivers_MSP432P401R.aem4f : GPIOMSP432.oem4f (.text:GPIO_setConfig)
                  00003328    0000013c     sysbios.aem4f : BIOS.obj (.text:ti_sysbios_heaps_HeapMem_Instance_init__E)
                  00003464    00000136     rtsv7M4_T_le_v4SPD16_eabi.lib : fd_div_t2.asm.obj (.text)
                  0000359a    00000002     project6.obj (.text:TSK_draw_screen)
                  0000359c    00000118     ti.targets.arm.rtsarm.aem4f : Error.oem4f (.text:xdc_runtime_Error_policyDefault__E)
                  000036b4    00000110     rtsv7M4_T_le_v4SPD16_eabi.lib : s_scalbn.c.obj (.text:scalbn)
                  000037c4    00000100     ti.targets.arm.rtsarm.aem4f : Core-mem.oem4f (.text:xdc_runtime_Core_createObject__I)
                  000038c4    000000fc     rtsv7M4_T_le_v4SPD16_eabi.lib : fd_mul_t2.asm.obj (.text)
                  000039c0    000000f8     ti.targets.arm.rtsarm.aem4f : Startup.oem4f (.text:xdc_runtime_Startup_startMods__I)
                  00003ab8    000000f0     drivers_MSP432P401R.aem4f : PowerMSP432.oem4f (.text:initPerfControl)
                  00003ba8    000000ec     sysbios.aem4f : m3_Hwi_asm.obj (.text:ti_sysbios_family_arm_m3_Hwi_dispatch__I)
                  00003c94    00000004     rtsv7M4_T_le_v4SPD16_eabi.lib : exit.c.obj (.text:abort:abort)
                  00003c98    000000ec     sysbios.aem4f : BIOS.obj (.text:ti_sysbios_knl_Semaphore_post__E)
                  00003d84    000000e0     msp432p4xx_driverlib.lib : cs.o (.text:CS_initClockSignal)
                  00003e64    000000dc                              : pcm.o (.text:__PCM_setPowerModeAdvanced)
                  00003f40    000000cc     ti.targets.arm.rtsarm.aem4f : Core-smem.oem4f (.text:xdc_runtime_Core_constructObject__I)
                  0000400c    000000c0     project6.obj (.text:main)
                  000040cc    00000004     project6_pem4f.oem4f (.text:ti_sysbios_BIOS_RtsGateProxy_enter__E)
                  000040d0    000000bc     sysbios.aem4f : BIOS.obj (.text:ti_sysbios_family_arm_m3_Hwi_excDebugMon__I)
                  0000418c    00000004     project6_pem4f.oem4f (.text:ti_sysbios_BIOS_RtsGateProxy_leave__E)
                  00004190    000000bc     sysbios.aem4f : BIOS.obj (.text:ti_sysbios_family_arm_m3_Hwi_excHardFault__I)
                  0000424c    00000004     project6_pem4f.oem4f (.text:ti_sysbios_family_arm_m3_TaskSupport_Module__startupDone__S)
                  00004250    000000b4     sysbios.aem4f : BIOS.obj (.text:ti_sysbios_gates_GateMutex_enter__E)
                  00004304    00000004     project6_pem4f.oem4f (.text:ti_sysbios_heaps_HeapMem_Module_GateProxy_enter__E)
                  00004308    000000b4     sysbios.aem4f : BIOS.obj (.text:ti_sysbios_knl_Task_checkStacks__E)
                  000043bc    000000b0     msp432p4xx_driverlib.lib : pcm.o (.text:__PCM_setCoreVoltageLevelAdvanced)
                  0000446c    00000004     project6_pem4f.oem4f (.text:ti_sysbios_heaps_HeapMem_Module_GateProxy_leave__E)
                  00004470    000000a8     sysbios.aem4f : BIOS.obj (.text:ti_sysbios_family_arm_msp432_Timer_periodicStub__E)
                  00004518    000000a0     ADCMSP432.obj (.text:ADCMSP432_open)
                  000045b8    000000a0     auto_init.aem4f : auto_init.oem4f (.text)
                  00004658    000000a0     ti.targets.arm.rtsarm.aem4f : Text.oem4f (.text:xdc_runtime_Text_putMod__E)
                  000046f8    0000009c     ADCMSP432.obj (.text:ADCMSP432_convert)
                  00004794    0000009c     rtsv7M4_T_le_v4SPD16_eabi.lib : memcpy_t2.asm.obj (.text)
                  00004830    0000009c     sysbios.aem4f : BIOS.obj (.text:ti_sysbios_knl_Semaphore_Instance_init__E)
                  000048cc    0000009a     ti.targets.arm.rtsarm.aem4f : Text.oem4f (.text:xdc_runtime_Text_putSite__E)
                  00004966    00000002     rtsv7M4_T_le_v4SPD16_eabi.lib : _lock.c.obj (.text:_nop)
                  00004968    00000094     sysbios.aem4f : BIOS.obj (.text:ti_sysbios_family_arm_m3_Hwi_Instance_init__E)
                  000049fc    00000004     project6_pem4f.oem4f (.text:ti_sysbios_knl_Clock_TimerProxy_getMaxTicks__E)
                  00004a00    00000094     sysbios.aem4f : BIOS.obj (.text:ti_sysbios_family_arm_m3_Hwi_initNVIC__E)
                  00004a94    00000004     project6_pem4f.oem4f (.text:ti_sysbios_knl_Queue_destruct)
                  00004a98    00000094     sysbios.aem4f : BIOS.obj (.text:ti_sysbios_knl_Task_postInit__I)
                  00004b2c    0000008c     HAL_I2C.obj (.text:I2C_read16)
                  00004bb8    0000008c     sysbios.aem4f : m3_TaskSupport_asm.obj (.text:ti_sysbios_family_arm_m3_TaskSupport_buildTaskStack)
                  00004c44    00000004     project6_pem4f.oem4f (.text:ti_sysbios_knl_Semaphore_destruct)
                  00004c48    00000088     sysbios.aem4f : BIOS.obj (.text:ti_sysbios_family_arm_msp432_Timer_Module_startup__E)
                  00004cd0    00000088                   : BIOS.obj (.text:ti_sysbios_knl_Mailbox_post__E)
                  00004d58    00000086     rtsv7M4_T_le_v4SPD16_eabi.lib : fd_cmp_t2.asm.obj (.text:__aeabi_cdcmple)
                  00004dde    00000086                                   : fd_cmp_t2.asm.obj (.text:__aeabi_cdrcmple)
                  00004e64    00000084     accelerometer.obj (.text:ACCEL_convert_to_g)
                  00004ee8    00000084     sysbios.aem4f : BIOS.obj (.text:ti_sysbios_family_arm_m3_Hwi_postInit__I)
                  00004f6c    0000007c     msp432p4xx_driverlib.lib : pcm.o (.text:PCM_gotoLPM3)
                  00004fe8    0000007a     rtsv7M4_T_le_v4SPD16_eabi.lib : memset_t2.asm.obj (.text)
                  00005062    00000002                                   : div0.asm.obj (.text)
                  00005064    00000076     accelerometer.obj (.text:ACCEL_read_x_axis)
                  000050da    00000002     project6_pem4f.oem4f (.text:ti_sysbios_BIOS_nullFunc__I)
                  000050dc    00000076     accelerometer.obj (.text:ACCEL_read_y_axis)
                  00005152    00000002     --HOLE-- [fill = 0]
                  00005154    00000076     accelerometer.obj (.text:ACCEL_read_z_axis)
                  000051ca    00000006     drivers_MSP432P401R.aem4f : ADC.oem4f (.text:ADC_Params_init)
                  000051d0    00000074     sysbios.aem4f : BIOS.obj (.text:ti_sysbios_knl_Mailbox_pend__E)
                  00005244    00000004     ti.targets.arm.rtsarm.aem4f : Error.oem4f (.text:xdc_runtime_Error_getSite__E)
                  00005248    00000070     sysbios.aem4f : BIOS.obj (.text:ti_sysbios_knl_Clock_workFunc__E)
                  000052b8    00000070                   : BIOS.obj (.text:ti_sysbios_knl_Mailbox_Instance_finalize__E)
                  00005328    00000070                   : BIOS.obj (.text:ti_sysbios_knl_Task_exit__E)
                  00005398    0000006e     rtsv7M4_T_le_v4SPD16_eabi.lib : fd_tos_t2.asm.obj (.text)
                  00005406    00000002     --HOLE-- [fill = 0]
                  00005408    0000006d     ti.targets.arm.rtsarm.aem4f : System.oem4f (.text:xdc_runtime_System_formatNum__I)
                  00005475    00000003     --HOLE-- [fill = 0]
                  00005478    0000006c     msp432p4xx_driverlib.lib : adc14.o (.text:ADC14_configureConversionMemory)
                  000054e4    0000006c     ADCMSP432.obj (.text:ADCMSP432_convertRawToMicroVolts)
                  00005550    0000006c     sysbios.aem4f : BIOS.obj (.text:ti_sysbios_knl_Swi_restoreHwi__E)
                  000055bc    0000006c     ti.targets.arm.rtsarm.aem4f : Error.oem4f (.text:xdc_runtime_Error_print__E)
                  00005628    0000006c                                 : Memory.oem4f (.text:xdc_runtime_Memory_alloc__E)
                  00005694    00000068     rtsv7M4_T_le_v4SPD16_eabi.lib : copy_decompress_lzss.c.obj (.text:decompress:lzss:__TI_decompress_lzss)
                  000056fc    00000066     ti.targets.arm.rtsarm.aem4f : Core-mem.oem4f (.text:xdc_runtime_Core_deleteObject__I)
                  00005762    00000002     --HOLE-- [fill = 0]
                  00005764    00000064     ADCMSP432.obj (.text:ADCMSP432_close)
                  000057c8    00000062     tirtosport.aem4f : HwiP_tirtos.oem4f (.text:HwiP_create)
                  0000582a    00000006     msp432p4xx_driverlib.lib : i2c.o (.text:I2C_getInterruptStatus)
                  00005830    00000060     sysbios.aem4f : BIOS.obj (.text:ti_sysbios_knl_Task_schedule__I)
                  00005890    0000005c     drivers_MSP432P401R.aem4f : GPIOMSP432.oem4f (.text:GPIO_init)
                  000058ec    00000004     project6_pem4f.oem4f (.text:xdc_runtime_System_Module_GateProxy_enter__E)
                  000058f0    0000005c     sysbios.aem4f : BIOS.obj (.text:ti_sysbios_knl_Swi_run__I)
                  0000594c    00000004     project6_pem4f.oem4f (.text:xdc_runtime_System_Module_GateProxy_leave__E)
                  00005950    0000005c     sysbios.aem4f : BIOS.obj (.text:ti_sysbios_knl_Swi_schedule__I)
                  000059ac    00000004     ti.targets.arm.rtsarm.aem4f : System.oem4f (.text:xdc_runtime_System_aprintf_va__F)
                  000059b0    0000005c     sysbios.aem4f : BIOS.obj (.text:ti_sysbios_knl_Task_Module_startup__E)
                  00005a0c    0000005c     project6_pem4f.oem4f (.text:ti_sysbios_knl_Task_create)
                  00005a68    0000005c     sysbios.aem4f : BIOS.obj (.text:ti_sysbios_knl_Task_startCore__E)
                  00005ac4    00000058     rtsv7M4_T_le_v4SPD16_eabi.lib : hostwrite.c.obj (.text:HOSTwrite)
                  00005b1c    00000058     tirtosport.aem4f : SemaphoreP_tirtos.oem4f (.text:SemaphoreP_create)
                  00005b74    00000058     boot.aem4f : boot.oem4f (.text)
                  00005bcc    00000058     project6_pem4f.oem4f (.text:ti_sysbios_family_arm_m3_Hwi_construct)
                  00005c24    00000058     sysbios.aem4f : m3_Hwi_asm_switch.obj (.text:ti_sysbios_family_arm_m3_Hwi_initStacks__E)
                  00005c7c    00000058     project6_pem4f.oem4f (.text:ti_sysbios_knl_Mailbox_construct)
                  00005cd4    00000054     drivers_MSP432P401R.aem4f : GPIOMSP432.oem4f (.text:GPIO_hwiIntFxn)
                  00005d28    00000054                               : GPIOMSP432.oem4f (.text:GPIO_setCallback)
                  00005d7c    00000054     joystick.obj (.text:JS_get_y)
                  00005dd0    00000054     sysbios.aem4f : BIOS.obj (.text:ti_sysbios_family_arm_m3_Hwi_dispatchC__I)
                  00005e24    00000004     ti.targets.arm.rtsarm.aem4f : System.oem4f (.text:xdc_runtime_System_printf_va__F)
                  00005e28    00000054     sysbios.aem4f : BIOS.obj (.text:ti_sysbios_family_arm_msp432_Timer_initDevice__I)
                  00005e7c    00000004     --HOLE-- [fill = 0]
                  00005e80    00000054                   : BIOS.obj (.text:ti_sysbios_family_arm_msp432_init_Boot_configureClocksHigh)
                  00005ed4    00000054     ti.targets.arm.rtsarm.aem4f : Assert.oem4f (.text:xdc_runtime_Assert_raise__I)
                  00005f28    00000053     joystick.obj (.text:JS_get_x)
                  00005f7b    00000001     --HOLE-- [fill = 0]
                  00005f7c    00000050     msp432p4xx_driverlib.lib : pcm.o (.text:PCM_shutdownDevice)
                  00005fcc    00000004     --HOLE-- [fill = 0]
                  00005fd0    00000050     sysbios.aem4f : BIOS.obj (.text:ti_sysbios_family_arm_m3_Hwi_Module_startup__E)
                  00006020    00000050     ti.targets.arm.rtsarm.aem4f : Startup.oem4f (.text:xdc_runtime_Startup_exec__E)
                  00006070    00000050                                 : Text.oem4f (.text:xdc_runtime_Text_visitRope2__I)
                  000060c0    0000004c     rtsv7M4_T_le_v4SPD16_eabi.lib : cpy_tbl.c.obj (.text:copy_in)
                  0000610c    00000004     --HOLE-- [fill = 0]
                  00006110    0000004c     sysbios.aem4f : BIOS.obj (.text:ti_sysbios_family_arm_msp432_Timer_start__E)
                  0000615c    00000004     --HOLE-- [fill = 0]
                  00006160    0000004c                   : BIOS.obj (.text:ti_sysbios_heaps_HeapMem_getStats__E)
                  000061ac    00000004     --HOLE-- [fill = 0]
                  000061b0    0000004c                   : BIOS.obj (.text:ti_sysbios_knl_Swi_runLoop__I)
                  000061fc    00000004     --HOLE-- [fill = 0]
                  00006200    0000004c                   : BIOS.obj (.text:ti_sysbios_knl_Task_allBlockedFunction__I)
                  0000624c    00000048     msp432p4xx_driverlib.lib : gpio.o (.text:GPIO_setAsPeripheralModuleFunctionInputPin)
                  00006294    00000048     rtsv7M4_T_le_v4SPD16_eabi.lib : fd_toi_t2.asm.obj (.text)
                  000062dc    00000004     --HOLE-- [fill = 0]
                  000062e0    00000048     sysbios.aem4f : BIOS.obj (.text:ti_sysbios_family_arm_m3_Hwi_disableInterrupt__E)
                  00006328    00000048                   : BIOS.obj (.text:ti_sysbios_family_arm_m3_Hwi_enableInterrupt__E)
                  00006370    00000048                   : BIOS.obj (.text:ti_sysbios_family_arm_m3_Hwi_excReserved__I)
                  000063b8    00000048                   : BIOS.obj (.text:ti_sysbios_knl_Mailbox_Module_startup__E)
                  00006400    00000046     ti.targets.arm.rtsarm.aem4f : Core-params.oem4f (.text:xdc_runtime_Core_assignParams__I)
                  00006446    00000002     --HOLE-- [fill = 0]
                  00006448    00000044     msp432p4xx_driverlib.lib : adc14.o (.text:ADC14_configureSingleSampleMode)
                  0000648c    00000044     drivers_MSP432P401R.aem4f : PowerMSP432.oem4f (.text:Power_init)
                  000064d0    00000044     rtsv7M4_T_le_v4SPD16_eabi.lib : fd_tou_t2.asm.obj (.text)
                  00006514    00000004     --HOLE-- [fill = 0]
                  00006518    00000044     sysbios.aem4f : BIOS.obj (.text:ti_sysbios_family_arm_m3_Hwi_getStackInfo__E)
                  0000655c    00000004     --HOLE-- [fill = 0]
                  00006560    00000044                   : BIOS.obj (.text:ti_sysbios_knl_Mailbox_postInit__I)
                  000065a4    00000004     --HOLE-- [fill = 0]
                  000065a8    00000044                   : BIOS.obj (.text:ti_sysbios_knl_Swi_post__E)
                  000065ec    00000044     ti.targets.arm.rtsarm.aem4f : Error.oem4f (.text:xdc_runtime_Error_setX__E)
                  00006630    00000044                                 : SysMin.oem4f (.text:xdc_runtime_SysMin_flush__E)
                  00006674    00000044                                 : Text.oem4f (.text:xdc_runtime_Text_xprintf__I)
                  000066b8    00000040     msp432p4xx_driverlib.lib : flash.o (.text:FlashCtl_disableReadBuffering)
                  000066f8    00000040     project6.obj (.text:TSK_read_sensors)
                  00006738    00000040     drivers_MSP432P401R.aem4f : PowerMSP432.oem4f (.text:notify)
                  00006778    00000040     rtsv7M4_T_le_v4SPD16_eabi.lib : u_divt2.asm.obj (.text)
                  000067b8    00000040     sysbios.aem4f : BIOS.obj (.text:ti_sysbios_family_arm_msp432_Timer_startup__E)
                  000067f8    0000003c     power_tirtos_MSP432P401R.aem4f : PowerMSP432_tirtos.oem4f (.text:PowerMSP432_sleepPolicy)
                  00006834    00000004     --HOLE-- [fill = 0]
                  00006838    0000003c     sysbios.aem4f : BIOS.obj (.text:ti_sysbios_family_arm_m3_Hwi_excSvCall__I)
                  00006874    00000004     --HOLE-- [fill = 0]
                  00006878    0000003c                   : BIOS.obj (.text:ti_sysbios_heaps_HeapMem_init__I)
                  000068b4    00000004     --HOLE-- [fill = 0]
                  000068b8    0000003c                   : BIOS.obj (.text:ti_sysbios_knl_Swi_restore__E)
                  000068f4    00000038     msp432p4xx_driverlib.lib : adc14.o (.text:ADC14_initModule)
                  0000692c    00000038                              : adc14.o (.text:ADC14_setSampleHoldTrigger)
                  00006964    00000038     drivers_MSP432P401R.aem4f : ADC.oem4f (.text:ADC_init)
                  0000699c    00000038     msp432p4xx_driverlib.lib : i2c.o (.text:I2C_masterSendMultiByteStart)
                  000069d4    00000038     rtsv7M4_T_le_v4SPD16_eabi.lib : trgmsg.c.obj (.text:__TI_writemsg)
                  00006a0c    00000038     ADCMSP432.obj (.text:initHw)
                  00006a44    00000038     rtsv7M4_T_le_v4SPD16_eabi.lib : fs_tod_t2.asm.obj (.text)
                  00006a7c    00000004     --HOLE-- [fill = 0]
                  00006a80    00000038     sysbios.aem4f : BIOS.obj (.text:ti_sysbios_family_arm_m3_Hwi_excNoIsr__I)
                  00006ab8    00000038                   : BIOS.obj (.text:ti_sysbios_knl_Task_processVitalTaskFlag__I)
                  00006af0    00000038     ti.targets.arm.rtsarm.aem4f : SysMin.oem4f (.text:xdc_runtime_SysMin_putch__E)
                  00006b28    00000038                                 : System.oem4f (.text:xdc_runtime_System_atexit__E)
                  00006b60    00000034     accelerometer.obj (.text:ACCEL_get)
                  00006b94    00000034     msp432p4xx_driverlib.lib : flash.o (.text:FlashCtl_enableReadBuffering)
                  00006bc8    00000034     rtsv7M4_T_le_v4SPD16_eabi.lib : trgmsg.c.obj (.text:__TI_readmsg)
                  00006bfc    00000004     --HOLE-- [fill = 0]
                  00006c00    00000034     sysbios.aem4f : BIOS.obj (.text:ti_sysbios_family_arm_m3_Hwi_Instance_finalize__E)
                  00006c34    00000004     --HOLE-- [fill = 0]
                  00006c38    00000034                   : BIOS.obj (.text:ti_sysbios_family_arm_m3_Hwi_excNmi__I)
                  00006c6c    00000004     --HOLE-- [fill = 0]
                  00006c70    00000034                   : BIOS.obj (.text:ti_sysbios_hal_Hwi_checkStack)
                  00006ca4    00000034     ti.targets.arm.rtsarm.aem4f : Core-label.oem4f (.text:xdc_runtime_Core_assignLabel__I)
                  00006cd8    00000033                                 : Text.oem4f (.text:xdc_runtime_Text_printVisFxn__I)
                  00006d0b    00000005     --HOLE-- [fill = 0]
                  00006d10    00000032     sysbios.aem4f : BIOS.obj (.text:ti_sysbios_hal_Hwi_initStack)
                  00006d42    00000002     --HOLE-- [fill = 0]
                  00006d44    00000030     msp432p4xx_driverlib.lib : gpio.o (.text:GPIO_getEnabledInterruptStatus)
                  00006d74    00000030                              : gpio.o (.text:GPIO_setAsInputPinWithPullDownResistor)
                  00006da4    00000030                              : gpio.o (.text:GPIO_setAsInputPinWithPullUpResistor)
                  00006dd4    00000030                              : i2c.o (.text:I2C_masterReceiveMultiByteFinish)
                  00006e04    00000030                              : i2c.o (.text:I2C_masterSendMultiByteStop)
                  00006e34    00000030     project6_pem4f.oem4f (.text:ti_sysbios_BIOS_atExitFunc__I)
                  00006e64    00000030     project6_pem4f.oem4f (.text:ti_sysbios_BIOS_startFunc__I)
                  00006e94    00000004     --HOLE-- [fill = 0]
                  00006e98    00000030     sysbios.aem4f : BIOS.obj (.text:ti_sysbios_family_arm_m3_TaskSupport_start__E)
                  00006ec8    00000030     project6_pem4f.oem4f (.text:ti_sysbios_gates_GateHwi_Object__create__S)
                  00006ef8    00000030     project6_pem4f.oem4f (.text:ti_sysbios_gates_GateMutex_Object__create__S)
                  00006f28    00000030     project6_pem4f.oem4f (.text:ti_sysbios_heaps_HeapMem_Object__create__S)
                  00006f58    00000030     project6_pem4f.oem4f (.text:ti_sysbios_knl_Semaphore_construct)
                  00006f88    00000030     sysbios.aem4f : BIOS.obj (.text:ti_sysbios_knl_Semaphore_pendTimeout__I)
                  00006fb8    00000030                   : BIOS.obj (.text:ti_sysbios_knl_Task_unblockI__E)
                  00006fe8    00000030     ti.targets.arm.rtsarm.aem4f : SysMin.oem4f (.text:xdc_runtime_SysMin_abort__E)
                  00007018    00000030                                 : System.oem4f (.text:xdc_runtime_System_processAtExit__E)
                  00007048    0000002e     rtsv7M4_T_le_v4SPD16_eabi.lib : i_tofd_t2.asm.obj (.text)
                  00007076    00000002     --HOLE-- [fill = 0]
                  00007078    0000002c     msp432p4xx_driverlib.lib : adc14.o (.text:ADC14_enableConversion)
                  000070a4    0000002c                              : adc14.o (.text:ADC14_setSampleHoldTime)
                  000070d0    0000002c                              : gpio.o (.text:GPIO_setAsInputPin)
                  000070fc    0000002c                              : pcm.o (.text:PCM_getCoreVoltageLevel)
                  00007128    0000002c     power_tirtos_MSP432P401R.aem4f : PowerMSP432_tirtos.oem4f (.text:PowerMSP432_updateFreqs)
                  00007154    0000002c     drivers_MSP432P401R.aem4f : PowerMSP432.oem4f (.text:Power_releaseConstraint)
                  00007180    0000002c                               : PowerMSP432.oem4f (.text:Power_setConstraint)
                  000071ac    0000002c     project6_pem4f.oem4f (.text:ti_sysbios_knl_Clock_doTick__I)
                  000071d8    0000002c     project6_pem4f.oem4f (.text:ti_sysbios_knl_Queue_construct)
                  00007204    00000004     --HOLE-- [fill = 0]
                  00007208    0000002c     sysbios.aem4f : BIOS.obj (.text:ti_sysbios_knl_Task_restore__E)
                  00007234    0000002c     ti.targets.arm.rtsarm.aem4f : Text.oem4f (.text:xdc_runtime_Text_cordText__E)
                  00007260    0000002a     msp432p4xx_driverlib.lib : pcm.o (.text:PCM_getPowerMode)
                  0000728a    0000002a     ti.targets.arm.rtsarm.aem4f : System.oem4f (.text:xdc_runtime_System_putchar__I)
                  000072b4    00000028     msp432p4xx_driverlib.lib : adc14.o (.text:ADC14_enableSampleTimer)
                  000072dc    00000028     drivers_MSP432P401R.aem4f : ADC.oem4f (.text:ADC_open)
                  00007304    00000028     msp432p4xx_driverlib.lib : flash.o (.text:FlashCtl_setWaitState)
                  0000732c    00000028                              : pcm.o (.text:PCM_gotoLPM0)
                  00007354    00000028     project6.obj (.text:TEMP_get)
                  0000737c    00000004     --HOLE-- [fill = 0]
                  00007380    00000028     sysbios.aem4f : BIOS.obj (.text:ti_sysbios_knl_Swi_Module_startup__E)
                  000073a8    00000026                   : m3_Hwi_asm.obj (.text:ti_sysbios_family_arm_m3_Hwi_pendSV__I)
                  000073ce    00000026     ti.targets.arm.rtsarm.aem4f : System.oem4f (.text:xdc_runtime_System_avprintf__E)
                  000073f4    00000024     msp432p4xx_driverlib.lib : cs.o (.text:CS_setDCOCenteredFrequency)
                  00007418    00000024                              : gpio.o (.text:GPIO_setAsOutputPin)
                  0000743c    00000024                              : rtc_c.o (.text:RTC_C_holdClock)
                  00007460    00000024                              : rtc_c.o (.text:RTC_C_startClock)
                  00007484    00000024     project6_pem4f.oem4f (.text:ti_sysbios_BIOS_errorRaiseHook__I)
                  000074a8    00000024     project6_pem4f.oem4f (.text:ti_sysbios_BIOS_registerRTSLock__I)
                  000074cc    00000024     project6_pem4f.oem4f (.text:ti_sysbios_BIOS_removeRTSLock__I)
                  000074f0    00000024     sysbios.aem4f : BIOS.obj (.text:ti_sysbios_family_arm_msp432_ClockFreqs_setFrequency__E)
                  00007514    00000024     project6_pem4f.oem4f (.text:ti_sysbios_gates_GateMutex_Object__delete__S)
                  00007538    00000024     sysbios.aem4f : BIOS.obj (.text:ti_sysbios_knl_Clock_Module_startup__E)
                  0000755c    00000004     --HOLE-- [fill = 0]
                  00007560    00000024                   : BIOS.obj (.text:ti_sysbios_knl_Task_restoreHwi__E)
                  00007584    00000024     ti.targets.arm.rtsarm.aem4f : System.oem4f (.text:xdc_runtime_System_vprintf__E)
                  000075a8    00000022     project6_pem4f.oem4f (.text:xdc_runtime_SysMin_output__I)
                  000075ca    00000002     --HOLE-- [fill = 0]
                  000075cc    00000020     msp432p4xx_driverlib.lib : adc14.o (.text:ADC14_clearInterruptFlag)
                  000075ec    00000020                              : adc14.o (.text:ADC14_disableInterrupt)
                  0000760c    00000020                              : adc14.o (.text:ADC14_disableModule)
                  0000762c    00000020                              : adc14.o (.text:ADC14_toggleConversionTrigger)
                  0000764c    00000020                              : gpio.o (.text:GPIO_interruptEdgeSelect)
                  0000766c    00000020     joystick.obj (.text:JS_get)
                  0000768c    00000020     rtsv7M4_T_le_v4SPD16_eabi.lib : u_tofd_t2.asm.obj (.text)
                  000076ac    00000020     project6_pem4f.oem4f (.text:ti_sysbios_BIOS_rtsLock__I)
                  000076cc    00000020     sysbios.aem4f : m3_Hwi_asm.obj (.text:ti_sysbios_family_arm_m3_Hwi_excHandlerAsm__I)
                  000076ec    00000004     --HOLE-- [fill = 0]
                  000076f0    00000020                   : BIOS.obj (.text:ti_sysbios_family_arm_m3_Hwi_excHandler__I)
                  00007710    00000020     project6_pem4f.oem4f (.text:ti_sysbios_gates_GateHwi_Object__delete__S)
                  00007730    00000020     project6_pem4f.oem4f (.text:ti_sysbios_heaps_HeapMem_Object__delete__S)
                  00007750    00000020     sysbios.aem4f : BIOS.obj (.text:ti_sysbios_knl_Idle_run__E)
                  00007770    00000020     project6_pem4f.oem4f (.text:ti_sysbios_knl_Semaphore_Object__destruct__S)
                  00007790    00000020     ti.targets.arm.rtsarm.aem4f : Registry.oem4f (.text:xdc_runtime_Registry_findById__E)
                  000077b0    00000020                                 : SysMin.oem4f (.text:xdc_runtime_SysMin_Module_startup__E)
                  000077d0    0000001e     sysbios.aem4f : m3_Hwi_asm_switch.obj (.text:ti_sysbios_family_xxx_Hwi_switchAndRunFunc)
                  000077ee    00000002     --HOLE-- [fill = 0]
                  000077f0    0000001c     msp432p4xx_driverlib.lib : adc14.o (.text:ADC14_getInterruptStatus)
                  0000780c    0000001c     HAL_I2C.obj (.text:I2C_setslave)
                  00007828    0000001c     msp432p4xx_driverlib.lib : pcm.o (.text:PCM_enableRudeMode)
                  00007844    0000001c     project6.obj (.text:TSK_play_game)
                  00007860    0000001c     sysbios.aem4f : BIOS.obj (.text:ti_sysbios_gates_GateMutex_Instance_init__E)
                  0000787c    0000001c     project6_pem4f.oem4f (.text:ti_sysbios_knl_Queue_Object__destruct__S)
                  00007898    0000001c     sysbios.aem4f : BIOS.obj (.text:ti_sysbios_knl_Queue_get__E)
                  000078b4    00000004     --HOLE-- [fill = 0]
                  000078b8    0000001c                   : BIOS.obj (.text:ti_sysbios_knl_Queue_put__E)
                  000078d4    00000004     --HOLE-- [fill = 0]
                  000078d8    0000001c                   : BIOS.obj (.text:ti_sysbios_knl_Task_enter__I)
                  000078f4    0000001c     ti.targets.arm.rtsarm.aem4f : Error.oem4f (.text:xdc_runtime_Error_raiseX__E)
                  00007910    0000001c                                 : Memory.oem4f (.text:xdc_runtime_Memory_valloc__E)
                  0000792c    0000001c                                 : SysMin.oem4f (.text:xdc_runtime_SysMin_exit__E)
                  00007948    0000001c                                 : System.oem4f (.text:xdc_runtime_System_abort__E)
                  00007964    0000001a     project6_pem4f.oem4f (.text:ti_sysbios_family_arm_m3_Hwi_Handle__label__S)
                  0000797e    0000001a     project6_pem4f.oem4f (.text:ti_sysbios_gates_GateHwi_Handle__label__S)
                  00007998    0000001a     project6_pem4f.oem4f (.text:ti_sysbios_gates_GateMutex_Handle__label__S)
                  000079b2    0000001a     project6_pem4f.oem4f (.text:ti_sysbios_heaps_HeapMem_Handle__label__S)
                  000079cc    0000001a     project6_pem4f.oem4f (.text:ti_sysbios_knl_Swi_Handle__label__S)
                  000079e6    0000001a     project6_pem4f.oem4f (.text:ti_sysbios_knl_Task_Handle__label__S)
                  00007a00    0000001a     project6_pem4f.oem4f (.text:xdc_runtime_System_aprintf__E)
                  00007a1a    0000001a     project6_pem4f.oem4f (.text:xdc_runtime_System_printf__E)
                  00007a34    00000018     msp432p4xx_driverlib.lib : adc14.o (.text:ADC14_getResult)
                  00007a4c    00000018                              : gpio.o (.text:GPIO_clearInterruptFlag)
                  00007a64    00000018                              : gpio.o (.text:GPIO_setDriveStrengthLow)
                  00007a7c    00000018                              : gpio.o (.text:GPIO_setOutputLowOnPin)
                  00007a94    00000018                              : wdt_a.o (.text:WDT_A_holdTimer)
                  00007aac    00000018     rtsv7M4_T_le_v4SPD16_eabi.lib : args_main.c.obj (.text:_args_main)
                  00007ac4    00000018     project6_pem4f.oem4f (.text:ti_sysbios_BIOS_rtsUnlock__I)
                  00007adc    00000018     project6_pem4f.oem4f (.text:ti_sysbios_family_arm_m3_Hwi_Module__startupDone__F)
                  00007af4    00000018     sysbios.aem4f : m3_TaskSupport_asm.obj (.text:ti_sysbios_family_arm_m3_TaskSupport_swap__E)
                  00007b0c    00000018     project6_pem4f.oem4f (.text:ti_sysbios_family_arm_msp432_Timer_Module__startupDone__F)
                  00007b24    00000004     --HOLE-- [fill = 0]
                  00007b28    00000018     sysbios.aem4f : BIOS.obj (.text:ti_sysbios_gates_GateMutex_leave__E)
                  00007b40    00000018     ti.targets.arm.rtsarm.aem4f : Error.oem4f (.text:xdc_runtime_Error_check__E)
                  00007b58    00000018                                 : System.oem4f (.text:xdc_runtime_System_exit__E)
                  00007b70    00000018                                 : Text.oem4f (.text:xdc_runtime_Text_ropeText__E)
                  00007b88    00000016     tirtosport.aem4f : SemaphoreP_tirtos.oem4f (.text:SemaphoreP_delete)
                  00007b9e    00000016     project6_pem4f.oem4f (.text:ti_sysbios_BIOS_exitFunc__I)
                  00007bb4    00000016     project6.obj (.text:ti_sysbios_knl_Mailbox_Params_init)
                  00007bca    00000016     project6.obj (.text:ti_sysbios_knl_Task_Params_init)
                  00007be0    00000014     msp432p4xx_driverlib.lib : adc14.o (.text:ADC14_setResolution)
                  00007bf4    00000014                              : adc14.o (.text:ADCIsConversionRunning)
                  00007c08    00000014                              : gpio.o (.text:GPIO_setDriveStrengthHigh)
                  00007c1c    00000014                              : gpio.o (.text:GPIO_setOutputHighOnPin)
                  00007c30    00000014                              : i2c.o (.text:I2C_isBusBusy)
                  00007c44    00000014     drivers_MSP432P401R.aem4f : PowerMSP432.oem4f (.text:Power_idleFunc)
                  00007c58    00000014     msp432p4xx_driverlib.lib : ref_a.o (.text:REF_A_setReferenceVoltage)
                  00007c6c    00000014                              : wdt_a.o (.text:WDT_A_startTimer)
                  00007c80    00000014     rtsv7M4_T_le_v4SPD16_eabi.lib : s_copysign.c.obj (.text:copysign)
                  00007c94    00000014                                   : strlen.c.obj (.text:strlen)
                  00007ca8    00000014     project6_pem4f.oem4f (.text:ti_sysbios_family_arm_m3_Hwi_Object__get__S)
                  00007cbc    00000004     --HOLE-- [fill = 0]
                  00007cc0    00000014     sysbios.aem4f : BIOS.obj (.text:ti_sysbios_family_arm_m3_Hwi_switchFromBootStack__E)
                  00007cd4    00000014     project6_pem4f.oem4f (.text:ti_sysbios_heaps_HeapMem_Object__get__S)
                  00007ce8    00000014     project6_pem4f.oem4f (.text:ti_sysbios_knl_Task_Object__get__S)
                  00007cfc    00000012     ADCMSP432.obj (.text:ADCMSP432_control)
                  00007d0e    00000012     ADCMSP432.obj (.text:ADCMSP432_init)
                  00007d20    00000012     tirtosport.aem4f : SemaphoreP_tirtos.oem4f (.text:SemaphoreP_pend)
                  00007d32    00000006     msp432p4xx_driverlib.lib : i2c.o (.text:I2C_masterReceiveMultiByteNext)
                  00007d38    00000012     sysbios.aem4f : BIOS.obj (.text:ti_sysbios_hal_Hwi_Module_startup__E)
                  00007d4a    00000012     project6_pem4f.oem4f (.text:xdc_runtime_Startup_exec__I)
                  00007d5c    00000010     msp432p4xx_driverlib.lib : adc14.o (.text:ADC14_disableConversion)
                  00007d6c    00000010                              : adc14.o (.text:ADC14_enableModule)
                  00007d7c    00000010                              : gpio.o (.text:GPIO_getInterruptStatus)
                  00007d8c    00000010                              : i2c.o (.text:I2C_masterReceiveStart)
                  00007d9c    00000010                              : pcm.o (.text:PCM_gotoLPM4)
                  00007dac    00000010                              : ref_a.o (.text:REF_A_enableReferenceVoltage)
                  00007dbc    00000010     HAL_TMP006.obj (.text:TMP006_readAmbientTemperature)
                  00007dcc    00000010     HAL_TMP006.obj (.text:TMP006_readDeviceId)
                  00007ddc    00000010     HAL_TMP006.obj (.text:TMP006_readObjectVoltage)
                  00007dec    00000004     --HOLE-- [fill = 0]
                  00007df0    00000010     sysbios.aem4f : BIOS.obj (.text:ti_sysbios_BIOS_setCpuFreq__E)
                  00007e00    00000010                   : BIOS.obj (.text:ti_sysbios_BIOS_setThreadType__E)
                  00007e10    00000010                   : BIOS.obj (.text:ti_sysbios_BIOS_start__E)
                  00007e20    00000010                   : m3_TaskSupport_asm.obj (.text:ti_sysbios_family_arm_m3_TaskSupport_glue)
                  00007e30    00000010                   : BIOS.obj (.text:ti_sysbios_family_arm_msp432_init_Boot_disableWatchdog)
                  00007e40    00000010                   : BIOS.obj (.text:ti_sysbios_gates_GateMutex_Instance_finalize__E)
                  00007e50    00000010                   : BIOS.obj (.text:ti_sysbios_knl_Semaphore_Instance_finalize__E)
                  00007e60    00000010     project6_pem4f.oem4f (.text:ti_sysbios_knl_Swi_Object__get__S)
                  00007e70    00000010     sysbios.aem4f : BIOS.obj (.text:ti_sysbios_knl_Swi_disable__E)
                  00007e80    00000010                   : BIOS.obj (.text:ti_sysbios_knl_Task_disable__E)
                  00007e90    00000010     ti.targets.arm.rtsarm.aem4f : Gate.oem4f (.text:xdc_runtime_Gate_leaveSystem__E)
                  00007ea0    00000010                                 : Memory.oem4f (.text:xdc_runtime_Memory_free__E)
                  00007eb0    00000010                                 : SysMin.oem4f (.text:xdc_runtime_SysMin_ready__E)
                  00007ec0    00000010                                 : System.oem4f (.text:xdc_runtime_System_vsnprintf__E)
                  00007ed0    00000010     project6_pem4f.oem4f (.text:xdc_runtime_Text_visitRope__I)
                  00007ee0    0000000e     tirtosport.aem4f : HwiP_tirtos.oem4f (.text:HwiP_Params_init)
                  00007eee    0000000e     msp432p4xx_driverlib.lib : i2c.o (.text:I2C_clearInterruptFlag)
                  00007efc    0000000e                              : i2c.o (.text:I2C_setMode)
                  00007f0a    0000000e     rtsv7M4_T_le_v4SPD16_eabi.lib : copy_decompress_none.c.obj (.text:decompress:none:__TI_decompress_none)
                  00007f18    0000000e     sysbios.aem4f : BIOS.obj (.text:ti_sysbios_knl_Idle_loop__E)
                  00007f26    0000000e     project6_pem4f.oem4f (.text:ti_sysbios_knl_Mailbox_Object__get__S)
                  00007f34    00000004     --HOLE-- [fill = 0]
                  00007f38    0000000e     sysbios.aem4f : BIOS.obj (.text:ti_sysbios_knl_Queue_empty__E)
                  00007f46    0000000c     project6_pem4f.oem4f (.text:.bootCodeSection:ti_sysbios_family_arm_msp432_init_Boot_init__I)
                  00007f52    0000000c     msp432p4xx_driverlib.lib : cpu.o (.text:CPU_cpsid)
                  00007f5e    0000000c                              : cpu.o (.text:CPU_cpsie)
                  00007f6a    00000002     --HOLE-- [fill = 0]
                  00007f6c    0000000c                              : pcm.o (.text:PCM_getPowerState)
                  00007f78    0000000c     drivers_MSP432P401R.aem4f : PowerMSP432.oem4f (.text:Power_getConstraintMask)
                  00007f84    0000000c     rtsv7M4_T_le_v4SPD16_eabi.lib : _lock.c.obj (.text:_register_lock)
                  00007f90    0000000c                                   : _lock.c.obj (.text:_register_unlock)
                  00007f9c    0000000c                                   : copy_zero_init.c.obj (.text:decompress:ZI:__TI_zero_init)
                  00007fa8    0000000c     project6_pem4f.oem4f (.text:ti_sysbios_family_arm_m3_Hwi_Params__init__S)
                  00007fb4    00000004     --HOLE-- [fill = 0]
                  00007fb8    0000000c     sysbios.aem4f : BIOS.obj (.text:ti_sysbios_family_arm_m3_Hwi_disableFxn__E)
                  00007fc4    00000004     --HOLE-- [fill = 0]
                  00007fc8    0000000c                   : BIOS.obj (.text:ti_sysbios_family_arm_m3_TaskSupport_checkStack__E)
                  00007fd4    00000004     --HOLE-- [fill = 0]
                  00007fd8    0000000c                   : BIOS.obj (.text:ti_sysbios_family_arm_m3_TaskSupport_getStackAlignment__E)
                  00007fe4    00000004     --HOLE-- [fill = 0]
                  00007fe8    0000000c                   : BIOS.obj (.text:ti_sysbios_family_arm_msp432_Timer_getMaxTicks__E)
                  00007ff4    00000004     --HOLE-- [fill = 0]
                  00007ff8    0000000c                   : BIOS.obj (.text:ti_sysbios_gates_GateHwi_enter__E)
                  00008004    0000000c     project6_pem4f.oem4f (.text:ti_sysbios_knl_Mailbox_Params__init__S)
                  00008010    0000000c     project6_pem4f.oem4f (.text:ti_sysbios_knl_Queue_Object__get__S)
                  0000801c    0000000c     project6_pem4f.oem4f (.text:ti_sysbios_knl_Semaphore_Params__init__S)
                  00008028    0000000c     project6_pem4f.oem4f (.text:ti_sysbios_knl_Task_Params__init__S)
                  00008034    0000000c     ti.targets.arm.rtsarm.aem4f : Error.oem4f (.text:xdc_runtime_Error_init__E)
                  00008040    0000000c                                 : Gate.oem4f (.text:xdc_runtime_Gate_enterSystem__E)
                  0000804c    0000000c                                 : Memory.oem4f (.text:xdc_runtime_Memory_calloc__E)
                  00008058    0000000c                                 : Memory.oem4f (.text:xdc_runtime_Memory_getMaxDefaultTypeAlign__E)
                  00008064    0000000c                                 : Startup.oem4f (.text:xdc_runtime_Startup_rtsDone__E)
                  00008070    0000000a     drivers_MSP432P401R.aem4f : ADC.oem4f (.text:ADC_close)
                  0000807a    0000000a                               : ADC.oem4f (.text:ADC_convert)
                  00008084    0000000a     tirtosport.aem4f : SemaphoreP_tirtos.oem4f (.text:SemaphoreP_post)
                  0000808e    0000000a     project6_pem4f.oem4f (.text:xdc_runtime_IHeap_alloc)
                  00008098    0000000a     project6_pem4f.oem4f (.text:xdc_runtime_IHeap_free)
                  000080a2    00000008     MSP_EXP432P401R.obj (.text:MSP_EXP432P401R_initADC)
                  000080aa    00000008     MSP_EXP432P401R.obj (.text:MSP_EXP432P401R_initGPIO)
                  000080b2    00000008     MSP_EXP432P401R.obj (.text:MSP_EXP432P401R_initGeneral)
                  000080ba    00000008     msp432p4xx_driverlib.lib : pcm.o (.text:PCM_setPowerMode)
                  000080c2    00000008                              : pcm.o (.text:PCM_setPowerState)
                  000080ca    00000008     tirtosport.aem4f : SemaphoreP_tirtos.oem4f (.text:SemaphoreP_Params_init)
                  000080d2    00000002     --HOLE-- [fill = 0]
                  000080d4    00000008     rtsv7M4_T_le_v4SPD16_eabi.lib : errno.c.obj (.text:__aeabi_errno_addr)
                  000080dc    00000004     --HOLE-- [fill = 0]
                  000080e0    00000008     sysbios.aem4f : BIOS.obj (.text:ti_sysbios_family_arm_m3_Hwi_doSwiRestore__I)
                  000080e8    00000008                   : BIOS.obj (.text:ti_sysbios_family_arm_m3_Hwi_startup__E)
                  000080f0    00000006                   : BIOS.obj (.text:ti_sysbios_family_arm_m3_Hwi_doTaskRestore__I)
                  000080f6    00000002     --HOLE-- [fill = 0]
                  000080f8    00000006                   : BIOS.obj (.text:ti_sysbios_family_arm_m3_Hwi_restoreFxn__E)
                  000080fe    00000002     --HOLE-- [fill = 0]
                  00008100    00000006                   : BIOS.obj (.text:ti_sysbios_gates_GateHwi_leave__E)
                  00008106    00000002     --HOLE-- [fill = 0]
                  00008108    00000006                   : BIOS.obj (.text:ti_sysbios_heaps_HeapMem_isBlocking__E)
                  0000810e    00000002     --HOLE-- [fill = 0]
                  00008110    00000006                   : BIOS.obj (.text:ti_sysbios_knl_Queue_Instance_init__E)
                  00008116    00000002     --HOLE-- [fill = 0]
                  00008118    00000006                   : BIOS.obj (.text:ti_sysbios_knl_Swi_startup__E)
                  0000811e    00000006     ti.targets.arm.rtsarm.aem4f : System.oem4f (.text:xdc_runtime_System_Module_startup__E)
                  00008124    00000004     --HOLE-- [fill = 0]
                  00008128    00000004     sysbios.aem4f : BIOS.obj (.text:ti_sysbios_gates_GateHwi_query__E)
                  0000812c    00000004     --HOLE-- [fill = 0]
                  00008130    00000004                   : BIOS.obj (.text:ti_sysbios_gates_GateMutex_query__E)
                  00008134    00000004     --HOLE-- [fill = 0]
                  00008138    00000004                   : BIOS.obj (.text:ti_sysbios_knl_Task_startup__E)
                  0000813c    00000004     --HOLE-- [fill = 0]
                  00008140    00000002                   : BIOS.obj (.text:ti_sysbios_BIOS_linkedWithIncorrectBootLibrary__E)
                  00008142    00000006     --HOLE-- [fill = 0]
                  00008148    00000002                   : BIOS.obj (.text:ti_sysbios_gates_GateHwi_Instance_init__E)
                  0000814a    00000006     --HOLE-- [fill = 0]
                  00008150    00000002                   : BIOS.obj (.text:ti_sysbios_knl_Clock_logTick__E)

.const     0    00008158    00002087     
                  00008158    000018b0     project6_pem4f.oem4f (.const:xdc_runtime_Text_charTab__A)
                  00009a08    000000b8     project6_pem4f.oem4f (.const:xdc_runtime_Text_nodeTab__A)
                  00009ac0    000000a8     MSP_EXP432P401R.obj (.const:adcMSP432HWAttrs)
                  00009b68    00000080     msp432p4xx_driverlib.lib : adc14.o (.const:_ctlRegs)
                  00009be8    00000060     MSP_EXP432P401R.obj (.const:ADC_config)
                  00009c48    00000048     project6_pem4f.oem4f (.const:.string)
                  00009c90    0000003c     project6_pem4f.oem4f (.const:ti_sysbios_knl_Task_Object__PARAMS__C)
                  00009ccc    00000034     project6_pem4f.oem4f (.const:ti_sysbios_knl_Mailbox_Object__PARAMS__C)
                  00009d00    00000030     rtsv7M4_T_le_v4SPD16_eabi.lib : e_pow.c.obj (.const:$O1$$)
                  00009d30    00000030     project6_pem4f.oem4f (.const:ti_sysbios_family_arm_m3_Hwi_Object__PARAMS__C)
                  00009d60    00000028     project6_pem4f.oem4f (.const:ti_sysbios_heaps_HeapMem_Module__FXNS__C)
                  00009d88    00000024     project6_pem4f.oem4f (.const:ti_sysbios_gates_GateHwi_Module__FXNS__C)
                  00009dac    00000024     project6_pem4f.oem4f (.const:ti_sysbios_gates_GateMutex_Module__FXNS__C)
                  00009dd0    00000024     project6_pem4f.oem4f (.const:ti_sysbios_heaps_HeapMem_Object__PARAMS__C)
                  00009df4    00000024     project6_pem4f.oem4f (.const:ti_sysbios_knl_Semaphore_Object__PARAMS__C)
                  00009e18    00000024     project6_pem4f.oem4f (.const:xdc_runtime_Startup_sfxnTab__A)
                  00009e3c    00000020     project6_pem4f.oem4f (.const:ti_sysbios_family_arm_m3_Hwi_Object__DESC__C)
                  00009e5c    00000020     project6_pem4f.oem4f (.const:ti_sysbios_gates_GateHwi_Object__DESC__C)
                  00009e7c    00000020     project6_pem4f.oem4f (.const:ti_sysbios_gates_GateMutex_Object__DESC__C)
                  00009e9c    00000020     project6_pem4f.oem4f (.const:ti_sysbios_heaps_HeapMem_Object__DESC__C)
                  00009ebc    00000020     project6_pem4f.oem4f (.const:ti_sysbios_knl_Mailbox_Object__DESC__C)
                  00009edc    00000020     project6_pem4f.oem4f (.const:ti_sysbios_knl_Queue_Object__DESC__C)
                  00009efc    00000020     project6_pem4f.oem4f (.const:ti_sysbios_knl_Semaphore_Object__DESC__C)
                  00009f1c    00000020     project6_pem4f.oem4f (.const:ti_sysbios_knl_Task_Object__DESC__C)
                  00009f3c    00000018     ADCMSP432.obj (.const:ADCMSP432_fxnTable)
                  00009f54    00000018     project6_pem4f.oem4f (.const:ti_sysbios_gates_GateHwi_Object__PARAMS__C)
                  00009f6c    00000018     project6_pem4f.oem4f (.const:ti_sysbios_gates_GateMutex_Object__PARAMS__C)
                  00009f84    00000018     project6_pem4f.oem4f (.const:ti_sysbios_knl_Queue_Object__PARAMS__C)
                  00009f9c    00000014     MSP_EXP432P401R.obj (.const:GPIOMSP432_config)
                  00009fb0    00000012     project6_pem4f.oem4f (.const:xdc_runtime_Startup_sfxnRts__A)
                  00009fc2    00000002     project6_pem4f.oem4f (.const:ti_sysbios_family_arm_m3_Hwi_Module__id__C)
                  00009fc4    00000010     MSP_EXP432P401R.obj (.const:PowerMSP432_config)
                  00009fd4    0000000c     drivers_MSP432P401R.aem4f : GPIOMSP432.oem4f (.const:.string)
                  00009fe0    0000000c     project6_pem4f.oem4f (.const:xdc_runtime_Startup_firstFxns__A)
                  00009fec    00000008     project6_pem4f.oem4f (.const:ti_sysbios_family_arm_m3_Hwi_excHookFuncs__A)
                  00009ff4    00000008     project6_pem4f.oem4f (.const:ti_sysbios_knl_Idle_funcList__A)
                  00009ffc    00000008     project6_pem4f.oem4f (.const:ti_sysbios_knl_Idle_funcList__C)
                  0000a004    00000008     project6_pem4f.oem4f (.const:xdc_runtime_Startup_firstFxns__C)
                  0000a00c    00000008     project6_pem4f.oem4f (.const:xdc_runtime_Startup_lastFxns__C)
                  0000a014    00000004     project6_pem4f.oem4f (.const:ti_sysbios_family_arm_m3_Hwi_E_NMI__C)
                  0000a018    00000004     project6_pem4f.oem4f (.const:ti_sysbios_family_arm_m3_Hwi_E_alreadyDefined__C)
                  0000a01c    00000004     project6_pem4f.oem4f (.const:ti_sysbios_family_arm_m3_Hwi_E_busFault__C)
                  0000a020    00000004     project6_pem4f.oem4f (.const:ti_sysbios_family_arm_m3_Hwi_E_debugMon__C)
                  0000a024    00000004     project6_pem4f.oem4f (.const:ti_sysbios_family_arm_m3_Hwi_E_hardFault__C)
                  0000a028    00000004     project6_pem4f.oem4f (.const:ti_sysbios_family_arm_m3_Hwi_E_memFault__C)
                  0000a02c    00000004     project6_pem4f.oem4f (.const:ti_sysbios_family_arm_m3_Hwi_E_noIsr__C)
                  0000a030    00000004     project6_pem4f.oem4f (.const:ti_sysbios_family_arm_m3_Hwi_E_reserved__C)
                  0000a034    00000004     project6_pem4f.oem4f (.const:ti_sysbios_family_arm_m3_Hwi_E_svCall__C)
                  0000a038    00000004     project6_pem4f.oem4f (.const:ti_sysbios_family_arm_m3_Hwi_E_usageFault__C)
                  0000a03c    00000004     project6_pem4f.oem4f (.const:ti_sysbios_family_arm_m3_Hwi_NUM_INTERRUPTS__C)
                  0000a040    00000004     project6_pem4f.oem4f (.const:ti_sysbios_family_arm_m3_Hwi_Object__count__C)
                  0000a044    00000004     project6_pem4f.oem4f (.const:ti_sysbios_family_arm_m3_Hwi_ccr__C)
                  0000a048    00000004     project6_pem4f.oem4f (.const:ti_sysbios_family_arm_m3_Hwi_excHandlerFunc__C)
                  0000a04c    00000004     project6_pem4f.oem4f (.const:ti_sysbios_family_arm_m3_Hwi_excHookFuncs__C)
                  0000a050    00000004     project6_pem4f.oem4f (.const:ti_sysbios_family_arm_m3_Hwi_nullIsrFunc__C)
                  0000a054    00000004     project6_pem4f.oem4f (.const:ti_sysbios_family_arm_m3_Hwi_priGroup__C)
                  0000a058    00000004     project6_pem4f.oem4f (.const:ti_sysbios_family_arm_m3_TaskSupport_stackAlignment__C)
                  0000a05c    00000004     project6_pem4f.oem4f (.const:ti_sysbios_family_arm_msp432_Timer_numTimerDevices__C)
                  0000a060    00000004     project6_pem4f.oem4f (.const:ti_sysbios_family_arm_msp432_Timer_startupNeeded__C)
                  0000a064    00000004     project6_pem4f.oem4f (.const:ti_sysbios_gates_GateMutex_A_badContext__C)
                  0000a068    00000004     project6_pem4f.oem4f (.const:ti_sysbios_gates_GateMutex_Instance_State_sem__O)
                  0000a06c    00000004     project6_pem4f.oem4f (.const:ti_sysbios_gates_GateMutex_Module__diagsEnabled__C)
                  0000a070    00000004     project6_pem4f.oem4f (.const:ti_sysbios_gates_GateMutex_Module__diagsIncluded__C)
                  0000a074    00000004     project6_pem4f.oem4f (.const:ti_sysbios_gates_GateMutex_Module__diagsMask__C)
                  0000a078    00000004     project6_pem4f.oem4f (.const:ti_sysbios_hal_Hwi_E_stackOverflow__C)
                  0000a07c    00000004     project6_pem4f.oem4f (.const:ti_sysbios_heaps_HeapMem_A_align__C)
                  0000a080    00000004     project6_pem4f.oem4f (.const:ti_sysbios_heaps_HeapMem_A_heapSize__C)
                  0000a084    00000004     project6_pem4f.oem4f (.const:ti_sysbios_heaps_HeapMem_A_invalidFree__C)
                  0000a088    00000004     project6_pem4f.oem4f (.const:ti_sysbios_heaps_HeapMem_A_zeroBlock__C)
                  0000a08c    00000004     project6_pem4f.oem4f (.const:ti_sysbios_heaps_HeapMem_E_memory__C)
                  0000a090    00000004     project6_pem4f.oem4f (.const:ti_sysbios_heaps_HeapMem_Module__diagsEnabled__C)
                  0000a094    00000004     project6_pem4f.oem4f (.const:ti_sysbios_heaps_HeapMem_Module__diagsIncluded__C)
                  0000a098    00000004     project6_pem4f.oem4f (.const:ti_sysbios_heaps_HeapMem_Module__diagsMask__C)
                  0000a09c    00000004     project6_pem4f.oem4f (.const:ti_sysbios_heaps_HeapMem_Module__gateObj__C)
                  0000a0a0    00000004     project6_pem4f.oem4f (.const:ti_sysbios_heaps_HeapMem_Object__count__C)
                  0000a0a4    00000004     project6_pem4f.oem4f (.const:ti_sysbios_heaps_HeapMem_reqAlign__C)
                  0000a0a8    00000004     project6_pem4f.oem4f (.const:ti_sysbios_knl_Clock_Module_State_clockQ__O)
                  0000a0ac    00000004     project6_pem4f.oem4f (.const:ti_sysbios_knl_Mailbox_A_invalidBufSize__C)
                  0000a0b0    00000004     project6_pem4f.oem4f (.const:ti_sysbios_knl_Mailbox_Instance_State_dataQue__O)
                  0000a0b4    00000004     project6_pem4f.oem4f (.const:ti_sysbios_knl_Mailbox_Instance_State_dataSem__O)
                  0000a0b8    00000004     project6_pem4f.oem4f (.const:ti_sysbios_knl_Mailbox_Instance_State_freeQue__O)
                  0000a0bc    00000004     project6_pem4f.oem4f (.const:ti_sysbios_knl_Mailbox_Instance_State_freeSem__O)
                  0000a0c0    00000004     project6_pem4f.oem4f (.const:ti_sysbios_knl_Mailbox_Module__diagsEnabled__C)
                  0000a0c4    00000004     project6_pem4f.oem4f (.const:ti_sysbios_knl_Mailbox_Module__diagsIncluded__C)
                  0000a0c8    00000004     project6_pem4f.oem4f (.const:ti_sysbios_knl_Mailbox_Module__diagsMask__C)
                  0000a0cc    00000004     project6_pem4f.oem4f (.const:ti_sysbios_knl_Mailbox_Object__count__C)
                  0000a0d0    00000004     project6_pem4f.oem4f (.const:ti_sysbios_knl_Mailbox_maxTypeAlign__C)
                  0000a0d4    00000004     project6_pem4f.oem4f (.const:ti_sysbios_knl_Semaphore_A_badContext__C)
                  0000a0d8    00000004     project6_pem4f.oem4f (.const:ti_sysbios_knl_Semaphore_A_noEvents__C)
                  0000a0dc    00000004     project6_pem4f.oem4f (.const:ti_sysbios_knl_Semaphore_A_overflow__C)
                  0000a0e0    00000004     project6_pem4f.oem4f (.const:ti_sysbios_knl_Semaphore_A_pendTaskDisabled__C)
                  0000a0e4    00000004     project6_pem4f.oem4f (.const:ti_sysbios_knl_Semaphore_Instance_State_pendQ__O)
                  0000a0e8    00000004     project6_pem4f.oem4f (.const:ti_sysbios_knl_Semaphore_Module__diagsEnabled__C)
                  0000a0ec    00000004     project6_pem4f.oem4f (.const:ti_sysbios_knl_Semaphore_Module__diagsIncluded__C)
                  0000a0f0    00000004     project6_pem4f.oem4f (.const:ti_sysbios_knl_Semaphore_Module__diagsMask__C)
                  0000a0f4    00000004     project6_pem4f.oem4f (.const:ti_sysbios_knl_Swi_Object__count__C)
                  0000a0f8    00000004     project6_pem4f.oem4f (.const:ti_sysbios_knl_Task_A_badPriority__C)
                  0000a0fc    00000004     project6_pem4f.oem4f (.const:ti_sysbios_knl_Task_A_badTaskState__C)
                  0000a100    00000004     project6_pem4f.oem4f (.const:ti_sysbios_knl_Task_A_badThreadType__C)
                  0000a104    00000004     project6_pem4f.oem4f (.const:ti_sysbios_knl_Task_A_noPendElem__C)
                  0000a108    00000004     project6_pem4f.oem4f (.const:ti_sysbios_knl_Task_E_spOutOfBounds__C)
                  0000a10c    00000004     project6_pem4f.oem4f (.const:ti_sysbios_knl_Task_E_stackOverflow__C)
                  0000a110    00000004     project6_pem4f.oem4f (.const:ti_sysbios_knl_Task_Module_State_inactiveQ__O)
                  0000a114    00000004     project6_pem4f.oem4f (.const:ti_sysbios_knl_Task_Module__diagsEnabled__C)
                  0000a118    00000004     project6_pem4f.oem4f (.const:ti_sysbios_knl_Task_Module__diagsIncluded__C)
                  0000a11c    00000004     project6_pem4f.oem4f (.const:ti_sysbios_knl_Task_Module__diagsMask__C)
                  0000a120    00000004     project6_pem4f.oem4f (.const:ti_sysbios_knl_Task_Object__count__C)
                  0000a124    00000004     project6_pem4f.oem4f (.const:ti_sysbios_knl_Task_allBlockedFunc__C)
                  0000a128    00000004     project6_pem4f.oem4f (.const:ti_sysbios_knl_Task_defaultStackHeap__C)
                  0000a12c    00000004     project6_pem4f.oem4f (.const:ti_sysbios_knl_Task_defaultStackSize__C)
                  0000a130    00000004     project6_pem4f.oem4f (.const:ti_sysbios_knl_Task_numConstructedTasks__C)
                  0000a134    00000004     project6_pem4f.oem4f (.const:xdc_runtime_Assert_E_assertFailed__C)
                  0000a138    00000004     project6_pem4f.oem4f (.const:xdc_runtime_Core_A_initializedParams__C)
                  0000a13c    00000004     project6_pem4f.oem4f (.const:xdc_runtime_Core_Module__diagsEnabled__C)
                  0000a140    00000004     project6_pem4f.oem4f (.const:xdc_runtime_Core_Module__diagsIncluded__C)
                  0000a144    00000004     project6_pem4f.oem4f (.const:xdc_runtime_Core_Module__diagsMask__C)
                  0000a148    00000004     project6_pem4f.oem4f (.const:xdc_runtime_Error_E_memory__C)
                  0000a14c    00000004     project6_pem4f.oem4f (.const:xdc_runtime_Error_Module__diagsEnabled__C)
                  0000a150    00000004     project6_pem4f.oem4f (.const:xdc_runtime_Error_Module__diagsIncluded__C)
                  0000a154    00000004     project6_pem4f.oem4f (.const:xdc_runtime_Error_Module__diagsMask__C)
                  0000a158    00000004     project6_pem4f.oem4f (.const:xdc_runtime_Error_Module__loggerFxn8__C)
                  0000a15c    00000004     project6_pem4f.oem4f (.const:xdc_runtime_Error_Module__loggerObj__C)
                  0000a160    00000004     project6_pem4f.oem4f (.const:xdc_runtime_Error_policyFxn__C)
                  0000a164    00000004     project6_pem4f.oem4f (.const:xdc_runtime_Error_raiseHook__C)
                  0000a168    00000004     project6_pem4f.oem4f (.const:xdc_runtime_IGateProvider_Interface__BASE__C)
                  0000a16c    00000004     project6_pem4f.oem4f (.const:xdc_runtime_IHeap_Interface__BASE__C)
                  0000a170    00000004     project6_pem4f.oem4f (.const:xdc_runtime_IModule_Interface__BASE__C)
                  0000a174    00000004     project6_pem4f.oem4f (.const:xdc_runtime_Log_L_error__C)
                  0000a178    00000004     project6_pem4f.oem4f (.const:xdc_runtime_Memory_defaultHeapInstance__C)
                  0000a17c    00000004     project6_pem4f.oem4f (.const:xdc_runtime_Startup_execImpl__C)
                  0000a180    00000004     project6_pem4f.oem4f (.const:xdc_runtime_Startup_maxPasses__C)
                  0000a184    00000004     project6_pem4f.oem4f (.const:xdc_runtime_Startup_sfxnRts__C)
                  0000a188    00000004     project6_pem4f.oem4f (.const:xdc_runtime_Startup_sfxnTab__C)
                  0000a18c    00000004     project6_pem4f.oem4f (.const:xdc_runtime_SysMin_bufSize__C)
                  0000a190    00000004     project6_pem4f.oem4f (.const:xdc_runtime_SysMin_outputFunc__C)
                  0000a194    00000004     project6_pem4f.oem4f (.const:xdc_runtime_System_Module__gateObj__C)
                  0000a198    00000004     project6_pem4f.oem4f (.const:xdc_runtime_System_abortFxn__C)
                  0000a19c    00000004     project6_pem4f.oem4f (.const:xdc_runtime_System_exitFxn__C)
                  0000a1a0    00000004     project6_pem4f.oem4f (.const:xdc_runtime_System_extendFxn__C)
                  0000a1a4    00000004     project6_pem4f.oem4f (.const:xdc_runtime_System_maxAtexitHandlers__C)
                  0000a1a8    00000004     project6_pem4f.oem4f (.const:xdc_runtime_Text_charTab__C)
                  0000a1ac    00000004     project6_pem4f.oem4f (.const:xdc_runtime_Text_nameEmpty__C)
                  0000a1b0    00000004     project6_pem4f.oem4f (.const:xdc_runtime_Text_nameStatic__C)
                  0000a1b4    00000004     project6_pem4f.oem4f (.const:xdc_runtime_Text_nameUnknown__C)
                  0000a1b8    00000004     project6_pem4f.oem4f (.const:xdc_runtime_Text_nodeTab__C)
                  0000a1bc    00000004     project6_pem4f.oem4f (.const:xdc_runtime_Text_visitRopeFxn__C)
                  0000a1c0    00000002     project6_pem4f.oem4f (.const:ti_sysbios_gates_GateMutex_Module__id__C)
                  0000a1c2    00000002     project6_pem4f.oem4f (.const:ti_sysbios_hal_Hwi_Module__id__C)
                  0000a1c4    00000002     project6_pem4f.oem4f (.const:ti_sysbios_heaps_HeapMem_Module__id__C)
                  0000a1c6    00000002     project6_pem4f.oem4f (.const:ti_sysbios_knl_Mailbox_Module__id__C)
                  0000a1c8    00000002     project6_pem4f.oem4f (.const:ti_sysbios_knl_Semaphore_Module__id__C)
                  0000a1ca    00000002     project6_pem4f.oem4f (.const:ti_sysbios_knl_Task_Module__id__C)
                  0000a1cc    00000002     project6_pem4f.oem4f (.const:xdc_runtime_Core_Module__id__C)
                  0000a1ce    00000002     project6_pem4f.oem4f (.const:xdc_runtime_Error_Module__loggerDefined__C)
                  0000a1d0    00000002     project6_pem4f.oem4f (.const:xdc_runtime_Error_maxDepth__C)
                  0000a1d2    00000002     project6_pem4f.oem4f (.const:xdc_runtime_Memory_Module__id__C)
                  0000a1d4    00000002     project6_pem4f.oem4f (.const:xdc_runtime_SysMin_flushAtExit__C)
                  0000a1d6    00000002     project6_pem4f.oem4f (.const:xdc_runtime_Text_charCnt__C)
                  0000a1d8    00000002     project6_pem4f.oem4f (.const:xdc_runtime_Text_isLoaded__C)
                  0000a1da    00000002     project6_pem4f.oem4f (.const:xdc_runtime_Text_registryModsLastId__C)
                  0000a1dc    00000002     project6_pem4f.oem4f (.const:xdc_runtime_Text_unnamedModsLastId__C)
                  0000a1de    00000001     project6_pem4f.oem4f (.const:xdc_runtime_Error_policy__C)

.cinit     0    0000a1e0    00000280     
                  0000a1e0    0000024a     (.cinit..data.load) [load image, compression = lzss]
                  0000a42a    00000002     --HOLE-- [fill = 0]
                  0000a42c    0000000c     (__TI_handler_table)
                  0000a438    00000008     (.cinit..bss.load) [load image, compression = zero_init]
                  0000a440    00000008     (.cinit..vecs.load) [load image, compression = zero_init]
                  0000a448    00000018     (__TI_cinit_table)

.resetVecs 
*          0    00000000    0000003c     
                  00000000    0000003c     project6_pem4f.oem4f (.resetVecs)

.bss       0    20000140    0000159e     UNINITIALIZED
                  20000140    00000400     (.common:ti_sysbios_heaps_HeapMem_Instance_State_0_buf__A)
                  20000540    000003e8     (.common:TSK_STK_draw_screen)
                  20000928    000003e8     (.common:TSK_STK_pet_game)
                  20000d10    000003e8     (.common:TSK_STK_read_sensors)
                  200010f8    00000200     project6_pem4f.oem4f (.bss:taskStackSection)
                  200012f8    00000140     (.common:ti_sysbios_family_arm_m3_Hwi_dispatchTable)
                  20001438    00000120     rtsv7M4_T_le_v4SPD16_eabi.lib : trgmsg.c.obj (.bss:_CIOBUF_)
                  20001558    00000080     (.common:xdc_runtime_SysMin_Module_State_0_outbuf__A)
                  200015d8    0000006c     (.common:MBX_STR_sensors)
                  20001644    00000030     drivers_MSP432P401R.aem4f : GPIOMSP432.oem4f (.bss:gpioCallbackInfo)
                  20001674    00000014     project6.obj (.bss:msg$1)
                  20001688    00000014     project6.obj (.bss:msg_sensors$2)
                  2000169c    00000014     (.common:mbx_sensor_buff)
                  200016b0    0000000c     (.common:a)
                  200016bc    00000008     (.common:adcMSP432Objects)
                  200016c4    00000008     (.common:parmbuf)
                  200016cc    00000004     (.common:MBX_HDL_sensors)
                  200016d0    00000004     (.common:TSK_HDL_draw_screen)
                  200016d4    00000004     (.common:TSK_HDL_pet_game)
                  200016d8    00000004     (.common:TSK_HDL_read_sensors)
                  200016dc    00000002     (.common:js_)

.data      0    200016e0    00000549     UNINITIALIZED
                  200016e0    0000009c     drivers_MSP432P401R.aem4f : PowerMSP432.oem4f (.data:PowerMSP432_perfLevels)
                  2000177c    00000080     project6_pem4f.oem4f (.data:ti_sysbios_knl_Swi_Module_State_0_readyQ__A)
                  200017fc    00000080     project6_pem4f.oem4f (.data:ti_sysbios_knl_Task_Module_State_0_readyQ__A)
                  2000187c    00000050     project6_pem4f.oem4f (.data:ti_sysbios_family_arm_msp432_Timer_Object__table__V)
                  200018cc    00000050     project6_pem4f.oem4f (.data:ti_sysbios_knl_Task_Object__table__V)
                  2000191c    00000048     project6_pem4f.oem4f (.data:ti_sysbios_gates_GateMutex_Object__table__V)
                  20001964    00000044     project6_pem4f.oem4f (.data:ti_sysbios_knl_Task_Module__state__V)
                  200019a8    00000034     project6_pem4f.oem4f (.data:ti_sysbios_family_arm_m3_Hwi_Module__state__V)
                  200019dc    00000034     project6_pem4f.oem4f (.data:ti_sysbios_knl_Swi_Object__table__V)
                  20001a10    00000030     msp432p4xx_driverlib.lib : gpio.o (.data:GPIO_PORT_TO_BASE)
                  20001a40    0000002c     project6_pem4f.oem4f (.data:ti_sysbios_knl_Clock_Module__state__V)
                  20001a6c    00000028     drivers_MSP432P401R.aem4f : PowerMSP432.oem4f (.data:PowerMSP432_module)
                  20001a94    00000024     project6_pem4f.oem4f (.data:ti_sysbios_BIOS_Module__state__V)
                  20001ab8    00000020     project6_pem4f.oem4f (.data:ti_sysbios_family_arm_msp432_Timer_Module_State_0_device__A)
                  20001ad8    0000001c     project6_pem4f.oem4f (.data:ti_sysbios_family_arm_m3_Hwi_Object__table__V)
                  20001af4    0000001c     project6_pem4f.oem4f (.data:ti_sysbios_heaps_HeapMem_Object__table__V)
                  20001b10    0000001c     project6_pem4f.oem4f (.data:ti_sysbios_knl_Swi_Module__state__V)
                  20001b2c    00000018     MSP_EXP432P401R.obj (.data:gpioPinConfigs)
                  20001b44    00000010     MSP_EXP432P401R.obj (.data:gpioCallbackFunctions)
                  20001b54    00000010     project6_pem4f.oem4f (.data:ti_sysbios_family_arm_msp432_Timer_Module_State_0_handles__A)
                  20001b64    0000000c     project6_pem4f.oem4f (.data:ti_sysbios_family_arm_msp432_ClockFreqs_Module__state__V)
                  20001b70    0000000c     project6_pem4f.oem4f (.data:ti_sysbios_family_arm_msp432_Timer_Module__state__V)
                  20001b7c    0000000c     project6_pem4f.oem4f (.data:xdc_runtime_SysMin_Module__state__V)
                  20001b88    00000008     rtsv7M4_T_le_v4SPD16_eabi.lib : _lock.c.obj (.data:$O1$$)
                  20001b90    00000008     ADCMSP432.obj (.data)
                  20001b98    00000008     HAL_TMP006.obj (.data)
                  20001ba0    00000008     project6_pem4f.oem4f (.data:ti_sysbios_family_arm_m3_Hwi_Module__root__V)
                  20001ba8    00000008     project6_pem4f.oem4f (.data:ti_sysbios_gates_GateHwi_Module__root__V)
                  20001bb0    00000008     project6_pem4f.oem4f (.data:ti_sysbios_gates_GateHwi_Object__table__V)
                  20001bb8    00000008     project6_pem4f.oem4f (.data:ti_sysbios_gates_GateMutex_Module__root__V)
                  20001bc0    00000008     project6_pem4f.oem4f (.data:ti_sysbios_heaps_HeapMem_Module__root__V)
                  20001bc8    00000008     project6_pem4f.oem4f (.data:ti_sysbios_knl_Mailbox_Module__root__V)
                  20001bd0    00000008     project6_pem4f.oem4f (.data:ti_sysbios_knl_Queue_Module__root__V)
                  20001bd8    00000008     project6_pem4f.oem4f (.data:ti_sysbios_knl_Semaphore_Module__root__V)
                  20001be0    00000008     project6_pem4f.oem4f (.data:ti_sysbios_knl_Task_Module__root__V)
                  20001be8    00000008     project6_pem4f.oem4f (.data:xdc_runtime_Registry_Module__state__V)
                  20001bf0    00000008     project6_pem4f.oem4f (.data:xdc_runtime_Startup_Module__state__V)
                  20001bf8    00000008     project6_pem4f.oem4f (.data:xdc_runtime_System_Module_State_0_atexitHandlers__A)
                  20001c00    00000008     project6_pem4f.oem4f (.data:xdc_runtime_System_Module__state__V)
                  20001c08    00000004     drivers_MSP432P401R.aem4f : ADC.oem4f (.data)
                  20001c0c    00000004     rtsv7M4_T_le_v4SPD16_eabi.lib : errno.c.obj (.data)
                  20001c10    00000004                                   : stkdepth_vars.c.obj (.data)
                  20001c14    00000004     project6_pem4f.oem4f (.data:ti_sysbios_family_arm_m3_Hwi_Module_State_0_excContext__A)
                  20001c18    00000004     project6_pem4f.oem4f (.data:ti_sysbios_family_arm_m3_Hwi_Module_State_0_excStack__A)
                  20001c1c    00000004     project6_pem4f.oem4f (.data:ti_sysbios_knl_Task_Module_State_0_idleTask__A)
                  20001c20    00000004     project6_pem4f.oem4f (.data:xdc_runtime_Memory_Module__state__V)
                  20001c24    00000002     project6_pem4f.oem4f (.data:ti_sysbios_family_arm_m3_Hwi_Module_State_0_excActive__A)
                  20001c26    00000002     project6_pem4f.oem4f (.data:xdc_runtime_Error_Module__state__V)
                  20001c28    00000001     drivers_MSP432P401R.aem4f : GPIOMSP432.oem4f (.data)

.stack     0    2000f830    000007d0     UNINITIALIZED
                  2000f830    000007d0     --HOLE--

.bootVecs 
*          0    00000000    00000008     DSECT
                  00000000    00000008     boot.aem4f : boot.oem4f (.bootVecs)

.vecs      0    20000000    00000140     UNINITIALIZED
                  20000000    00000140     project6_pem4f.oem4f (.vecs)

xdc.meta   0    00000000    000000f2     COPY SECTION
                  00000000    000000f2     project6_pem4f.oem4f (xdc.meta)

.binit     0    00000000    00000000     

MODULE SUMMARY

       Module                       code    ro data   rw data
       ------                       ----    -------   -------
    .\
       project6.obj                 370     0         3184   
    +--+----------------------------+-------+---------+---------+
       Total:                       370     0         3184   
                                                             
    .\board_config\
       ADCMSP432.obj                616     24        8      
       MSP_EXP432P401R.obj          24      300       48     
    +--+----------------------------+-------+---------+---------+
       Total:                       640     324       56     
                                                             
    .\custom_driver\
       HAL_TMP006.obj               976     0         8      
       accelerometer.obj            538     0         12     
       joystick.obj                 199     0         2      
       HAL_I2C.obj                  168     0         0      
    +--+----------------------------+-------+---------+---------+
       Total:                       1881    0         22     
                                                             
    C:\Users\druep\Documents\EEL4930_AdvMCU\project6_alt\Debug\configPkg\package\cfg\
       project6_pem4f.oem4f         1914    7875      3336   
    +--+----------------------------+-------+---------+---------+
       Total:                       1914    7875      3336   
                                                             
    C:/ti/tirtos_msp43x_2_20_00_06/products/msp432_driverlib_3_21_00_05/driverlib/MSP432P4xx/ccs/msp432p4xx_driverlib.lib
       pcm.o                        1214    0         0      
       adc14.o                      1008    128       0      
       gpio.o                       456     0         48     
       cs.o                         260     0         0      
       i2c.o                        232     0         0      
       flash.o                      156     0         0      
       rtc_c.o                      72      0         0      
       wdt_a.o                      44      0         0      
       ref_a.o                      36      0         0      
       cpu.o                        28      0         0      
    +--+----------------------------+-------+---------+---------+
       Total:                       3506    128       48     
                                                             
    C:/ti/tirtos_msp43x_2_20_00_06/products/tidrivers_msp43x_2_20_00_08/packages/ti/drivers/lib/drivers_MSP432P401R.aem4f
       PowerMSP432.oem4f            1104    0         196    
       GPIOMSP432.oem4f             580     12        49     
       ADC.oem4f                    122     0         4      
       List.oem4f                   8       0         0      
    +--+----------------------------+-------+---------+---------+
       Total:                       1814    12        249    
                                                             
    C:/ti/tirtos_msp43x_2_20_00_06/products/tidrivers_msp43x_2_20_00_08/packages/ti/drivers/lib/power_tirtos_MSP432P401R.aem4f
       PowerMSP432_tirtos.oem4f     106     0         0      
    +--+----------------------------+-------+---------+---------+
       Total:                       106     0         0      
                                                             
    C:/ti/tirtos_msp43x_2_20_00_06/products/tidrivers_msp43x_2_20_00_08/packages/ti/drivers/ports/lib/tirtosport.aem4f
       SemaphoreP_tirtos.oem4f      146     0         0      
       HwiP_tirtos.oem4f            116     0         0      
    +--+----------------------------+-------+---------+---------+
       Total:                       262     0         0      
                                                             
    C:\Users\druep\Documents\EEL4930_AdvMCU\project6_alt\src\sysbios\sysbios.aem4f
       BIOS.obj                     11930   0         0      
       m3_Hwi_asm.obj               306     0         0      
       m3_TaskSupport_asm.obj       180     0         0      
       m3_Hwi_asm_switch.obj        118     0         0      
    +--+----------------------------+-------+---------+---------+
       Total:                       12534   0         0      
                                                             
    C:\ti\ccsv8\tools\compiler\ti-cgt-arm_18.1.4.LTS\lib\rtsv7M4_T_le_v4SPD16_eabi.lib
       e_pow.c.obj                  2496    48        0      
       fd_add_t2.asm.obj            438     0         0      
       trgmsg.c.obj                 108     0         288    
       e_sqrt.c.obj                 344     0         0      
       fd_div_t2.asm.obj            310     0         0      
       s_scalbn.c.obj               272     0         0      
       fd_cmp_t2.asm.obj            268     0         0      
       fd_mul_t2.asm.obj            252     0         0      
       memcpy_t2.asm.obj            156     0         0      
[...]
00008035  xdc_runtime_Error_init__E                                   
00008041  xdc_runtime_Gate_enterSystem__E                             
0000804d  xdc_runtime_Memory_calloc__E                                
00008059  xdc_runtime_Memory_getMaxDefaultTypeAlign__E                
00008065  xdc_runtime_Startup_rtsDone__E                              
00008071  ADC_close                                                   
0000807b  ADC_convert                                                 
00008085  SemaphoreP_post                                             
00008085  SemaphoreP_postFromClock                                    
00008085  SemaphoreP_postFromISR                                      
0000808f  xdc_runtime_Memory_HeapProxy_alloc__E                       
00008099  xdc_runtime_Memory_HeapProxy_free__E                        
000080a3  MSP_EXP432P401R_initADC                                     
000080ab  MSP_EXP432P401R_initGPIO                                    
000080b3  MSP_EXP432P401R_initGeneral                                 
000080bb  PCM_setPowerMode                                            
000080c3  PCM_setPowerState                                           
000080cb  SemaphoreP_Params_init                                      
000080d5  __aeabi_errno_addr                                          
000080e1  ti_sysbios_family_arm_m3_Hwi_doSwiRestore__I                
000080e9  ti_sysbios_family_arm_m3_Hwi_startup__E                     
000080e9  ti_sysbios_hal_Hwi_HwiProxy_startup__E                      
000080e9  ti_sysbios_hal_Hwi_startup__E                               
000080f1  ti_sysbios_family_arm_m3_Hwi_doTaskRestore__I               
000080f9  HwiP_restore                                                
000080f9  ti_sysbios_family_arm_m3_Hwi_restoreFxn__E                  
000080f9  ti_sysbios_hal_Hwi_HwiProxy_restore__E                      
00008101  ti_sysbios_gates_GateHwi_leave__E                           
00008109  ti_sysbios_heaps_HeapMem_isBlocking__E                      
00008111  ti_sysbios_knl_Queue_Instance_init__E                       
00008119  ti_sysbios_knl_Swi_startup__E                               
0000811f  xdc_runtime_System_Module_startup__E                        
00008129  ti_sysbios_gates_GateHwi_query__E                           
00008129  xdc_runtime_Main_Module_GateProxy_query__E                  
00008129  xdc_runtime_System_Module_GateProxy_query__E                
00008131  ti_sysbios_BIOS_RtsGateProxy_query__E                       
00008131  ti_sysbios_gates_GateMutex_query__E                         
00008131  ti_sysbios_heaps_HeapMem_Module_GateProxy_query__E          
00008139  ti_sysbios_knl_Task_startup__E                              
00008141  ti_sysbios_BIOS_linkedWithIncorrectBootLibrary__E           
00008149  ti_sysbios_gates_GateHwi_Instance_init__E                   
00008151  ti_sysbios_knl_Clock_logTick__E                             
00008158  xdc_runtime_Text_charTab__A                                 
00009a08  xdc_runtime_Text_nodeTab__A                                 
00009ac0  adcMSP432HWAttrs                                            
00009be8  ADC_config                                                  
00009c90  ti_sysbios_knl_Task_Object__PARAMS__C                       
00009ccc  ti_sysbios_knl_Mailbox_Object__PARAMS__C                    
00009d30  ti_sysbios_family_arm_m3_Hwi_Object__PARAMS__C              
00009d60  ti_sysbios_heaps_HeapMem_Module__FXNS__C                    
00009d88  ti_sysbios_gates_GateHwi_Module__FXNS__C                    
00009dac  ti_sysbios_gates_GateMutex_Module__FXNS__C                  
00009dd0  ti_sysbios_heaps_HeapMem_Object__PARAMS__C                  
00009df4  ti_sysbios_knl_Semaphore_Object__PARAMS__C                  
00009e18  xdc_runtime_Startup_sfxnTab__A                              
00009e3c  ti_sysbios_family_arm_m3_Hwi_Object__DESC__C                
00009e5c  ti_sysbios_gates_GateHwi_Object__DESC__C                    
00009e7c  ti_sysbios_gates_GateMutex_Object__DESC__C                  
00009e9c  ti_sysbios_heaps_HeapMem_Object__DESC__C                    
00009ebc  ti_sysbios_knl_Mailbox_Object__DESC__C                      
00009edc  ti_sysbios_knl_Queue_Object__DESC__C                        
00009efc  ti_sysbios_knl_Semaphore_Object__DESC__C                    
00009f1c  ti_sysbios_knl_Task_Object__DESC__C                         
00009f3c  ADCMSP432_fxnTable                                          
00009f54  ti_sysbios_gates_GateHwi_Object__PARAMS__C                  
00009f6c  ti_sysbios_gates_GateMutex_Object__PARAMS__C                
00009f84  ti_sysbios_knl_Queue_Object__PARAMS__C                      
00009f9c  GPIOMSP432_config                                           
00009fb0  xdc_runtime_Startup_sfxnRts__A                              
00009fc2  ti_sysbios_family_arm_m3_Hwi_Module__id__C                  
00009fc4  PowerMSP432_config                                          
00009fe0  xdc_runtime_Startup_firstFxns__A                            
00009fec  ti_sysbios_family_arm_m3_Hwi_excHookFuncs__A                
00009ff4  ti_sysbios_knl_Idle_funcList__A                             
00009ffc  ti_sysbios_knl_Idle_funcList__C                             
0000a004  xdc_runtime_Startup_firstFxns__C                            
0000a00c  xdc_runtime_Startup_lastFxns__C                             
0000a014  ti_sysbios_family_arm_m3_Hwi_E_NMI__C                       
0000a018  ti_sysbios_family_arm_m3_Hwi_E_alreadyDefined__C            
0000a01c  ti_sysbios_family_arm_m3_Hwi_E_busFault__C                  
0000a020  ti_sysbios_family_arm_m3_Hwi_E_debugMon__C                  
0000a024  ti_sysbios_family_arm_m3_Hwi_E_hardFault__C                 
0000a028  ti_sysbios_family_arm_m3_Hwi_E_memFault__C                  
0000a02c  ti_sysbios_family_arm_m3_Hwi_E_noIsr__C                     
0000a030  ti_sysbios_family_arm_m3_Hwi_E_reserved__C                  
0000a034  ti_sysbios_family_arm_m3_Hwi_E_svCall__C                    
0000a038  ti_sysbios_family_arm_m3_Hwi_E_usageFault__C                
0000a03c  ti_sysbios_family_arm_m3_Hwi_NUM_INTERRUPTS__C              
0000a040  ti_sysbios_family_arm_m3_Hwi_Object__count__C               
0000a044  ti_sysbios_family_arm_m3_Hwi_ccr__C                         
0000a048  ti_sysbios_family_arm_m3_Hwi_excHandlerFunc__C              
0000a04c  ti_sysbios_family_arm_m3_Hwi_excHookFuncs__C                
0000a050  ti_sysbios_family_arm_m3_Hwi_nullIsrFunc__C                 
0000a054  ti_sysbios_family_arm_m3_Hwi_priGroup__C                    
0000a058  ti_sysbios_family_arm_m3_TaskSupport_stackAlignment__C      
0000a05c  ti_sysbios_family_arm_msp432_Timer_numTimerDevices__C       
0000a060  ti_sysbios_family_arm_msp432_Timer_startupNeeded__C         
0000a064  ti_sysbios_gates_GateMutex_A_badContext__C                  
0000a068  ti_sysbios_gates_GateMutex_Instance_State_sem__O            
0000a06c  ti_sysbios_gates_GateMutex_Module__diagsEnabled__C          
0000a070  ti_sysbios_gates_GateMutex_Module__diagsIncluded__C         
0000a074  ti_sysbios_gates_GateMutex_Module__diagsMask__C             
0000a078  ti_sysbios_hal_Hwi_E_stackOverflow__C                       
0000a07c  ti_sysbios_heaps_HeapMem_A_align__C                         
0000a080  ti_sysbios_heaps_HeapMem_A_heapSize__C                      
0000a084  ti_sysbios_heaps_HeapMem_A_invalidFree__C                   
0000a088  ti_sysbios_heaps_HeapMem_A_zeroBlock__C                     
0000a08c  ti_sysbios_heaps_HeapMem_E_memory__C                        
0000a090  ti_sysbios_heaps_HeapMem_Module__diagsEnabled__C            
0000a094  ti_sysbios_heaps_HeapMem_Module__diagsIncluded__C           
0000a098  ti_sysbios_heaps_HeapMem_Module__diagsMask__C               
0000a09c  ti_sysbios_heaps_HeapMem_Module__gateObj__C                 
0000a0a0  ti_sysbios_heaps_HeapMem_Object__count__C                   
0000a0a4  ti_sysbios_heaps_HeapMem_reqAlign__C                        
0000a0a8  ti_sysbios_knl_Clock_Module_State_clockQ__O                 
0000a0ac  ti_sysbios_knl_Mailbox_A_invalidBufSize__C                  
0000a0b0  ti_sysbios_knl_Mailbox_Instance_State_dataQue__O            
0000a0b4  ti_sysbios_knl_Mailbox_Instance_State_dataSem__O            
0000a0b8  ti_sysbios_knl_Mailbox_Instance_State_freeQue__O            
0000a0bc  ti_sysbios_knl_Mailbox_Instance_State_freeSem__O            
0000a0c0  ti_sysbios_knl_Mailbox_Module__diagsEnabled__C              
0000a0c4  ti_sysbios_knl_Mailbox_Module__diagsIncluded__C             
0000a0c8  ti_sysbios_knl_Mailbox_Module__diagsMask__C                 
0000a0cc  ti_sysbios_knl_Mailbox_Object__count__C                     
0000a0d0  ti_sysbios_knl_Mailbox_maxTypeAlign__C                      
0000a0d4  ti_sysbios_knl_Semaphore_A_badContext__C                    
0000a0d8  ti_sysbios_knl_Semaphore_A_noEvents__C                      
0000a0dc  ti_sysbios_knl_Semaphore_A_overflow__C                      
0000a0e0  ti_sysbios_knl_Semaphore_A_pendTaskDisabled__C              
0000a0e4  ti_sysbios_knl_Semaphore_Instance_State_pendQ__O            
0000a0e8  ti_sysbios_knl_Semaphore_Module__diagsEnabled__C            
0000a0ec  ti_sysbios_knl_Semaphore_Module__diagsIncluded__C           
0000a0f0  ti_sysbios_knl_Semaphore_Module__diagsMask__C               
0000a0f4  ti_sysbios_knl_Swi_Object__count__C                         
0000a0f8  ti_sysbios_knl_Task_A_badPriority__C                        
0000a0fc  ti_sysbios_knl_Task_A_badTaskState__C                       
0000a100  ti_sysbios_knl_Task_A_badThreadType__C                      
0000a104  ti_sysbios_knl_Task_A_noPendElem__C                         
0000a108  ti_sysbios_knl_Task_E_spOutOfBounds__C                      
0000a10c  ti_sysbios_knl_Task_E_stackOverflow__C                      
0000a110  ti_sysbios_knl_Task_Module_State_inactiveQ__O               
0000a114  ti_sysbios_knl_Task_Module__diagsEnabled__C                 
0000a118  ti_sysbios_knl_Task_Module__diagsIncluded__C                
0000a11c  ti_sysbios_knl_Task_Module__diagsMask__C                    
0000a120  ti_sysbios_knl_Task_Object__count__C                        
0000a124  ti_sysbios_knl_Task_allBlockedFunc__C                       
0000a128  ti_sysbios_knl_Task_defaultStackHeap__C                     
0000a12c  ti_sysbios_knl_Task_defaultStackSize__C                     
0000a130  ti_sysbios_knl_Task_numConstructedTasks__C                  
0000a134  xdc_runtime_Assert_E_assertFailed__C                        
0000a138  xdc_runtime_Core_A_initializedParams__C                     
0000a13c  xdc_runtime_Core_Module__diagsEnabled__C                    
0000a140  xdc_runtime_Core_Module__diagsIncluded__C                   
0000a144  xdc_runtime_Core_Module__diagsMask__C                       
0000a148  xdc_runtime_Error_E_memory__C                               
0000a14c  xdc_runtime_Error_Module__diagsEnabled__C                   
0000a150  xdc_runtime_Error_Module__diagsIncluded__C                  
0000a154  xdc_runtime_Error_Module__diagsMask__C                      
0000a158  xdc_runtime_Error_Module__loggerFxn8__C                     
0000a15c  xdc_runtime_Error_Module__loggerObj__C                      
0000a160  xdc_runtime_Error_policyFxn__C                              
0000a164  xdc_runtime_Error_raiseHook__C                              
0000a168  xdc_runtime_IGateProvider_Interface__BASE__C                
0000a16c  xdc_runtime_IHeap_Interface__BASE__C                        
0000a170  xdc_runtime_IModule_Interface__BASE__C                      
0000a174  xdc_runtime_Log_L_error__C                                  
0000a178  xdc_runtime_Memory_defaultHeapInstance__C                   
0000a17c  xdc_runtime_Startup_execImpl__C                             
0000a180  xdc_runtime_Startup_maxPasses__C                            
0000a184  xdc_runtime_Startup_sfxnRts__C                              
0000a188  xdc_runtime_Startup_sfxnTab__C                              
0000a18c  xdc_runtime_SysMin_bufSize__C                               
0000a190  xdc_runtime_SysMin_outputFunc__C                            
0000a194  xdc_runtime_System_Module__gateObj__C                       
0000a198  xdc_runtime_System_abortFxn__C                              
0000a19c  xdc_runtime_System_exitFxn__C                               
0000a1a0  xdc_runtime_System_extendFxn__C                             
0000a1a4  xdc_runtime_System_maxAtexitHandlers__C                     
0000a1a8  xdc_runtime_Text_charTab__C                                 
0000a1ac  xdc_runtime_Text_nameEmpty__C                               
0000a1b0  xdc_runtime_Text_nameStatic__C                              
0000a1b4  xdc_runtime_Text_nameUnknown__C                             
0000a1b8  xdc_runtime_Text_nodeTab__C                                 
0000a1bc  xdc_runtime_Text_visitRopeFxn__C                            
0000a1c0  ti_sysbios_gates_GateMutex_Module__id__C                    
0000a1c2  ti_sysbios_hal_Hwi_Module__id__C                            
0000a1c4  ti_sysbios_heaps_HeapMem_Module__id__C                      
0000a1c6  ti_sysbios_knl_Mailbox_Module__id__C                        
0000a1c8  ti_sysbios_knl_Semaphore_Module__id__C                      
0000a1ca  ti_sysbios_knl_Task_Module__id__C                           
0000a1cc  xdc_runtime_Core_Module__id__C                              
0000a1ce  xdc_runtime_Error_Module__loggerDefined__C                  
0000a1d0  xdc_runtime_Error_maxDepth__C                               
0000a1d2  xdc_runtime_Memory_Module__id__C                            
0000a1d4  xdc_runtime_SysMin_flushAtExit__C                           
0000a1d6  xdc_runtime_Text_charCnt__C                                 
0000a1d8  xdc_runtime_Text_isLoaded__C                                
0000a1da  xdc_runtime_Text_registryModsLastId__C                      
0000a1dc  xdc_runtime_Text_unnamedModsLastId__C                       
0000a1de  xdc_runtime_Error_policy__C                                 
0000a1e0  __TI_static_base__                                          
0000a42c  __TI_Handler_Table_Base                                     
0000a438  __TI_Handler_Table_Limit                                    
0000a448  __TI_CINIT_Base                                             
0000a460  __TI_CINIT_Limit                                            
20000000  ti_sysbios_family_arm_m3_Hwi_ramVectors                     
20000140  ti_sysbios_heaps_HeapMem_Instance_State_0_buf__A            
20000540  TSK_STK_draw_screen                                         
20000928  TSK_STK_pet_game                                            
20000d10  TSK_STK_read_sensors                                        
200010f8  ti_sysbios_knl_Task_Instance_State_0_stack__A               
200012f8  ti_sysbios_family_arm_m3_Hwi_dispatchTable                  
20001438  __CIOBUF_                                                   
20001558  xdc_runtime_SysMin_Module_State_0_outbuf__A                 
200015d8  MBX_STR_sensors                                             
2000169c  mbx_sensor_buff                                             
200016b0  a                                                           
200016bc  adcMSP432Objects                                            
200016c4  parmbuf                                                     
200016cc  MBX_HDL_sensors                                             
200016d0  TSK_HDL_draw_screen                                         
200016d4  TSK_HDL_pet_game                                            
200016d8  TSK_HDL_read_sensors                                        
200016dc  js_                                                         
200016e0  PowerMSP432_perfLevels                                      
2000177c  ti_sysbios_knl_Swi_Module_State_0_readyQ__A                 
200017fc  ti_sysbios_knl_Task_Module_State_0_readyQ__A                
2000187c  ti_sysbios_family_arm_msp432_Timer_Object__table__V         
200018cc  ti_sysbios_knl_Task_Object__table__V                        
2000191c  ti_sysbios_gates_GateMutex_Object__table__V                 
20001964  ti_sysbios_knl_Task_Module__state__V                        
200019a8  ti_sysbios_family_arm_m3_Hwi_Module__state__V               
200019dc  ti_sysbios_knl_Swi_Object__table__V                         
20001a40  ti_sysbios_knl_Clock_Module__state__V                       
20001a6c  PowerMSP432_module                                          
20001a94  ti_sysbios_BIOS_Module__state__V                            
20001ab8  ti_sysbios_family_arm_msp432_Timer_Module_State_0_device__A 
20001ad8  ti_sysbios_family_arm_m3_Hwi_Object__table__V               
20001af4  ti_sysbios_heaps_HeapMem_Object__table__V                   
20001b10  ti_sysbios_knl_Swi_Module__state__V                         
20001b2c  gpioPinConfigs                                              
20001b44  gpioCallbackFunctions                                       
20001b54  ti_sysbios_family_arm_msp432_Timer_Module_State_0_handles__A
20001b64  ti_sysbios_family_arm_msp432_ClockFreqs_Module__state__V    
20001b70  ti_sysbios_family_arm_msp432_Timer_Module__state__V         
20001b7c  xdc_runtime_SysMin_Module__state__V                         
20001b88  _lock                                                       
20001b8c  _unlock                                                     
20001ba0  ti_sysbios_family_arm_m3_Hwi_Module__root__V                
20001ba8  ti_sysbios_gates_GateHwi_Module__root__V                    
20001bb0  ti_sysbios_gates_GateHwi_Object__table__V                   
20001bb8  ti_sysbios_gates_GateMutex_Module__root__V                  
20001bc0  ti_sysbios_heaps_HeapMem_Module__root__V                    
20001bc8  ti_sysbios_knl_Mailbox_Module__root__V                      
20001bd0  ti_sysbios_knl_Queue_Module__root__V                        
20001bd8  ti_sysbios_knl_Semaphore_Module__root__V                    
20001be0  ti_sysbios_knl_Task_Module__root__V                         
20001be8  xdc_runtime_Registry_Module__state__V                       
20001bf0  xdc_runtime_Startup_Module__state__V                        
20001bf8  xdc_runtime_System_Module_State_0_atexitHandlers__A         
20001c00  xdc_runtime_System_Module__state__V                         
20001c0c  errno                                                       
20001c10  main_func_sp                                                
20001c14  ti_sysbios_family_arm_m3_Hwi_Module_State_0_excContext__A   
20001c18  ti_sysbios_family_arm_m3_Hwi_Module_State_0_excStack__A     
20001c1c  ti_sysbios_knl_Task_Module_State_0_idleTask__A              
20001c20  xdc_runtime_Memory_Module__state__V                         
20001c24  ti_sysbios_family_arm_m3_Hwi_Module_State_0_excActive__A    
20001c26  xdc_runtime_Error_Module__state__V                          
2000f830  __stack                                                     
20010000  __STACK_END                                                 
4000480c  WDTCTL_SYM                                                  
e000e000  ti_sysbios_family_arm_m3_Hwi_nvic                           
ffffffff  __TI_pprof_out_hndl                                         
ffffffff  __TI_prof_data_size                                         
ffffffff  __TI_prof_data_start                                        
ffffffff  __binit__                                                   
ffffffff  __c_args__                                                  
ffffffff  binit                                                       
UNDEFED   SHT$$INIT_ARRAY$$Base                                       
UNDEFED   SHT$$INIT_ARRAY$$Limit                                      

[701 symbols]
