******************************************************************************
                  TI ARM Linker PC v18.1.4                     
******************************************************************************
>> Linked Tue Dec 11 22:26:46 2018

OUTPUT FILE NAME:   <project6_alt.out>
ENTRY POINT SYMBOL: "_c_int00"  address: 00006875


MEMORY CONFIGURATION

         name            origin    length      used     unused   attr    fill
----------------------  --------  ---------  --------  --------  ----  --------
  MAIN                  00000000   00040000  0000c5b7  00033a49  R  X
  INFO                  00200000   00004000  00000000  00004000  R  X
  SRAM_CODE             01000000   00010000  00000000  00010000  RW X
  SRAM_DATA             20000000   00010000  0000289a  0000d766  RW  


SEGMENT ALLOCATION MAP

run origin  load origin   length   init length attrs members
----------  ----------- ---------- ----------- ----- -------
00000000    00000000    0000c5c8   0000c5c8    r-x
  00000000    00000000    0000003c   0000003c    r-- .resetVecs
  00000040    00000040    00009272   00009272    r-x .text
  000092b8    000092b8    00003061   00003061    r-- .const
  0000c320    0000c320    000002a8   000002a8    r-- .cinit
20000000    20000000    000020d1   00000000    rw-
  20000000    20000000    00000140   00000000    rw- .vecs
  20000140    20000140    00001a09   00000000    rw- .bss
  20001b50    20001b50    00000581   00000000    rw- .data
2000f830    2000f830    000007d0   00000000    rw-
  2000f830    2000f830    000007d0   00000000    rw- .stack


SECTION ALLOCATION MAP

 output                                  attributes/
section   page    origin      length       input sections
--------  ----  ----------  ----------   ----------------
.text      0    00000040    00009272     
                  00000040    000009c0     rtsv7M4_T_le_v4SPD16_eabi.lib : e_pow.c.obj (.text:pow)
                  00000a00    00000430     sysbios.aem4f : BIOS.obj (.text:ti_sysbios_family_arm_m3_Hwi_excDumpRegs__I)
                  00000e30    000003a0     HAL_TMP006.obj (.text:TMP006_getTemp)
                  000011d0    00000388     image.obj (.text:Graphics_drawImage)
                  00001558    0000034c     ti.targets.arm.rtsarm.aem4f : System.oem4f (.text:xdc_runtime_System_doPrint__I)
                  000018a4    00000004     msp432p4xx_driverlib.lib : cpu.o (.text:CPU_wfi)
                  000018a8    000002b8     sysbios.aem4f : BIOS.obj (.text:ti_sysbios_knl_Semaphore_pend__E)
                  00001b60    0000026c                   : BIOS.obj (.text:ti_sysbios_heaps_HeapMem_free__E)
                  00001dcc    00000264     drivers_MSP432P401R.aem4f : PowerMSP432.oem4f (.text:Power_sleep)
                  00002030    00000250     sysbios.aem4f : BIOS.obj (.text:ti_sysbios_heaps_HeapMem_alloc__E)
                  00002280    00000234                   : BIOS.obj (.text:ti_sysbios_knl_Task_Instance_finalize__E)
                  000024b4    00000004     tirtosport.aem4f : HwiP_tirtos.oem4f (.text:HwiP_disable)
                  000024b8    000001fc     sysbios.aem4f : BIOS.obj (.text:ti_sysbios_family_arm_m3_Hwi_excHandlerMax__I)
                  000026b4    000001d8     Crystalfontz128x128_ST7735.obj (.text:Crystalfontz128x128_PixelDrawMultiple)
                  0000288c    00000004     msp432p4xx_driverlib.lib : i2c.o (.text:I2C_setSlaveAddress)
                  00002890    000001c0     sysbios.aem4f : BIOS.obj (.text:ti_sysbios_knl_Task_Instance_init__E)
                  00002a50    000001b6     rtsv7M4_T_le_v4SPD16_eabi.lib : fd_add_t2.asm.obj (.text)
                  00002c06    000001a0     msp432p4xx_driverlib.lib : pcm.o (.text:__PCM_setPowerStateAdvanced)
                  00002da6    00000002     power_tirtos_MSP432P401R.aem4f : PowerMSP432_tirtos.oem4f (.text:PowerMSP432_initPolicy)
                  00002da8    00000178     project6_pem4f.oem4f (.text:xdc_runtime_System_printfExtend__I)
                  00002f20    00000174     sysbios.aem4f : BIOS.obj (.text:ti_sysbios_family_arm_m3_Hwi_excBusFault__I)
                  00003094    00000004     drivers_MSP432P401R.aem4f : List.oem4f (.text:List_head)
                  00003098    00000164     sysbios.aem4f : BIOS.obj (.text:ti_sysbios_family_arm_m3_Hwi_excUsageFault__I)
                  000031fc    0000015c     project6.obj (.text:main)
                  00003358    00000158     rtsv7M4_T_le_v4SPD16_eabi.lib : e_sqrt.c.obj (.text:sqrt)
                  000034b0    00000154     msp432p4xx_driverlib.lib : adc14.o (.text:_getIndexForMemRegister)
                  00003604    00000004     drivers_MSP432P401R.aem4f : List.oem4f (.text:List_next)
                  00003608    00000154     sysbios.aem4f : BIOS.obj (.text:ti_sysbios_knl_Mailbox_Instance_init__E)
                  0000375c    00000004     rtsv7M4_T_le_v4SPD16_eabi.lib : exit.c.obj (.text:abort:abort)
                  00003760    00000148     sysbios.aem4f : BIOS.obj (.text:ti_sysbios_family_arm_m3_Hwi_excMemFault__I)
                  000038a8    00000140     drivers_MSP432P401R.aem4f : GPIOMSP432.oem4f (.text:GPIO_setConfig)
                  000039e8    0000013c     sysbios.aem4f : BIOS.obj (.text:ti_sysbios_heaps_HeapMem_Instance_init__E)
                  00003b24    00000136     rtsv7M4_T_le_v4SPD16_eabi.lib : fd_div_t2.asm.obj (.text)
                  00003c5a    00000002                                   : _lock.c.obj (.text:_nop)
                  00003c5c    00000134     Crystalfontz128x128_ST7735.obj (.text:Crystalfontz128x128_SetDrawFrame)
                  00003d90    0000012c     Crystalfontz128x128_ST7735.obj (.text:Crystalfontz128x128_Init)
                  00003ebc    00000118     ti.targets.arm.rtsarm.aem4f : Error.oem4f (.text:xdc_runtime_Error_policyDefault__E)
                  00003fd4    00000110     rtsv7M4_T_le_v4SPD16_eabi.lib : s_scalbn.c.obj (.text:scalbn)
                  000040e4    00000004     project6_pem4f.oem4f (.text:ti_sysbios_BIOS_RtsGateProxy_enter__E)
                  000040e8    00000108     sysbios.aem4f : BIOS.obj (.text:ti_sysbios_knl_Clock_Instance_init__E)
                  000041f0    00000100     ti.targets.arm.rtsarm.aem4f : Core-mem.oem4f (.text:xdc_runtime_Core_createObject__I)
                  000042f0    000000fc     rtsv7M4_T_le_v4SPD16_eabi.lib : fd_mul_t2.asm.obj (.text)
                  000043ec    000000f8     ti.targets.arm.rtsarm.aem4f : Startup.oem4f (.text:xdc_runtime_Startup_startMods__I)
                  000044e4    000000f0     drivers_MSP432P401R.aem4f : PowerMSP432.oem4f (.text:initPerfControl)
                  000045d4    000000ec     sysbios.aem4f : m3_Hwi_asm.obj (.text:ti_sysbios_family_arm_m3_Hwi_dispatch__I)
                  000046c0    000000ec                   : BIOS.obj (.text:ti_sysbios_knl_Semaphore_post__E)
                  000047ac    000000e0     msp432p4xx_driverlib.lib : cs.o (.text:CS_initClockSignal)
                  0000488c    000000dc                              : pcm.o (.text:__PCM_setPowerModeAdvanced)
                  00004968    000000cc     ti.targets.arm.rtsarm.aem4f : Core-smem.oem4f (.text:xdc_runtime_Core_constructObject__I)
                  00004a34    000000c8     project6.obj (.text:TSK_play_game)
                  00004afc    00000004     project6_pem4f.oem4f (.text:ti_sysbios_BIOS_RtsGateProxy_leave__E)
                  00004b00    000000bc     sysbios.aem4f : BIOS.obj (.text:ti_sysbios_family_arm_m3_Hwi_excDebugMon__I)
                  00004bbc    00000004     project6_pem4f.oem4f (.text:ti_sysbios_family_arm_m3_TaskSupport_Module__startupDone__S)
                  00004bc0    000000bc     sysbios.aem4f : BIOS.obj (.text:ti_sysbios_family_arm_m3_Hwi_excHardFault__I)
                  00004c7c    00000004     project6_pem4f.oem4f (.text:ti_sysbios_heaps_HeapMem_Module_GateProxy_enter__E)
                  00004c80    000000b4     sysbios.aem4f : BIOS.obj (.text:ti_sysbios_gates_GateMutex_enter__E)
                  00004d34    00000004     project6_pem4f.oem4f (.text:ti_sysbios_heaps_HeapMem_Module_GateProxy_leave__E)
                  00004d38    000000b4     sysbios.aem4f : BIOS.obj (.text:ti_sysbios_knl_Task_checkStacks__E)
                  00004dec    000000b0     msp432p4xx_driverlib.lib : pcm.o (.text:__PCM_setCoreVoltageLevelAdvanced)
                  00004e9c    00000004     project6_pem4f.oem4f (.text:ti_sysbios_knl_Clock_TimerProxy_getMaxTicks__E)
                  00004ea0    000000a8     sysbios.aem4f : BIOS.obj (.text:ti_sysbios_family_arm_msp432_Timer_periodicStub__E)
                  00004f48    000000a0     ADCMSP432.obj (.text:ADCMSP432_open)
                  00004fe8    000000a0     auto_init.aem4f : auto_init.oem4f (.text)
                  00005088    000000a0     ti.targets.arm.rtsarm.aem4f : Text.oem4f (.text:xdc_runtime_Text_putMod__E)
                  00005128    0000009c     ADCMSP432.obj (.text:ADCMSP432_convert)
                  000051c4    0000009c     Crystalfontz128x128_ST7735.obj (.text:Crystalfontz128x128_RectFill)
                  00005260    0000009c     rtsv7M4_T_le_v4SPD16_eabi.lib : memcpy_t2.asm.obj (.text)
                  000052fc    00000004     project6_pem4f.oem4f (.text:ti_sysbios_knl_Queue_destruct)
                  00005300    0000009c     sysbios.aem4f : BIOS.obj (.text:ti_sysbios_knl_Semaphore_Instance_init__E)
                  0000539c    0000009a     ti.targets.arm.rtsarm.aem4f : Text.oem4f (.text:xdc_runtime_Text_putSite__E)
                  00005436    00000002     rtsv7M4_T_le_v4SPD16_eabi.lib : div0.asm.obj (.text)
                  00005438    00000094     sysbios.aem4f : BIOS.obj (.text:ti_sysbios_family_arm_m3_Hwi_Instance_init__E)
                  000054cc    00000004     project6_pem4f.oem4f (.text:ti_sysbios_knl_Semaphore_destruct)
                  000054d0    00000094     sysbios.aem4f : BIOS.obj (.text:ti_sysbios_family_arm_m3_Hwi_initNVIC__E)
                  00005564    00000004     ti.targets.arm.rtsarm.aem4f : Error.oem4f (.text:xdc_runtime_Error_getSite__E)
                  00005568    00000094     sysbios.aem4f : BIOS.obj (.text:ti_sysbios_knl_Task_postInit__I)
                  000055fc    0000008c     HAL_I2C.obj (.text:I2C_read16)
                  00005688    0000008c     sysbios.aem4f : m3_TaskSupport_asm.obj (.text:ti_sysbios_family_arm_m3_TaskSupport_buildTaskStack)
                  00005714    00000088     msp432p4xx_driverlib.lib : spi.o (.text:SPI_initMaster)
                  0000579c    00000004     project6_pem4f.oem4f (.text:xdc_runtime_System_Module_GateProxy_enter__E)
                  000057a0    00000088     sysbios.aem4f : BIOS.obj (.text:ti_sysbios_family_arm_msp432_Timer_Module_startup__E)
                  00005828    00000088                   : BIOS.obj (.text:ti_sysbios_knl_Mailbox_post__E)
                  000058b0    00000086     rtsv7M4_T_le_v4SPD16_eabi.lib : fd_cmp_t2.asm.obj (.text:__aeabi_cdcmple)
                  00005936    00000086                                   : fd_cmp_t2.asm.obj (.text:__aeabi_cdrcmple)
                  000059bc    00000084     accelerometer.obj (.text:ACCEL_convert_to_g)
                  00005a40    00000084     sysbios.aem4f : BIOS.obj (.text:ti_sysbios_family_arm_m3_Hwi_postInit__I)
                  00005ac4    0000007c     msp432p4xx_driverlib.lib : pcm.o (.text:PCM_gotoLPM3)
                  00005b40    0000007a     rtsv7M4_T_le_v4SPD16_eabi.lib : memset_t2.asm.obj (.text)
                  00005bba    00000002     project6_pem4f.oem4f (.text:ti_sysbios_BIOS_nullFunc__I)
                  00005bbc    00000076     accelerometer.obj (.text:ACCEL_read_x_axis)
                  00005c32    00000002     --HOLE-- [fill = 0]
                  00005c34    00000076     accelerometer.obj (.text:ACCEL_read_y_axis)
                  00005caa    00000002     --HOLE-- [fill = 0]
                  00005cac    00000076     accelerometer.obj (.text:ACCEL_read_z_axis)
                  00005d22    00000006     drivers_MSP432P401R.aem4f : ADC.oem4f (.text:ADC_Params_init)
                  00005d28    00000074     sysbios.aem4f : BIOS.obj (.text:ti_sysbios_knl_Clock_start__E)
                  00005d9c    00000004     project6_pem4f.oem4f (.text:xdc_runtime_System_Module_GateProxy_leave__E)
                  00005da0    00000074     sysbios.aem4f : BIOS.obj (.text:ti_sysbios_knl_Mailbox_pend__E)
                  00005e14    00000004     ti.targets.arm.rtsarm.aem4f : System.oem4f (.text:xdc_runtime_System_aprintf_va__F)
                  00005e18    00000070     sysbios.aem4f : BIOS.obj (.text:ti_sysbios_knl_Clock_workFunc__E)
                  00005e88    00000070                   : BIOS.obj (.text:ti_sysbios_knl_Mailbox_Instance_finalize__E)
                  00005ef8    00000070                   : BIOS.obj (.text:ti_sysbios_knl_Task_exit__E)
                  00005f68    0000006e     rtsv7M4_T_le_v4SPD16_eabi.lib : fd_tos_t2.asm.obj (.text)
                  00005fd6    00000002     --HOLE-- [fill = 0]
                  00005fd8    0000006d     ti.targets.arm.rtsarm.aem4f : System.oem4f (.text:xdc_runtime_System_formatNum__I)
                  00006045    00000003     --HOLE-- [fill = 0]
                  00006048    0000006c     msp432p4xx_driverlib.lib : adc14.o (.text:ADC14_configureConversionMemory)
                  000060b4    0000006c     ADCMSP432.obj (.text:ADCMSP432_convertRawToMicroVolts)
                  00006120    0000006c     image.obj (.text:Graphics_convertPalette)
                  0000618c    00000004     ti.targets.arm.rtsarm.aem4f : System.oem4f (.text:xdc_runtime_System_printf_va__F)
                  00006190    0000006c     sysbios.aem4f : BIOS.obj (.text:ti_sysbios_knl_Swi_restoreHwi__E)
                  000061fc    0000006c     ti.targets.arm.rtsarm.aem4f : Error.oem4f (.text:xdc_runtime_Error_print__E)
                  00006268    0000006c                                 : Memory.oem4f (.text:xdc_runtime_Memory_alloc__E)
                  000062d4    00000068     rtsv7M4_T_le_v4SPD16_eabi.lib : copy_decompress_lzss.c.obj (.text:decompress:lzss:__TI_decompress_lzss)
                  0000633c    00000066     ti.targets.arm.rtsarm.aem4f : Core-mem.oem4f (.text:xdc_runtime_Core_deleteObject__I)
                  000063a2    00000002     --HOLE-- [fill = 0]
                  000063a4    00000064     ADCMSP432.obj (.text:ADCMSP432_close)
                  00006408    00000062     tirtosport.aem4f : HwiP_tirtos.oem4f (.text:HwiP_create)
                  0000646a    00000060     Crystalfontz128x128_ST7735.obj (.text:Crystalfontz128x128_LineDrawH)
                  000064ca    00000060     Crystalfontz128x128_ST7735.obj (.text:Crystalfontz128x128_LineDrawV)
                  0000652a    00000006     msp432p4xx_driverlib.lib : i2c.o (.text:I2C_getInterruptStatus)
                  00006530    00000060     sysbios.aem4f : BIOS.obj (.text:ti_sysbios_knl_Task_schedule__I)
                  00006590    0000005c     drivers_MSP432P401R.aem4f : GPIOMSP432.oem4f (.text:GPIO_init)
                  000065ec    00000004     --HOLE-- [fill = 0]
                  000065f0    0000005c     sysbios.aem4f : BIOS.obj (.text:ti_sysbios_knl_Swi_run__I)
                  0000664c    00000004     --HOLE-- [fill = 0]
                  00006650    0000005c                   : BIOS.obj (.text:ti_sysbios_knl_Swi_schedule__I)
                  000066ac    00000004     --HOLE-- [fill = 0]
                  000066b0    0000005c                   : BIOS.obj (.text:ti_sysbios_knl_Task_Module_startup__E)
                  0000670c    0000005c     project6_pem4f.oem4f (.text:ti_sysbios_knl_Task_create)
                  00006768    0000005c     sysbios.aem4f : BIOS.obj (.text:ti_sysbios_knl_Task_startCore__E)
                  000067c4    00000058     rtsv7M4_T_le_v4SPD16_eabi.lib : hostwrite.c.obj (.text:HOSTwrite)
                  0000681c    00000058     tirtosport.aem4f : SemaphoreP_tirtos.oem4f (.text:SemaphoreP_create)
                  00006874    00000058     boot.aem4f : boot.oem4f (.text)
                  000068cc    00000058     project6_pem4f.oem4f (.text:ti_sysbios_family_arm_m3_Hwi_construct)
                  00006924    00000058     sysbios.aem4f : m3_Hwi_asm_switch.obj (.text:ti_sysbios_family_arm_m3_Hwi_initStacks__E)
                  0000697c    00000058     project6_pem4f.oem4f (.text:ti_sysbios_knl_Mailbox_construct)
                  000069d4    00000054     Crystalfontz128x128_ST7735.obj (.text:Crystalfontz128x128_SetOrientation)
                  00006a28    00000054     drivers_MSP432P401R.aem4f : GPIOMSP432.oem4f (.text:GPIO_hwiIntFxn)
                  00006a7c    00000054                               : GPIOMSP432.oem4f (.text:GPIO_setCallback)
                  00006ad0    00000054     joystick.obj (.text:JS_get_y)
                  00006b24    00000004     --HOLE-- [fill = 0]
                  00006b28    00000054     sysbios.aem4f : BIOS.obj (.text:ti_sysbios_family_arm_m3_Hwi_dispatchC__I)
                  00006b7c    00000004     --HOLE-- [fill = 0]
                  00006b80    00000054                   : BIOS.obj (.text:ti_sysbios_family_arm_msp432_Timer_initDevice__I)
                  00006bd4    00000004     --HOLE-- [fill = 0]
                  00006bd8    00000054                   : BIOS.obj (.text:ti_sysbios_family_arm_msp432_init_Boot_configureClocksHigh)
                  00006c2c    00000054     ti.targets.arm.rtsarm.aem4f : Assert.oem4f (.text:xdc_runtime_Assert_raise__I)
                  00006c80    00000053     joystick.obj (.text:JS_get_x)
                  00006cd3    00000001     --HOLE-- [fill = 0]
                  00006cd4    00000052     context.obj (.text:Graphics_initContext)
                  00006d26    00000002     --HOLE-- [fill = 0]
                  00006d28    00000050     msp432p4xx_driverlib.lib : pcm.o (.text:PCM_shutdownDevice)
                  00006d78    00000050     sysbios.aem4f : BIOS.obj (.text:ti_sysbios_family_arm_m3_Hwi_Module_startup__E)
                  00006dc8    00000050     ti.targets.arm.rtsarm.aem4f : Startup.oem4f (.text:xdc_runtime_Startup_exec__E)
                  00006e18    00000050                                 : Text.oem4f (.text:xdc_runtime_Text_visitRope2__I)
                  00006e68    0000004c     msp432p4xx_driverlib.lib : gpio.o (.text:GPIO_setAsPeripheralModuleFunctionOutputPin)
                  00006eb4    0000004c     rtsv7M4_T_le_v4SPD16_eabi.lib : cpy_tbl.c.obj (.text:copy_in)
                  00006f00    0000004c     sysbios.aem4f : BIOS.obj (.text:ti_sysbios_family_arm_msp432_Timer_start__E)
                  00006f4c    00000004     --HOLE-- [fill = 0]
                  00006f50    0000004c                   : BIOS.obj (.text:ti_sysbios_heaps_HeapMem_getStats__E)
                  00006f9c    00000004     --HOLE-- [fill = 0]
                  00006fa0    0000004c                   : BIOS.obj (.text:ti_sysbios_knl_Swi_runLoop__I)
                  00006fec    00000004     --HOLE-- [fill = 0]
                  00006ff0    0000004c                   : BIOS.obj (.text:ti_sysbios_knl_Task_allBlockedFunction__I)
                  0000703c    00000048     msp432p4xx_driverlib.lib : gpio.o (.text:GPIO_setAsPeripheralModuleFunctionInputPin)
                  00007084    00000048     rtsv7M4_T_le_v4SPD16_eabi.lib : fd_toi_t2.asm.obj (.text)
                  000070cc    00000004     --HOLE-- [fill = 0]
                  000070d0    00000048     sysbios.aem4f : BIOS.obj (.text:ti_sysbios_family_arm_m3_Hwi_disableInterrupt__E)
                  00007118    00000048                   : BIOS.obj (.text:ti_sysbios_family_arm_m3_Hwi_enableInterrupt__E)
                  00007160    00000048                   : BIOS.obj (.text:ti_sysbios_family_arm_m3_Hwi_excReserved__I)
                  000071a8    00000048                   : BIOS.obj (.text:ti_sysbios_knl_Mailbox_Module_startup__E)
                  000071f0    00000046     display.obj (.text:Graphics_drawMultiplePixelsOnDisplay)
                  00007236    00000046     ti.targets.arm.rtsarm.aem4f : Core-params.oem4f (.text:xdc_runtime_Core_assignParams__I)
                  0000727c    00000044     msp432p4xx_driverlib.lib : adc14.o (.text:ADC14_configureSingleSampleMode)
                  000072c0    00000044     drivers_MSP432P401R.aem4f : PowerMSP432.oem4f (.text:Power_init)
                  00007304    00000044     rtsv7M4_T_le_v4SPD16_eabi.lib : fd_tou_t2.asm.obj (.text)
                  00007348    00000044     sysbios.aem4f : BIOS.obj (.text:ti_sysbios_family_arm_m3_Hwi_getStackInfo__E)
                  0000738c    00000004     --HOLE-- [fill = 0]
                  00007390    00000044                   : BIOS.obj (.text:ti_sysbios_knl_Mailbox_postInit__I)
                  000073d4    00000004     --HOLE-- [fill = 0]
                  000073d8    00000044                   : BIOS.obj (.text:ti_sysbios_knl_Swi_post__E)
                  0000741c    00000044     ti.targets.arm.rtsarm.aem4f : Error.oem4f (.text:xdc_runtime_Error_setX__E)
                  00007460    00000044                                 : SysMin.oem4f (.text:xdc_runtime_SysMin_flush__E)
                  000074a4    00000044                                 : Text.oem4f (.text:xdc_runtime_Text_xprintf__I)
                  000074e8    00000040     Crystalfontz128x128_ST7735.obj (.text:Crystalfontz128x128_PixelDraw)
                  00007528    00000040     msp432p4xx_driverlib.lib : flash.o (.text:FlashCtl_disableReadBuffering)
                  00007568    00000040     HAL_MSP_EXP432P401R_Crystalfontz128x128_ST7735.obj (.text:HAL_LCD_SpiInit)
                  000075a8    00000040     project6.obj (.text:TSK_read_sensors)
                  000075e8    00000040     drivers_MSP432P401R.aem4f : PowerMSP432.oem4f (.text:notify)
                  00007628    00000040     rtsv7M4_T_le_v4SPD16_eabi.lib : u_divt2.asm.obj (.text)
                  00007668    00000040     sysbios.aem4f : BIOS.obj (.text:ti_sysbios_family_arm_msp432_Timer_startup__E)
                  000076a8    0000003c     project6.obj (.text:LCD_init)
                  000076e4    0000003c     power_tirtos_MSP432P401R.aem4f : PowerMSP432_tirtos.oem4f (.text:PowerMSP432_sleepPolicy)
                  00007720    0000003c     sysbios.aem4f : BIOS.obj (.text:ti_sysbios_family_arm_m3_Hwi_excSvCall__I)
                  0000775c    00000004     --HOLE-- [fill = 0]
                  00007760    0000003c                   : BIOS.obj (.text:ti_sysbios_heaps_HeapMem_init__I)
                  0000779c    00000004     --HOLE-- [fill = 0]
                  000077a0    0000003c                   : BIOS.obj (.text:ti_sysbios_knl_Swi_restore__E)
                  000077dc    00000038     msp432p4xx_driverlib.lib : adc14.o (.text:ADC14_initModule)
                  00007814    00000038                              : adc14.o (.text:ADC14_setSampleHoldTrigger)
                  0000784c    00000038     drivers_MSP432P401R.aem4f : ADC.oem4f (.text:ADC_init)
                  00007884    00000038     HAL_MSP_EXP432P401R_Crystalfontz128x128_ST7735.obj (.text:HAL_LCD_writeCommand)
                  000078bc    00000038     msp432p4xx_driverlib.lib : i2c.o (.text:I2C_masterSendMultiByteStart)
                  000078f4    00000038     rtsv7M4_T_le_v4SPD16_eabi.lib : trgmsg.c.obj (.text:__TI_writemsg)
                  0000792c    00000038     ADCMSP432.obj (.text:initHw)
                  00007964    00000038     rtsv7M4_T_le_v4SPD16_eabi.lib : fs_tod_t2.asm.obj (.text)
                  0000799c    00000004     --HOLE-- [fill = 0]
                  000079a0    00000038     sysbios.aem4f : BIOS.obj (.text:ti_sysbios_family_arm_m3_Hwi_excNoIsr__I)
                  000079d8    00000038     project6_pem4f.oem4f (.text:ti_sysbios_knl_Clock_create)
                  00007a10    00000038     sysbios.aem4f : BIOS.obj (.text:ti_sysbios_knl_Task_processVitalTaskFlag__I)
                  00007a48    00000038     ti.targets.arm.rtsarm.aem4f : SysMin.oem4f (.text:xdc_runtime_SysMin_putch__E)
                  00007a80    00000038                                 : System.oem4f (.text:xdc_runtime_System_atexit__E)
                  00007ab8    00000034     accelerometer.obj (.text:ACCEL_get)
                  00007aec    00000034     msp432p4xx_driverlib.lib : flash.o (.text:FlashCtl_enableReadBuffering)
                  00007b20    00000034     rtsv7M4_T_le_v4SPD16_eabi.lib : trgmsg.c.obj (.text:__TI_readmsg)
                  00007b54    00000004     --HOLE-- [fill = 0]
                  00007b58    00000034     sysbios.aem4f : BIOS.obj (.text:ti_sysbios_family_arm_m3_Hwi_Instance_finalize__E)
                  00007b8c    00000004     --HOLE-- [fill = 0]
                  00007b90    00000034                   : BIOS.obj (.text:ti_sysbios_family_arm_m3_Hwi_excNmi__I)
                  00007bc4    00000004     --HOLE-- [fill = 0]
                  00007bc8    00000034                   : BIOS.obj (.text:ti_sysbios_hal_Hwi_checkStack)
                  00007bfc    00000034     ti.targets.arm.rtsarm.aem4f : Core-label.oem4f (.text:xdc_runtime_Core_assignLabel__I)
                  00007c30    00000033                                 : Text.oem4f (.text:xdc_runtime_Text_printVisFxn__I)
                  00007c63    00000005     --HOLE-- [fill = 0]
                  00007c68    00000032     sysbios.aem4f : BIOS.obj (.text:ti_sysbios_hal_Hwi_initStack)
                  00007c9a    00000002     --HOLE-- [fill = 0]
                  00007c9c    00000030     msp432p4xx_driverlib.lib : gpio.o (.text:GPIO_getEnabledInterruptStatus)
                  00007ccc    00000030                              : gpio.o (.text:GPIO_setAsInputPinWithPullDownResistor)
                  00007cfc    00000030                              : gpio.o (.text:GPIO_setAsInputPinWithPullUpResistor)
                  00007d2c    00000030     HAL_MSP_EXP432P401R_Crystalfontz128x128_ST7735.obj (.text:HAL_LCD_PortInit)
                  00007d5c    00000030     msp432p4xx_driverlib.lib : i2c.o (.text:I2C_masterReceiveMultiByteFinish)
                  00007d8c    00000030                              : i2c.o (.text:I2C_masterSendMultiByteStop)
                  00007dbc    00000030                              : spi.o (.text:is_A_Module)
                  00007dec    00000030     project6_pem4f.oem4f (.text:ti_sysbios_BIOS_atExitFunc__I)
                  00007e1c    00000030     project6_pem4f.oem4f (.text:ti_sysbios_BIOS_startFunc__I)
                  00007e4c    00000004     --HOLE-- [fill = 0]
                  00007e50    00000030     sysbios.aem4f : BIOS.obj (.text:ti_sysbios_family_arm_m3_TaskSupport_start__E)
                  00007e80    00000030     project6_pem4f.oem4f (.text:ti_sysbios_gates_GateHwi_Object__create__S)
                  00007eb0    00000030     project6_pem4f.oem4f (.text:ti_sysbios_gates_GateMutex_Object__create__S)
                  00007ee0    00000030     project6_pem4f.oem4f (.text:ti_sysbios_heaps_HeapMem_Object__create__S)
                  00007f10    00000030     project6_pem4f.oem4f (.text:ti_sysbios_knl_Semaphore_construct)
                  00007f40    00000030     sysbios.aem4f : BIOS.obj (.text:ti_sysbios_knl_Semaphore_pendTimeout__I)
                  00007f70    00000030                   : BIOS.obj (.text:ti_sysbios_knl_Task_unblockI__E)
                  00007fa0    00000030     ti.targets.arm.rtsarm.aem4f : SysMin.oem4f (.text:xdc_runtime_SysMin_abort__E)
                  00007fd0    00000030                                 : System.oem4f (.text:xdc_runtime_System_processAtExit__E)
                  00008000    0000002e     rtsv7M4_T_le_v4SPD16_eabi.lib : i_tofd_t2.asm.obj (.text)
                  0000802e    00000002     --HOLE-- [fill = 0]
                  00008030    0000002c     msp432p4xx_driverlib.lib : adc14.o (.text:ADC14_enableConversion)
                  0000805c    0000002c                              : adc14.o (.text:ADC14_setSampleHoldTime)
                  00008088    0000002c     Crystalfontz128x128_ST7735.obj (.text:Crystalfontz128x128_ClearScreen)
                  000080b4    0000002c     msp432p4xx_driverlib.lib : gpio.o (.text:GPIO_setAsInputPin)
                  000080e0    0000002c     display.obj (.text:Graphics_drawPixelOnDisplay)
                  0000810c    0000002c     HAL_MSP_EXP432P401R_Crystalfontz128x128_ST7735.obj (.text:HAL_LCD_writeData)
                  00008138    0000002c     msp432p4xx_driverlib.lib : pcm.o (.text:PCM_getCoreVoltageLevel)
                  00008164    0000002c     power_tirtos_MSP432P401R.aem4f : PowerMSP432_tirtos.oem4f (.text:PowerMSP432_updateFreqs)
                  00008190    0000002c     drivers_MSP432P401R.aem4f : PowerMSP432.oem4f (.text:Power_releaseConstraint)
                  000081bc    0000002c                               : PowerMSP432.oem4f (.text:Power_setConstraint)
                  000081e8    0000002c     project6_pem4f.oem4f (.text:ti_sysbios_knl_Clock_doTick__I)
                  00008214    0000002c     project6_pem4f.oem4f (.text:ti_sysbios_knl_Queue_construct)
                  00008240    0000002c     sysbios.aem4f : BIOS.obj (.text:ti_sysbios_knl_Task_restore__E)
                  0000826c    0000002c     ti.targets.arm.rtsarm.aem4f : Text.oem4f (.text:xdc_runtime_Text_cordText__E)
                  00008298    0000002a     msp432p4xx_driverlib.lib : pcm.o (.text:PCM_getPowerMode)
                  000082c2    0000002a     ti.targets.arm.rtsarm.aem4f : System.oem4f (.text:xdc_runtime_System_putchar__I)
                  000082ec    00000028     msp432p4xx_driverlib.lib : adc14.o (.text:ADC14_enableSampleTimer)
                  00008314    00000028     drivers_MSP432P401R.aem4f : ADC.oem4f (.text:ADC_open)
                  0000833c    00000028     Crystalfontz128x128_ST7735.obj (.text:Crystalfontz128x128_ColorTranslate)
                  00008364    00000028     msp432p4xx_driverlib.lib : flash.o (.text:FlashCtl_setWaitState)
                  0000838c    00000028                              : pcm.o (.text:PCM_gotoLPM0)
                  000083b4    00000028     project6.obj (.text:TEMP_get)
                  000083dc    00000004     --HOLE-- [fill = 0]
                  000083e0    00000028     sysbios.aem4f : BIOS.obj (.text:ti_sysbios_knl_Swi_Module_startup__E)
                  00008408    00000026                   : m3_Hwi_asm.obj (.text:ti_sysbios_family_arm_m3_Hwi_pendSV__I)
                  0000842e    00000026     ti.targets.arm.rtsarm.aem4f : System.oem4f (.text:xdc_runtime_System_avprintf__E)
                  00008454    00000024     msp432p4xx_driverlib.lib : cs.o (.text:CS_setDCOCenteredFrequency)
                  00008478    00000024                              : gpio.o (.text:GPIO_setAsOutputPin)
                  0000849c    00000024                              : rtc_c.o (.text:RTC_C_holdClock)
                  000084c0    00000024                              : rtc_c.o (.text:RTC_C_startClock)
                  000084e4    00000024     project6_pem4f.oem4f (.text:ti_sysbios_BIOS_errorRaiseHook__I)
                  00008508    00000024     project6_pem4f.oem4f (.text:ti_sysbios_BIOS_registerRTSLock__I)
                  0000852c    00000024     project6_pem4f.oem4f (.text:ti_sysbios_BIOS_removeRTSLock__I)
                  00008550    00000024     sysbios.aem4f : BIOS.obj (.text:ti_sysbios_family_arm_msp432_ClockFreqs_setFrequency__E)
                  00008574    00000024     project6_pem4f.oem4f (.text:ti_sysbios_gates_GateMutex_Object__delete__S)
                  00008598    00000024     sysbios.aem4f : BIOS.obj (.text:ti_sysbios_knl_Clock_Module_startup__E)
                  000085bc    00000004     --HOLE-- [fill = 0]
                  000085c0    00000024                   : BIOS.obj (.text:ti_sysbios_knl_Task_restoreHwi__E)
                  000085e4    00000024     ti.targets.arm.rtsarm.aem4f : System.oem4f (.text:xdc_runtime_System_vprintf__E)
                  00008608    00000022     project6_pem4f.oem4f (.text:xdc_runtime_SysMin_output__I)
                  0000862a    00000002     --HOLE-- [fill = 0]
                  0000862c    00000020     msp432p4xx_driverlib.lib : adc14.o (.text:ADC14_clearInterruptFlag)
                  0000864c    00000020                              : adc14.o (.text:ADC14_disableInterrupt)
                  0000866c    00000020                              : adc14.o (.text:ADC14_disableModule)
                  0000868c    00000020                              : adc14.o (.text:ADC14_toggleConversionTrigger)
                  000086ac    00000020                              : gpio.o (.text:GPIO_interruptEdgeSelect)
                  000086cc    00000020     joystick.obj (.text:JS_get)
                  000086ec    00000020     rtsv7M4_T_le_v4SPD16_eabi.lib : u_tofd_t2.asm.obj (.text)
                  0000870c    00000020     project6_pem4f.oem4f (.text:ti_sysbios_BIOS_rtsLock__I)
                  0000872c    00000020     sysbios.aem4f : m3_Hwi_asm.obj (.text:ti_sysbios_family_arm_m3_Hwi_excHandlerAsm__I)
                  0000874c    00000004     --HOLE-- [fill = 0]
                  00008750    00000020                   : BIOS.obj (.text:ti_sysbios_family_arm_m3_Hwi_excHandler__I)
                  00008770    00000020     project6_pem4f.oem4f (.text:ti_sysbios_gates_GateHwi_Object__delete__S)
                  00008790    00000020     project6_pem4f.oem4f (.text:ti_sysbios_heaps_HeapMem_Object__delete__S)
                  000087b0    00000020     sysbios.aem4f : BIOS.obj (.text:ti_sysbios_knl_Idle_run__E)
                  000087d0    00000020     project6_pem4f.oem4f (.text:ti_sysbios_knl_Semaphore_Object__destruct__S)
                  000087f0    00000020     ti.targets.arm.rtsarm.aem4f : Registry.oem4f (.text:xdc_runtime_Registry_findById__E)
                  00008810    00000020                                 : SysMin.oem4f (.text:xdc_runtime_SysMin_Module_startup__E)
                  00008830    0000001e     sysbios.aem4f : m3_Hwi_asm_switch.obj (.text:ti_sysbios_family_xxx_Hwi_switchAndRunFunc)
                  0000884e    00000002     --HOLE-- [fill = 0]
                  00008850    0000001c     msp432p4xx_driverlib.lib : adc14.o (.text:ADC14_getInterruptStatus)
                  0000886c    0000001c     HAL_I2C.obj (.text:I2C_setslave)
                  00008888    0000001c     msp432p4xx_driverlib.lib : pcm.o (.text:PCM_enableRudeMode)
                  000088a4    00000004     --HOLE-- [fill = 0]
                  000088a8    0000001c     sysbios.aem4f : BIOS.obj (.text:ti_sysbios_gates_GateMutex_Instance_init__E)
                  000088c4    0000001c     project6_pem4f.oem4f (.text:ti_sysbios_knl_Queue_Object__destruct__S)
                  000088e0    0000001c     sysbios.aem4f : BIOS.obj (.text:ti_sysbios_knl_Queue_get__E)
                  000088fc    00000004     --HOLE-- [fill = 0]
                  00008900    0000001c                   : BIOS.obj (.text:ti_sysbios_knl_Queue_put__E)
                  0000891c    00000004     --HOLE-- [fill = 0]
                  00008920    0000001c                   : BIOS.obj (.text:ti_sysbios_knl_Task_enter__I)
                  0000893c    0000001c     ti.targets.arm.rtsarm.aem4f : Error.oem4f (.text:xdc_runtime_Error_raiseX__E)
                  00008958    0000001c                                 : Memory.oem4f (.text:xdc_runtime_Memory_valloc__E)
                  00008974    0000001c                                 : SysMin.oem4f (.text:xdc_runtime_SysMin_exit__E)
                  00008990    0000001c                                 : System.oem4f (.text:xdc_runtime_System_abort__E)
                  000089ac    0000001a     display.obj (.text:Graphics_clearDisplayOnDisplay)
                  000089c6    0000001a     msp432p4xx_driverlib.lib : spi.o (.text:SPI_enableModule)
                  000089e0    0000001a     project6_pem4f.oem4f (.text:ti_sysbios_family_arm_m3_Hwi_Handle__label__S)
                  000089fa    0000001a     project6_pem4f.oem4f (.text:ti_sysbios_gates_GateHwi_Handle__label__S)
                  00008a14    0000001a     project6_pem4f.oem4f (.text:ti_sysbios_gates_GateMutex_Handle__label__S)
                  00008a2e    0000001a     project6_pem4f.oem4f (.text:ti_sysbios_heaps_HeapMem_Handle__label__S)
                  00008a48    0000001a     project6_pem4f.oem4f (.text:ti_sysbios_knl_Swi_Handle__label__S)
                  00008a62    0000001a     project6_pem4f.oem4f (.text:ti_sysbios_knl_Task_Handle__label__S)
                  00008a7c    0000001a     project6_pem4f.oem4f (.text:xdc_runtime_System_aprintf__E)
                  00008a96    0000001a     project6_pem4f.oem4f (.text:xdc_runtime_System_printf__E)
                  00008ab0    00000018     msp432p4xx_driverlib.lib : adc14.o (.text:ADC14_getResult)
                  00008ac8    00000018     project6.obj (.text:CLK_TSK_game_timer)
                  00008ae0    00000018     msp432p4xx_driverlib.lib : gpio.o (.text:GPIO_clearInterruptFlag)
                  00008af8    00000018                              : gpio.o (.text:GPIO_setDriveStrengthLow)
                  00008b10    00000018                              : gpio.o (.text:GPIO_setOutputLowOnPin)
                  00008b28    00000018                              : wdt_a.o (.text:WDT_A_holdTimer)
                  00008b40    00000018     rtsv7M4_T_le_v4SPD16_eabi.lib : args_main.c.obj (.text:_args_main)
                  00008b58    00000018     project6_pem4f.oem4f (.text:ti_sysbios_BIOS_rtsUnlock__I)
                  00008b70    00000018     project6_pem4f.oem4f (.text:ti_sysbios_family_arm_m3_Hwi_Module__startupDone__F)
                  00008b88    00000018     sysbios.aem4f : m3_TaskSupport_asm.obj (.text:ti_sysbios_family_arm_m3_TaskSupport_swap__E)
                  00008ba0    00000018     project6_pem4f.oem4f (.text:ti_sysbios_family_arm_msp432_Timer_Module__startupDone__F)
                  00008bb8    00000018     sysbios.aem4f : BIOS.obj (.text:ti_sysbios_gates_GateMutex_leave__E)
                  00008bd0    00000018     ti.targets.arm.rtsarm.aem4f : Error.oem4f (.text:xdc_runtime_Error_check__E)
                  00008be8    00000018                                 : System.oem4f (.text:xdc_runtime_System_exit__E)
                  00008c00    00000018                                 : Text.oem4f (.text:xdc_runtime_Text_ropeText__E)
                  00008c18    00000016     display.obj (.text:Graphics_translateColorOnDisplay)
                  00008c2e    00000016     tirtosport.aem4f : SemaphoreP_tirtos.oem4f (.text:SemaphoreP_delete)
                  00008c44    00000016     project6_pem4f.oem4f (.text:ti_sysbios_BIOS_exitFunc__I)
                  00008c5a    00000016     project6.obj (.text:ti_sysbios_knl_Clock_Params_init)
                  00008c70    00000016     project6.obj (.text:ti_sysbios_knl_Mailbox_Params_init)
                  00008c86    00000016     project6.obj (.text:ti_sysbios_knl_Semaphore_Params_init)
                  00008c9c    00000016     project6.obj (.text:ti_sysbios_knl_Task_Params_init)
                  00008cb2    00000002     --HOLE-- [fill = 0]
                  00008cb4    00000014     msp432p4xx_driverlib.lib : adc14.o (.text:ADC14_setResolution)
                  00008cc8    00000014                              : adc14.o (.text:ADCIsConversionRunning)
                  00008cdc    00000014                              : gpio.o (.text:GPIO_setDriveStrengthHigh)
                  00008cf0    00000014                              : gpio.o (.text:GPIO_setOutputHighOnPin)
                  00008d04    00000014                              : i2c.o (.text:I2C_isBusBusy)
                  00008d18    00000014     drivers_MSP432P401R.aem4f : PowerMSP432.oem4f (.text:Power_idleFunc)
                  00008d2c    00000014     msp432p4xx_driverlib.lib : ref_a.o (.text:REF_A_setReferenceVoltage)
                  00008d40    00000014     project6.obj (.text:TSK_draw_screen)
                  00008d54    00000014     msp432p4xx_driverlib.lib : wdt_a.o (.text:WDT_A_startTimer)
                  00008d68    00000014     rtsv7M4_T_le_v4SPD16_eabi.lib : s_copysign.c.obj (.text:copysign)
                  00008d7c    00000014                                   : strlen.c.obj (.text:strlen)
                  00008d90    00000014     project6_pem4f.oem4f (.text:ti_sysbios_family_arm_m3_Hwi_Object__get__S)
                  00008da4    00000004     --HOLE-- [fill = 0]
                  00008da8    00000014     sysbios.aem4f : BIOS.obj (.text:ti_sysbios_family_arm_m3_Hwi_switchFromBootStack__E)
                  00008dbc    00000014     project6_pem4f.oem4f (.text:ti_sysbios_heaps_HeapMem_Object__get__S)
                  00008dd0    00000014     project6_pem4f.oem4f (.text:ti_sysbios_knl_Task_Object__get__S)
                  00008de4    00000012     ADCMSP432.obj (.text:ADCMSP432_control)
                  00008df6    00000012     ADCMSP432.obj (.text:ADCMSP432_init)
                  00008e08    00000012     context.obj (.text:Graphics_clearDisplay)
                  00008e1a    00000012     tirtosport.aem4f : SemaphoreP_tirtos.oem4f (.text:SemaphoreP_pend)
                  00008e2c    00000004     --HOLE-- [fill = 0]
                  00008e30    00000012     sysbios.aem4f : BIOS.obj (.text:ti_sysbios_hal_Hwi_Module_startup__E)
                  00008e42    00000012     project6_pem4f.oem4f (.text:xdc_runtime_Startup_exec__I)
                  00008e54    00000010     msp432p4xx_driverlib.lib : adc14.o (.text:ADC14_disableConversion)
                  00008e64    00000010                              : adc14.o (.text:ADC14_enableModule)
                  00008e74    00000010     project6.obj (.text:CLK_TSK_disp_timer)
                  00008e84    00000010     msp432p4xx_driverlib.lib : gpio.o (.text:GPIO_getInterruptStatus)
                  00008e94    00000010                              : i2c.o (.text:I2C_masterReceiveStart)
                  00008ea4    00000010                              : pcm.o (.text:PCM_gotoLPM4)
                  00008eb4    00000010                              : ref_a.o (.text:REF_A_enableReferenceVoltage)
                  00008ec4    00000010     HAL_TMP006.obj (.text:TMP006_readAmbientTemperature)
                  00008ed4    00000010     HAL_TMP006.obj (.text:TMP006_readDeviceId)
                  00008ee4    00000010     HAL_TMP006.obj (.text:TMP006_readObjectVoltage)
                  00008ef4    00000004     --HOLE-- [fill = 0]
                  00008ef8    00000010     sysbios.aem4f : BIOS.obj (.text:ti_sysbios_BIOS_setCpuFreq__E)
                  00008f08    00000010                   : BIOS.obj (.text:ti_sysbios_BIOS_setThreadType__E)
                  00008f18    00000010                   : BIOS.obj (.text:ti_sysbios_BIOS_start__E)
                  00008f28    00000010                   : m3_TaskSupport_asm.obj (.text:ti_sysbios_family_arm_m3_TaskSupport_glue)
                  00008f38    00000010                   : BIOS.obj (.text:ti_sysbios_family_arm_msp432_init_Boot_disableWatchdog)
                  00008f48    00000010                   : BIOS.obj (.text:ti_sysbios_gates_GateMutex_Instance_finalize__E)
                  00008f58    00000010                   : BIOS.obj (.text:ti_sysbios_knl_Semaphore_Instance_finalize__E)
                  00008f68    00000010     project6_pem4f.oem4f (.text:ti_sysbios_knl_Swi_Object__get__S)
                  00008f78    00000010     sysbios.aem4f : BIOS.obj (.text:ti_sysbios_knl_Swi_disable__E)
                  00008f88    00000010                   : BIOS.obj (.text:ti_sysbios_knl_Task_disable__E)
                  00008f98    00000010     ti.targets.arm.rtsarm.aem4f : Gate.oem4f (.text:xdc_runtime_Gate_leaveSystem__E)
                  00008fa8    00000010                                 : Memory.oem4f (.text:xdc_runtime_Memory_free__E)
                  00008fb8    00000010                                 : SysMin.oem4f (.text:xdc_runtime_SysMin_ready__E)
                  00008fc8    00000010                                 : System.oem4f (.text:xdc_runtime_System_vsnprintf__E)
                  00008fd8    00000010     project6_pem4f.oem4f (.text:xdc_runtime_Text_visitRope__I)
                  00008fe8    0000000e     tirtosport.aem4f : HwiP_tirtos.oem4f (.text:HwiP_Params_init)
                  00008ff6    0000000e     msp432p4xx_driverlib.lib : i2c.o (.text:I2C_clearInterruptFlag)
                  00009004    0000000e                              : i2c.o (.text:I2C_setMode)
                  00009012    0000000e     rtsv7M4_T_le_v4SPD16_eabi.lib : copy_decompress_none.c.obj (.text:decompress:none:__TI_decompress_none)
                  00009020    0000000e     sysbios.aem4f : BIOS.obj (.text:ti_sysbios_knl_Idle_loop__E)
                  0000902e    0000000e     project6_pem4f.oem4f (.text:ti_sysbios_knl_Mailbox_Object__get__S)
                  0000903c    00000004     --HOLE-- [fill = 0]
                  00009040    0000000e     sysbios.aem4f : BIOS.obj (.text:ti_sysbios_knl_Queue_empty__E)
                  0000904e    0000000c     project6_pem4f.oem4f (.text:.bootCodeSection:ti_sysbios_family_arm_msp432_init_Boot_init__I)
                  0000905a    00000002     --HOLE-- [fill = 0]
                  0000905c    0000000c     project6.obj (.text:BTN1_BP_Callback)
                  00009068    0000000c     project6.obj (.text:BTN2_BP_Callback)
                  00009074    0000000c     msp432p4xx_driverlib.lib : cpu.o (.text:CPU_cpsid)
                  00009080    0000000c                              : cpu.o (.text:CPU_cpsie)
                  0000908c    0000000c                              : spi.o (.text:EUSCI_A_SPI_enable)
                  00009098    0000000c                              : spi.o (.text:EUSCI_B_SPI_enable)
                  000090a4    0000000c                              : pcm.o (.text:PCM_getPowerState)
                  000090b0    0000000c     drivers_MSP432P401R.aem4f : PowerMSP432.oem4f (.text:Power_getConstraintMask)
                  000090bc    0000000c     rtsv7M4_T_le_v4SPD16_eabi.lib : _lock.c.obj (.text:_register_lock)
                  000090c8    0000000c                                   : _lock.c.obj (.text:_register_unlock)
                  000090d4    0000000c                                   : copy_zero_init.c.obj (.text:decompress:ZI:__TI_zero_init)
                  000090e0    0000000c     project6_pem4f.oem4f (.text:ti_sysbios_family_arm_m3_Hwi_Params__init__S)
                  000090ec    00000004     --HOLE-- [fill = 0]
                  000090f0    0000000c     sysbios.aem4f : BIOS.obj (.text:ti_sysbios_family_arm_m3_Hwi_disableFxn__E)
                  000090fc    00000004     --HOLE-- [fill = 0]
                  00009100    0000000c                   : BIOS.obj (.text:ti_sysbios_family_arm_m3_TaskSupport_checkStack__E)
                  0000910c    00000004     --HOLE-- [fill = 0]
                  00009110    0000000c                   : BIOS.obj (.text:ti_sysbios_family_arm_m3_TaskSupport_getStackAlignment__E)
                  0000911c    00000004     --HOLE-- [fill = 0]
                  00009120    0000000c                   : BIOS.obj (.text:ti_sysbios_family_arm_msp432_Timer_getMaxTicks__E)
                  0000912c    00000004     --HOLE-- [fill = 0]
                  00009130    0000000c                   : BIOS.obj (.text:ti_sysbios_gates_GateHwi_enter__E)
                  0000913c    0000000c     project6_pem4f.oem4f (.text:ti_sysbios_knl_Clock_Params__init__S)
                  00009148    0000000c     project6_pem4f.oem4f (.text:ti_sysbios_knl_Mailbox_Params__init__S)
                  00009154    0000000c     project6_pem4f.oem4f (.text:ti_sysbios_knl_Queue_Object__get__S)
                  00009160    0000000c     project6_pem4f.oem4f (.text:ti_sysbios_knl_Semaphore_Params__init__S)
                  0000916c    0000000c     project6.obj (.text:ti_sysbios_knl_Semaphore_handle)
                  00009178    0000000c     project6_pem4f.oem4f (.text:ti_sysbios_knl_Task_Params__init__S)
                  00009184    0000000c     ti.targets.arm.rtsarm.aem4f : Error.oem4f (.text:xdc_runtime_Error_init__E)
                  00009190    0000000c                                 : Gate.oem4f (.text:xdc_runtime_Gate_enterSystem__E)
                  0000919c    0000000c                                 : Memory.oem4f (.text:xdc_runtime_Memory_calloc__E)
                  000091a8    0000000c                                 : Memory.oem4f (.text:xdc_runtime_Memory_getMaxDefaultTypeAlign__E)
                  000091b4    0000000c                                 : Startup.oem4f (.text:xdc_runtime_Startup_rtsDone__E)
                  000091c0    0000000a     drivers_MSP432P401R.aem4f : ADC.oem4f (.text:ADC_close)
                  000091ca    0000000a                               : ADC.oem4f (.text:ADC_convert)
                  000091d4    0000000a     Crystalfontz128x128_ST7735.obj (.text:Crystalfontz128x128_Flush)
                  000091de    0000000a     tirtosport.aem4f : SemaphoreP_tirtos.oem4f (.text:SemaphoreP_post)
                  000091e8    0000000a     project6_pem4f.oem4f (.text:xdc_runtime_IHeap_alloc)
                  000091f2    0000000a     project6_pem4f.oem4f (.text:xdc_runtime_IHeap_free)
                  000091fc    00000008     MSP_EXP432P401R.obj (.text:MSP_EXP432P401R_initADC)
                  00009204    00000008     MSP_EXP432P401R.obj (.text:MSP_EXP432P401R_initGPIO)
                  0000920c    00000008     MSP_EXP432P401R.obj (.text:MSP_EXP432P401R_initGeneral)
                  00009214    00000008     msp432p4xx_driverlib.lib : pcm.o (.text:PCM_setPowerMode)
                  0000921c    00000008                              : pcm.o (.text:PCM_setPowerState)
                  00009224    00000008     tirtosport.aem4f : SemaphoreP_tirtos.oem4f (.text:SemaphoreP_Params_init)
                  0000922c    00000008     rtsv7M4_T_le_v4SPD16_eabi.lib : errno.c.obj (.text:__aeabi_errno_addr)
                  00009234    00000004     --HOLE-- [fill = 0]
                  00009238    00000008     sysbios.aem4f : BIOS.obj (.text:ti_sysbios_family_arm_m3_Hwi_doSwiRestore__I)
                  00009240    00000008                   : BIOS.obj (.text:ti_sysbios_family_arm_m3_Hwi_startup__E)
                  00009248    00000006     msp432p4xx_driverlib.lib : i2c.o (.text:I2C_masterReceiveMultiByteNext)
                  0000924e    00000002     --HOLE-- [fill = 0]
                  00009250    00000006     sysbios.aem4f : BIOS.obj (.text:ti_sysbios_family_arm_m3_Hwi_doTaskRestore__I)
                  00009256    00000002     --HOLE-- [fill = 0]
                  00009258    00000006                   : BIOS.obj (.text:ti_sysbios_family_arm_m3_Hwi_restoreFxn__E)
                  0000925e    00000002     --HOLE-- [fill = 0]
                  00009260    00000006                   : BIOS.obj (.text:ti_sysbios_gates_GateHwi_leave__E)
                  00009266    00000002     --HOLE-- [fill = 0]
                  00009268    00000006                   : BIOS.obj (.text:ti_sysbios_heaps_HeapMem_isBlocking__E)
                  0000926e    00000002     --HOLE-- [fill = 0]
                  00009270    00000006                   : BIOS.obj (.text:ti_sysbios_knl_Queue_Instance_init__E)
                  00009276    00000002     --HOLE-- [fill = 0]
                  00009278    00000006                   : BIOS.obj (.text:ti_sysbios_knl_Swi_startup__E)
                  0000927e    00000006     ti.targets.arm.rtsarm.aem4f : System.oem4f (.text:xdc_runtime_System_Module_startup__E)
                  00009284    00000004     --HOLE-- [fill = 0]
                  00009288    00000004     sysbios.aem4f : BIOS.obj (.text:ti_sysbios_gates_GateHwi_query__E)
                  0000928c    00000004     --HOLE-- [fill = 0]
                  00009290    00000004                   : BIOS.obj (.text:ti_sysbios_gates_GateMutex_query__E)
                  00009294    00000004     --HOLE-- [fill = 0]
                  00009298    00000004                   : BIOS.obj (.text:ti_sysbios_knl_Task_startup__E)
                  0000929c    00000004     --HOLE-- [fill = 0]
                  000092a0    00000002                   : BIOS.obj (.text:ti_sysbios_BIOS_linkedWithIncorrectBootLibrary__E)
                  000092a2    00000006     --HOLE-- [fill = 0]
                  000092a8    00000002                   : BIOS.obj (.text:ti_sysbios_gates_GateHwi_Instance_init__E)
                  000092aa    00000006     --HOLE-- [fill = 0]
                  000092b0    00000002                   : BIOS.obj (.text:ti_sysbios_knl_Clock_logTick__E)

.const     0    000092b8    00003061     
                  000092b8    000018b0     project6_pem4f.oem4f (.const:xdc_runtime_Text_charTab__A)
                  0000ab68    00000b00     project6.obj (.const:.string:pixel_lightbulb8BPP_UNCOMP)
                  0000b668    00000400     project6.obj (.const:palette_lightbulb8BPP_UNCOMP)
                  0000ba68    000000b8     project6_pem4f.oem4f (.const:xdc_runtime_Text_nodeTab__A)
                  0000bb20    000000a8     MSP_EXP432P401R.obj (.const:adcMSP432HWAttrs)
                  0000bbc8    00000080     msp432p4xx_driverlib.lib : adc14.o (.const:_ctlRegs)
                  0000bc48    00000060     MSP_EXP432P401R.obj (.const:ADC_config)
                  0000bca8    00000048     project6_pem4f.oem4f (.const:.string)
                  0000bcf0    0000003c     project6_pem4f.oem4f (.const:ti_sysbios_knl_Task_Object__PARAMS__C)
                  0000bd2c    00000034     project6.obj (.const:.string:pixel_broken_lightbulb_inverse1BPP_UNCOMP)
                  0000bd60    00000034     project6_pem4f.oem4f (.const:ti_sysbios_knl_Mailbox_Object__PARAMS__C)
                  0000bd94    00000004     project6_pem4f.oem4f (.const:ti_sysbios_family_arm_m3_Hwi_E_NMI__C)
                  0000bd98    00000030     rtsv7M4_T_le_v4SPD16_eabi.lib : e_pow.c.obj (.const:$O1$$)
                  0000bdc8    00000030     project6_pem4f.oem4f (.const:ti_sysbios_family_arm_m3_Hwi_Object__PARAMS__C)
                  0000bdf8    00000028     project6_pem4f.oem4f (.const:ti_sysbios_heaps_HeapMem_Module__FXNS__C)
                  0000be20    00000024     project6_pem4f.oem4f (.const:ti_sysbios_gates_GateHwi_Module__FXNS__C)
                  0000be44    00000024     project6_pem4f.oem4f (.const:ti_sysbios_gates_GateMutex_Module__FXNS__C)
                  0000be68    00000024     project6_pem4f.oem4f (.const:ti_sysbios_heaps_HeapMem_Object__PARAMS__C)
                  0000be8c    00000024     project6_pem4f.oem4f (.const:ti_sysbios_knl_Clock_Object__PARAMS__C)
                  0000beb0    00000024     project6_pem4f.oem4f (.const:ti_sysbios_knl_Semaphore_Object__PARAMS__C)
                  0000bed4    00000024     project6_pem4f.oem4f (.const:xdc_runtime_Startup_sfxnTab__A)
                  0000bef8    00000020     Crystalfontz128x128_ST7735.obj (.const:g_sCrystalfontz128x128_funcs)
                  0000bf18    00000020     project6_pem4f.oem4f (.const:ti_sysbios_family_arm_m3_Hwi_Object__DESC__C)
                  0000bf38    00000020     project6_pem4f.oem4f (.const:ti_sysbios_gates_GateHwi_Object__DESC__C)
                  0000bf58    00000020     project6_pem4f.oem4f (.const:ti_sysbios_gates_GateMutex_Object__DESC__C)
                  0000bf78    00000020     project6_pem4f.oem4f (.const:ti_sysbios_heaps_HeapMem_Object__DESC__C)
                  0000bf98    00000020     project6_pem4f.oem4f (.const:ti_sysbios_knl_Clock_Object__DESC__C)
                  0000bfb8    00000020     project6_pem4f.oem4f (.const:ti_sysbios_knl_Mailbox_Object__DESC__C)
                  0000bfd8    00000020     project6_pem4f.oem4f (.const:ti_sysbios_knl_Queue_Object__DESC__C)
                  0000bff8    00000020     project6_pem4f.oem4f (.const:ti_sysbios_knl_Semaphore_Object__DESC__C)
                  0000c018    00000020     project6_pem4f.oem4f (.const:ti_sysbios_knl_Task_Object__DESC__C)
                  0000c038    0000001c     HAL_MSP_EXP432P401R_Crystalfontz128x128_ST7735.obj (.const:$P$T0$1)
                  0000c054    00000018     ADCMSP432.obj (.const:ADCMSP432_fxnTable)
                  0000c06c    00000018     project6_pem4f.oem4f (.const:ti_sysbios_gates_GateHwi_Object__PARAMS__C)
                  0000c084    00000018     project6_pem4f.oem4f (.const:ti_sysbios_gates_GateMutex_Object__PARAMS__C)
                  0000c09c    00000018     project6_pem4f.oem4f (.const:ti_sysbios_knl_Queue_Object__PARAMS__C)
                  0000c0b4    00000014     MSP_EXP432P401R.obj (.const:GPIOMSP432_config)
                  0000c0c8    00000012     project6_pem4f.oem4f (.const:xdc_runtime_Startup_sfxnRts__A)
                  0000c0da    00000002     project6_pem4f.oem4f (.const:ti_sysbios_family_arm_m3_Hwi_Module__id__C)
                  0000c0dc    00000010     MSP_EXP432P401R.obj (.const:PowerMSP432_config)
                  0000c0ec    0000000c     drivers_MSP432P401R.aem4f : GPIOMSP432.oem4f (.const:.string)
                  0000c0f8    0000000c     project6_pem4f.oem4f (.const:xdc_runtime_Startup_firstFxns__A)
                  0000c104    00000008     Crystalfontz128x128_ST7735.obj (.const:$P$T0$1)
                  0000c10c    00000008     project6.obj (.const:palette_broken_lightbulb_inverse1BPP_UNCOMP)
                  0000c114    00000008     project6_pem4f.oem4f (.const:ti_sysbios_family_arm_m3_Hwi_excHookFuncs__A)
                  0000c11c    00000008     project6_pem4f.oem4f (.const:ti_sysbios_knl_Idle_funcList__A)
                  0000c124    00000008     project6_pem4f.oem4f (.const:ti_sysbios_knl_Idle_funcList__C)
                  0000c12c    00000008     project6_pem4f.oem4f (.const:xdc_runtime_Startup_firstFxns__C)
                  0000c134    00000008     project6_pem4f.oem4f (.const:xdc_runtime_Startup_lastFxns__C)
                  0000c13c    00000004     project6_pem4f.oem4f (.const:ti_sysbios_family_arm_m3_Hwi_E_alreadyDefined__C)
                  0000c140    00000004     project6_pem4f.oem4f (.const:ti_sysbios_family_arm_m3_Hwi_E_busFault__C)
                  0000c144    00000004     project6_pem4f.oem4f (.const:ti_sysbios_family_arm_m3_Hwi_E_debugMon__C)
                  0000c148    00000004     project6_pem4f.oem4f (.const:ti_sysbios_family_arm_m3_Hwi_E_hardFault__C)
                  0000c14c    00000004     project6_pem4f.oem4f (.const:ti_sysbios_family_arm_m3_Hwi_E_memFault__C)
                  0000c150    00000004     project6_pem4f.oem4f (.const:ti_sysbios_family_arm_m3_Hwi_E_noIsr__C)
                  0000c154    00000004     project6_pem4f.oem4f (.const:ti_sysbios_family_arm_m3_Hwi_E_reserved__C)
                  0000c158    00000004     project6_pem4f.oem4f (.const:ti_sysbios_family_arm_m3_Hwi_E_svCall__C)
                  0000c15c    00000004     project6_pem4f.oem4f (.const:ti_sysbios_family_arm_m3_Hwi_E_usageFault__C)
                  0000c160    00000004     project6_pem4f.oem4f (.const:ti_sysbios_family_arm_m3_Hwi_NUM_INTERRUPTS__C)
                  0000c164    00000004     project6_pem4f.oem4f (.const:ti_sysbios_family_arm_m3_Hwi_Object__count__C)
                  0000c168    00000004     project6_pem4f.oem4f (.const:ti_sysbios_family_arm_m3_Hwi_ccr__C)
                  0000c16c    00000004     project6_pem4f.oem4f (.const:ti_sysbios_family_arm_m3_Hwi_excHandlerFunc__C)
                  0000c170    00000004     project6_pem4f.oem4f (.const:ti_sysbios_family_arm_m3_Hwi_excHookFuncs__C)
                  0000c174    00000004     project6_pem4f.oem4f (.const:ti_sysbios_family_arm_m3_Hwi_nullIsrFunc__C)
                  0000c178    00000004     project6_pem4f.oem4f (.const:ti_sysbios_family_arm_m3_Hwi_priGroup__C)
                  0000c17c    00000004     project6_pem4f.oem4f (.const:ti_sysbios_family_arm_m3_TaskSupport_stackAlignment__C)
                  0000c180    00000004     project6_pem4f.oem4f (.const:ti_sysbios_family_arm_msp432_Timer_numTimerDevices__C)
                  0000c184    00000004     project6_pem4f.oem4f (.const:ti_sysbios_family_arm_msp432_Timer_startupNeeded__C)
                  0000c188    00000004     project6_pem4f.oem4f (.const:ti_sysbios_gates_GateMutex_A_badContext__C)
                  0000c18c    00000004     project6_pem4f.oem4f (.const:ti_sysbios_gates_GateMutex_Instance_State_sem__O)
                  0000c190    00000004     project6_pem4f.oem4f (.const:ti_sysbios_gates_GateMutex_Module__diagsEnabled__C)
                  0000c194    00000004     project6_pem4f.oem4f (.const:ti_sysbios_gates_GateMutex_Module__diagsIncluded__C)
                  0000c198    00000004     project6_pem4f.oem4f (.const:ti_sysbios_gates_GateMutex_Module__diagsMask__C)
                  0000c19c    00000004     project6_pem4f.oem4f (.const:ti_sysbios_hal_Hwi_E_stackOverflow__C)
                  0000c1a0    00000004     project6_pem4f.oem4f (.const:ti_sysbios_heaps_HeapMem_A_align__C)
                  0000c1a4    00000004     project6_pem4f.oem4f (.const:ti_sysbios_heaps_HeapMem_A_heapSize__C)
                  0000c1a8    00000004     project6_pem4f.oem4f (.const:ti_sysbios_heaps_HeapMem_A_invalidFree__C)
                  0000c1ac    00000004     project6_pem4f.oem4f (.const:ti_sysbios_heaps_HeapMem_A_zeroBlock__C)
                  0000c1b0    00000004     project6_pem4f.oem4f (.const:ti_sysbios_heaps_HeapMem_E_memory__C)
                  0000c1b4    00000004     project6_pem4f.oem4f (.const:ti_sysbios_heaps_HeapMem_Module__diagsEnabled__C)
                  0000c1b8    00000004     project6_pem4f.oem4f (.const:ti_sysbios_heaps_HeapMem_Module__diagsIncluded__C)
                  0000c1bc    00000004     project6_pem4f.oem4f (.const:ti_sysbios_heaps_HeapMem_Module__diagsMask__C)
                  0000c1c0    00000004     project6_pem4f.oem4f (.const:ti_sysbios_heaps_HeapMem_Module__gateObj__C)
                  0000c1c4    00000004     project6_pem4f.oem4f (.const:ti_sysbios_heaps_HeapMem_Object__count__C)
                  0000c1c8    00000004     project6_pem4f.oem4f (.const:ti_sysbios_heaps_HeapMem_reqAlign__C)
                  0000c1cc    00000004     project6_pem4f.oem4f (.const:ti_sysbios_knl_Clock_A_badThreadType__C)
                  0000c1d0    00000004     project6_pem4f.oem4f (.const:ti_sysbios_knl_Clock_Module_State_clockQ__O)
                  0000c1d4    00000004     project6_pem4f.oem4f (.const:ti_sysbios_knl_Clock_Module__diagsEnabled__C)
                  0000c1d8    00000004     project6_pem4f.oem4f (.const:ti_sysbios_knl_Clock_Module__diagsIncluded__C)
                  0000c1dc    00000004     project6_pem4f.oem4f (.const:ti_sysbios_knl_Clock_Module__diagsMask__C)
                  0000c1e0    00000004     project6_pem4f.oem4f (.const:ti_sysbios_knl_Clock_tickPeriod__C)
                  0000c1e4    00000004     project6_pem4f.oem4f (.const:ti_sysbios_knl_Mailbox_A_invalidBufSize__C)
                  0000c1e8    00000004     project6_pem4f.oem4f (.const:ti_sysbios_knl_Mailbox_Instance_State_dataQue__O)
                  0000c1ec    00000004     project6_pem4f.oem4f (.const:ti_sysbios_knl_Mailbox_Instance_State_dataSem__O)
                  0000c1f0    00000004     project6_pem4f.oem4f (.const:ti_sysbios_knl_Mailbox_Instance_State_freeQue__O)
                  0000c1f4    00000004     project6_pem4f.oem4f (.const:ti_sysbios_knl_Mailbox_Instance_State_freeSem__O)
                  0000c1f8    00000004     project6_pem4f.oem4f (.const:ti_sysbios_knl_Mailbox_Module__diagsEnabled__C)
                  0000c1fc    00000004     project6_pem4f.oem4f (.const:ti_sysbios_knl_Mailbox_Module__diagsIncluded__C)
                  0000c200    00000004     project6_pem4f.oem4f (.const:ti_sysbios_knl_Mailbox_Module__diagsMask__C)
                  0000c204    00000004     project6_pem4f.oem4f (.const:ti_sysbios_knl_Mailbox_Object__count__C)
                  0000c208    00000004     project6_pem4f.oem4f (.const:ti_sysbios_knl_Mailbox_maxTypeAlign__C)
                  0000c20c    00000004     project6_pem4f.oem4f (.const:ti_sysbios_knl_Semaphore_A_badContext__C)
                  0000c210    00000004     project6_pem4f.oem4f (.const:ti_sysbios_knl_Semaphore_A_noEvents__C)
                  0000c214    00000004     project6_pem4f.oem4f (.const:ti_sysbios_knl_Semaphore_A_overflow__C)
                  0000c218    00000004     project6_pem4f.oem4f (.const:ti_sysbios_knl_Semaphore_A_pendTaskDisabled__C)
                  0000c21c    00000004     project6_pem4f.oem4f (.const:ti_sysbios_knl_Semaphore_Instance_State_pendQ__O)
                  0000c220    00000004     project6_pem4f.oem4f (.const:ti_sysbios_knl_Semaphore_Module__diagsEnabled__C)
                  0000c224    00000004     project6_pem4f.oem4f (.const:ti_sysbios_knl_Semaphore_Module__diagsIncluded__C)
                  0000c228    00000004     project6_pem4f.oem4f (.const:ti_sysbios_knl_Semaphore_Module__diagsMask__C)
                  0000c22c    00000004     project6_pem4f.oem4f (.const:ti_sysbios_knl_Swi_Object__count__C)
                  0000c230    00000004     project6_pem4f.oem4f (.const:ti_sysbios_knl_Task_A_badPriority__C)
                  0000c234    00000004     project6_pem4f.oem4f (.const:ti_sysbios_knl_Task_A_badTaskState__C)
                  0000c238    00000004     project6_pem4f.oem4f (.const:ti_sysbios_knl_Task_A_badThreadType__C)
                  0000c23c    00000004     project6_pem4f.oem4f (.const:ti_sysbios_knl_Task_A_noPendElem__C)
                  0000c240    00000004     project6_pem4f.oem4f (.const:ti_sysbios_knl_Task_E_spOutOfBounds__C)
                  0000c244    00000004     project6_pem4f.oem4f (.const:ti_sysbios_knl_Task_E_stackOverflow__C)
                  0000c248    00000004     project6_pem4f.oem4f (.const:ti_sysbios_knl_Task_Module_State_inactiveQ__O)
                  0000c24c    00000004     project6_pem4f.oem4f (.const:ti_sysbios_knl_Task_Module__diagsEnabled__C)
                  0000c250    00000004     project6_pem4f.oem4f (.const:ti_sysbios_knl_Task_Module__diagsIncluded__C)
                  0000c254    00000004     project6_pem4f.oem4f (.const:ti_sysbios_knl_Task_Module__diagsMask__C)
                  0000c258    00000004     project6_pem4f.oem4f (.const:ti_sysbios_knl_Task_Object__count__C)
                  0000c25c    00000004     project6_pem4f.oem4f (.const:ti_sysbios_knl_Task_allBlockedFunc__C)
                  0000c260    00000004     project6_pem4f.oem4f (.const:ti_sysbios_knl_Task_defaultStackHeap__C)
                  0000c264    00000004     project6_pem4f.oem4f (.const:ti_sysbios_knl_Task_defaultStackSize__C)
                  0000c268    00000004     project6_pem4f.oem4f (.const:ti_sysbios_knl_Task_numConstructedTasks__C)
                  0000c26c    00000004     project6_pem4f.oem4f (.const:xdc_runtime_Assert_E_assertFailed__C)
                  0000c270    00000004     project6_pem4f.oem4f (.const:xdc_runtime_Core_A_initializedParams__C)
                  0000c274    00000004     project6_pem4f.oem4f (.const:xdc_runtime_Core_Module__diagsEnabled__C)
                  0000c278    00000004     project6_pem4f.oem4f (.const:xdc_runtime_Core_Module__diagsIncluded__C)
                  0000c27c    00000004     project6_pem4f.oem4f (.const:xdc_runtime_Core_Module__diagsMask__C)
                  0000c280    00000004     project6_pem4f.oem4f (.const:xdc_runtime_Error_E_memory__C)
                  0000c284    00000004     project6_pem4f.oem4f (.const:xdc_runtime_Error_Module__diagsEnabled__C)
                  0000c288    00000004     project6_pem4f.oem4f (.const:xdc_runtime_Error_Module__diagsIncluded__C)
                  0000c28c    00000004     project6_pem4f.oem4f (.const:xdc_runtime_Error_Module__diagsMask__C)
                  0000c290    00000004     project6_pem4f.oem4f (.const:xdc_runtime_Error_Module__loggerFxn8__C)
                  0000c294    00000004     project6_pem4f.oem4f (.const:xdc_runtime_Error_Module__loggerObj__C)
                  0000c298    00000004     project6_pem4f.oem4f (.const:xdc_runtime_Error_policyFxn__C)
                  0000c29c    00000004     project6_pem4f.oem4f (.const:xdc_runtime_Error_raiseHook__C)
                  0000c2a0    00000004     project6_pem4f.oem4f (.const:xdc_runtime_IGateProvider_Interface__BASE__C)
                  0000c2a4    00000004     project6_pem4f.oem4f (.const:xdc_runtime_IHeap_Interface__BASE__C)
                  0000c2a8    00000004     project6_pem4f.oem4f (.const:xdc_runtime_IModule_Interface__BASE__C)
                  0000c2ac    00000004     project6_pem4f.oem4f (.const:xdc_runtime_Log_L_error__C)
                  0000c2b0    00000004     project6_pem4f.oem4f (.const:xdc_runtime_Memory_defaultHeapInstance__C)
                  0000c2b4    00000004     project6_pem4f.oem4f (.const:xdc_runtime_Startup_execImpl__C)
                  0000c2b8    00000004     project6_pem4f.oem4f (.const:xdc_runtime_Startup_maxPasses__C)
                  0000c2bc    00000004     project6_pem4f.oem4f (.const:xdc_runtime_Startup_sfxnRts__C)
                  0000c2c0    00000004     project6_pem4f.oem4f (.const:xdc_runtime_Startup_sfxnTab__C)
                  0000c2c4    00000004     project6_pem4f.oem4f (.const:xdc_runtime_SysMin_bufSize__C)
                  0000c2c8    00000004     project6_pem4f.oem4f (.const:xdc_runtime_SysMin_outputFunc__C)
                  0000c2cc    00000004     project6_pem4f.oem4f (.const:xdc_runtime_System_Module__gateObj__C)
                  0000c2d0    00000004     project6_pem4f.oem4f (.const:xdc_runtime_System_abortFxn__C)
                  0000c2d4    00000004     project6_pem4f.oem4f (.const:xdc_runtime_System_exitFxn__C)
                  0000c2d8    00000004     project6_pem4f.oem4f (.const:xdc_runtime_System_extendFxn__C)
                  0000c2dc    00000004     project6_pem4f.oem4f (.const:xdc_runtime_System_maxAtexitHandlers__C)
                  0000c2e0    00000004     project6_pem4f.oem4f (.const:xdc_runtime_Text_charTab__C)
                  0000c2e4    00000004     project6_pem4f.oem4f (.const:xdc_runtime_Text_nameEmpty__C)
                  0000c2e8    00000004     project6_pem4f.oem4f (.const:xdc_runtime_Text_nameStatic__C)
                  0000c2ec    00000004     project6_pem4f.oem4f (.const:xdc_runtime_Text_nameUnknown__C)
                  0000c2f0    00000004     project6_pem4f.oem4f (.const:xdc_runtime_Text_nodeTab__C)
                  0000c2f4    00000004     project6_pem4f.oem4f (.const:xdc_runtime_Text_visitRopeFxn__C)
                  0000c2f8    00000002     project6_pem4f.oem4f (.const:ti_sysbios_gates_GateMutex_Module__id__C)
                  0000c2fa    00000002     project6_pem4f.oem4f (.const:ti_sysbios_hal_Hwi_Module__id__C)
                  0000c2fc    00000002     project6_pem4f.oem4f (.const:ti_sysbios_heaps_HeapMem_Module__id__C)
                  0000c2fe    00000002     project6_pem4f.oem4f (.const:ti_sysbios_knl_Clock_Module__id__C)
                  0000c300    00000002     project6_pem4f.oem4f (.const:ti_sysbios_knl_Mailbox_Module__id__C)
                  0000c302    00000002     project6_pem4f.oem4f (.const:ti_sysbios_knl_Semaphore_Module__id__C)
                  0000c304    00000002     project6_pem4f.oem4f (.const:ti_sysbios_knl_Task_Module__id__C)
                  0000c306    00000002     project6_pem4f.oem4f (.const:xdc_runtime_Core_Module__id__C)
                  0000c308    00000002     project6_pem4f.oem4f (.const:xdc_runtime_Error_Module__loggerDefined__C)
                  0000c30a    00000002     project6_pem4f.oem4f (.const:xdc_runtime_Error_maxDepth__C)
                  0000c30c    00000002     project6_pem4f.oem4f (.const:xdc_runtime_Memory_Module__id__C)
                  0000c30e    00000002     project6_pem4f.oem4f (.const:xdc_runtime_SysMin_flushAtExit__C)
                  0000c310    00000002     project6_pem4f.oem4f (.const:xdc_runtime_Text_charCnt__C)
                  0000c312    00000002     project6_pem4f.oem4f (.const:xdc_runtime_Text_isLoaded__C)
                  0000c314    00000002     project6_pem4f.oem4f (.const:xdc_runtime_Text_registryModsLastId__C)
                  0000c316    00000002     project6_pem4f.oem4f (.const:xdc_runtime_Text_unnamedModsLastId__C)
                  0000c318    00000001     project6_pem4f.oem4f (.const:xdc_runtime_Error_policy__C)

.cinit     0    0000c320    000002a8     
                  0000c320    00000271     (.cinit..data.load) [load image, compression = lzss]
                  0000c591    00000003     --HOLE-- [fill = 0]
                  0000c594    0000000c     (__TI_handler_table)
                  0000c5a0    00000008     (.cinit..bss.load) [load image, compression = zero_init]
                  0000c5a8    00000008     (.cinit..vecs.load) [load image, compression = zero_init]
                  0000c5b0    00000018     (__TI_cinit_table)

.resetVecs 
*          0    00000000    0000003c     
                  00000000    0000003c     project6_pem4f.oem4f (.resetVecs)

.bss       0    20000140    00001a09     UNINITIALIZED
                  20000140    00000400     image.obj (.bss:g_pulConvertedPalette)
                  20000540    00000400     (.common:ti_sysbios_heaps_HeapMem_Instance_State_0_buf__A)
                  20000940    000003e8     (.common:TSK_STK_draw_screen)
                  20000d28    000003e8     (.common:TSK_STK_pet_game)
                  20001110    000003e8     (.common:TSK_STK_read_sensors)
                  200014f8    00000200     project6_pem4f.oem4f (.bss:taskStackSection)
                  200016f8    00000140     (.common:ti_sysbios_family_arm_m3_Hwi_dispatchTable)
                  20001838    00000120     rtsv7M4_T_le_v4SPD16_eabi.lib : trgmsg.c.obj (.bss:_CIOBUF_)
                  20001958    00000080     (.common:xdc_runtime_SysMin_Module_State_0_outbuf__A)
                  200019d8    0000006c     (.common:MBX_STR_sensors)
                  20001a44    00000030     drivers_MSP432P401R.aem4f : GPIOMSP432.oem4f (.bss:gpioCallbackInfo)
                  20001a74    0000001c     (.common:SEMSTRUCT_update_LCD)
                  20001a90    0000001c     (.common:g_sContext)
                  20001aac    00000014     project6.obj (.bss:msg$1)
                  20001ac0    00000014     project6.obj (.bss:msg_sensors$2)
                  20001ad4    00000014     (.common:mbx_sensor_buff)
                  20001ae8    00000014     (.common:pet_bulb)
                  20001afc    0000000c     (.common:a)
                  20001b08    00000008     (.common:adcMSP432Objects)
                  20001b10    00000008     (.common:parmbuf)
                  20001b18    00000005     (.common:pflags)
                  20001b1d    00000001     (.common:Lcd_FlagRead)
                  20001b1e    00000002     (.common:Lcd_ScreenHeigth)
                  20001b20    00000004     (.common:CLK_HDL_disp_timer)
                  20001b24    00000004     (.common:CLK_HDL_game_timer)
                  20001b28    00000004     (.common:MBX_HDL_sensors)
                  20001b2c    00000004     (.common:SEMHDL_update_LCD)
                  20001b30    00000004     (.common:TSK_HDL_draw_screen)
                  20001b34    00000004     (.common:TSK_HDL_pet_game)
                  20001b38    00000004     (.common:TSK_HDL_read_sensors)
                  20001b3c    00000004     (.common:game_counter)
                  20001b40    00000002     (.common:Lcd_ScreenWidth)
                  20001b42    00000002     (.common:Lcd_TouchTrim)
                  20001b44    00000002     (.common:js_)
                  20001b46    00000001     (.common:Lcd_FontSolid)
                  20001b47    00000001     (.common:Lcd_Orientation)
                  20001b48    00000001     (.common:Lcd_PenSolid)

.data      0    20001b50    00000581     UNINITIALIZED
                  20001b50    0000009c     drivers_MSP432P401R.aem4f : PowerMSP432.oem4f (.data:PowerMSP432_perfLevels)
                  20001bec    00000080     project6_pem4f.oem4f (.data:ti_sysbios_knl_Swi_Module_State_0_readyQ__A)
                  20001c6c    00000080     project6_pem4f.oem4f (.data:ti_sysbios_knl_Task_Module_State_0_readyQ__A)
                  20001cec    00000050     project6_pem4f.oem4f (.data:ti_sysbios_family_arm_msp432_Timer_Object__table__V)
                  20001d3c    00000050     project6_pem4f.oem4f (.data:ti_sysbios_knl_Task_Object__table__V)
                  20001d8c    00000048     project6_pem4f.oem4f (.data:ti_sysbios_gates_GateMutex_Object__table__V)
                  20001dd4    00000044     project6_pem4f.oem4f (.data:ti_sysbios_knl_Task_Module__state__V)
                  20001e18    00000034     project6_pem4f.oem4f (.data:ti_sysbios_family_arm_m3_Hwi_Module__state__V)
                  20001e4c    00000034     project6_pem4f.oem4f (.data:ti_sysbios_knl_Swi_Object__table__V)
                  20001e80    00000030     msp432p4xx_driverlib.lib : gpio.o (.data:GPIO_PORT_TO_BASE)
                  20001eb0    0000002c     project6_pem4f.oem4f (.data:ti_sysbios_knl_Clock_Module__state__V)
                  20001edc    00000028     drivers_MSP432P401R.aem4f : PowerMSP432.oem4f (.data:PowerMSP432_module)
                  20001f04    00000024     project6_pem4f.oem4f (.data:ti_sysbios_BIOS_Module__state__V)
                  20001f28    00000020     project6_pem4f.oem4f (.data:ti_sysbios_family_arm_msp432_Timer_Module_State_0_device__A)
                  20001f48    0000001c     project6_pem4f.oem4f (.data:ti_sysbios_family_arm_m3_Hwi_Object__table__V)
                  20001f64    0000001c     project6_pem4f.oem4f (.data:ti_sysbios_heaps_HeapMem_Object__table__V)
                  20001f80    0000001c     project6_pem4f.oem4f (.data:ti_sysbios_knl_Swi_Module__state__V)
                  20001f9c    00000018     MSP_EXP432P401R.obj (.data:gpioPinConfigs)
                  20001fb4    00000010     project6.obj (.data:bulb_inverse)
                  20001fc4    00000010     Crystalfontz128x128_ST7735.obj (.data:g_sCrystalfontz128x128)
                  20001fd4    00000010     project6.obj (.data:good_bulb)
                  20001fe4    00000010     MSP_EXP432P401R.obj (.data:gpioCallbackFunctions)
                  20001ff4    00000010     project6_pem4f.oem4f (.data:ti_sysbios_family_arm_msp432_Timer_Module_State_0_handles__A)
                  20002004    0000000c     project6_pem4f.oem4f (.data:ti_sysbios_family_arm_msp432_ClockFreqs_Module__state__V)
                  20002010    0000000c     project6_pem4f.oem4f (.data:ti_sysbios_family_arm_msp432_Timer_Module__state__V)
                  2000201c    0000000c     project6_pem4f.oem4f (.data:xdc_runtime_SysMin_Module__state__V)
                  20002028    00000008     rtsv7M4_T_le_v4SPD16_eabi.lib : _lock.c.obj (.data:$O1$$)
                  20002030    00000008     ADCMSP432.obj (.data)
                  20002038    00000008     HAL_TMP006.obj (.data)
                  20002040    00000008     project6_pem4f.oem4f (.data:ti_sysbios_family_arm_m3_Hwi_Module__root__V)
                  20002048    00000008     project6_pem4f.oem4f (.data:ti_sysbios_gates_GateHwi_Module__root__V)
                  20002050    00000008     project6_pem4f.oem4f (.data:ti_sysbios_gates_GateHwi_Object__table__V)
                  20002058    00000008     project6_pem4f.oem4f (.data:ti_sysbios_gates_GateMutex_Module__root__V)
                  20002060    00000008     project6_pem4f.oem4f (.data:ti_sysbios_heaps_HeapMem_Module__root__V)
                  20002068    00000008     project6_pem4f.oem4f (.data:ti_sysbios_knl_Clock_Module__root__V)
[...]
00009269  ti_sysbios_heaps_HeapMem_isBlocking__E                      
00009271  ti_sysbios_knl_Queue_Instance_init__E                       
00009279  ti_sysbios_knl_Swi_startup__E                               
0000927f  xdc_runtime_System_Module_startup__E                        
00009289  ti_sysbios_gates_GateHwi_query__E                           
00009289  xdc_runtime_Main_Module_GateProxy_query__E                  
00009289  xdc_runtime_System_Module_GateProxy_query__E                
00009291  ti_sysbios_BIOS_RtsGateProxy_query__E                       
00009291  ti_sysbios_gates_GateMutex_query__E                         
00009291  ti_sysbios_heaps_HeapMem_Module_GateProxy_query__E          
00009299  ti_sysbios_knl_Task_startup__E                              
000092a1  ti_sysbios_BIOS_linkedWithIncorrectBootLibrary__E           
000092a9  ti_sysbios_gates_GateHwi_Instance_init__E                   
000092b1  ti_sysbios_knl_Clock_logTick__E                             
000092b8  xdc_runtime_Text_charTab__A                                 
0000ba68  xdc_runtime_Text_nodeTab__A                                 
0000bb20  adcMSP432HWAttrs                                            
0000bc48  ADC_config                                                  
0000bcf0  ti_sysbios_knl_Task_Object__PARAMS__C                       
0000bd60  ti_sysbios_knl_Mailbox_Object__PARAMS__C                    
0000bd94  ti_sysbios_family_arm_m3_Hwi_E_NMI__C                       
0000bdc8  ti_sysbios_family_arm_m3_Hwi_Object__PARAMS__C              
0000bdf8  ti_sysbios_heaps_HeapMem_Module__FXNS__C                    
0000be20  ti_sysbios_gates_GateHwi_Module__FXNS__C                    
0000be44  ti_sysbios_gates_GateMutex_Module__FXNS__C                  
0000be68  ti_sysbios_heaps_HeapMem_Object__PARAMS__C                  
0000be8c  ti_sysbios_knl_Clock_Object__PARAMS__C                      
0000beb0  ti_sysbios_knl_Semaphore_Object__PARAMS__C                  
0000bed4  xdc_runtime_Startup_sfxnTab__A                              
0000bef8  g_sCrystalfontz128x128_funcs                                
0000bf18  ti_sysbios_family_arm_m3_Hwi_Object__DESC__C                
0000bf38  ti_sysbios_gates_GateHwi_Object__DESC__C                    
0000bf58  ti_sysbios_gates_GateMutex_Object__DESC__C                  
0000bf78  ti_sysbios_heaps_HeapMem_Object__DESC__C                    
0000bf98  ti_sysbios_knl_Clock_Object__DESC__C                        
0000bfb8  ti_sysbios_knl_Mailbox_Object__DESC__C                      
0000bfd8  ti_sysbios_knl_Queue_Object__DESC__C                        
0000bff8  ti_sysbios_knl_Semaphore_Object__DESC__C                    
0000c018  ti_sysbios_knl_Task_Object__DESC__C                         
0000c054  ADCMSP432_fxnTable                                          
0000c06c  ti_sysbios_gates_GateHwi_Object__PARAMS__C                  
0000c084  ti_sysbios_gates_GateMutex_Object__PARAMS__C                
0000c09c  ti_sysbios_knl_Queue_Object__PARAMS__C                      
0000c0b4  GPIOMSP432_config                                           
0000c0c8  xdc_runtime_Startup_sfxnRts__A                              
0000c0da  ti_sysbios_family_arm_m3_Hwi_Module__id__C                  
0000c0dc  PowerMSP432_config                                          
0000c0f8  xdc_runtime_Startup_firstFxns__A                            
0000c114  ti_sysbios_family_arm_m3_Hwi_excHookFuncs__A                
0000c11c  ti_sysbios_knl_Idle_funcList__A                             
0000c124  ti_sysbios_knl_Idle_funcList__C                             
0000c12c  xdc_runtime_Startup_firstFxns__C                            
0000c134  xdc_runtime_Startup_lastFxns__C                             
0000c13c  ti_sysbios_family_arm_m3_Hwi_E_alreadyDefined__C            
0000c140  ti_sysbios_family_arm_m3_Hwi_E_busFault__C                  
0000c144  ti_sysbios_family_arm_m3_Hwi_E_debugMon__C                  
0000c148  ti_sysbios_family_arm_m3_Hwi_E_hardFault__C                 
0000c14c  ti_sysbios_family_arm_m3_Hwi_E_memFault__C                  
0000c150  ti_sysbios_family_arm_m3_Hwi_E_noIsr__C                     
0000c154  ti_sysbios_family_arm_m3_Hwi_E_reserved__C                  
0000c158  ti_sysbios_family_arm_m3_Hwi_E_svCall__C                    
0000c15c  ti_sysbios_family_arm_m3_Hwi_E_usageFault__C                
0000c160  ti_sysbios_family_arm_m3_Hwi_NUM_INTERRUPTS__C              
0000c164  ti_sysbios_family_arm_m3_Hwi_Object__count__C               
0000c168  ti_sysbios_family_arm_m3_Hwi_ccr__C                         
0000c16c  ti_sysbios_family_arm_m3_Hwi_excHandlerFunc__C              
0000c170  ti_sysbios_family_arm_m3_Hwi_excHookFuncs__C                
0000c174  ti_sysbios_family_arm_m3_Hwi_nullIsrFunc__C                 
0000c178  ti_sysbios_family_arm_m3_Hwi_priGroup__C                    
0000c17c  ti_sysbios_family_arm_m3_TaskSupport_stackAlignment__C      
0000c180  ti_sysbios_family_arm_msp432_Timer_numTimerDevices__C       
0000c184  ti_sysbios_family_arm_msp432_Timer_startupNeeded__C         
0000c188  ti_sysbios_gates_GateMutex_A_badContext__C                  
0000c18c  ti_sysbios_gates_GateMutex_Instance_State_sem__O            
0000c190  ti_sysbios_gates_GateMutex_Module__diagsEnabled__C          
0000c194  ti_sysbios_gates_GateMutex_Module__diagsIncluded__C         
0000c198  ti_sysbios_gates_GateMutex_Module__diagsMask__C             
0000c19c  ti_sysbios_hal_Hwi_E_stackOverflow__C                       
0000c1a0  ti_sysbios_heaps_HeapMem_A_align__C                         
0000c1a4  ti_sysbios_heaps_HeapMem_A_heapSize__C                      
0000c1a8  ti_sysbios_heaps_HeapMem_A_invalidFree__C                   
0000c1ac  ti_sysbios_heaps_HeapMem_A_zeroBlock__C                     
0000c1b0  ti_sysbios_heaps_HeapMem_E_memory__C                        
0000c1b4  ti_sysbios_heaps_HeapMem_Module__diagsEnabled__C            
0000c1b8  ti_sysbios_heaps_HeapMem_Module__diagsIncluded__C           
0000c1bc  ti_sysbios_heaps_HeapMem_Module__diagsMask__C               
0000c1c0  ti_sysbios_heaps_HeapMem_Module__gateObj__C                 
0000c1c4  ti_sysbios_heaps_HeapMem_Object__count__C                   
0000c1c8  ti_sysbios_heaps_HeapMem_reqAlign__C                        
0000c1cc  ti_sysbios_knl_Clock_A_badThreadType__C                     
0000c1d0  ti_sysbios_knl_Clock_Module_State_clockQ__O                 
0000c1d4  ti_sysbios_knl_Clock_Module__diagsEnabled__C                
0000c1d8  ti_sysbios_knl_Clock_Module__diagsIncluded__C               
0000c1dc  ti_sysbios_knl_Clock_Module__diagsMask__C                   
0000c1e0  ti_sysbios_knl_Clock_tickPeriod__C                          
0000c1e4  ti_sysbios_knl_Mailbox_A_invalidBufSize__C                  
0000c1e8  ti_sysbios_knl_Mailbox_Instance_State_dataQue__O            
0000c1ec  ti_sysbios_knl_Mailbox_Instance_State_dataSem__O            
0000c1f0  ti_sysbios_knl_Mailbox_Instance_State_freeQue__O            
0000c1f4  ti_sysbios_knl_Mailbox_Instance_State_freeSem__O            
0000c1f8  ti_sysbios_knl_Mailbox_Module__diagsEnabled__C              
0000c1fc  ti_sysbios_knl_Mailbox_Module__diagsIncluded__C             
0000c200  ti_sysbios_knl_Mailbox_Module__diagsMask__C                 
0000c204  ti_sysbios_knl_Mailbox_Object__count__C                     
0000c208  ti_sysbios_knl_Mailbox_maxTypeAlign__C                      
0000c20c  ti_sysbios_knl_Semaphore_A_badContext__C                    
0000c210  ti_sysbios_knl_Semaphore_A_noEvents__C                      
0000c214  ti_sysbios_knl_Semaphore_A_overflow__C                      
0000c218  ti_sysbios_knl_Semaphore_A_pendTaskDisabled__C              
0000c21c  ti_sysbios_knl_Semaphore_Instance_State_pendQ__O            
0000c220  ti_sysbios_knl_Semaphore_Module__diagsEnabled__C            
0000c224  ti_sysbios_knl_Semaphore_Module__diagsIncluded__C           
0000c228  ti_sysbios_knl_Semaphore_Module__diagsMask__C               
0000c22c  ti_sysbios_knl_Swi_Object__count__C                         
0000c230  ti_sysbios_knl_Task_A_badPriority__C                        
0000c234  ti_sysbios_knl_Task_A_badTaskState__C                       
0000c238  ti_sysbios_knl_Task_A_badThreadType__C                      
0000c23c  ti_sysbios_knl_Task_A_noPendElem__C                         
0000c240  ti_sysbios_knl_Task_E_spOutOfBounds__C                      
0000c244  ti_sysbios_knl_Task_E_stackOverflow__C                      
0000c248  ti_sysbios_knl_Task_Module_State_inactiveQ__O               
0000c24c  ti_sysbios_knl_Task_Module__diagsEnabled__C                 
0000c250  ti_sysbios_knl_Task_Module__diagsIncluded__C                
0000c254  ti_sysbios_knl_Task_Module__diagsMask__C                    
0000c258  ti_sysbios_knl_Task_Object__count__C                        
0000c25c  ti_sysbios_knl_Task_allBlockedFunc__C                       
0000c260  ti_sysbios_knl_Task_defaultStackHeap__C                     
0000c264  ti_sysbios_knl_Task_defaultStackSize__C                     
0000c268  ti_sysbios_knl_Task_numConstructedTasks__C                  
0000c26c  xdc_runtime_Assert_E_assertFailed__C                        
0000c270  xdc_runtime_Core_A_initializedParams__C                     
0000c274  xdc_runtime_Core_Module__diagsEnabled__C                    
0000c278  xdc_runtime_Core_Module__diagsIncluded__C                   
0000c27c  xdc_runtime_Core_Module__diagsMask__C                       
0000c280  xdc_runtime_Error_E_memory__C                               
0000c284  xdc_runtime_Error_Module__diagsEnabled__C                   
0000c288  xdc_runtime_Error_Module__diagsIncluded__C                  
0000c28c  xdc_runtime_Error_Module__diagsMask__C                      
0000c290  xdc_runtime_Error_Module__loggerFxn8__C                     
0000c294  xdc_runtime_Error_Module__loggerObj__C                      
0000c298  xdc_runtime_Error_policyFxn__C                              
0000c29c  xdc_runtime_Error_raiseHook__C                              
0000c2a0  xdc_runtime_IGateProvider_Interface__BASE__C                
0000c2a4  xdc_runtime_IHeap_Interface__BASE__C                        
0000c2a8  xdc_runtime_IModule_Interface__BASE__C                      
0000c2ac  xdc_runtime_Log_L_error__C                                  
0000c2b0  xdc_runtime_Memory_defaultHeapInstance__C                   
0000c2b4  xdc_runtime_Startup_execImpl__C                             
0000c2b8  xdc_runtime_Startup_maxPasses__C                            
0000c2bc  xdc_runtime_Startup_sfxnRts__C                              
0000c2c0  xdc_runtime_Startup_sfxnTab__C                              
0000c2c4  xdc_runtime_SysMin_bufSize__C                               
0000c2c8  xdc_runtime_SysMin_outputFunc__C                            
0000c2cc  xdc_runtime_System_Module__gateObj__C                       
0000c2d0  xdc_runtime_System_abortFxn__C                              
0000c2d4  xdc_runtime_System_exitFxn__C                               
0000c2d8  xdc_runtime_System_extendFxn__C                             
0000c2dc  xdc_runtime_System_maxAtexitHandlers__C                     
0000c2e0  xdc_runtime_Text_charTab__C                                 
0000c2e4  xdc_runtime_Text_nameEmpty__C                               
0000c2e8  xdc_runtime_Text_nameStatic__C                              
0000c2ec  xdc_runtime_Text_nameUnknown__C                             
0000c2f0  xdc_runtime_Text_nodeTab__C                                 
0000c2f4  xdc_runtime_Text_visitRopeFxn__C                            
0000c2f8  ti_sysbios_gates_GateMutex_Module__id__C                    
0000c2fa  ti_sysbios_hal_Hwi_Module__id__C                            
0000c2fc  ti_sysbios_heaps_HeapMem_Module__id__C                      
0000c2fe  ti_sysbios_knl_Clock_Module__id__C                          
0000c300  ti_sysbios_knl_Mailbox_Module__id__C                        
0000c302  ti_sysbios_knl_Semaphore_Module__id__C                      
0000c304  ti_sysbios_knl_Task_Module__id__C                           
0000c306  xdc_runtime_Core_Module__id__C                              
0000c308  xdc_runtime_Error_Module__loggerDefined__C                  
0000c30a  xdc_runtime_Error_maxDepth__C                               
0000c30c  xdc_runtime_Memory_Module__id__C                            
0000c30e  xdc_runtime_SysMin_flushAtExit__C                           
0000c310  xdc_runtime_Text_charCnt__C                                 
0000c312  xdc_runtime_Text_isLoaded__C                                
0000c314  xdc_runtime_Text_registryModsLastId__C                      
0000c316  xdc_runtime_Text_unnamedModsLastId__C                       
0000c318  xdc_runtime_Error_policy__C                                 
0000c320  __TI_static_base__                                          
0000c594  __TI_Handler_Table_Base                                     
0000c5a0  __TI_Handler_Table_Limit                                    
0000c5b0  __TI_CINIT_Base                                             
0000c5c8  __TI_CINIT_Limit                                            
20000000  ti_sysbios_family_arm_m3_Hwi_ramVectors                     
20000540  ti_sysbios_heaps_HeapMem_Instance_State_0_buf__A            
20000940  TSK_STK_draw_screen                                         
20000d28  TSK_STK_pet_game                                            
20001110  TSK_STK_read_sensors                                        
200014f8  ti_sysbios_knl_Task_Instance_State_0_stack__A               
200016f8  ti_sysbios_family_arm_m3_Hwi_dispatchTable                  
20001838  __CIOBUF_                                                   
20001958  xdc_runtime_SysMin_Module_State_0_outbuf__A                 
200019d8  MBX_STR_sensors                                             
20001a74  SEMSTRUCT_update_LCD                                        
20001a90  g_sContext                                                  
20001ad4  mbx_sensor_buff                                             
20001ae8  pet_bulb                                                    
20001afc  a                                                           
20001b08  adcMSP432Objects                                            
20001b10  parmbuf                                                     
20001b18  pflags                                                      
20001b1d  Lcd_FlagRead                                                
20001b1e  Lcd_ScreenHeigth                                            
20001b20  CLK_HDL_disp_timer                                          
20001b24  CLK_HDL_game_timer                                          
20001b28  MBX_HDL_sensors                                             
20001b2c  SEMHDL_update_LCD                                           
20001b30  TSK_HDL_draw_screen                                         
20001b34  TSK_HDL_pet_game                                            
20001b38  TSK_HDL_read_sensors                                        
20001b3c  game_counter                                                
20001b40  Lcd_ScreenWidth                                             
20001b42  Lcd_TouchTrim                                               
20001b44  js_                                                         
20001b46  Lcd_FontSolid                                               
20001b47  Lcd_Orientation                                             
20001b48  Lcd_PenSolid                                                
20001b50  PowerMSP432_perfLevels                                      
20001bec  ti_sysbios_knl_Swi_Module_State_0_readyQ__A                 
20001c6c  ti_sysbios_knl_Task_Module_State_0_readyQ__A                
20001cec  ti_sysbios_family_arm_msp432_Timer_Object__table__V         
20001d3c  ti_sysbios_knl_Task_Object__table__V                        
20001d8c  ti_sysbios_gates_GateMutex_Object__table__V                 
20001dd4  ti_sysbios_knl_Task_Module__state__V                        
20001e18  ti_sysbios_family_arm_m3_Hwi_Module__state__V               
20001e4c  ti_sysbios_knl_Swi_Object__table__V                         
20001eb0  ti_sysbios_knl_Clock_Module__state__V                       
20001edc  PowerMSP432_module                                          
20001f04  ti_sysbios_BIOS_Module__state__V                            
20001f28  ti_sysbios_family_arm_msp432_Timer_Module_State_0_device__A 
20001f48  ti_sysbios_family_arm_m3_Hwi_Object__table__V               
20001f64  ti_sysbios_heaps_HeapMem_Object__table__V                   
20001f80  ti_sysbios_knl_Swi_Module__state__V                         
20001f9c  gpioPinConfigs                                              
20001fb4  bulb_inverse                                                
20001fc4  g_sCrystalfontz128x128                                      
20001fd4  good_bulb                                                   
20001fe4  gpioCallbackFunctions                                       
20001ff4  ti_sysbios_family_arm_msp432_Timer_Module_State_0_handles__A
20002004  ti_sysbios_family_arm_msp432_ClockFreqs_Module__state__V    
20002010  ti_sysbios_family_arm_msp432_Timer_Module__state__V         
2000201c  xdc_runtime_SysMin_Module__state__V                         
20002028  _lock                                                       
2000202c  _unlock                                                     
20002040  ti_sysbios_family_arm_m3_Hwi_Module__root__V                
20002048  ti_sysbios_gates_GateHwi_Module__root__V                    
20002050  ti_sysbios_gates_GateHwi_Object__table__V                   
20002058  ti_sysbios_gates_GateMutex_Module__root__V                  
20002060  ti_sysbios_heaps_HeapMem_Module__root__V                    
20002068  ti_sysbios_knl_Clock_Module__root__V                        
20002070  ti_sysbios_knl_Mailbox_Module__root__V                      
20002078  ti_sysbios_knl_Queue_Module__root__V                        
20002080  ti_sysbios_knl_Semaphore_Module__root__V                    
20002088  ti_sysbios_knl_Task_Module__root__V                         
20002090  xdc_runtime_Registry_Module__state__V                       
20002098  xdc_runtime_Startup_Module__state__V                        
200020a0  xdc_runtime_System_Module_State_0_atexitHandlers__A         
200020a8  xdc_runtime_System_Module__state__V                         
200020b4  errno                                                       
200020b8  main_func_sp                                                
200020bc  ti_sysbios_family_arm_m3_Hwi_Module_State_0_excContext__A   
200020c0  ti_sysbios_family_arm_m3_Hwi_Module_State_0_excStack__A     
200020c4  ti_sysbios_knl_Task_Module_State_0_idleTask__A              
200020c8  xdc_runtime_Memory_Module__state__V                         
200020cc  ti_sysbios_family_arm_m3_Hwi_Module_State_0_excActive__A    
200020ce  xdc_runtime_Error_Module__state__V                          
2000f830  __stack                                                     
20010000  __STACK_END                                                 
4000480c  WDTCTL_SYM                                                  
e000e000  ti_sysbios_family_arm_m3_Hwi_nvic                           
ffffffff  __TI_pprof_out_hndl                                         
ffffffff  __TI_prof_data_size                                         
ffffffff  __TI_prof_data_start                                        
ffffffff  __binit__                                                   
ffffffff  __c_args__                                                  
ffffffff  binit                                                       
UNDEFED   SHT$$INIT_ARRAY$$Base                                       
UNDEFED   SHT$$INIT_ARRAY$$Limit                                      

[757 symbols]
