******************************************************************************
                  TI ARM Linker Unix v18.1.4                   
******************************************************************************
>> Linked Tue Dec 11 16:58:31 2018

OUTPUT FILE NAME:   <project6_alt.out>
ENTRY POINT SYMBOL: "_c_int00"  address: 00005aad


MEMORY CONFIGURATION

         name            origin    length      used     unused   attr    fill
----------------------  --------  ---------  --------  --------  ----  --------
  MAIN                  00000000   00040000  0000a31d  00035ce3  R  X
  INFO                  00200000   00004000  00000000  00004000  R  X
  SRAM_CODE             01000000   00010000  00000000  00010000  RW X
  SRAM_DATA             20000000   00010000  00001ffd  0000e003  RW  


SEGMENT ALLOCATION MAP

run origin  load origin   length   init length attrs members
----------  ----------- ---------- ----------- ----- -------
00000000    00000000    0000a328   0000a328    r-x
  00000000    00000000    0000003c   0000003c    r-- .resetVecs
  00000040    00000040    00007fda   00007fda    r-x .text
  00008020    00008020    00002087   00002087    r-- .const
  0000a0a8    0000a0a8    00000280   00000280    r-- .cinit
20000000    20000000    00001831   00000000    rw-
  20000000    20000000    00000140   00000000    rw- .vecs
  20000140    20000140    000011a4   00000000    rw- .bss
  200012e8    200012e8    00000549   00000000    rw- .data
2000f830    2000f830    000007d0   00000000    rw-
  2000f830    2000f830    000007d0   00000000    rw- .stack


SECTION ALLOCATION MAP

 output                                  attributes/
section   page    origin      length       input sections
--------  ----  ----------  ----------   ----------------
.text      0    00000040    00007fda     
                  00000040    000009c0     rtsv7M4_T_le_v4SPD16_eabi.lib : e_pow.c.obj (.text:pow)
                  00000a00    00000430     sysbios.aem4f : BIOS.obj (.text:ti_sysbios_family_arm_m3_Hwi_excDumpRegs__I)
                  00000e30    000003a0     HAL_TMP006.obj (.text:TMP006_getTemp)
                  000011d0    0000034c     ti.targets.arm.rtsarm.aem4f : System.oem4f (.text:xdc_runtime_System_doPrint__I)
                  0000151c    00000004     msp432p4xx_driverlib.lib : cpu.o (.text:CPU_wfi)
                  00001520    000002b8     sysbios.aem4f : BIOS.obj (.text:ti_sysbios_knl_Semaphore_pend__E)
                  000017d8    0000026c                   : BIOS.obj (.text:ti_sysbios_heaps_HeapMem_free__E)
                  00001a44    00000264     drivers_MSP432P401R.aem4f : PowerMSP432.oem4f (.text:Power_sleep)
                  00001ca8    00000250     sysbios.aem4f : BIOS.obj (.text:ti_sysbios_heaps_HeapMem_alloc__E)
                  00001ef8    00000234                   : BIOS.obj (.text:ti_sysbios_knl_Task_Instance_finalize__E)
                  0000212c    00000004     tirtosport.aem4f : HwiP_tirtos.oem4f (.text:HwiP_disable)
                  00002130    000001fc     sysbios.aem4f : BIOS.obj (.text:ti_sysbios_family_arm_m3_Hwi_excHandlerMax__I)
                  0000232c    00000004     msp432p4xx_driverlib.lib : i2c.o (.text:I2C_setSlaveAddress)
                  00002330    000001c0     sysbios.aem4f : BIOS.obj (.text:ti_sysbios_knl_Task_Instance_init__E)
                  000024f0    000001b6     rtsv7M4_T_le_v4SPD16_eabi.lib : fd_add_t2.asm.obj (.text)
                  000026a6    000001a0     msp432p4xx_driverlib.lib : pcm.o (.text:__PCM_setPowerStateAdvanced)
                  00002846    00000002     power_tirtos_MSP432P401R.aem4f : PowerMSP432_tirtos.oem4f (.text:PowerMSP432_initPolicy)
                  00002848    00000178     project6_pem4f.oem4f (.text:xdc_runtime_System_printfExtend__I)
                  000029c0    00000174     sysbios.aem4f : BIOS.obj (.text:ti_sysbios_family_arm_m3_Hwi_excBusFault__I)
                  00002b34    00000004     drivers_MSP432P401R.aem4f : List.oem4f (.text:List_head)
                  00002b38    00000164     sysbios.aem4f : BIOS.obj (.text:ti_sysbios_family_arm_m3_Hwi_excUsageFault__I)
                  00002c9c    00000158     rtsv7M4_T_le_v4SPD16_eabi.lib : e_sqrt.c.obj (.text:sqrt)
                  00002df4    00000154     msp432p4xx_driverlib.lib : adc14.o (.text:_getIndexForMemRegister)
                  00002f48    00000154     sysbios.aem4f : BIOS.obj (.text:ti_sysbios_knl_Mailbox_Instance_init__E)
                  0000309c    00000004     drivers_MSP432P401R.aem4f : List.oem4f (.text:List_next)
                  000030a0    00000148     sysbios.aem4f : BIOS.obj (.text:ti_sysbios_family_arm_m3_Hwi_excMemFault__I)
                  000031e8    00000140     drivers_MSP432P401R.aem4f : GPIOMSP432.oem4f (.text:GPIO_setConfig)
                  00003328    0000013c     sysbios.aem4f : BIOS.obj (.text:ti_sysbios_heaps_HeapMem_Instance_init__E)
                  00003464    00000136     rtsv7M4_T_le_v4SPD16_eabi.lib : fd_div_t2.asm.obj (.text)
                  0000359a    00000002     project6.obj (.text:TSK_play_game)
                  0000359c    00000118     ti.targets.arm.rtsarm.aem4f : Error.oem4f (.text:xdc_runtime_Error_policyDefault__E)
                  000036b4    00000110     rtsv7M4_T_le_v4SPD16_eabi.lib : s_scalbn.c.obj (.text:scalbn)
                  000037c4    00000100     ti.targets.arm.rtsarm.aem4f : Core-mem.oem4f (.text:xdc_runtime_Core_createObject__I)
                  000038c4    000000fc     rtsv7M4_T_le_v4SPD16_eabi.lib : fd_mul_t2.asm.obj (.text)
                  000039c0    000000f8     ti.targets.arm.rtsarm.aem4f : Startup.oem4f (.text:xdc_runtime_Startup_startMods__I)
                  00003ab8    000000f0     drivers_MSP432P401R.aem4f : PowerMSP432.oem4f (.text:initPerfControl)
                  00003ba8    000000ec     sysbios.aem4f : m3_Hwi_asm.obj (.text:ti_sysbios_family_arm_m3_Hwi_dispatch__I)
                  00003c94    00000004     rtsv7M4_T_le_v4SPD16_eabi.lib : exit.c.obj (.text:abort:abort)
                  00003c98    000000ec     sysbios.aem4f : BIOS.obj (.text:ti_sysbios_knl_Semaphore_post__E)
                  00003d84    000000e0     msp432p4xx_driverlib.lib : cs.o (.text:CS_initClockSignal)
                  00003e64    000000dc                              : pcm.o (.text:__PCM_setPowerModeAdvanced)
                  00003f40    000000cc     ti.targets.arm.rtsarm.aem4f : Core-smem.oem4f (.text:xdc_runtime_Core_constructObject__I)
                  0000400c    00000004     project6_pem4f.oem4f (.text:ti_sysbios_BIOS_RtsGateProxy_enter__E)
                  00004010    000000bc     sysbios.aem4f : BIOS.obj (.text:ti_sysbios_family_arm_m3_Hwi_excDebugMon__I)
                  000040cc    00000004     project6_pem4f.oem4f (.text:ti_sysbios_BIOS_RtsGateProxy_leave__E)
                  000040d0    000000bc     sysbios.aem4f : BIOS.obj (.text:ti_sysbios_family_arm_m3_Hwi_excHardFault__I)
                  0000418c    00000004     project6_pem4f.oem4f (.text:ti_sysbios_family_arm_m3_TaskSupport_Module__startupDone__S)
                  00004190    000000b4     sysbios.aem4f : BIOS.obj (.text:ti_sysbios_gates_GateMutex_enter__E)
                  00004244    00000004     project6_pem4f.oem4f (.text:ti_sysbios_heaps_HeapMem_Module_GateProxy_enter__E)
                  00004248    000000b4     sysbios.aem4f : BIOS.obj (.text:ti_sysbios_knl_Task_checkStacks__E)
                  000042fc    000000b0     msp432p4xx_driverlib.lib : pcm.o (.text:__PCM_setCoreVoltageLevelAdvanced)
                  000043ac    00000004     project6_pem4f.oem4f (.text:ti_sysbios_heaps_HeapMem_Module_GateProxy_leave__E)
                  000043b0    000000a8     sysbios.aem4f : BIOS.obj (.text:ti_sysbios_family_arm_msp432_Timer_periodicStub__E)
                  00004458    000000a0     ADCMSP432.obj (.text:ADCMSP432_open)
                  000044f8    000000a0     auto_init.aem4f : auto_init.oem4f (.text)
                  00004598    000000a0     ti.targets.arm.rtsarm.aem4f : Text.oem4f (.text:xdc_runtime_Text_putMod__E)
                  00004638    0000009c     ADCMSP432.obj (.text:ADCMSP432_convert)
                  000046d4    0000009c     rtsv7M4_T_le_v4SPD16_eabi.lib : memcpy_t2.asm.obj (.text)
                  00004770    0000009c     sysbios.aem4f : BIOS.obj (.text:ti_sysbios_knl_Semaphore_Instance_init__E)
                  0000480c    0000009a     ti.targets.arm.rtsarm.aem4f : Text.oem4f (.text:xdc_runtime_Text_putSite__E)
                  000048a6    00000002     rtsv7M4_T_le_v4SPD16_eabi.lib : _lock.c.obj (.text:_nop)
                  000048a8    00000098     project6.obj (.text:main)
                  00004940    00000094     sysbios.aem4f : BIOS.obj (.text:ti_sysbios_family_arm_m3_Hwi_Instance_init__E)
                  000049d4    00000004     project6_pem4f.oem4f (.text:ti_sysbios_knl_Clock_TimerProxy_getMaxTicks__E)
                  000049d8    00000094     sysbios.aem4f : BIOS.obj (.text:ti_sysbios_family_arm_m3_Hwi_initNVIC__E)
                  00004a6c    00000004     project6_pem4f.oem4f (.text:ti_sysbios_knl_Queue_destruct)
                  00004a70    00000094     sysbios.aem4f : BIOS.obj (.text:ti_sysbios_knl_Task_postInit__I)
                  00004b04    0000008c     HAL_I2C.obj (.text:I2C_read16)
                  00004b90    0000008c     sysbios.aem4f : m3_TaskSupport_asm.obj (.text:ti_sysbios_family_arm_m3_TaskSupport_buildTaskStack)
                  00004c1c    00000004     project6_pem4f.oem4f (.text:ti_sysbios_knl_Semaphore_destruct)
                  00004c20    00000088     sysbios.aem4f : BIOS.obj (.text:ti_sysbios_family_arm_msp432_Timer_Module_startup__E)
                  00004ca8    00000086     rtsv7M4_T_le_v4SPD16_eabi.lib : fd_cmp_t2.asm.obj (.text:__aeabi_cdcmple)
                  00004d2e    00000086                                   : fd_cmp_t2.asm.obj (.text:__aeabi_cdrcmple)
                  00004db4    00000084     accelerometer.obj (.text:ACCEL_convert_to_g)
                  00004e38    00000084     sysbios.aem4f : BIOS.obj (.text:ti_sysbios_family_arm_m3_Hwi_postInit__I)
                  00004ebc    0000007c     msp432p4xx_driverlib.lib : pcm.o (.text:PCM_gotoLPM3)
                  00004f38    0000007a     rtsv7M4_T_le_v4SPD16_eabi.lib : memset_t2.asm.obj (.text)
                  00004fb2    00000002                                   : div0.asm.obj (.text)
                  00004fb4    00000076     accelerometer.obj (.text:ACCEL_read_x_axis)
                  0000502a    00000002     project6_pem4f.oem4f (.text:ti_sysbios_BIOS_nullFunc__I)
                  0000502c    00000076     accelerometer.obj (.text:ACCEL_read_y_axis)
                  000050a2    00000002     --HOLE-- [fill = 0]
                  000050a4    00000076     accelerometer.obj (.text:ACCEL_read_z_axis)
                  0000511a    00000006     drivers_MSP432P401R.aem4f : ADC.oem4f (.text:ADC_Params_init)
                  00005120    00000070     sysbios.aem4f : BIOS.obj (.text:ti_sysbios_knl_Clock_workFunc__E)
                  00005190    00000070                   : BIOS.obj (.text:ti_sysbios_knl_Mailbox_Instance_finalize__E)
                  00005200    00000070                   : BIOS.obj (.text:ti_sysbios_knl_Task_exit__E)
                  00005270    0000006e     rtsv7M4_T_le_v4SPD16_eabi.lib : fd_tos_t2.asm.obj (.text)
                  000052de    00000002     --HOLE-- [fill = 0]
                  000052e0    0000006d     ti.targets.arm.rtsarm.aem4f : System.oem4f (.text:xdc_runtime_System_formatNum__I)
                  0000534d    00000003     --HOLE-- [fill = 0]
                  00005350    0000006c     msp432p4xx_driverlib.lib : adc14.o (.text:ADC14_configureConversionMemory)
                  000053bc    0000006c     ADCMSP432.obj (.text:ADCMSP432_convertRawToMicroVolts)
                  00005428    0000006c     sysbios.aem4f : BIOS.obj (.text:ti_sysbios_knl_Swi_restoreHwi__E)
                  00005494    0000006c     ti.targets.arm.rtsarm.aem4f : Error.oem4f (.text:xdc_runtime_Error_print__E)
                  00005500    0000006c                                 : Memory.oem4f (.text:xdc_runtime_Memory_alloc__E)
                  0000556c    00000068     rtsv7M4_T_le_v4SPD16_eabi.lib : copy_decompress_lzss.c.obj (.text:decompress:lzss:__TI_decompress_lzss)
                  000055d4    00000066     ti.targets.arm.rtsarm.aem4f : Core-mem.oem4f (.text:xdc_runtime_Core_deleteObject__I)
                  0000563a    00000002     --HOLE-- [fill = 0]
                  0000563c    00000064     ADCMSP432.obj (.text:ADCMSP432_close)
                  000056a0    00000062     tirtosport.aem4f : HwiP_tirtos.oem4f (.text:HwiP_create)
                  00005702    00000002     --HOLE-- [fill = 0]
                  00005704    00000060     project6.obj (.text:TSK_read_sensors)
                  00005764    00000004     ti.targets.arm.rtsarm.aem4f : Error.oem4f (.text:xdc_runtime_Error_getSite__E)
                  00005768    00000060     sysbios.aem4f : BIOS.obj (.text:ti_sysbios_knl_Task_schedule__I)
                  000057c8    0000005c     drivers_MSP432P401R.aem4f : GPIOMSP432.oem4f (.text:GPIO_init)
                  00005824    00000004     project6_pem4f.oem4f (.text:xdc_runtime_System_Module_GateProxy_enter__E)
                  00005828    0000005c     sysbios.aem4f : BIOS.obj (.text:ti_sysbios_knl_Swi_run__I)
                  00005884    00000004     project6_pem4f.oem4f (.text:xdc_runtime_System_Module_GateProxy_leave__E)
                  00005888    0000005c     sysbios.aem4f : BIOS.obj (.text:ti_sysbios_knl_Swi_schedule__I)
                  000058e4    00000004     ti.targets.arm.rtsarm.aem4f : System.oem4f (.text:xdc_runtime_System_aprintf_va__F)
                  000058e8    0000005c     sysbios.aem4f : BIOS.obj (.text:ti_sysbios_knl_Task_Module_startup__E)
                  00005944    0000005c     project6_pem4f.oem4f (.text:ti_sysbios_knl_Task_create)
                  000059a0    0000005c     sysbios.aem4f : BIOS.obj (.text:ti_sysbios_knl_Task_startCore__E)
                  000059fc    00000058     rtsv7M4_T_le_v4SPD16_eabi.lib : hostwrite.c.obj (.text:HOSTwrite)
                  00005a54    00000058     tirtosport.aem4f : SemaphoreP_tirtos.oem4f (.text:SemaphoreP_create)
                  00005aac    00000058     boot.aem4f : boot.oem4f (.text)
                  00005b04    00000058     project6_pem4f.oem4f (.text:ti_sysbios_family_arm_m3_Hwi_construct)
                  00005b5c    00000058     sysbios.aem4f : m3_Hwi_asm_switch.obj (.text:ti_sysbios_family_arm_m3_Hwi_initStacks__E)
                  00005bb4    00000058     project6_pem4f.oem4f (.text:ti_sysbios_knl_Mailbox_construct)
                  00005c0c    00000054     drivers_MSP432P401R.aem4f : GPIOMSP432.oem4f (.text:GPIO_hwiIntFxn)
                  00005c60    00000054                               : GPIOMSP432.oem4f (.text:GPIO_setCallback)
                  00005cb4    00000054     joystick.obj (.text:JS_get_y)
                  00005d08    00000054     sysbios.aem4f : BIOS.obj (.text:ti_sysbios_family_arm_m3_Hwi_dispatchC__I)
                  00005d5c    00000004     ti.targets.arm.rtsarm.aem4f : System.oem4f (.text:xdc_runtime_System_printf_va__F)
                  00005d60    00000054     sysbios.aem4f : BIOS.obj (.text:ti_sysbios_family_arm_msp432_Timer_initDevice__I)
                  00005db4    00000004     --HOLE-- [fill = 0]
                  00005db8    00000054                   : BIOS.obj (.text:ti_sysbios_family_arm_msp432_init_Boot_configureClocksHigh)
                  00005e0c    00000054     ti.targets.arm.rtsarm.aem4f : Assert.oem4f (.text:xdc_runtime_Assert_raise__I)
                  00005e60    00000053     joystick.obj (.text:JS_get_x)
                  00005eb3    00000001     --HOLE-- [fill = 0]
                  00005eb4    00000050     msp432p4xx_driverlib.lib : pcm.o (.text:PCM_shutdownDevice)
                  00005f04    00000004     --HOLE-- [fill = 0]
                  00005f08    00000050     sysbios.aem4f : BIOS.obj (.text:ti_sysbios_family_arm_m3_Hwi_Module_startup__E)
                  00005f58    00000050     ti.targets.arm.rtsarm.aem4f : Startup.oem4f (.text:xdc_runtime_Startup_exec__E)
                  00005fa8    00000050                                 : Text.oem4f (.text:xdc_runtime_Text_visitRope2__I)
                  00005ff8    0000004c     rtsv7M4_T_le_v4SPD16_eabi.lib : cpy_tbl.c.obj (.text:copy_in)
                  00006044    00000004     --HOLE-- [fill = 0]
                  00006048    0000004c     sysbios.aem4f : BIOS.obj (.text:ti_sysbios_family_arm_msp432_Timer_start__E)
                  00006094    00000004     --HOLE-- [fill = 0]
                  00006098    0000004c                   : BIOS.obj (.text:ti_sysbios_heaps_HeapMem_getStats__E)
                  000060e4    00000004     --HOLE-- [fill = 0]
                  000060e8    0000004c                   : BIOS.obj (.text:ti_sysbios_knl_Swi_runLoop__I)
                  00006134    00000004     --HOLE-- [fill = 0]
                  00006138    0000004c                   : BIOS.obj (.text:ti_sysbios_knl_Task_allBlockedFunction__I)
                  00006184    00000048     msp432p4xx_driverlib.lib : gpio.o (.text:GPIO_setAsPeripheralModuleFunctionInputPin)
                  000061cc    00000048     rtsv7M4_T_le_v4SPD16_eabi.lib : fd_toi_t2.asm.obj (.text)
                  00006214    00000004     --HOLE-- [fill = 0]
                  00006218    00000048     sysbios.aem4f : BIOS.obj (.text:ti_sysbios_family_arm_m3_Hwi_disableInterrupt__E)
                  00006260    00000048                   : BIOS.obj (.text:ti_sysbios_family_arm_m3_Hwi_enableInterrupt__E)
                  000062a8    00000048                   : BIOS.obj (.text:ti_sysbios_family_arm_m3_Hwi_excReserved__I)
                  000062f0    00000048                   : BIOS.obj (.text:ti_sysbios_knl_Mailbox_Module_startup__E)
                  00006338    00000046     ti.targets.arm.rtsarm.aem4f : Core-params.oem4f (.text:xdc_runtime_Core_assignParams__I)
                  0000637e    00000002     --HOLE-- [fill = 0]
                  00006380    00000044     msp432p4xx_driverlib.lib : adc14.o (.text:ADC14_configureSingleSampleMode)
                  000063c4    00000044     drivers_MSP432P401R.aem4f : PowerMSP432.oem4f (.text:Power_init)
                  00006408    00000044     rtsv7M4_T_le_v4SPD16_eabi.lib : fd_tou_t2.asm.obj (.text)
                  0000644c    00000004     --HOLE-- [fill = 0]
                  00006450    00000044     sysbios.aem4f : BIOS.obj (.text:ti_sysbios_family_arm_m3_Hwi_getStackInfo__E)
                  00006494    00000004     --HOLE-- [fill = 0]
                  00006498    00000044                   : BIOS.obj (.text:ti_sysbios_knl_Mailbox_postInit__I)
                  000064dc    00000004     --HOLE-- [fill = 0]
                  000064e0    00000044                   : BIOS.obj (.text:ti_sysbios_knl_Swi_post__E)
                  00006524    00000044     ti.targets.arm.rtsarm.aem4f : Error.oem4f (.text:xdc_runtime_Error_setX__E)
                  00006568    00000044                                 : SysMin.oem4f (.text:xdc_runtime_SysMin_flush__E)
                  000065ac    00000044                                 : Text.oem4f (.text:xdc_runtime_Text_xprintf__I)
                  000065f0    00000040     msp432p4xx_driverlib.lib : flash.o (.text:FlashCtl_disableReadBuffering)
                  00006630    00000040     drivers_MSP432P401R.aem4f : PowerMSP432.oem4f (.text:notify)
                  00006670    00000040     rtsv7M4_T_le_v4SPD16_eabi.lib : u_divt2.asm.obj (.text)
                  000066b0    00000040     sysbios.aem4f : BIOS.obj (.text:ti_sysbios_family_arm_msp432_Timer_startup__E)
                  000066f0    0000003c     power_tirtos_MSP432P401R.aem4f : PowerMSP432_tirtos.oem4f (.text:PowerMSP432_sleepPolicy)
                  0000672c    00000004     --HOLE-- [fill = 0]
                  00006730    0000003c     sysbios.aem4f : BIOS.obj (.text:ti_sysbios_family_arm_m3_Hwi_excSvCall__I)
                  0000676c    00000004     --HOLE-- [fill = 0]
                  00006770    0000003c                   : BIOS.obj (.text:ti_sysbios_heaps_HeapMem_init__I)
                  000067ac    00000004     --HOLE-- [fill = 0]
                  000067b0    0000003c                   : BIOS.obj (.text:ti_sysbios_knl_Swi_restore__E)
                  000067ec    00000038     msp432p4xx_driverlib.lib : adc14.o (.text:ADC14_initModule)
                  00006824    00000038                              : adc14.o (.text:ADC14_setSampleHoldTrigger)
                  0000685c    00000038     drivers_MSP432P401R.aem4f : ADC.oem4f (.text:ADC_init)
                  00006894    00000038     msp432p4xx_driverlib.lib : i2c.o (.text:I2C_masterSendMultiByteStart)
                  000068cc    00000038     rtsv7M4_T_le_v4SPD16_eabi.lib : trgmsg.c.obj (.text:__TI_writemsg)
                  00006904    00000038     ADCMSP432.obj (.text:initHw)
                  0000693c    00000038     rtsv7M4_T_le_v4SPD16_eabi.lib : fs_tod_t2.asm.obj (.text)
                  00006974    00000004     --HOLE-- [fill = 0]
                  00006978    00000038     sysbios.aem4f : BIOS.obj (.text:ti_sysbios_family_arm_m3_Hwi_excNoIsr__I)
                  000069b0    00000038                   : BIOS.obj (.text:ti_sysbios_knl_Task_processVitalTaskFlag__I)
                  000069e8    00000038     ti.targets.arm.rtsarm.aem4f : SysMin.oem4f (.text:xdc_runtime_SysMin_putch__E)
                  00006a20    00000038                                 : System.oem4f (.text:xdc_runtime_System_atexit__E)
                  00006a58    00000034     accelerometer.obj (.text:ACCEL_get)
                  00006a8c    00000034     msp432p4xx_driverlib.lib : flash.o (.text:FlashCtl_enableReadBuffering)
                  00006ac0    00000034     rtsv7M4_T_le_v4SPD16_eabi.lib : trgmsg.c.obj (.text:__TI_readmsg)
                  00006af4    00000004     --HOLE-- [fill = 0]
                  00006af8    00000034     sysbios.aem4f : BIOS.obj (.text:ti_sysbios_family_arm_m3_Hwi_Instance_finalize__E)
                  00006b2c    00000004     --HOLE-- [fill = 0]
                  00006b30    00000034                   : BIOS.obj (.text:ti_sysbios_family_arm_m3_Hwi_excNmi__I)
                  00006b64    00000004     --HOLE-- [fill = 0]
                  00006b68    00000034                   : BIOS.obj (.text:ti_sysbios_hal_Hwi_checkStack)
                  00006b9c    00000034     ti.targets.arm.rtsarm.aem4f : Core-label.oem4f (.text:xdc_runtime_Core_assignLabel__I)
                  00006bd0    00000033                                 : Text.oem4f (.text:xdc_runtime_Text_printVisFxn__I)
                  00006c03    00000005     --HOLE-- [fill = 0]
                  00006c08    00000032     sysbios.aem4f : BIOS.obj (.text:ti_sysbios_hal_Hwi_initStack)
                  00006c3a    00000002     --HOLE-- [fill = 0]
                  00006c3c    00000030     msp432p4xx_driverlib.lib : gpio.o (.text:GPIO_getEnabledInterruptStatus)
                  00006c6c    00000030                              : gpio.o (.text:GPIO_setAsInputPinWithPullDownResistor)
                  00006c9c    00000030                              : gpio.o (.text:GPIO_setAsInputPinWithPullUpResistor)
                  00006ccc    00000030                              : i2c.o (.text:I2C_masterReceiveMultiByteFinish)
                  00006cfc    00000030                              : i2c.o (.text:I2C_masterSendMultiByteStop)
                  00006d2c    00000030     project6_pem4f.oem4f (.text:ti_sysbios_BIOS_atExitFunc__I)
                  00006d5c    00000030     project6_pem4f.oem4f (.text:ti_sysbios_BIOS_startFunc__I)
                  00006d8c    00000004     --HOLE-- [fill = 0]
                  00006d90    00000030     sysbios.aem4f : BIOS.obj (.text:ti_sysbios_family_arm_m3_TaskSupport_start__E)
                  00006dc0    00000030     project6_pem4f.oem4f (.text:ti_sysbios_gates_GateHwi_Object__create__S)
                  00006df0    00000030     project6_pem4f.oem4f (.text:ti_sysbios_gates_GateMutex_Object__create__S)
                  00006e20    00000030     project6_pem4f.oem4f (.text:ti_sysbios_heaps_HeapMem_Object__create__S)
                  00006e50    00000030     project6_pem4f.oem4f (.text:ti_sysbios_knl_Semaphore_construct)
                  00006e80    00000030     sysbios.aem4f : BIOS.obj (.text:ti_sysbios_knl_Semaphore_pendTimeout__I)
                  00006eb0    00000030                   : BIOS.obj (.text:ti_sysbios_knl_Task_unblockI__E)
                  00006ee0    00000030     ti.targets.arm.rtsarm.aem4f : SysMin.oem4f (.text:xdc_runtime_SysMin_abort__E)
                  00006f10    00000030                                 : System.oem4f (.text:xdc_runtime_System_processAtExit__E)
                  00006f40    0000002e     rtsv7M4_T_le_v4SPD16_eabi.lib : i_tofd_t2.asm.obj (.text)
                  00006f6e    00000002     --HOLE-- [fill = 0]
                  00006f70    0000002c     msp432p4xx_driverlib.lib : adc14.o (.text:ADC14_enableConversion)
                  00006f9c    0000002c                              : adc14.o (.text:ADC14_setSampleHoldTime)
                  00006fc8    0000002c                              : gpio.o (.text:GPIO_setAsInputPin)
                  00006ff4    0000002c                              : pcm.o (.text:PCM_getCoreVoltageLevel)
                  00007020    0000002c     power_tirtos_MSP432P401R.aem4f : PowerMSP432_tirtos.oem4f (.text:PowerMSP432_updateFreqs)
                  0000704c    0000002c     drivers_MSP432P401R.aem4f : PowerMSP432.oem4f (.text:Power_releaseConstraint)
                  00007078    0000002c                               : PowerMSP432.oem4f (.text:Power_setConstraint)
                  000070a4    0000002c     project6_pem4f.oem4f (.text:ti_sysbios_knl_Clock_doTick__I)
                  000070d0    0000002c     project6_pem4f.oem4f (.text:ti_sysbios_knl_Queue_construct)
                  000070fc    00000004     --HOLE-- [fill = 0]
                  00007100    0000002c     sysbios.aem4f : BIOS.obj (.text:ti_sysbios_knl_Task_restore__E)
                  0000712c    0000002c     ti.targets.arm.rtsarm.aem4f : Text.oem4f (.text:xdc_runtime_Text_cordText__E)
                  00007158    0000002a     msp432p4xx_driverlib.lib : pcm.o (.text:PCM_getPowerMode)
                  00007182    0000002a     ti.targets.arm.rtsarm.aem4f : System.oem4f (.text:xdc_runtime_System_putchar__I)
                  000071ac    00000028     msp432p4xx_driverlib.lib : adc14.o (.text:ADC14_enableSampleTimer)
                  000071d4    00000028     drivers_MSP432P401R.aem4f : ADC.oem4f (.text:ADC_open)
                  000071fc    00000028     msp432p4xx_driverlib.lib : flash.o (.text:FlashCtl_setWaitState)
                  00007224    00000028                              : pcm.o (.text:PCM_gotoLPM0)
                  0000724c    00000004     --HOLE-- [fill = 0]
                  00007250    00000028     sysbios.aem4f : BIOS.obj (.text:ti_sysbios_knl_Swi_Module_startup__E)
                  00007278    00000026                   : m3_Hwi_asm.obj (.text:ti_sysbios_family_arm_m3_Hwi_pendSV__I)
                  0000729e    00000026     ti.targets.arm.rtsarm.aem4f : System.oem4f (.text:xdc_runtime_System_avprintf__E)
                  000072c4    00000024     msp432p4xx_driverlib.lib : cs.o (.text:CS_setDCOCenteredFrequency)
                  000072e8    00000024                              : gpio.o (.text:GPIO_setAsOutputPin)
                  0000730c    00000024                              : rtc_c.o (.text:RTC_C_holdClock)
                  00007330    00000024                              : rtc_c.o (.text:RTC_C_startClock)
                  00007354    00000024     project6.obj (.text:TEMP_get)
                  00007378    00000024     project6_pem4f.oem4f (.text:ti_sysbios_BIOS_errorRaiseHook__I)
                  0000739c    00000024     project6_pem4f.oem4f (.text:ti_sysbios_BIOS_registerRTSLock__I)
                  000073c0    00000024     project6_pem4f.oem4f (.text:ti_sysbios_BIOS_removeRTSLock__I)
                  000073e4    00000004     --HOLE-- [fill = 0]
                  000073e8    00000024     sysbios.aem4f : BIOS.obj (.text:ti_sysbios_family_arm_msp432_ClockFreqs_setFrequency__E)
                  0000740c    00000024     project6_pem4f.oem4f (.text:ti_sysbios_gates_GateMutex_Object__delete__S)
                  00007430    00000024     sysbios.aem4f : BIOS.obj (.text:ti_sysbios_knl_Clock_Module_startup__E)
                  00007454    00000004     --HOLE-- [fill = 0]
                  00007458    00000024                   : BIOS.obj (.text:ti_sysbios_knl_Task_restoreHwi__E)
                  0000747c    00000024     ti.targets.arm.rtsarm.aem4f : System.oem4f (.text:xdc_runtime_System_vprintf__E)
                  000074a0    00000022     project6_pem4f.oem4f (.text:xdc_runtime_SysMin_output__I)
                  000074c2    00000002     --HOLE-- [fill = 0]
                  000074c4    00000020     msp432p4xx_driverlib.lib : adc14.o (.text:ADC14_clearInterruptFlag)
                  000074e4    00000020                              : adc14.o (.text:ADC14_disableInterrupt)
                  00007504    00000020                              : adc14.o (.text:ADC14_disableModule)
                  00007524    00000020                              : adc14.o (.text:ADC14_toggleConversionTrigger)
                  00007544    00000020                              : gpio.o (.text:GPIO_interruptEdgeSelect)
                  00007564    00000020     joystick.obj (.text:JS_get)
                  00007584    00000020     rtsv7M4_T_le_v4SPD16_eabi.lib : u_tofd_t2.asm.obj (.text)
                  000075a4    00000020     project6_pem4f.oem4f (.text:ti_sysbios_BIOS_rtsLock__I)
                  000075c4    00000020     sysbios.aem4f : m3_Hwi_asm.obj (.text:ti_sysbios_family_arm_m3_Hwi_excHandlerAsm__I)
                  000075e4    00000004     --HOLE-- [fill = 0]
                  000075e8    00000020                   : BIOS.obj (.text:ti_sysbios_family_arm_m3_Hwi_excHandler__I)
                  00007608    00000020     project6_pem4f.oem4f (.text:ti_sysbios_gates_GateHwi_Object__delete__S)
                  00007628    00000020     project6_pem4f.oem4f (.text:ti_sysbios_heaps_HeapMem_Object__delete__S)
                  00007648    00000020     sysbios.aem4f : BIOS.obj (.text:ti_sysbios_knl_Idle_run__E)
                  00007668    00000020     project6_pem4f.oem4f (.text:ti_sysbios_knl_Semaphore_Object__destruct__S)
                  00007688    00000020     ti.targets.arm.rtsarm.aem4f : Registry.oem4f (.text:xdc_runtime_Registry_findById__E)
                  000076a8    00000020                                 : SysMin.oem4f (.text:xdc_runtime_SysMin_Module_startup__E)
                  000076c8    0000001e     sysbios.aem4f : m3_Hwi_asm_switch.obj (.text:ti_sysbios_family_xxx_Hwi_switchAndRunFunc)
                  000076e6    00000002     --HOLE-- [fill = 0]
                  000076e8    0000001c     msp432p4xx_driverlib.lib : adc14.o (.text:ADC14_getInterruptStatus)
                  00007704    0000001c     HAL_I2C.obj (.text:I2C_setslave)
                  00007720    0000001c     msp432p4xx_driverlib.lib : pcm.o (.text:PCM_enableRudeMode)
                  0000773c    00000004     --HOLE-- [fill = 0]
                  00007740    0000001c     sysbios.aem4f : BIOS.obj (.text:ti_sysbios_gates_GateMutex_Instance_init__E)
                  0000775c    0000001c     project6_pem4f.oem4f (.text:ti_sysbios_knl_Queue_Object__destruct__S)
                  00007778    0000001c     sysbios.aem4f : BIOS.obj (.text:ti_sysbios_knl_Queue_put__E)
                  00007794    00000004     --HOLE-- [fill = 0]
                  00007798    0000001c                   : BIOS.obj (.text:ti_sysbios_knl_Task_enter__I)
                  000077b4    0000001c     ti.targets.arm.rtsarm.aem4f : Error.oem4f (.text:xdc_runtime_Error_raiseX__E)
                  000077d0    0000001c                                 : Memory.oem4f (.text:xdc_runtime_Memory_valloc__E)
                  000077ec    0000001c                                 : SysMin.oem4f (.text:xdc_runtime_SysMin_exit__E)
                  00007808    0000001c                                 : System.oem4f (.text:xdc_runtime_System_abort__E)
                  00007824    0000001a     project6_pem4f.oem4f (.text:ti_sysbios_family_arm_m3_Hwi_Handle__label__S)
                  0000783e    0000001a     project6_pem4f.oem4f (.text:ti_sysbios_gates_GateHwi_Handle__label__S)
                  00007858    0000001a     project6_pem4f.oem4f (.text:ti_sysbios_gates_GateMutex_Handle__label__S)
                  00007872    0000001a     project6_pem4f.oem4f (.text:ti_sysbios_heaps_HeapMem_Handle__label__S)
                  0000788c    0000001a     project6_pem4f.oem4f (.text:ti_sysbios_knl_Swi_Handle__label__S)
                  000078a6    0000001a     project6_pem4f.oem4f (.text:ti_sysbios_knl_Task_Handle__label__S)
                  000078c0    0000001a     project6_pem4f.oem4f (.text:xdc_runtime_System_aprintf__E)
                  000078da    0000001a     project6_pem4f.oem4f (.text:xdc_runtime_System_printf__E)
                  000078f4    00000018     msp432p4xx_driverlib.lib : adc14.o (.text:ADC14_getResult)
                  0000790c    00000018                              : gpio.o (.text:GPIO_clearInterruptFlag)
                  00007924    00000018                              : gpio.o (.text:GPIO_setDriveStrengthLow)
                  0000793c    00000018                              : gpio.o (.text:GPIO_setOutputLowOnPin)
                  00007954    00000018                              : wdt_a.o (.text:WDT_A_holdTimer)
                  0000796c    00000018     rtsv7M4_T_le_v4SPD16_eabi.lib : args_main.c.obj (.text:_args_main)
                  00007984    00000018     project6_pem4f.oem4f (.text:ti_sysbios_BIOS_rtsUnlock__I)
                  0000799c    00000018     project6_pem4f.oem4f (.text:ti_sysbios_family_arm_m3_Hwi_Module__startupDone__F)
                  000079b4    00000018     sysbios.aem4f : m3_TaskSupport_asm.obj (.text:ti_sysbios_family_arm_m3_TaskSupport_swap__E)
                  000079cc    00000018     project6_pem4f.oem4f (.text:ti_sysbios_family_arm_msp432_Timer_Module__startupDone__F)
                  000079e4    00000004     --HOLE-- [fill = 0]
                  000079e8    00000018     sysbios.aem4f : BIOS.obj (.text:ti_sysbios_gates_GateMutex_leave__E)
                  00007a00    00000018     ti.targets.arm.rtsarm.aem4f : Error.oem4f (.text:xdc_runtime_Error_check__E)
                  00007a18    00000018                                 : System.oem4f (.text:xdc_runtime_System_exit__E)
                  00007a30    00000018                                 : Text.oem4f (.text:xdc_runtime_Text_ropeText__E)
                  00007a48    00000016     tirtosport.aem4f : SemaphoreP_tirtos.oem4f (.text:SemaphoreP_delete)
                  00007a5e    00000016     project6_pem4f.oem4f (.text:ti_sysbios_BIOS_exitFunc__I)
                  00007a74    00000016     project6.obj (.text:ti_sysbios_knl_Mailbox_Params_init)
                  00007a8a    00000016     project6.obj (.text:ti_sysbios_knl_Task_Params_init)
                  00007aa0    00000014     msp432p4xx_driverlib.lib : adc14.o (.text:ADC14_setResolution)
                  00007ab4    00000014                              : adc14.o (.text:ADCIsConversionRunning)
                  00007ac8    00000014                              : gpio.o (.text:GPIO_setDriveStrengthHigh)
                  00007adc    00000014                              : gpio.o (.text:GPIO_setOutputHighOnPin)
                  00007af0    00000014                              : i2c.o (.text:I2C_isBusBusy)
                  00007b04    00000014     drivers_MSP432P401R.aem4f : PowerMSP432.oem4f (.text:Power_idleFunc)
                  00007b18    00000014     msp432p4xx_driverlib.lib : ref_a.o (.text:REF_A_setReferenceVoltage)
                  00007b2c    00000014                              : wdt_a.o (.text:WDT_A_startTimer)
                  00007b40    00000014     rtsv7M4_T_le_v4SPD16_eabi.lib : s_copysign.c.obj (.text:copysign)
                  00007b54    00000014                                   : strlen.c.obj (.text:strlen)
                  00007b68    00000014     project6_pem4f.oem4f (.text:ti_sysbios_family_arm_m3_Hwi_Object__get__S)
                  00007b7c    00000004     --HOLE-- [fill = 0]
                  00007b80    00000014     sysbios.aem4f : BIOS.obj (.text:ti_sysbios_family_arm_m3_Hwi_switchFromBootStack__E)
                  00007b94    00000014     project6_pem4f.oem4f (.text:ti_sysbios_heaps_HeapMem_Object__get__S)
                  00007ba8    00000014     project6_pem4f.oem4f (.text:ti_sysbios_knl_Task_Object__get__S)
                  00007bbc    00000012     ADCMSP432.obj (.text:ADCMSP432_control)
                  00007bce    00000012     ADCMSP432.obj (.text:ADCMSP432_init)
                  00007be0    00000012     tirtosport.aem4f : SemaphoreP_tirtos.oem4f (.text:SemaphoreP_pend)
                  00007bf2    00000006     msp432p4xx_driverlib.lib : i2c.o (.text:I2C_getInterruptStatus)
                  00007bf8    00000012     sysbios.aem4f : BIOS.obj (.text:ti_sysbios_hal_Hwi_Module_startup__E)
                  00007c0a    00000012     project6_pem4f.oem4f (.text:xdc_runtime_Startup_exec__I)
                  00007c1c    00000010     msp432p4xx_driverlib.lib : adc14.o (.text:ADC14_disableConversion)
                  00007c2c    00000010                              : adc14.o (.text:ADC14_enableModule)
                  00007c3c    00000010                              : gpio.o (.text:GPIO_getInterruptStatus)
                  00007c4c    00000010                              : i2c.o (.text:I2C_masterReceiveStart)
                  00007c5c    00000010                              : pcm.o (.text:PCM_gotoLPM4)
                  00007c6c    00000010                              : ref_a.o (.text:REF_A_enableReferenceVoltage)
                  00007c7c    00000010     HAL_TMP006.obj (.text:TMP006_readAmbientTemperature)
                  00007c8c    00000010     HAL_TMP006.obj (.text:TMP006_readDeviceId)
                  00007c9c    00000010     HAL_TMP006.obj (.text:TMP006_readObjectVoltage)
                  00007cac    00000004     --HOLE-- [fill = 0]
                  00007cb0    00000010     sysbios.aem4f : BIOS.obj (.text:ti_sysbios_BIOS_setCpuFreq__E)
                  00007cc0    00000010                   : BIOS.obj (.text:ti_sysbios_BIOS_setThreadType__E)
                  00007cd0    00000010                   : BIOS.obj (.text:ti_sysbios_BIOS_start__E)
                  00007ce0    00000010                   : m3_TaskSupport_asm.obj (.text:ti_sysbios_family_arm_m3_TaskSupport_glue)
                  00007cf0    00000010                   : BIOS.obj (.text:ti_sysbios_family_arm_msp432_init_Boot_disableWatchdog)
                  00007d00    00000010                   : BIOS.obj (.text:ti_sysbios_gates_GateMutex_Instance_finalize__E)
                  00007d10    00000010                   : BIOS.obj (.text:ti_sysbios_knl_Semaphore_Instance_finalize__E)
                  00007d20    00000010     project6_pem4f.oem4f (.text:ti_sysbios_knl_Swi_Object__get__S)
                  00007d30    00000010     sysbios.aem4f : BIOS.obj (.text:ti_sysbios_knl_Swi_disable__E)
                  00007d40    00000010                   : BIOS.obj (.text:ti_sysbios_knl_Task_disable__E)
                  00007d50    00000010     ti.targets.arm.rtsarm.aem4f : Gate.oem4f (.text:xdc_runtime_Gate_leaveSystem__E)
                  00007d60    00000010                                 : Memory.oem4f (.text:xdc_runtime_Memory_free__E)
                  00007d70    00000010                                 : SysMin.oem4f (.text:xdc_runtime_SysMin_ready__E)
                  00007d80    00000010                                 : System.oem4f (.text:xdc_runtime_System_vsnprintf__E)
                  00007d90    00000010     project6_pem4f.oem4f (.text:xdc_runtime_Text_visitRope__I)
                  00007da0    0000000e     tirtosport.aem4f : HwiP_tirtos.oem4f (.text:HwiP_Params_init)
                  00007dae    0000000e     msp432p4xx_driverlib.lib : i2c.o (.text:I2C_clearInterruptFlag)
                  00007dbc    0000000e                              : i2c.o (.text:I2C_setMode)
                  00007dca    0000000e     rtsv7M4_T_le_v4SPD16_eabi.lib : copy_decompress_none.c.obj (.text:decompress:none:__TI_decompress_none)
                  00007dd8    0000000e     sysbios.aem4f : BIOS.obj (.text:ti_sysbios_knl_Idle_loop__E)
                  00007de6    0000000e     project6_pem4f.oem4f (.text:ti_sysbios_knl_Mailbox_Object__get__S)
                  00007df4    00000004     --HOLE-- [fill = 0]
                  00007df8    0000000e     sysbios.aem4f : BIOS.obj (.text:ti_sysbios_knl_Queue_empty__E)
                  00007e06    0000000c     project6_pem4f.oem4f (.text:.bootCodeSection:ti_sysbios_family_arm_msp432_init_Boot_init__I)
                  00007e12    0000000c     msp432p4xx_driverlib.lib : cpu.o (.text:CPU_cpsid)
                  00007e1e    0000000c                              : cpu.o (.text:CPU_cpsie)
                  00007e2a    00000002     --HOLE-- [fill = 0]
                  00007e2c    0000000c                              : pcm.o (.text:PCM_getPowerState)
                  00007e38    0000000c     drivers_MSP432P401R.aem4f : PowerMSP432.oem4f (.text:Power_getConstraintMask)
                  00007e44    0000000c     rtsv7M4_T_le_v4SPD16_eabi.lib : _lock.c.obj (.text:_register_lock)
                  00007e50    0000000c                                   : _lock.c.obj (.text:_register_unlock)
                  00007e5c    0000000c                                   : copy_zero_init.c.obj (.text:decompress:ZI:__TI_zero_init)
                  00007e68    0000000c     project6_pem4f.oem4f (.text:ti_sysbios_family_arm_m3_Hwi_Params__init__S)
                  00007e74    00000004     --HOLE-- [fill = 0]
                  00007e78    0000000c     sysbios.aem4f : BIOS.obj (.text:ti_sysbios_family_arm_m3_Hwi_disableFxn__E)
                  00007e84    00000004     --HOLE-- [fill = 0]
                  00007e88    0000000c                   : BIOS.obj (.text:ti_sysbios_family_arm_m3_TaskSupport_checkStack__E)
                  00007e94    00000004     --HOLE-- [fill = 0]
                  00007e98    0000000c                   : BIOS.obj (.text:ti_sysbios_family_arm_m3_TaskSupport_getStackAlignment__E)
                  00007ea4    00000004     --HOLE-- [fill = 0]
                  00007ea8    0000000c                   : BIOS.obj (.text:ti_sysbios_family_arm_msp432_Timer_getMaxTicks__E)
                  00007eb4    00000004     --HOLE-- [fill = 0]
                  00007eb8    0000000c                   : BIOS.obj (.text:ti_sysbios_gates_GateHwi_enter__E)
                  00007ec4    0000000c     project6_pem4f.oem4f (.text:ti_sysbios_knl_Mailbox_Params__init__S)
                  00007ed0    0000000c     project6_pem4f.oem4f (.text:ti_sysbios_knl_Queue_Object__get__S)
                  00007edc    0000000c     project6_pem4f.oem4f (.text:ti_sysbios_knl_Semaphore_Params__init__S)
                  00007ee8    0000000c     project6_pem4f.oem4f (.text:ti_sysbios_knl_Task_Params__init__S)
                  00007ef4    0000000c     ti.targets.arm.rtsarm.aem4f : Error.oem4f (.text:xdc_runtime_Error_init__E)
                  00007f00    0000000c                                 : Gate.oem4f (.text:xdc_runtime_Gate_enterSystem__E)
                  00007f0c    0000000c                                 : Memory.oem4f (.text:xdc_runtime_Memory_calloc__E)
                  00007f18    0000000c                                 : Memory.oem4f (.text:xdc_runtime_Memory_getMaxDefaultTypeAlign__E)
                  00007f24    0000000c                                 : Startup.oem4f (.text:xdc_runtime_Startup_rtsDone__E)
                  00007f30    0000000a     drivers_MSP432P401R.aem4f : ADC.oem4f (.text:ADC_close)
                  00007f3a    0000000a                               : ADC.oem4f (.text:ADC_convert)
                  00007f44    0000000a     tirtosport.aem4f : SemaphoreP_tirtos.oem4f (.text:SemaphoreP_post)
                  00007f4e    0000000a     project6_pem4f.oem4f (.text:xdc_runtime_IHeap_alloc)
                  00007f58    0000000a     project6_pem4f.oem4f (.text:xdc_runtime_IHeap_free)
                  00007f62    00000008     MSP_EXP432P401R.obj (.text:MSP_EXP432P401R_initADC)
                  00007f6a    00000008     MSP_EXP432P401R.obj (.text:MSP_EXP432P401R_initGPIO)
                  00007f72    00000008     MSP_EXP432P401R.obj (.text:MSP_EXP432P401R_initGeneral)
                  00007f7a    00000008     msp432p4xx_driverlib.lib : pcm.o (.text:PCM_setPowerMode)
                  00007f82    00000008                              : pcm.o (.text:PCM_setPowerState)
                  00007f8a    00000008     tirtosport.aem4f : SemaphoreP_tirtos.oem4f (.text:SemaphoreP_Params_init)
                  00007f92    00000002     --HOLE-- [fill = 0]
                  00007f94    00000008     rtsv7M4_T_le_v4SPD16_eabi.lib : errno.c.obj (.text:__aeabi_errno_addr)
                  00007f9c    00000004     --HOLE-- [fill = 0]
                  00007fa0    00000008     sysbios.aem4f : BIOS.obj (.text:ti_sysbios_family_arm_m3_Hwi_doSwiRestore__I)
                  00007fa8    00000008                   : BIOS.obj (.text:ti_sysbios_family_arm_m3_Hwi_startup__E)
                  00007fb0    00000006     msp432p4xx_driverlib.lib : i2c.o (.text:I2C_masterReceiveMultiByteNext)
                  00007fb6    00000002     --HOLE-- [fill = 0]
                  00007fb8    00000006     sysbios.aem4f : BIOS.obj (.text:ti_sysbios_family_arm_m3_Hwi_doTaskRestore__I)
                  00007fbe    00000002     --HOLE-- [fill = 0]
                  00007fc0    00000006                   : BIOS.obj (.text:ti_sysbios_family_arm_m3_Hwi_restoreFxn__E)
                  00007fc6    00000002     --HOLE-- [fill = 0]
                  00007fc8    00000006                   : BIOS.obj (.text:ti_sysbios_gates_GateHwi_leave__E)
                  00007fce    00000002     --HOLE-- [fill = 0]
                  00007fd0    00000006                   : BIOS.obj (.text:ti_sysbios_heaps_HeapMem_isBlocking__E)
                  00007fd6    00000002     --HOLE-- [fill = 0]
                  00007fd8    00000006                   : BIOS.obj (.text:ti_sysbios_knl_Queue_Instance_init__E)
                  00007fde    00000002     --HOLE-- [fill = 0]
                  00007fe0    00000006                   : BIOS.obj (.text:ti_sysbios_knl_Swi_startup__E)
                  00007fe6    00000006     ti.targets.arm.rtsarm.aem4f : System.oem4f (.text:xdc_runtime_System_Module_startup__E)
                  00007fec    00000004     --HOLE-- [fill = 0]
                  00007ff0    00000004     sysbios.aem4f : BIOS.obj (.text:ti_sysbios_gates_GateHwi_query__E)
                  00007ff4    00000004     --HOLE-- [fill = 0]
                  00007ff8    00000004                   : BIOS.obj (.text:ti_sysbios_gates_GateMutex_query__E)
                  00007ffc    00000004     --HOLE-- [fill = 0]
                  00008000    00000004                   : BIOS.obj (.text:ti_sysbios_knl_Task_startup__E)
                  00008004    00000004     --HOLE-- [fill = 0]
                  00008008    00000002                   : BIOS.obj (.text:ti_sysbios_BIOS_linkedWithIncorrectBootLibrary__E)
                  0000800a    00000006     --HOLE-- [fill = 0]
                  00008010    00000002                   : BIOS.obj (.text:ti_sysbios_gates_GateHwi_Instance_init__E)
                  00008012    00000006     --HOLE-- [fill = 0]
                  00008018    00000002                   : BIOS.obj (.text:ti_sysbios_knl_Clock_logTick__E)

.const     0    00008020    00002087     
                  00008020    000018b0     project6_pem4f.oem4f (.const:xdc_runtime_Text_charTab__A)
                  000098d0    000000b8     project6_pem4f.oem4f (.const:xdc_runtime_Text_nodeTab__A)
                  00009988    000000a8     MSP_EXP432P401R.obj (.const:adcMSP432HWAttrs)
                  00009a30    00000080     msp432p4xx_driverlib.lib : adc14.o (.const:_ctlRegs)
                  00009ab0    00000060     MSP_EXP432P401R.obj (.const:ADC_config)
                  00009b10    00000048     project6_pem4f.oem4f (.const:.string)
                  00009b58    0000003c     project6_pem4f.oem4f (.const:ti_sysbios_knl_Task_Object__PARAMS__C)
                  00009b94    00000034     project6_pem4f.oem4f (.const:ti_sysbios_knl_Mailbox_Object__PARAMS__C)
                  00009bc8    00000030     rtsv7M4_T_le_v4SPD16_eabi.lib : e_pow.c.obj (.const:$O1$$)
                  00009bf8    00000030     project6_pem4f.oem4f (.const:ti_sysbios_family_arm_m3_Hwi_Object__PARAMS__C)
                  00009c28    00000028     project6_pem4f.oem4f (.const:ti_sysbios_heaps_HeapMem_Module__FXNS__C)
                  00009c50    00000024     project6_pem4f.oem4f (.const:ti_sysbios_gates_GateHwi_Module__FXNS__C)
                  00009c74    00000024     project6_pem4f.oem4f (.const:ti_sysbios_gates_GateMutex_Module__FXNS__C)
                  00009c98    00000024     project6_pem4f.oem4f (.const:ti_sysbios_heaps_HeapMem_Object__PARAMS__C)
                  00009cbc    00000024     project6_pem4f.oem4f (.const:ti_sysbios_knl_Semaphore_Object__PARAMS__C)
                  00009ce0    00000024     project6_pem4f.oem4f (.const:xdc_runtime_Startup_sfxnTab__A)
                  00009d04    00000020     project6_pem4f.oem4f (.const:ti_sysbios_family_arm_m3_Hwi_Object__DESC__C)
                  00009d24    00000020     project6_pem4f.oem4f (.const:ti_sysbios_gates_GateHwi_Object__DESC__C)
                  00009d44    00000020     project6_pem4f.oem4f (.const:ti_sysbios_gates_GateMutex_Object__DESC__C)
                  00009d64    00000020     project6_pem4f.oem4f (.const:ti_sysbios_heaps_HeapMem_Object__DESC__C)
                  00009d84    00000020     project6_pem4f.oem4f (.const:ti_sysbios_knl_Mailbox_Object__DESC__C)
                  00009da4    00000020     project6_pem4f.oem4f (.const:ti_sysbios_knl_Queue_Object__DESC__C)
                  00009dc4    00000020     project6_pem4f.oem4f (.const:ti_sysbios_knl_Semaphore_Object__DESC__C)
                  00009de4    00000020     project6_pem4f.oem4f (.const:ti_sysbios_knl_Task_Object__DESC__C)
                  00009e04    00000018     ADCMSP432.obj (.const:ADCMSP432_fxnTable)
                  00009e1c    00000018     project6_pem4f.oem4f (.const:ti_sysbios_gates_GateHwi_Object__PARAMS__C)
                  00009e34    00000018     project6_pem4f.oem4f (.const:ti_sysbios_gates_GateMutex_Object__PARAMS__C)
                  00009e4c    00000018     project6_pem4f.oem4f (.const:ti_sysbios_knl_Queue_Object__PARAMS__C)
                  00009e64    00000014     MSP_EXP432P401R.obj (.const:GPIOMSP432_config)
                  00009e78    00000012     project6_pem4f.oem4f (.const:xdc_runtime_Startup_sfxnRts__A)
                  00009e8a    00000002     project6_pem4f.oem4f (.const:ti_sysbios_family_arm_m3_Hwi_Module__id__C)
                  00009e8c    00000010     MSP_EXP432P401R.obj (.const:PowerMSP432_config)
                  00009e9c    0000000c     drivers_MSP432P401R.aem4f : GPIOMSP432.oem4f (.const:.string)
                  00009ea8    0000000c     project6_pem4f.oem4f (.const:xdc_runtime_Startup_firstFxns__A)
                  00009eb4    00000008     project6_pem4f.oem4f (.const:ti_sysbios_family_arm_m3_Hwi_excHookFuncs__A)
                  00009ebc    00000008     project6_pem4f.oem4f (.const:ti_sysbios_knl_Idle_funcList__A)
                  00009ec4    00000008     project6_pem4f.oem4f (.const:ti_sysbios_knl_Idle_funcList__C)
                  00009ecc    00000008     project6_pem4f.oem4f (.const:xdc_runtime_Startup_firstFxns__C)
                  00009ed4    00000008     project6_pem4f.oem4f (.const:xdc_runtime_Startup_lastFxns__C)
                  00009edc    00000004     project6_pem4f.oem4f (.const:ti_sysbios_family_arm_m3_Hwi_E_NMI__C)
                  00009ee0    00000004     project6_pem4f.oem4f (.const:ti_sysbios_family_arm_m3_Hwi_E_alreadyDefined__C)
                  00009ee4    00000004     project6_pem4f.oem4f (.const:ti_sysbios_family_arm_m3_Hwi_E_busFault__C)
                  00009ee8    00000004     project6_pem4f.oem4f (.const:ti_sysbios_family_arm_m3_Hwi_E_debugMon__C)
                  00009eec    00000004     project6_pem4f.oem4f (.const:ti_sysbios_family_arm_m3_Hwi_E_hardFault__C)
                  00009ef0    00000004     project6_pem4f.oem4f (.const:ti_sysbios_family_arm_m3_Hwi_E_memFault__C)
                  00009ef4    00000004     project6_pem4f.oem4f (.const:ti_sysbios_family_arm_m3_Hwi_E_noIsr__C)
                  00009ef8    00000004     project6_pem4f.oem4f (.const:ti_sysbios_family_arm_m3_Hwi_E_reserved__C)
                  00009efc    00000004     project6_pem4f.oem4f (.const:ti_sysbios_family_arm_m3_Hwi_E_svCall__C)
                  00009f00    00000004     project6_pem4f.oem4f (.const:ti_sysbios_family_arm_m3_Hwi_E_usageFault__C)
                  00009f04    00000004     project6_pem4f.oem4f (.const:ti_sysbios_family_arm_m3_Hwi_NUM_INTERRUPTS__C)
                  00009f08    00000004     project6_pem4f.oem4f (.const:ti_sysbios_family_arm_m3_Hwi_Object__count__C)
                  00009f0c    00000004     project6_pem4f.oem4f (.const:ti_sysbios_family_arm_m3_Hwi_ccr__C)
                  00009f10    00000004     project6_pem4f.oem4f (.const:ti_sysbios_family_arm_m3_Hwi_excHandlerFunc__C)
                  00009f14    00000004     project6_pem4f.oem4f (.const:ti_sysbios_family_arm_m3_Hwi_excHookFuncs__C)
                  00009f18    00000004     project6_pem4f.oem4f (.const:ti_sysbios_family_arm_m3_Hwi_nullIsrFunc__C)
                  00009f1c    00000004     project6_pem4f.oem4f (.const:ti_sysbios_family_arm_m3_Hwi_priGroup__C)
                  00009f20    00000004     project6_pem4f.oem4f (.const:ti_sysbios_family_arm_m3_TaskSupport_stackAlignment__C)
                  00009f24    00000004     project6_pem4f.oem4f (.const:ti_sysbios_family_arm_msp432_Timer_numTimerDevices__C)
                  00009f28    00000004     project6_pem4f.oem4f (.const:ti_sysbios_family_arm_msp432_Timer_startupNeeded__C)
                  00009f2c    00000004     project6_pem4f.oem4f (.const:ti_sysbios_gates_GateMutex_A_badContext__C)
                  00009f30    00000004     project6_pem4f.oem4f (.const:ti_sysbios_gates_GateMutex_Instance_State_sem__O)
                  00009f34    00000004     project6_pem4f.oem4f (.const:ti_sysbios_gates_GateMutex_Module__diagsEnabled__C)
                  00009f38    00000004     project6_pem4f.oem4f (.const:ti_sysbios_gates_GateMutex_Module__diagsIncluded__C)
                  00009f3c    00000004     project6_pem4f.oem4f (.const:ti_sysbios_gates_GateMutex_Module__diagsMask__C)
                  00009f40    00000004     project6_pem4f.oem4f (.const:ti_sysbios_hal_Hwi_E_stackOverflow__C)
                  00009f44    00000004     project6_pem4f.oem4f (.const:ti_sysbios_heaps_HeapMem_A_align__C)
                  00009f48    00000004     project6_pem4f.oem4f (.const:ti_sysbios_heaps_HeapMem_A_heapSize__C)
                  00009f4c    00000004     project6_pem4f.oem4f (.const:ti_sysbios_heaps_HeapMem_A_invalidFree__C)
                  00009f50    00000004     project6_pem4f.oem4f (.const:ti_sysbios_heaps_HeapMem_A_zeroBlock__C)
                  00009f54    00000004     project6_pem4f.oem4f (.const:ti_sysbios_heaps_HeapMem_E_memory__C)
                  00009f58    00000004     project6_pem4f.oem4f (.const:ti_sysbios_heaps_HeapMem_Module__diagsEnabled__C)
                  00009f5c    00000004     project6_pem4f.oem4f (.const:ti_sysbios_heaps_HeapMem_Module__diagsIncluded__C)
                  00009f60    00000004     project6_pem4f.oem4f (.const:ti_sysbios_heaps_HeapMem_Module__diagsMask__C)
                  00009f64    00000004     project6_pem4f.oem4f (.const:ti_sysbios_heaps_HeapMem_Module__gateObj__C)
                  00009f68    00000004     project6_pem4f.oem4f (.const:ti_sysbios_heaps_HeapMem_Object__count__C)
                  00009f6c    00000004     project6_pem4f.oem4f (.const:ti_sysbios_heaps_HeapMem_reqAlign__C)
                  00009f70    00000004     project6_pem4f.oem4f (.const:ti_sysbios_knl_Clock_Module_State_clockQ__O)
                  00009f74    00000004     project6_pem4f.oem4f (.const:ti_sysbios_knl_Mailbox_A_invalidBufSize__C)
                  00009f78    00000004     project6_pem4f.oem4f (.const:ti_sysbios_knl_Mailbox_Instance_State_dataQue__O)
                  00009f7c    00000004     project6_pem4f.oem4f (.const:ti_sysbios_knl_Mailbox_Instance_State_dataSem__O)
                  00009f80    00000004     project6_pem4f.oem4f (.const:ti_sysbios_knl_Mailbox_Instance_State_freeQue__O)
                  00009f84    00000004     project6_pem4f.oem4f (.const:ti_sysbios_knl_Mailbox_Instance_State_freeSem__O)
                  00009f88    00000004     project6_pem4f.oem4f (.const:ti_sysbios_knl_Mailbox_Module__diagsEnabled__C)
                  00009f8c    00000004     project6_pem4f.oem4f (.const:ti_sysbios_knl_Mailbox_Module__diagsIncluded__C)
                  00009f90    00000004     project6_pem4f.oem4f (.const:ti_sysbios_knl_Mailbox_Module__diagsMask__C)
                  00009f94    00000004     project6_pem4f.oem4f (.const:ti_sysbios_knl_Mailbox_Object__count__C)
                  00009f98    00000004     project6_pem4f.oem4f (.const:ti_sysbios_knl_Mailbox_maxTypeAlign__C)
                  00009f9c    00000004     project6_pem4f.oem4f (.const:ti_sysbios_knl_Semaphore_A_badContext__C)
                  00009fa0    00000004     project6_pem4f.oem4f (.const:ti_sysbios_knl_Semaphore_A_noEvents__C)
                  00009fa4    00000004     project6_pem4f.oem4f (.const:ti_sysbios_knl_Semaphore_A_overflow__C)
                  00009fa8    00000004     project6_pem4f.oem4f (.const:ti_sysbios_knl_Semaphore_A_pendTaskDisabled__C)
                  00009fac    00000004     project6_pem4f.oem4f (.const:ti_sysbios_knl_Semaphore_Instance_State_pendQ__O)
                  00009fb0    00000004     project6_pem4f.oem4f (.const:ti_sysbios_knl_Semaphore_Module__diagsEnabled__C)
                  00009fb4    00000004     project6_pem4f.oem4f (.const:ti_sysbios_knl_Semaphore_Module__diagsIncluded__C)
                  00009fb8    00000004     project6_pem4f.oem4f (.const:ti_sysbios_knl_Semaphore_Module__diagsMask__C)
                  00009fbc    00000004     project6_pem4f.oem4f (.const:ti_sysbios_knl_Swi_Object__count__C)
                  00009fc0    00000004     project6_pem4f.oem4f (.const:ti_sysbios_knl_Task_A_badPriority__C)
                  00009fc4    00000004     project6_pem4f.oem4f (.const:ti_sysbios_knl_Task_A_badTaskState__C)
                  00009fc8    00000004     project6_pem4f.oem4f (.const:ti_sysbios_knl_Task_A_badThreadType__C)
                  00009fcc    00000004     project6_pem4f.oem4f (.const:ti_sysbios_knl_Task_A_noPendElem__C)
                  00009fd0    00000004     project6_pem4f.oem4f (.const:ti_sysbios_knl_Task_E_spOutOfBounds__C)
                  00009fd4    00000004     project6_pem4f.oem4f (.const:ti_sysbios_knl_Task_E_stackOverflow__C)
                  00009fd8    00000004     project6_pem4f.oem4f (.const:ti_sysbios_knl_Task_Module_State_inactiveQ__O)
                  00009fdc    00000004     project6_pem4f.oem4f (.const:ti_sysbios_knl_Task_Module__diagsEnabled__C)
                  00009fe0    00000004     project6_pem4f.oem4f (.const:ti_sysbios_knl_Task_Module__diagsIncluded__C)
                  00009fe4    00000004     project6_pem4f.oem4f (.const:ti_sysbios_knl_Task_Module__diagsMask__C)
                  00009fe8    00000004     project6_pem4f.oem4f (.const:ti_sysbios_knl_Task_Object__count__C)
                  00009fec    00000004     project6_pem4f.oem4f (.const:ti_sysbios_knl_Task_allBlockedFunc__C)
                  00009ff0    00000004     project6_pem4f.oem4f (.const:ti_sysbios_knl_Task_defaultStackHeap__C)
                  00009ff4    00000004     project6_pem4f.oem4f (.const:ti_sysbios_knl_Task_defaultStackSize__C)
                  00009ff8    00000004     project6_pem4f.oem4f (.const:ti_sysbios_knl_Task_numConstructedTasks__C)
                  00009ffc    00000004     project6_pem4f.oem4f (.const:xdc_runtime_Assert_E_assertFailed__C)
                  0000a000    00000004     project6_pem4f.oem4f (.const:xdc_runtime_Core_A_initializedParams__C)
                  0000a004    00000004     project6_pem4f.oem4f (.const:xdc_runtime_Core_Module__diagsEnabled__C)
                  0000a008    00000004     project6_pem4f.oem4f (.const:xdc_runtime_Core_Module__diagsIncluded__C)
                  0000a00c    00000004     project6_pem4f.oem4f (.const:xdc_runtime_Core_Module__diagsMask__C)
                  0000a010    00000004     project6_pem4f.oem4f (.const:xdc_runtime_Error_E_memory__C)
                  0000a014    00000004     project6_pem4f.oem4f (.const:xdc_runtime_Error_Module__diagsEnabled__C)
                  0000a018    00000004     project6_pem4f.oem4f (.const:xdc_runtime_Error_Module__diagsIncluded__C)
                  0000a01c    00000004     project6_pem4f.oem4f (.const:xdc_runtime_Error_Module__diagsMask__C)
                  0000a020    00000004     project6_pem4f.oem4f (.const:xdc_runtime_Error_Module__loggerFxn8__C)
                  0000a024    00000004     project6_pem4f.oem4f (.const:xdc_runtime_Error_Module__loggerObj__C)
                  0000a028    00000004     project6_pem4f.oem4f (.const:xdc_runtime_Error_policyFxn__C)
                  0000a02c    00000004     project6_pem4f.oem4f (.const:xdc_runtime_Error_raiseHook__C)
                  0000a030    00000004     project6_pem4f.oem4f (.const:xdc_runtime_IGateProvider_Interface__BASE__C)
                  0000a034    00000004     project6_pem4f.oem4f (.const:xdc_runtime_IHeap_Interface__BASE__C)
                  0000a038    00000004     project6_pem4f.oem4f (.const:xdc_runtime_IModule_Interface__BASE__C)
                  0000a03c    00000004     project6_pem4f.oem4f (.const:xdc_runtime_Log_L_error__C)
                  0000a040    00000004     project6_pem4f.oem4f (.const:xdc_runtime_Memory_defaultHeapInstance__C)
                  0000a044    00000004     project6_pem4f.oem4f (.const:xdc_runtime_Startup_execImpl__C)
                  0000a048    00000004     project6_pem4f.oem4f (.const:xdc_runtime_Startup_maxPasses__C)
                  0000a04c    00000004     project6_pem4f.oem4f (.const:xdc_runtime_Startup_sfxnRts__C)
                  0000a050    00000004     project6_pem4f.oem4f (.const:xdc_runtime_Startup_sfxnTab__C)
                  0000a054    00000004     project6_pem4f.oem4f (.const:xdc_runtime_SysMin_bufSize__C)
                  0000a058    00000004     project6_pem4f.oem4f (.const:xdc_runtime_SysMin_outputFunc__C)
                  0000a05c    00000004     project6_pem4f.oem4f (.const:xdc_runtime_System_Module__gateObj__C)
                  0000a060    00000004     project6_pem4f.oem4f (.const:xdc_runtime_System_abortFxn__C)
                  0000a064    00000004     project6_pem4f.oem4f (.const:xdc_runtime_System_exitFxn__C)
                  0000a068    00000004     project6_pem4f.oem4f (.const:xdc_runtime_System_extendFxn__C)
                  0000a06c    00000004     project6_pem4f.oem4f (.const:xdc_runtime_System_maxAtexitHandlers__C)
                  0000a070    00000004     project6_pem4f.oem4f (.const:xdc_runtime_Text_charTab__C)
                  0000a074    00000004     project6_pem4f.oem4f (.const:xdc_runtime_Text_nameEmpty__C)
                  0000a078    00000004     project6_pem4f.oem4f (.const:xdc_runtime_Text_nameStatic__C)
                  0000a07c    00000004     project6_pem4f.oem4f (.const:xdc_runtime_Text_nameUnknown__C)
                  0000a080    00000004     project6_pem4f.oem4f (.const:xdc_runtime_Text_nodeTab__C)
                  0000a084    00000004     project6_pem4f.oem4f (.const:xdc_runtime_Text_visitRopeFxn__C)
                  0000a088    00000002     project6_pem4f.oem4f (.const:ti_sysbios_gates_GateMutex_Module__id__C)
                  0000a08a    00000002     project6_pem4f.oem4f (.const:ti_sysbios_hal_Hwi_Module__id__C)
                  0000a08c    00000002     project6_pem4f.oem4f (.const:ti_sysbios_heaps_HeapMem_Module__id__C)
                  0000a08e    00000002     project6_pem4f.oem4f (.const:ti_sysbios_knl_Mailbox_Module__id__C)
                  0000a090    00000002     project6_pem4f.oem4f (.const:ti_sysbios_knl_Semaphore_Module__id__C)
                  0000a092    00000002     project6_pem4f.oem4f (.const:ti_sysbios_knl_Task_Module__id__C)
                  0000a094    00000002     project6_pem4f.oem4f (.const:xdc_runtime_Core_Module__id__C)
                  0000a096    00000002     project6_pem4f.oem4f (.const:xdc_runtime_Error_Module__loggerDefined__C)
                  0000a098    00000002     project6_pem4f.oem4f (.const:xdc_runtime_Error_maxDepth__C)
                  0000a09a    00000002     project6_pem4f.oem4f (.const:xdc_runtime_Memory_Module__id__C)
                  0000a09c    00000002     project6_pem4f.oem4f (.const:xdc_runtime_SysMin_flushAtExit__C)
                  0000a09e    00000002     project6_pem4f.oem4f (.const:xdc_runtime_Text_charCnt__C)
                  0000a0a0    00000002     project6_pem4f.oem4f (.const:xdc_runtime_Text_isLoaded__C)
                  0000a0a2    00000002     project6_pem4f.oem4f (.const:xdc_runtime_Text_registryModsLastId__C)
                  0000a0a4    00000002     project6_pem4f.oem4f (.const:xdc_runtime_Text_unnamedModsLastId__C)
                  0000a0a6    00000001     project6_pem4f.oem4f (.const:xdc_runtime_Error_policy__C)

.cinit     0    0000a0a8    00000280     
                  0000a0a8    0000024c     (.cinit..data.load) [load image, compression = lzss]
                  0000a2f4    0000000c     (__TI_handler_table)
                  0000a300    00000008     (.cinit..bss.load) [load image, compression = zero_init]
                  0000a308    00000008     (.cinit..vecs.load) [load image, compression = zero_init]
                  0000a310    00000018     (__TI_cinit_table)

.resetVecs 
*          0    00000000    0000003c     
                  00000000    0000003c     project6_pem4f.oem4f (.resetVecs)

.bss       0    20000140    000011a4     UNINITIALIZED
                  20000140    00000400     (.common:ti_sysbios_heaps_HeapMem_Instance_State_0_buf__A)
                  20000540    000003e8     (.common:TSK_STK_pet_game)
                  20000928    000003e8     (.common:TSK_STK_read_sensors)
                  20000d10    00000200     project6_pem4f.oem4f (.bss:taskStackSection)
                  20000f10    00000140     (.common:ti_sysbios_family_arm_m3_Hwi_dispatchTable)
                  20001050    00000120     rtsv7M4_T_le_v4SPD16_eabi.lib : trgmsg.c.obj (.bss:_CIOBUF_)
                  20001170    00000080     (.common:xdc_runtime_SysMin_Module_State_0_outbuf__A)
                  200011f0    0000006c     (.common:MBX_STR_sensors)
                  2000125c    00000030     drivers_MSP432P401R.aem4f : GPIOMSP432.oem4f (.bss:gpioCallbackInfo)
                  2000128c    00000014     (.common:mbx_sensor_buff)
                  200012a0    0000000c     project6.obj (.bss:curr_accel$1)
                  200012ac    0000000c     project6.obj (.bss:prev_accel$2)
                  200012b8    0000000c     (.common:a)
                  200012c4    00000008     (.common:adcMSP432Objects)
                  200012cc    00000008     (.common:parmbuf)
                  200012d4    00000004     project6.obj (.bss)
                  200012d8    00000004     (.common:TSK_HDL_pet_game)
                  200012dc    00000004     (.common:TSK_HDL_read_sensors)
                  200012e0    00000002     project6.obj (.bss:js$3)
                  200012e2    00000002     (.common:js_)

.data      0    200012e8    00000549     UNINITIALIZED
                  200012e8    0000009c     drivers_MSP432P401R.aem4f : PowerMSP432.oem4f (.data:PowerMSP432_perfLevels)
                  20001384    00000080     project6_pem4f.oem4f (.data:ti_sysbios_knl_Swi_Module_State_0_readyQ__A)
                  20001404    00000080     project6_pem4f.oem4f (.data:ti_sysbios_knl_Task_Module_State_0_readyQ__A)
                  20001484    00000050     project6_pem4f.oem4f (.data:ti_sysbios_family_arm_msp432_Timer_Object__table__V)
                  200014d4    00000050     project6_pem4f.oem4f (.data:ti_sysbios_knl_Task_Object__table__V)
                  20001524    00000048     project6_pem4f.oem4f (.data:ti_sysbios_gates_GateMutex_Object__table__V)
                  2000156c    00000044     project6_pem4f.oem4f (.data:ti_sysbios_knl_Task_Module__state__V)
                  200015b0    00000034     project6_pem4f.oem4f (.data:ti_sysbios_family_arm_m3_Hwi_Module__state__V)
                  200015e4    00000034     project6_pem4f.oem4f (.data:ti_sysbios_knl_Swi_Object__table__V)
                  20001618    00000030     msp432p4xx_driverlib.lib : gpio.o (.data:GPIO_PORT_TO_BASE)
                  20001648    0000002c     project6_pem4f.oem4f (.data:ti_sysbios_knl_Clock_Module__state__V)
                  20001674    00000028     drivers_MSP432P401R.aem4f : PowerMSP432.oem4f (.data:PowerMSP432_module)
                  2000169c    00000024     project6_pem4f.oem4f (.data:ti_sysbios_BIOS_Module__state__V)
                  200016c0    00000020     project6_pem4f.oem4f (.data:ti_sysbios_family_arm_msp432_Timer_Module_State_0_device__A)
                  200016e0    0000001c     project6_pem4f.oem4f (.data:ti_sysbios_family_arm_m3_Hwi_Object__table__V)
                  200016fc    0000001c     project6_pem4f.oem4f (.data:ti_sysbios_heaps_HeapMem_Object__table__V)
                  20001718    0000001c     project6_pem4f.oem4f (.data:ti_sysbios_knl_Swi_Module__state__V)
                  20001734    00000018     MSP_EXP432P401R.obj (.data:gpioPinConfigs)
                  2000174c    00000010     MSP_EXP432P401R.obj (.data:gpioCallbackFunctions)
                  2000175c    00000010     project6_pem4f.oem4f (.data:ti_sysbios_family_arm_msp432_Timer_Module_State_0_handles__A)
                  2000176c    0000000c     project6_pem4f.oem4f (.data:ti_sysbios_family_arm_msp432_ClockFreqs_Module__state__V)
                  20001778    0000000c     project6_pem4f.oem4f (.data:ti_sysbios_family_arm_msp432_Timer_Module__state__V)
                  20001784    0000000c     project6_pem4f.oem4f (.data:xdc_runtime_SysMin_Module__state__V)
                  20001790    00000008     rtsv7M4_T_le_v4SPD16_eabi.lib : _lock.c.obj (.data:$O1$$)
                  20001798    00000008     ADCMSP432.obj (.data)
                  200017a0    00000008     HAL_TMP006.obj (.data)
                  200017a8    00000008     project6_pem4f.oem4f (.data:ti_sysbios_family_arm_m3_Hwi_Module__root__V)
                  200017b0    00000008     project6_pem4f.oem4f (.data:ti_sysbios_gates_GateHwi_Module__root__V)
                  200017b8    00000008     project6_pem4f.oem4f (.data:ti_sysbios_gates_GateHwi_Object__table__V)
                  200017c0    00000008     project6_pem4f.oem4f (.data:ti_sysbios_gates_GateMutex_Module__root__V)
                  200017c8    00000008     project6_pem4f.oem4f (.data:ti_sysbios_heaps_HeapMem_Module__root__V)
                  200017d0    00000008     project6_pem4f.oem4f (.data:ti_sysbios_knl_Mailbox_Module__root__V)
                  200017d8    00000008     project6_pem4f.oem4f (.data:ti_sysbios_knl_Queue_Module__root__V)
                  200017e0    00000008     project6_pem4f.oem4f (.data:ti_sysbios_knl_Semaphore_Module__root__V)
                  200017e8    00000008     project6_pem4f.oem4f (.data:ti_sysbios_knl_Task_Module__root__V)
                  200017f0    00000008     project6_pem4f.oem4f (.data:xdc_runtime_Registry_Module__state__V)
                  200017f8    00000008     project6_pem4f.oem4f (.data:xdc_runtime_Startup_Module__state__V)
                  20001800    00000008     project6_pem4f.oem4f (.data:xdc_runtime_System_Module_State_0_atexitHandlers__A)
                  20001808    00000008     project6_pem4f.oem4f (.data:xdc_runtime_System_Module__state__V)
                  20001810    00000004     drivers_MSP432P401R.aem4f : ADC.oem4f (.data)
                  20001814    00000004     rtsv7M4_T_le_v4SPD16_eabi.lib : errno.c.obj (.data)
                  20001818    00000004                                   : stkdepth_vars.c.obj (.data)
                  2000181c    00000004     project6_pem4f.oem4f (.data:ti_sysbios_family_arm_m3_Hwi_Module_State_0_excContext__A)
                  20001820    00000004     project6_pem4f.oem4f (.data:ti_sysbios_family_arm_m3_Hwi_Module_State_0_excStack__A)
                  20001824    00000004     project6_pem4f.oem4f (.data:ti_sysbios_knl_Task_Module_State_0_idleTask__A)
                  20001828    00000004     project6_pem4f.oem4f (.data:xdc_runtime_Memory_Module__state__V)
                  2000182c    00000002     project6_pem4f.oem4f (.data:ti_sysbios_family_arm_m3_Hwi_Module_State_0_excActive__A)
                  2000182e    00000002     project6_pem4f.oem4f (.data:xdc_runtime_Error_Module__state__V)
                  20001830    00000001     drivers_MSP432P401R.aem4f : GPIOMSP432.oem4f (.data)

.stack     0    2000f830    000007d0     UNINITIALIZED
                  2000f830    000007d0     --HOLE--

.bootVecs 
*          0    00000000    00000008     DSECT
                  00000000    00000008     boot.aem4f : boot.oem4f (.bootVecs)

.vecs      0    20000000    00000140     UNINITIALIZED
                  20000000    00000140     project6_pem4f.oem4f (.vecs)

xdc.meta   0    00000000    00000101     COPY SECTION
                  00000000    00000101     project6_pem4f.oem4f (xdc.meta)

.binit     0    00000000    00000000     

MODULE SUMMARY

       Module                       code    ro data   rw data
       ------                       ----    -------   -------
    ./
       project6.obj                 330     0         2166   
    +--+----------------------------+-------+---------+---------+
       Total:                       330     0         2166   
                                                             
    ./board_config/
       ADCMSP432.obj                616     24        8      
       MSP_EXP432P401R.obj          24      300       48     
    +--+----------------------------+-------+---------+---------+
       Total:                       640     324       56     
                                                             
    ./custom_driver/
       HAL_TMP006.obj               976     0         8      
       accelerometer.obj            538     0         12     
       joystick.obj                 199     0         2      
       HAL_I2C.obj                  168     0         0      
    +--+----------------------------+-------+---------+---------+
       Total:                       1881    0         22     
                                                             
    /Users/druepeters/Documents/Development/EEL4930_AdvMCU/project6_alt/Debug/configPkg/package/cfg/
       project6_pem4f.oem4f         1914    7875      3336   
    +--+----------------------------+-------+---------+---------+
       Total:                       1914    7875      3336   
                                                             
    /Applications/ti/ccsv8/tools/compiler/ti-cgt-arm_18.1.4.LTS/lib/rtsv7M4_T_le_v4SPD16_eabi.lib
       e_pow.c.obj                  2496    48        0      
       fd_add_t2.asm.obj            438     0         0      
       trgmsg.c.obj                 108     0         288    
       e_sqrt.c.obj                 344     0         0      
       fd_div_t2.asm.obj            310     0         0      
       s_scalbn.c.obj               272     0         0      
       fd_cmp_t2.asm.obj            268     0         0      
       fd_mul_t2.asm.obj            252     0         0      
       memcpy_t2.asm.obj            156     0         0      
       memset_t2.asm.obj            122     0         0      
       fd_tos_t2.asm.obj            110     0         0      
       copy_decompress_lzss.c.obj   104     0         0      
       hostwrite.c.obj              88      0         0      
       cpy_tbl.c.obj                76      0         0      
       fd_toi_t2.asm.obj            72      0         0      
       fd_tou_t2.asm.obj            68      0         0      
       u_divt2.asm.obj              64      0         0      
       fs_tod_t2.asm.obj            56      0         0      
       i_tofd_t2.asm.obj            46      0         0      
       _lock.c.obj                  26      0         8      
       u_tofd_t2.asm.obj            32      0         0      
       args_main.c.obj              24      0         0      
       s_copysign.c.obj             20      0         0      
       strlen.c.obj                 20      0         0      
       copy_decompress_none.c.obj   14      0         0      
       copy_zero_init.c.obj         12      0         0      
       errno.c.obj                  8       0         4      
       hostopen.c.obj               0       0         8      
       exit.c.obj                   4       0         0      
       stkdepth_vars.c.obj          0       0         4      
       div0.asm.obj                 2       0         0      
    +--+----------------------------+-------+---------+---------+
       Total:                       5612    48        312    
                                                             
    /Users/druepeters/Documents/Development/EEL4930_AdvMCU/project6_alt/src/sysbios/sysbios.aem4f
       BIOS.obj                     11650   0         0      
       m3_Hwi_asm.obj               306     0         0      
       m3_TaskSupport_asm.obj       180     0         0      
       m3_Hwi_asm_switch.obj        118     0         0      
    +--+----------------------------+-------+---------+---------+
       Total:                       12254   0         0      
                                                             
    /Users/druepeters/ti/tirtos_msp43x_2_20_00_06/products/bios_6_46_00_23/packages/ti/targets/arm/rtsarm/lib/auto_init.aem4f
       auto_init.oem4f              160     0         0      
    +--+----------------------------+-------+---------+---------+
       Total:                       160     0         0      
                                                             
    /Users/druepeters/ti/tirtos_msp43x_2_20_00_06/products/bios_6_46_00_23/packages/ti/targets/arm/rtsarm/lib/boot.aem4f
       boot.oem4f                   88      0         0      
    +--+----------------------------+-------+---------+---------+
       Total:                       88      0         0      
                                                             
    /Users/druepeters/ti/tirtos_msp43x_2_20_00_06/products/bios_6_46_00_23/packages/ti/targets/arm/rtsarm/lib/ti.targets.arm.rtsarm.aem4f
       System.oem4f                 1255    0         0      
       Text.oem4f                   581     0         0      
[...]
00007edd  ti_sysbios_knl_Semaphore_Params__init__S                    
00007ee9  ti_sysbios_knl_Task_Params__init__S                         
00007ef5  xdc_runtime_Error_init__E                                   
00007f01  xdc_runtime_Gate_enterSystem__E                             
00007f0d  xdc_runtime_Memory_calloc__E                                
00007f19  xdc_runtime_Memory_getMaxDefaultTypeAlign__E                
00007f25  xdc_runtime_Startup_rtsDone__E                              
00007f31  ADC_close                                                   
00007f3b  ADC_convert                                                 
00007f45  SemaphoreP_post                                             
00007f45  SemaphoreP_postFromClock                                    
00007f45  SemaphoreP_postFromISR                                      
00007f4f  xdc_runtime_Memory_HeapProxy_alloc__E                       
00007f59  xdc_runtime_Memory_HeapProxy_free__E                        
00007f63  MSP_EXP432P401R_initADC                                     
00007f6b  MSP_EXP432P401R_initGPIO                                    
00007f73  MSP_EXP432P401R_initGeneral                                 
00007f7b  PCM_setPowerMode                                            
00007f83  PCM_setPowerState                                           
00007f8b  SemaphoreP_Params_init                                      
00007f95  __aeabi_errno_addr                                          
00007fa1  ti_sysbios_family_arm_m3_Hwi_doSwiRestore__I                
00007fa9  ti_sysbios_family_arm_m3_Hwi_startup__E                     
00007fa9  ti_sysbios_hal_Hwi_HwiProxy_startup__E                      
00007fa9  ti_sysbios_hal_Hwi_startup__E                               
00007fb1  I2C_masterReceiveMultiByteNext                              
00007fb9  ti_sysbios_family_arm_m3_Hwi_doTaskRestore__I               
00007fc1  HwiP_restore                                                
00007fc1  ti_sysbios_family_arm_m3_Hwi_restoreFxn__E                  
00007fc1  ti_sysbios_hal_Hwi_HwiProxy_restore__E                      
00007fc9  ti_sysbios_gates_GateHwi_leave__E                           
00007fd1  ti_sysbios_heaps_HeapMem_isBlocking__E                      
00007fd9  ti_sysbios_knl_Queue_Instance_init__E                       
00007fe1  ti_sysbios_knl_Swi_startup__E                               
00007fe7  xdc_runtime_System_Module_startup__E                        
00007ff1  ti_sysbios_gates_GateHwi_query__E                           
00007ff1  xdc_runtime_Main_Module_GateProxy_query__E                  
00007ff1  xdc_runtime_System_Module_GateProxy_query__E                
00007ff9  ti_sysbios_BIOS_RtsGateProxy_query__E                       
00007ff9  ti_sysbios_gates_GateMutex_query__E                         
00007ff9  ti_sysbios_heaps_HeapMem_Module_GateProxy_query__E          
00008001  ti_sysbios_knl_Task_startup__E                              
00008009  ti_sysbios_BIOS_linkedWithIncorrectBootLibrary__E           
00008011  ti_sysbios_gates_GateHwi_Instance_init__E                   
00008019  ti_sysbios_knl_Clock_logTick__E                             
00008020  xdc_runtime_Text_charTab__A                                 
000098d0  xdc_runtime_Text_nodeTab__A                                 
00009988  adcMSP432HWAttrs                                            
00009ab0  ADC_config                                                  
00009b58  ti_sysbios_knl_Task_Object__PARAMS__C                       
00009b94  ti_sysbios_knl_Mailbox_Object__PARAMS__C                    
00009bf8  ti_sysbios_family_arm_m3_Hwi_Object__PARAMS__C              
00009c28  ti_sysbios_heaps_HeapMem_Module__FXNS__C                    
00009c50  ti_sysbios_gates_GateHwi_Module__FXNS__C                    
00009c74  ti_sysbios_gates_GateMutex_Module__FXNS__C                  
00009c98  ti_sysbios_heaps_HeapMem_Object__PARAMS__C                  
00009cbc  ti_sysbios_knl_Semaphore_Object__PARAMS__C                  
00009ce0  xdc_runtime_Startup_sfxnTab__A                              
00009d04  ti_sysbios_family_arm_m3_Hwi_Object__DESC__C                
00009d24  ti_sysbios_gates_GateHwi_Object__DESC__C                    
00009d44  ti_sysbios_gates_GateMutex_Object__DESC__C                  
00009d64  ti_sysbios_heaps_HeapMem_Object__DESC__C                    
00009d84  ti_sysbios_knl_Mailbox_Object__DESC__C                      
00009da4  ti_sysbios_knl_Queue_Object__DESC__C                        
00009dc4  ti_sysbios_knl_Semaphore_Object__DESC__C                    
00009de4  ti_sysbios_knl_Task_Object__DESC__C                         
00009e04  ADCMSP432_fxnTable                                          
00009e1c  ti_sysbios_gates_GateHwi_Object__PARAMS__C                  
00009e34  ti_sysbios_gates_GateMutex_Object__PARAMS__C                
00009e4c  ti_sysbios_knl_Queue_Object__PARAMS__C                      
00009e64  GPIOMSP432_config                                           
00009e78  xdc_runtime_Startup_sfxnRts__A                              
00009e8a  ti_sysbios_family_arm_m3_Hwi_Module__id__C                  
00009e8c  PowerMSP432_config                                          
00009ea8  xdc_runtime_Startup_firstFxns__A                            
00009eb4  ti_sysbios_family_arm_m3_Hwi_excHookFuncs__A                
00009ebc  ti_sysbios_knl_Idle_funcList__A                             
00009ec4  ti_sysbios_knl_Idle_funcList__C                             
00009ecc  xdc_runtime_Startup_firstFxns__C                            
00009ed4  xdc_runtime_Startup_lastFxns__C                             
00009edc  ti_sysbios_family_arm_m3_Hwi_E_NMI__C                       
00009ee0  ti_sysbios_family_arm_m3_Hwi_E_alreadyDefined__C            
00009ee4  ti_sysbios_family_arm_m3_Hwi_E_busFault__C                  
00009ee8  ti_sysbios_family_arm_m3_Hwi_E_debugMon__C                  
00009eec  ti_sysbios_family_arm_m3_Hwi_E_hardFault__C                 
00009ef0  ti_sysbios_family_arm_m3_Hwi_E_memFault__C                  
00009ef4  ti_sysbios_family_arm_m3_Hwi_E_noIsr__C                     
00009ef8  ti_sysbios_family_arm_m3_Hwi_E_reserved__C                  
00009efc  ti_sysbios_family_arm_m3_Hwi_E_svCall__C                    
00009f00  ti_sysbios_family_arm_m3_Hwi_E_usageFault__C                
00009f04  ti_sysbios_family_arm_m3_Hwi_NUM_INTERRUPTS__C              
00009f08  ti_sysbios_family_arm_m3_Hwi_Object__count__C               
00009f0c  ti_sysbios_family_arm_m3_Hwi_ccr__C                         
00009f10  ti_sysbios_family_arm_m3_Hwi_excHandlerFunc__C              
00009f14  ti_sysbios_family_arm_m3_Hwi_excHookFuncs__C                
00009f18  ti_sysbios_family_arm_m3_Hwi_nullIsrFunc__C                 
00009f1c  ti_sysbios_family_arm_m3_Hwi_priGroup__C                    
00009f20  ti_sysbios_family_arm_m3_TaskSupport_stackAlignment__C      
00009f24  ti_sysbios_family_arm_msp432_Timer_numTimerDevices__C       
00009f28  ti_sysbios_family_arm_msp432_Timer_startupNeeded__C         
00009f2c  ti_sysbios_gates_GateMutex_A_badContext__C                  
00009f30  ti_sysbios_gates_GateMutex_Instance_State_sem__O            
00009f34  ti_sysbios_gates_GateMutex_Module__diagsEnabled__C          
00009f38  ti_sysbios_gates_GateMutex_Module__diagsIncluded__C         
00009f3c  ti_sysbios_gates_GateMutex_Module__diagsMask__C             
00009f40  ti_sysbios_hal_Hwi_E_stackOverflow__C                       
00009f44  ti_sysbios_heaps_HeapMem_A_align__C                         
00009f48  ti_sysbios_heaps_HeapMem_A_heapSize__C                      
00009f4c  ti_sysbios_heaps_HeapMem_A_invalidFree__C                   
00009f50  ti_sysbios_heaps_HeapMem_A_zeroBlock__C                     
00009f54  ti_sysbios_heaps_HeapMem_E_memory__C                        
00009f58  ti_sysbios_heaps_HeapMem_Module__diagsEnabled__C            
00009f5c  ti_sysbios_heaps_HeapMem_Module__diagsIncluded__C           
00009f60  ti_sysbios_heaps_HeapMem_Module__diagsMask__C               
00009f64  ti_sysbios_heaps_HeapMem_Module__gateObj__C                 
00009f68  ti_sysbios_heaps_HeapMem_Object__count__C                   
00009f6c  ti_sysbios_heaps_HeapMem_reqAlign__C                        
00009f70  ti_sysbios_knl_Clock_Module_State_clockQ__O                 
00009f74  ti_sysbios_knl_Mailbox_A_invalidBufSize__C                  
00009f78  ti_sysbios_knl_Mailbox_Instance_State_dataQue__O            
00009f7c  ti_sysbios_knl_Mailbox_Instance_State_dataSem__O            
00009f80  ti_sysbios_knl_Mailbox_Instance_State_freeQue__O            
00009f84  ti_sysbios_knl_Mailbox_Instance_State_freeSem__O            
00009f88  ti_sysbios_knl_Mailbox_Module__diagsEnabled__C              
00009f8c  ti_sysbios_knl_Mailbox_Module__diagsIncluded__C             
00009f90  ti_sysbios_knl_Mailbox_Module__diagsMask__C                 
00009f94  ti_sysbios_knl_Mailbox_Object__count__C                     
00009f98  ti_sysbios_knl_Mailbox_maxTypeAlign__C                      
00009f9c  ti_sysbios_knl_Semaphore_A_badContext__C                    
00009fa0  ti_sysbios_knl_Semaphore_A_noEvents__C                      
00009fa4  ti_sysbios_knl_Semaphore_A_overflow__C                      
00009fa8  ti_sysbios_knl_Semaphore_A_pendTaskDisabled__C              
00009fac  ti_sysbios_knl_Semaphore_Instance_State_pendQ__O            
00009fb0  ti_sysbios_knl_Semaphore_Module__diagsEnabled__C            
00009fb4  ti_sysbios_knl_Semaphore_Module__diagsIncluded__C           
00009fb8  ti_sysbios_knl_Semaphore_Module__diagsMask__C               
00009fbc  ti_sysbios_knl_Swi_Object__count__C                         
00009fc0  ti_sysbios_knl_Task_A_badPriority__C                        
00009fc4  ti_sysbios_knl_Task_A_badTaskState__C                       
00009fc8  ti_sysbios_knl_Task_A_badThreadType__C                      
00009fcc  ti_sysbios_knl_Task_A_noPendElem__C                         
00009fd0  ti_sysbios_knl_Task_E_spOutOfBounds__C                      
00009fd4  ti_sysbios_knl_Task_E_stackOverflow__C                      
00009fd8  ti_sysbios_knl_Task_Module_State_inactiveQ__O               
00009fdc  ti_sysbios_knl_Task_Module__diagsEnabled__C                 
00009fe0  ti_sysbios_knl_Task_Module__diagsIncluded__C                
00009fe4  ti_sysbios_knl_Task_Module__diagsMask__C                    
00009fe8  ti_sysbios_knl_Task_Object__count__C                        
00009fec  ti_sysbios_knl_Task_allBlockedFunc__C                       
00009ff0  ti_sysbios_knl_Task_defaultStackHeap__C                     
00009ff4  ti_sysbios_knl_Task_defaultStackSize__C                     
00009ff8  ti_sysbios_knl_Task_numConstructedTasks__C                  
00009ffc  xdc_runtime_Assert_E_assertFailed__C                        
0000a000  xdc_runtime_Core_A_initializedParams__C                     
0000a004  xdc_runtime_Core_Module__diagsEnabled__C                    
0000a008  xdc_runtime_Core_Module__diagsIncluded__C                   
0000a00c  xdc_runtime_Core_Module__diagsMask__C                       
0000a010  xdc_runtime_Error_E_memory__C                               
0000a014  xdc_runtime_Error_Module__diagsEnabled__C                   
0000a018  xdc_runtime_Error_Module__diagsIncluded__C                  
0000a01c  xdc_runtime_Error_Module__diagsMask__C                      
0000a020  xdc_runtime_Error_Module__loggerFxn8__C                     
0000a024  xdc_runtime_Error_Module__loggerObj__C                      
0000a028  xdc_runtime_Error_policyFxn__C                              
0000a02c  xdc_runtime_Error_raiseHook__C                              
0000a030  xdc_runtime_IGateProvider_Interface__BASE__C                
0000a034  xdc_runtime_IHeap_Interface__BASE__C                        
0000a038  xdc_runtime_IModule_Interface__BASE__C                      
0000a03c  xdc_runtime_Log_L_error__C                                  
0000a040  xdc_runtime_Memory_defaultHeapInstance__C                   
0000a044  xdc_runtime_Startup_execImpl__C                             
0000a048  xdc_runtime_Startup_maxPasses__C                            
0000a04c  xdc_runtime_Startup_sfxnRts__C                              
0000a050  xdc_runtime_Startup_sfxnTab__C                              
0000a054  xdc_runtime_SysMin_bufSize__C                               
0000a058  xdc_runtime_SysMin_outputFunc__C                            
0000a05c  xdc_runtime_System_Module__gateObj__C                       
0000a060  xdc_runtime_System_abortFxn__C                              
0000a064  xdc_runtime_System_exitFxn__C                               
0000a068  xdc_runtime_System_extendFxn__C                             
0000a06c  xdc_runtime_System_maxAtexitHandlers__C                     
0000a070  xdc_runtime_Text_charTab__C                                 
0000a074  xdc_runtime_Text_nameEmpty__C                               
0000a078  xdc_runtime_Text_nameStatic__C                              
0000a07c  xdc_runtime_Text_nameUnknown__C                             
0000a080  xdc_runtime_Text_nodeTab__C                                 
0000a084  xdc_runtime_Text_visitRopeFxn__C                            
0000a088  ti_sysbios_gates_GateMutex_Module__id__C                    
0000a08a  ti_sysbios_hal_Hwi_Module__id__C                            
0000a08c  ti_sysbios_heaps_HeapMem_Module__id__C                      
0000a08e  ti_sysbios_knl_Mailbox_Module__id__C                        
0000a090  ti_sysbios_knl_Semaphore_Module__id__C                      
0000a092  ti_sysbios_knl_Task_Module__id__C                           
0000a094  xdc_runtime_Core_Module__id__C                              
0000a096  xdc_runtime_Error_Module__loggerDefined__C                  
0000a098  xdc_runtime_Error_maxDepth__C                               
0000a09a  xdc_runtime_Memory_Module__id__C                            
0000a09c  xdc_runtime_SysMin_flushAtExit__C                           
0000a09e  xdc_runtime_Text_charCnt__C                                 
0000a0a0  xdc_runtime_Text_isLoaded__C                                
0000a0a2  xdc_runtime_Text_registryModsLastId__C                      
0000a0a4  xdc_runtime_Text_unnamedModsLastId__C                       
0000a0a6  xdc_runtime_Error_policy__C                                 
0000a0a8  __TI_static_base__                                          
0000a2f4  __TI_Handler_Table_Base                                     
0000a300  __TI_Handler_Table_Limit                                    
0000a310  __TI_CINIT_Base                                             
0000a328  __TI_CINIT_Limit                                            
20000000  ti_sysbios_family_arm_m3_Hwi_ramVectors                     
20000140  ti_sysbios_heaps_HeapMem_Instance_State_0_buf__A            
20000540  TSK_STK_pet_game                                            
20000928  TSK_STK_read_sensors                                        
20000d10  ti_sysbios_knl_Task_Instance_State_0_stack__A               
20000f10  ti_sysbios_family_arm_m3_Hwi_dispatchTable                  
20001050  __CIOBUF_                                                   
20001170  xdc_runtime_SysMin_Module_State_0_outbuf__A                 
200011f0  MBX_STR_sensors                                             
2000128c  mbx_sensor_buff                                             
200012b8  a                                                           
200012c4  adcMSP432Objects                                            
200012cc  parmbuf                                                     
200012d8  TSK_HDL_pet_game                                            
200012dc  TSK_HDL_read_sensors                                        
200012e2  js_                                                         
200012e8  PowerMSP432_perfLevels                                      
20001384  ti_sysbios_knl_Swi_Module_State_0_readyQ__A                 
20001404  ti_sysbios_knl_Task_Module_State_0_readyQ__A                
20001484  ti_sysbios_family_arm_msp432_Timer_Object__table__V         
200014d4  ti_sysbios_knl_Task_Object__table__V                        
20001524  ti_sysbios_gates_GateMutex_Object__table__V                 
2000156c  ti_sysbios_knl_Task_Module__state__V                        
200015b0  ti_sysbios_family_arm_m3_Hwi_Module__state__V               
200015e4  ti_sysbios_knl_Swi_Object__table__V                         
20001648  ti_sysbios_knl_Clock_Module__state__V                       
20001674  PowerMSP432_module                                          
2000169c  ti_sysbios_BIOS_Module__state__V                            
200016c0  ti_sysbios_family_arm_msp432_Timer_Module_State_0_device__A 
200016e0  ti_sysbios_family_arm_m3_Hwi_Object__table__V               
200016fc  ti_sysbios_heaps_HeapMem_Object__table__V                   
20001718  ti_sysbios_knl_Swi_Module__state__V                         
20001734  gpioPinConfigs                                              
2000174c  gpioCallbackFunctions                                       
2000175c  ti_sysbios_family_arm_msp432_Timer_Module_State_0_handles__A
2000176c  ti_sysbios_family_arm_msp432_ClockFreqs_Module__state__V    
20001778  ti_sysbios_family_arm_msp432_Timer_Module__state__V         
20001784  xdc_runtime_SysMin_Module__state__V                         
20001790  _lock                                                       
20001794  _unlock                                                     
200017a8  ti_sysbios_family_arm_m3_Hwi_Module__root__V                
200017b0  ti_sysbios_gates_GateHwi_Module__root__V                    
200017b8  ti_sysbios_gates_GateHwi_Object__table__V                   
200017c0  ti_sysbios_gates_GateMutex_Module__root__V                  
200017c8  ti_sysbios_heaps_HeapMem_Module__root__V                    
200017d0  ti_sysbios_knl_Mailbox_Module__root__V                      
200017d8  ti_sysbios_knl_Queue_Module__root__V                        
200017e0  ti_sysbios_knl_Semaphore_Module__root__V                    
200017e8  ti_sysbios_knl_Task_Module__root__V                         
200017f0  xdc_runtime_Registry_Module__state__V                       
200017f8  xdc_runtime_Startup_Module__state__V                        
20001800  xdc_runtime_System_Module_State_0_atexitHandlers__A         
20001808  xdc_runtime_System_Module__state__V                         
20001814  errno                                                       
20001818  main_func_sp                                                
2000181c  ti_sysbios_family_arm_m3_Hwi_Module_State_0_excContext__A   
20001820  ti_sysbios_family_arm_m3_Hwi_Module_State_0_excStack__A     
20001824  ti_sysbios_knl_Task_Module_State_0_idleTask__A              
20001828  xdc_runtime_Memory_Module__state__V                         
2000182c  ti_sysbios_family_arm_m3_Hwi_Module_State_0_excActive__A    
2000182e  xdc_runtime_Error_Module__state__V                          
2000f830  __stack                                                     
20010000  __STACK_END                                                 
4000480c  WDTCTL_SYM                                                  
e000e000  ti_sysbios_family_arm_m3_Hwi_nvic                           
ffffffff  __TI_pprof_out_hndl                                         
ffffffff  __TI_prof_data_size                                         
ffffffff  __TI_prof_data_start                                        
ffffffff  __binit__                                                   
ffffffff  __c_args__                                                  
ffffffff  binit                                                       
UNDEFED   SHT$$INIT_ARRAY$$Base                                       
UNDEFED   SHT$$INIT_ARRAY$$Limit                                      

[694 symbols]
