******************************************************************************
                  TI ARM Linker Unix v18.1.4                   
******************************************************************************
>> Linked Wed Dec 12 10:46:46 2018

OUTPUT FILE NAME:   <project6_alt.out>
ENTRY POINT SYMBOL: "_c_int00"  address: 00008425


MEMORY CONFIGURATION

         name            origin    length      used     unused   attr    fill
----------------------  --------  ---------  --------  --------  ----  --------
  MAIN                  00000000   00040000  00012144  0002debc  R  X
  INFO                  00200000   00004000  00000000  00004000  R  X
  SRAM_CODE             01000000   00010000  00000000  00010000  RW X
  SRAM_DATA             20000000   00010000  00003312  0000ccee  RW  


SEGMENT ALLOCATION MAP

run origin  load origin   length   init length attrs members
----------  ----------- ---------- ----------- ----- -------
00000000    00000000    00012150   00012150    r-x
  00000000    00000000    0000003c   0000003c    r-- .resetVecs
  00000040    00000040    0000b29a   0000b29a    r-x .text
  0000b2e0    0000b2e0    00006bc6   00006bc6    r-- .const
  00011ea8    00011ea8    000002a8   000002a8    r-- .cinit
20000000    20000000    00002b49   00000000    rw-
  20000000    20000000    00000140   00000000    rw- .vecs
  20000140    20000140    00002481   00000000    rw- .bss
  200025c8    200025c8    00000581   00000000    rw- .data
2000f830    2000f830    000007d0   00000000    rw-
  2000f830    2000f830    000007d0   00000000    rw- .stack


SECTION ALLOCATION MAP

 output                                  attributes/
section   page    origin      length       input sections
--------  ----  ----------  ----------   ----------------
.text      0    00000040    0000b29a     
                  00000040    00000a5e     rtsv7M4_T_le_v4SPD16_eabi.lib : _printfi.c.obj (.text:__TI_printfi)
                  00000a9e    00000002     power_tirtos_MSP432P401R.aem4f : PowerMSP432_tirtos.oem4f (.text:PowerMSP432_initPolicy)
                  00000aa0    000009c0     rtsv7M4_T_le_v4SPD16_eabi.lib : e_pow.c.obj (.text:pow)
                  00001460    0000047e     string.obj (.text:Graphics_drawString)
                  000018de    00000002     rtsv7M4_T_le_v4SPD16_eabi.lib : _lock.c.obj (.text:_nop)
                  000018e0    00000430     sysbios.aem4f : BIOS.obj (.text:ti_sysbios_family_arm_m3_Hwi_excDumpRegs__I)
                  00001d10    000003a0     HAL_TMP006.obj (.text:TMP006_getTemp)
                  000020b0    00000388     image.obj (.text:Graphics_drawImage)
                  00002438    0000034c     ti.targets.arm.rtsarm.aem4f : System.oem4f (.text:xdc_runtime_System_doPrint__I)
                  00002784    00000004     msp432p4xx_driverlib.lib : cpu.o (.text:CPU_wfi)
                  00002788    000002b8     sysbios.aem4f : BIOS.obj (.text:ti_sysbios_knl_Semaphore_pend__E)
                  00002a40    00000270     rtsv7M4_T_le_v4SPD16_eabi.lib : _printfi.c.obj (.text:_pconv_a)
                  00002cb0    0000026c     sysbios.aem4f : BIOS.obj (.text:ti_sysbios_heaps_HeapMem_free__E)
                  00002f1c    00000264     drivers_MSP432P401R.aem4f : PowerMSP432.oem4f (.text:Power_sleep)
                  00003180    00000250     sysbios.aem4f : BIOS.obj (.text:ti_sysbios_heaps_HeapMem_alloc__E)
                  000033d0    00000234                   : BIOS.obj (.text:ti_sysbios_knl_Task_Instance_finalize__E)
                  00003604    00000004     tirtosport.aem4f : HwiP_tirtos.oem4f (.text:HwiP_disable)
                  00003608    000001fc     sysbios.aem4f : BIOS.obj (.text:ti_sysbios_family_arm_m3_Hwi_excHandlerMax__I)
                  00003804    000001d8     Crystalfontz128x128_ST7735.obj (.text:Crystalfontz128x128_PixelDrawMultiple)
                  000039dc    00000004     msp432p4xx_driverlib.lib : i2c.o (.text:I2C_setSlaveAddress)
                  000039e0    000001d8     sysbios.aem4f : BIOS.obj (.text:ti_sysbios_knl_Task_sleep__E)
                  00003bb8    000001d0     rtsv7M4_T_le_v4SPD16_eabi.lib : _printfi.c.obj (.text:_pconv_g)
                  00003d88    000001c0     sysbios.aem4f : BIOS.obj (.text:ti_sysbios_knl_Task_Instance_init__E)
                  00003f48    000001b6     rtsv7M4_T_le_v4SPD16_eabi.lib : fd_add_t2.asm.obj (.text)
                  000040fe    000001a0     msp432p4xx_driverlib.lib : pcm.o (.text:__PCM_setPowerStateAdvanced)
                  0000429e    00000002     project6.obj (.text:draw_HUD)
                  000042a0    0000017c     project6.obj (.text:main)
                  0000441c    00000178     project6_pem4f.oem4f (.text:xdc_runtime_System_printfExtend__I)
                  00004594    00000004     drivers_MSP432P401R.aem4f : List.oem4f (.text:List_head)
                  00004598    00000174     sysbios.aem4f : BIOS.obj (.text:ti_sysbios_family_arm_m3_Hwi_excBusFault__I)
                  0000470c    00000004     drivers_MSP432P401R.aem4f : List.oem4f (.text:List_next)
                  00004710    00000164     sysbios.aem4f : BIOS.obj (.text:ti_sysbios_family_arm_m3_Hwi_excUsageFault__I)
                  00004874    0000015c     project6.obj (.text:TSK_play_game)
                  000049d0    00000158     rtsv7M4_T_le_v4SPD16_eabi.lib : e_sqrt.c.obj (.text:sqrt)
                  00004b28    00000154     msp432p4xx_driverlib.lib : adc14.o (.text:_getIndexForMemRegister)
                  00004c7c    00000004     rtsv7M4_T_le_v4SPD16_eabi.lib : exit.c.obj (.text:abort:abort)
                  00004c80    00000154     sysbios.aem4f : BIOS.obj (.text:ti_sysbios_knl_Mailbox_Instance_init__E)
                  00004dd4    00000004     project6_pem4f.oem4f (.text:ti_sysbios_BIOS_RtsGateProxy_enter__E)
                  00004dd8    00000148     sysbios.aem4f : BIOS.obj (.text:ti_sysbios_family_arm_m3_Hwi_excMemFault__I)
                  00004f20    00000140     drivers_MSP432P401R.aem4f : GPIOMSP432.oem4f (.text:GPIO_setConfig)
                  00005060    0000013c     rtsv7M4_T_le_v4SPD16_eabi.lib : _printfi.c.obj (.text:_pconv_e)
                  0000519c    00000004     project6_pem4f.oem4f (.text:ti_sysbios_BIOS_RtsGateProxy_leave__E)
                  000051a0    0000013c     sysbios.aem4f : BIOS.obj (.text:ti_sysbios_heaps_HeapMem_Instance_init__E)
                  000052dc    00000136     rtsv7M4_T_le_v4SPD16_eabi.lib : fd_div_t2.asm.obj (.text)
                  00005412    00000002     project6.obj (.text:draw_bubble)
                  00005414    00000134     Crystalfontz128x128_ST7735.obj (.text:Crystalfontz128x128_SetDrawFrame)
                  00005548    0000012c     Crystalfontz128x128_ST7735.obj (.text:Crystalfontz128x128_Init)
                  00005674    00000124     rtsv7M4_T_le_v4SPD16_eabi.lib : _printfi.c.obj (.text:fcvt)
                  00005798    00000118     ti.targets.arm.rtsarm.aem4f : Error.oem4f (.text:xdc_runtime_Error_policyDefault__E)
                  000058b0    00000110     rtsv7M4_T_le_v4SPD16_eabi.lib : s_scalbn.c.obj (.text:scalbn)
                  000059c0    00000108     sysbios.aem4f : BIOS.obj (.text:ti_sysbios_knl_Clock_Instance_init__E)
                  00005ac8    00000100     ti.targets.arm.rtsarm.aem4f : Core-mem.oem4f (.text:xdc_runtime_Core_createObject__I)
                  00005bc8    000000fc     rtsv7M4_T_le_v4SPD16_eabi.lib : fd_mul_t2.asm.obj (.text)
                  00005cc4    000000f8     ti.targets.arm.rtsarm.aem4f : Startup.oem4f (.text:xdc_runtime_Startup_startMods__I)
                  00005dbc    000000f0     drivers_MSP432P401R.aem4f : PowerMSP432.oem4f (.text:initPerfControl)
                  00005eac    000000ec     sysbios.aem4f : m3_Hwi_asm.obj (.text:ti_sysbios_family_arm_m3_Hwi_dispatch__I)
                  00005f98    000000ec                   : BIOS.obj (.text:ti_sysbios_knl_Semaphore_post__E)
                  00006084    000000e0     msp432p4xx_driverlib.lib : cs.o (.text:CS_initClockSignal)
                  00006164    000000dc                              : pcm.o (.text:__PCM_setPowerModeAdvanced)
                  00006240    000000cc     ti.targets.arm.rtsarm.aem4f : Core-smem.oem4f (.text:xdc_runtime_Core_constructObject__I)
                  0000630c    00000004     project6_pem4f.oem4f (.text:ti_sysbios_family_arm_m3_TaskSupport_Module__startupDone__S)
                  00006310    000000bc     sysbios.aem4f : BIOS.obj (.text:ti_sysbios_family_arm_m3_Hwi_excDebugMon__I)
                  000063cc    00000004     project6_pem4f.oem4f (.text:ti_sysbios_heaps_HeapMem_Module_GateProxy_enter__E)
                  000063d0    000000bc     sysbios.aem4f : BIOS.obj (.text:ti_sysbios_family_arm_m3_Hwi_excHardFault__I)
                  0000648c    00000004     project6_pem4f.oem4f (.text:ti_sysbios_heaps_HeapMem_Module_GateProxy_leave__E)
                  00006490    000000b4     sysbios.aem4f : BIOS.obj (.text:ti_sysbios_gates_GateMutex_enter__E)
                  00006544    00000004     project6_pem4f.oem4f (.text:ti_sysbios_knl_Clock_TimerProxy_getMaxTicks__E)
                  00006548    000000b4     sysbios.aem4f : BIOS.obj (.text:ti_sysbios_knl_Task_checkStacks__E)
                  000065fc    000000b1     rtsv7M4_T_le_v4SPD16_eabi.lib : _printfi.c.obj (.text:_ltostr)
                  000066ad    00000001     --HOLE-- [fill = 0]
                  000066ae    00000002     project6.obj (.text:draw_pet)
                  000066b0    000000b0     msp432p4xx_driverlib.lib : pcm.o (.text:__PCM_setCoreVoltageLevelAdvanced)
                  00006760    000000a8     sysbios.aem4f : BIOS.obj (.text:ti_sysbios_family_arm_msp432_Timer_periodicStub__E)
                  00006808    000000a0     ADCMSP432.obj (.text:ADCMSP432_open)
                  000068a8    000000a0     project6.obj (.text:TSK_draw_screen)
                  00006948    000000a0     auto_init.aem4f : auto_init.oem4f (.text)
                  000069e8    000000a0     ti.targets.arm.rtsarm.aem4f : Text.oem4f (.text:xdc_runtime_Text_putMod__E)
                  00006a88    0000009c     ADCMSP432.obj (.text:ADCMSP432_convert)
                  00006b24    0000009c     Crystalfontz128x128_ST7735.obj (.text:Crystalfontz128x128_RectFill)
                  00006bc0    0000009c     line.obj (.text:Graphics_drawLineH)
                  00006c5c    0000009c     rtsv7M4_T_le_v4SPD16_eabi.lib : memcpy_t2.asm.obj (.text)
                  00006cf8    0000009c     sysbios.aem4f : BIOS.obj (.text:ti_sysbios_knl_Semaphore_Instance_init__E)
                  00006d94    0000009a     ti.targets.arm.rtsarm.aem4f : Text.oem4f (.text:xdc_runtime_Text_putSite__E)
                  00006e2e    00000096     rtsv7M4_T_le_v4SPD16_eabi.lib : ull_div_t2.asm.obj (.text)
                  00006ec4    00000004     project6_pem4f.oem4f (.text:ti_sysbios_knl_Queue_destruct)
                  00006ec8    00000094     sysbios.aem4f : BIOS.obj (.text:ti_sysbios_family_arm_m3_Hwi_Instance_init__E)
                  00006f5c    00000004     project6_pem4f.oem4f (.text:ti_sysbios_knl_Semaphore_destruct)
                  00006f60    00000094     sysbios.aem4f : BIOS.obj (.text:ti_sysbios_family_arm_m3_Hwi_initNVIC__E)
                  00006ff4    00000004     ti.targets.arm.rtsarm.aem4f : Error.oem4f (.text:xdc_runtime_Error_getSite__E)
                  00006ff8    00000094     sysbios.aem4f : BIOS.obj (.text:ti_sysbios_knl_Task_postInit__I)
                  0000708c    0000008c     HAL_I2C.obj (.text:I2C_read16)
                  00007118    0000008c     sysbios.aem4f : m3_TaskSupport_asm.obj (.text:ti_sysbios_family_arm_m3_TaskSupport_buildTaskStack)
                  000071a4    00000088     msp432p4xx_driverlib.lib : spi.o (.text:SPI_initMaster)
                  0000722c    00000004     project6_pem4f.oem4f (.text:xdc_runtime_System_Module_GateProxy_enter__E)
                  00007230    00000088     sysbios.aem4f : BIOS.obj (.text:ti_sysbios_family_arm_msp432_Timer_Module_startup__E)
                  000072b8    00000088                   : BIOS.obj (.text:ti_sysbios_knl_Mailbox_post__E)
                  00007340    00000086     rtsv7M4_T_le_v4SPD16_eabi.lib : fd_cmp_t2.asm.obj (.text:__aeabi_cdcmple)
                  000073c6    00000086                                   : fd_cmp_t2.asm.obj (.text:__aeabi_cdrcmple)
                  0000744c    00000084     accelerometer.obj (.text:ACCEL_convert_to_g)
                  000074d0    00000084     sysbios.aem4f : BIOS.obj (.text:ti_sysbios_family_arm_m3_Hwi_postInit__I)
                  00007554    0000007c     msp432p4xx_driverlib.lib : pcm.o (.text:PCM_gotoLPM3)
                  000075d0    0000007a     rtsv7M4_T_le_v4SPD16_eabi.lib : memset_t2.asm.obj (.text)
                  0000764a    00000002                                   : div0.asm.obj (.text)
                  0000764c    00000076     accelerometer.obj (.text:ACCEL_read_x_axis)
                  000076c2    00000002     project6_pem4f.oem4f (.text:ti_sysbios_BIOS_nullFunc__I)
                  000076c4    00000076     accelerometer.obj (.text:ACCEL_read_y_axis)
                  0000773a    00000002     --HOLE-- [fill = 0]
                  0000773c    00000076     accelerometer.obj (.text:ACCEL_read_z_axis)
                  000077b2    00000006     drivers_MSP432P401R.aem4f : ADC.oem4f (.text:ADC_Params_init)
                  000077b8    00000074     sysbios.aem4f : BIOS.obj (.text:ti_sysbios_knl_Clock_start__E)
                  0000782c    00000004     project6_pem4f.oem4f (.text:xdc_runtime_System_Module_GateProxy_leave__E)
                  00007830    00000074     sysbios.aem4f : BIOS.obj (.text:ti_sysbios_knl_Mailbox_pend__E)
                  000078a4    00000004     ti.targets.arm.rtsarm.aem4f : System.oem4f (.text:xdc_runtime_System_aprintf_va__F)
                  000078a8    00000070     sysbios.aem4f : BIOS.obj (.text:ti_sysbios_knl_Clock_workFunc__E)
                  00007918    00000070                   : BIOS.obj (.text:ti_sysbios_knl_Mailbox_Instance_finalize__E)
                  00007988    00000070                   : BIOS.obj (.text:ti_sysbios_knl_Task_exit__E)
                  000079f8    0000006e     rtsv7M4_T_le_v4SPD16_eabi.lib : _printfi.c.obj (.text:_mcpy)
                  00007a66    0000006e                                   : fd_tos_t2.asm.obj (.text)
                  00007ad4    0000006d     ti.targets.arm.rtsarm.aem4f : System.oem4f (.text:xdc_runtime_System_formatNum__I)
                  00007b41    00000003     --HOLE-- [fill = 0]
                  00007b44    0000006c     msp432p4xx_driverlib.lib : adc14.o (.text:ADC14_configureConversionMemory)
                  00007bb0    0000006c     ADCMSP432.obj (.text:ADCMSP432_convertRawToMicroVolts)
                  00007c1c    0000006c     image.obj (.text:Graphics_convertPalette)
                  00007c88    0000006c     sysbios.aem4f : BIOS.obj (.text:ti_sysbios_knl_Swi_restoreHwi__E)
                  00007cf4    0000006c     ti.targets.arm.rtsarm.aem4f : Error.oem4f (.text:xdc_runtime_Error_print__E)
                  00007d60    0000006c                                 : Memory.oem4f (.text:xdc_runtime_Memory_alloc__E)
                  00007dcc    00000068     rtsv7M4_T_le_v4SPD16_eabi.lib : copy_decompress_lzss.c.obj (.text:decompress:lzss:__TI_decompress_lzss)
                  00007e34    00000066     ti.targets.arm.rtsarm.aem4f : Core-mem.oem4f (.text:xdc_runtime_Core_deleteObject__I)
                  00007e9a    00000002     --HOLE-- [fill = 0]
                  00007e9c    00000064     ADCMSP432.obj (.text:ADCMSP432_close)
                  00007f00    00000064     rtsv7M4_T_le_v4SPD16_eabi.lib : s_frexp.c.obj (.text:frexp)
                  00007f64    00000062     tirtosport.aem4f : HwiP_tirtos.oem4f (.text:HwiP_create)
                  00007fc6    00000060     Crystalfontz128x128_ST7735.obj (.text:Crystalfontz128x128_LineDrawH)
                  00008026    00000060     Crystalfontz128x128_ST7735.obj (.text:Crystalfontz128x128_LineDrawV)
                  00008086    00000002     --HOLE-- [fill = 0]
                  00008088    00000060     sysbios.aem4f : BIOS.obj (.text:ti_sysbios_knl_Task_schedule__I)
                  000080e8    0000005c     drivers_MSP432P401R.aem4f : GPIOMSP432.oem4f (.text:GPIO_init)
                  00008144    00000004     ti.targets.arm.rtsarm.aem4f : System.oem4f (.text:xdc_runtime_System_printf_va__F)
                  00008148    0000005c     sysbios.aem4f : BIOS.obj (.text:ti_sysbios_knl_Swi_run__I)
                  000081a4    00000004     --HOLE-- [fill = 0]
                  000081a8    0000005c                   : BIOS.obj (.text:ti_sysbios_knl_Swi_schedule__I)
                  00008204    00000004     --HOLE-- [fill = 0]
                  00008208    0000005c                   : BIOS.obj (.text:ti_sysbios_knl_Task_Module_startup__E)
                  00008264    0000005c     project6_pem4f.oem4f (.text:ti_sysbios_knl_Task_create)
                  000082c0    0000005c     sysbios.aem4f : BIOS.obj (.text:ti_sysbios_knl_Task_startCore__E)
                  0000831c    00000058     rtsv7M4_T_le_v4SPD16_eabi.lib : hostwrite.c.obj (.text:HOSTwrite)
                  00008374    00000058     project6.obj (.text:LCD_init)
                  000083cc    00000058     tirtosport.aem4f : SemaphoreP_tirtos.oem4f (.text:SemaphoreP_create)
                  00008424    00000058     boot.aem4f : boot.oem4f (.text)
                  0000847c    00000058     project6_pem4f.oem4f (.text:ti_sysbios_family_arm_m3_Hwi_construct)
                  000084d4    00000058     sysbios.aem4f : m3_Hwi_asm_switch.obj (.text:ti_sysbios_family_arm_m3_Hwi_initStacks__E)
                  0000852c    00000058     project6_pem4f.oem4f (.text:ti_sysbios_knl_Mailbox_construct)
                  00008584    00000056     rtsv7M4_T_le_v4SPD16_eabi.lib : _printfi.c.obj (.text:_pconv_f)
                  000085da    00000002     --HOLE-- [fill = 0]
                  000085dc    00000054     Crystalfontz128x128_ST7735.obj (.text:Crystalfontz128x128_SetOrientation)
                  00008630    00000054     drivers_MSP432P401R.aem4f : GPIOMSP432.oem4f (.text:GPIO_hwiIntFxn)
                  00008684    00000054                               : GPIOMSP432.oem4f (.text:GPIO_setCallback)
                  000086d8    00000054     joystick.obj (.text:JS_get_y)
                  0000872c    00000054     rtsv7M4_T_le_v4SPD16_eabi.lib : ltoa.c.obj (.text:ltoa)
                  00008780    00000054     sysbios.aem4f : BIOS.obj (.text:ti_sysbios_family_arm_m3_Hwi_dispatchC__I)
                  000087d4    00000004     --HOLE-- [fill = 0]
                  000087d8    00000054                   : BIOS.obj (.text:ti_sysbios_family_arm_msp432_Timer_initDevice__I)
                  0000882c    00000004     --HOLE-- [fill = 0]
                  00008830    00000054                   : BIOS.obj (.text:ti_sysbios_family_arm_msp432_init_Boot_configureClocksHigh)
                  00008884    00000054     ti.targets.arm.rtsarm.aem4f : Assert.oem4f (.text:xdc_runtime_Assert_raise__I)
                  000088d8    00000053     joystick.obj (.text:JS_get_x)
                  0000892b    00000001     --HOLE-- [fill = 0]
                  0000892c    00000052     context.obj (.text:Graphics_initContext)
                  0000897e    00000052     rtsv7M4_T_le_v4SPD16_eabi.lib : _printfi.c.obj (.text:_ecpy)
                  000089d0    00000050     msp432p4xx_driverlib.lib : pcm.o (.text:PCM_shutdownDevice)
                  00008a20    00000050     sysbios.aem4f : BIOS.obj (.text:ti_sysbios_family_arm_m3_Hwi_Module_startup__E)
                  00008a70    00000050     ti.targets.arm.rtsarm.aem4f : Startup.oem4f (.text:xdc_runtime_Startup_exec__E)
                  00008ac0    00000050                                 : Text.oem4f (.text:xdc_runtime_Text_visitRope2__I)
                  00008b10    0000004c     msp432p4xx_driverlib.lib : gpio.o (.text:GPIO_setAsPeripheralModuleFunctionOutputPin)
                  00008b5c    0000004c     rtsv7M4_T_le_v4SPD16_eabi.lib : atoi.c.obj (.text:atoi)
                  00008ba8    0000004c                                   : cpy_tbl.c.obj (.text:copy_in)
                  00008bf4    00000004     --HOLE-- [fill = 0]
                  00008bf8    0000004c     sysbios.aem4f : BIOS.obj (.text:ti_sysbios_family_arm_msp432_Timer_start__E)
                  00008c44    00000004     --HOLE-- [fill = 0]
                  00008c48    0000004c                   : BIOS.obj (.text:ti_sysbios_heaps_HeapMem_getStats__E)
                  00008c94    00000004     --HOLE-- [fill = 0]
                  00008c98    0000004c                   : BIOS.obj (.text:ti_sysbios_knl_Swi_runLoop__I)
                  00008ce4    00000004     --HOLE-- [fill = 0]
                  00008ce8    0000004c                   : BIOS.obj (.text:ti_sysbios_knl_Task_allBlockedFunction__I)
                  00008d34    00000048     msp432p4xx_driverlib.lib : gpio.o (.text:GPIO_setAsPeripheralModuleFunctionInputPin)
                  00008d7c    00000048     HAL_I2C.obj (.text:I2C_write16)
                  00008dc4    00000048     project6.obj (.text:TSK_read_sensors)
                  00008e0c    00000048     rtsv7M4_T_le_v4SPD16_eabi.lib : fd_toi_t2.asm.obj (.text)
                  00008e54    00000004     --HOLE-- [fill = 0]
                  00008e58    00000048     sysbios.aem4f : BIOS.obj (.text:ti_sysbios_family_arm_m3_Hwi_disableInterrupt__E)
                  00008ea0    00000048                   : BIOS.obj (.text:ti_sysbios_family_arm_m3_Hwi_enableInterrupt__E)
                  00008ee8    00000048                   : BIOS.obj (.text:ti_sysbios_family_arm_m3_Hwi_excReserved__I)
                  00008f30    00000048                   : BIOS.obj (.text:ti_sysbios_knl_Mailbox_Module_startup__E)
                  00008f78    00000046     display.obj (.text:Graphics_drawMultiplePixelsOnDisplay)
                  00008fbe    00000046     ti.targets.arm.rtsarm.aem4f : Core-params.oem4f (.text:xdc_runtime_Core_assignParams__I)
                  00009004    00000044     msp432p4xx_driverlib.lib : adc14.o (.text:ADC14_configureSingleSampleMode)
                  00009048    00000044     drivers_MSP432P401R.aem4f : PowerMSP432.oem4f (.text:Power_init)
                  0000908c    00000044     rtsv7M4_T_le_v4SPD16_eabi.lib : fd_tou_t2.asm.obj (.text)
                  000090d0    00000044     sysbios.aem4f : BIOS.obj (.text:ti_sysbios_family_arm_m3_Hwi_getStackInfo__E)
                  00009114    00000004     --HOLE-- [fill = 0]
                  00009118    00000044                   : BIOS.obj (.text:ti_sysbios_knl_Mailbox_postInit__I)
                  0000915c    00000004     --HOLE-- [fill = 0]
                  00009160    00000044                   : BIOS.obj (.text:ti_sysbios_knl_Swi_post__E)
                  000091a4    00000044     ti.targets.arm.rtsarm.aem4f : Error.oem4f (.text:xdc_runtime_Error_setX__E)
                  000091e8    00000044                                 : SysMin.oem4f (.text:xdc_runtime_SysMin_flush__E)
                  0000922c    00000044                                 : Text.oem4f (.text:xdc_runtime_Text_xprintf__I)
                  00009270    00000040     Crystalfontz128x128_ST7735.obj (.text:Crystalfontz128x128_PixelDraw)
                  000092b0    00000040     msp432p4xx_driverlib.lib : flash.o (.text:FlashCtl_disableReadBuffering)
                  000092f0    00000040     string.obj (.text:Graphics_getNumberOfLeadingZeros)
                  00009330    00000040     HAL_MSP_EXP432P401R_Crystalfontz128x128_ST7735.obj (.text:HAL_LCD_SpiInit)
                  00009370    00000040     msp432p4xx_driverlib.lib : i2c.o (.text:I2C_masterSendMultiByteFinish)
                  000093b0    00000040     drivers_MSP432P401R.aem4f : PowerMSP432.oem4f (.text:notify)
                  000093f0    00000040     rtsv7M4_T_le_v4SPD16_eabi.lib : u_divt2.asm.obj (.text)
                  00009430    00000040                                   : sprintf.c.obj (.text:sprintf)
                  00009470    00000040     sysbios.aem4f : BIOS.obj (.text:ti_sysbios_family_arm_msp432_Timer_startup__E)
                  000094b0    0000003e     msp432p4xx_driverlib.lib : i2c.o (.text:I2C_initMaster)
                  000094ee    0000003e     rtsv7M4_T_le_v4SPD16_eabi.lib : _printfi.c.obj (.text:_fcpy)
                  0000952c    0000003c     power_tirtos_MSP432P401R.aem4f : PowerMSP432_tirtos.oem4f (.text:PowerMSP432_sleepPolicy)
                  00009568    0000003c     sysbios.aem4f : BIOS.obj (.text:ti_sysbios_family_arm_m3_Hwi_excSvCall__I)
                  000095a4    00000004     --HOLE-- [fill = 0]
                  000095a8    0000003c                   : BIOS.obj (.text:ti_sysbios_heaps_HeapMem_init__I)
                  000095e4    00000004     --HOLE-- [fill = 0]
                  000095e8    0000003c                   : BIOS.obj (.text:ti_sysbios_knl_Swi_restore__E)
                  00009624    00000038     msp432p4xx_driverlib.lib : adc14.o (.text:ADC14_initModule)
                  0000965c    00000038                              : adc14.o (.text:ADC14_setSampleHoldTrigger)
                  00009694    00000038     drivers_MSP432P401R.aem4f : ADC.oem4f (.text:ADC_init)
                  000096cc    00000038     HAL_MSP_EXP432P401R_Crystalfontz128x128_ST7735.obj (.text:HAL_LCD_writeCommand)
                  00009704    00000038     msp432p4xx_driverlib.lib : i2c.o (.text:I2C_masterSendMultiByteStart)
                  0000973c    00000038     rtsv7M4_T_le_v4SPD16_eabi.lib : trgmsg.c.obj (.text:__TI_writemsg)
                  00009774    00000038     ADCMSP432.obj (.text:initHw)
                  000097ac    00000038     rtsv7M4_T_le_v4SPD16_eabi.lib : fs_tod_t2.asm.obj (.text)
                  000097e4    00000004     --HOLE-- [fill = 0]
                  000097e8    00000038     sysbios.aem4f : BIOS.obj (.text:ti_sysbios_family_arm_m3_Hwi_excNoIsr__I)
                  00009820    00000038     project6_pem4f.oem4f (.text:ti_sysbios_knl_Clock_create)
                  00009858    00000038     sysbios.aem4f : BIOS.obj (.text:ti_sysbios_knl_Task_processVitalTaskFlag__I)
                  00009890    00000038     ti.targets.arm.rtsarm.aem4f : SysMin.oem4f (.text:xdc_runtime_SysMin_putch__E)
                  000098c8    00000038                                 : System.oem4f (.text:xdc_runtime_System_atexit__E)
                  00009900    00000036     display.obj (.text:Graphics_drawHorizontalLineOnDisplay)
                  00009936    00000036     HAL_TMP006.obj (.text:TMP006_init)
                  0000996c    00000034     accelerometer.obj (.text:ACCEL_get)
                  000099a0    00000034     msp432p4xx_driverlib.lib : flash.o (.text:FlashCtl_enableReadBuffering)
                  000099d4    00000034     rtsv7M4_T_le_v4SPD16_eabi.lib : trgmsg.c.obj (.text:__TI_readmsg)
                  00009a08    00000034     sysbios.aem4f : BIOS.obj (.text:ti_sysbios_family_arm_m3_Hwi_Instance_finalize__E)
                  00009a3c    00000004     --HOLE-- [fill = 0]
                  00009a40    00000034                   : BIOS.obj (.text:ti_sysbios_family_arm_m3_Hwi_excNmi__I)
                  00009a74    00000004     --HOLE-- [fill = 0]
                  00009a78    00000034                   : BIOS.obj (.text:ti_sysbios_hal_Hwi_checkStack)
                  00009aac    00000034     ti.targets.arm.rtsarm.aem4f : Core-label.oem4f (.text:xdc_runtime_Core_assignLabel__I)
                  00009ae0    00000033                                 : Text.oem4f (.text:xdc_runtime_Text_printVisFxn__I)
                  00009b13    00000005     --HOLE-- [fill = 0]
                  00009b18    00000032     sysbios.aem4f : BIOS.obj (.text:ti_sysbios_hal_Hwi_initStack)
                  00009b4a    00000002     --HOLE-- [fill = 0]
                  00009b4c    00000030     msp432p4xx_driverlib.lib : gpio.o (.text:GPIO_getEnabledInterruptStatus)
                  00009b7c    00000030                              : gpio.o (.text:GPIO_setAsInputPinWithPullDownResistor)
                  00009bac    00000030                              : gpio.o (.text:GPIO_setAsInputPinWithPullUpResistor)
                  00009bdc    00000030     HAL_MSP_EXP432P401R_Crystalfontz128x128_ST7735.obj (.text:HAL_LCD_PortInit)
                  00009c0c    00000030     msp432p4xx_driverlib.lib : i2c.o (.text:I2C_masterReceiveMultiByteFinish)
                  00009c3c    00000030                              : i2c.o (.text:I2C_masterSendMultiByteStop)
                  00009c6c    00000030                              : spi.o (.text:is_A_Module)
                  00009c9c    00000030     project6_pem4f.oem4f (.text:ti_sysbios_BIOS_atExitFunc__I)
                  00009ccc    00000030     project6_pem4f.oem4f (.text:ti_sysbios_BIOS_startFunc__I)
                  00009cfc    00000004     --HOLE-- [fill = 0]
                  00009d00    00000030     sysbios.aem4f : BIOS.obj (.text:ti_sysbios_family_arm_m3_TaskSupport_start__E)
                  00009d30    00000030     project6_pem4f.oem4f (.text:ti_sysbios_gates_GateHwi_Object__create__S)
                  00009d60    00000030     project6_pem4f.oem4f (.text:ti_sysbios_gates_GateMutex_Object__create__S)
                  00009d90    00000030     project6_pem4f.oem4f (.text:ti_sysbios_heaps_HeapMem_Object__create__S)
                  00009dc0    00000030     project6_pem4f.oem4f (.text:ti_sysbios_knl_Semaphore_construct)
                  00009df0    00000030     sysbios.aem4f : BIOS.obj (.text:ti_sysbios_knl_Semaphore_pendTimeout__I)
                  00009e20    00000030                   : BIOS.obj (.text:ti_sysbios_knl_Task_unblockI__E)
                  00009e50    00000030     ti.targets.arm.rtsarm.aem4f : SysMin.oem4f (.text:xdc_runtime_SysMin_abort__E)
                  00009e80    00000030                                 : System.oem4f (.text:xdc_runtime_System_processAtExit__E)
                  00009eb0    0000002e     rtsv7M4_T_le_v4SPD16_eabi.lib : i_tofd_t2.asm.obj (.text)
                  00009ede    00000002     --HOLE-- [fill = 0]
                  00009ee0    0000002c     msp432p4xx_driverlib.lib : adc14.o (.text:ADC14_enableConversion)
                  00009f0c    0000002c                              : adc14.o (.text:ADC14_setSampleHoldTime)
                  00009f38    0000002c     Crystalfontz128x128_ST7735.obj (.text:Crystalfontz128x128_ClearScreen)
                  00009f64    0000002c     msp432p4xx_driverlib.lib : gpio.o (.text:GPIO_setAsInputPin)
                  00009f90    0000002c     display.obj (.text:Graphics_drawPixelOnDisplay)
                  00009fbc    0000002c     HAL_MSP_EXP432P401R_Crystalfontz128x128_ST7735.obj (.text:HAL_LCD_writeData)
                  00009fe8    0000002c     msp432p4xx_driverlib.lib : pcm.o (.text:PCM_getCoreVoltageLevel)
                  0000a014    0000002c     power_tirtos_MSP432P401R.aem4f : PowerMSP432_tirtos.oem4f (.text:PowerMSP432_updateFreqs)
                  0000a040    0000002c     drivers_MSP432P401R.aem4f : PowerMSP432.oem4f (.text:Power_releaseConstraint)
                  0000a06c    0000002c                               : PowerMSP432.oem4f (.text:Power_setConstraint)
                  0000a098    0000002c     project6_pem4f.oem4f (.text:ti_sysbios_knl_Clock_doTick__I)
                  0000a0c4    0000002c     project6_pem4f.oem4f (.text:ti_sysbios_knl_Queue_construct)
                  0000a0f0    0000002c     sysbios.aem4f : BIOS.obj (.text:ti_sysbios_knl_Task_restore__E)
                  0000a11c    0000002c     ti.targets.arm.rtsarm.aem4f : Text.oem4f (.text:xdc_runtime_Text_cordText__E)
                  0000a148    0000002a     msp432p4xx_driverlib.lib : pcm.o (.text:PCM_getPowerMode)
                  0000a172    0000002a     ti.targets.arm.rtsarm.aem4f : System.oem4f (.text:xdc_runtime_System_putchar__I)
                  0000a19c    00000028     msp432p4xx_driverlib.lib : adc14.o (.text:ADC14_enableSampleTimer)
                  0000a1c4    00000028     drivers_MSP432P401R.aem4f : ADC.oem4f (.text:ADC_open)
                  0000a1ec    00000028     Crystalfontz128x128_ST7735.obj (.text:Crystalfontz128x128_ColorTranslate)
                  0000a214    00000028     msp432p4xx_driverlib.lib : flash.o (.text:FlashCtl_setWaitState)
                  0000a23c    00000028     drivers_MSP432P401R.aem4f : GPIOMSP432.oem4f (.text:GPIO_enableInt)
                  0000a264    00000028     msp432p4xx_driverlib.lib : pcm.o (.text:PCM_gotoLPM0)
                  0000a28c    00000028     project6.obj (.text:TEMP_get)
                  0000a2b4    00000004     --HOLE-- [fill = 0]
                  0000a2b8    00000028     sysbios.aem4f : BIOS.obj (.text:ti_sysbios_knl_Swi_Module_startup__E)
                  0000a2e0    00000026                   : m3_Hwi_asm.obj (.text:ti_sysbios_family_arm_m3_Hwi_pendSV__I)
                  0000a306    00000026     ti.targets.arm.rtsarm.aem4f : System.oem4f (.text:xdc_runtime_System_avprintf__E)
                  0000a32c    00000024     msp432p4xx_driverlib.lib : cs.o (.text:CS_setDCOCenteredFrequency)
                  0000a350    00000024                              : gpio.o (.text:GPIO_setAsOutputPin)
                  0000a374    00000024                              : i2c.o (.text:I2C_masterSendMultiByteNext)
                  0000a398    00000024                              : rtc_c.o (.text:RTC_C_holdClock)
                  0000a3bc    00000024                              : rtc_c.o (.text:RTC_C_startClock)
                  0000a3e0    00000024     project6_pem4f.oem4f (.text:ti_sysbios_BIOS_errorRaiseHook__I)
                  0000a404    00000024     project6_pem4f.oem4f (.text:ti_sysbios_BIOS_registerRTSLock__I)
                  0000a428    00000024     project6_pem4f.oem4f (.text:ti_sysbios_BIOS_removeRTSLock__I)
                  0000a44c    00000004     --HOLE-- [fill = 0]
                  0000a450    00000024     sysbios.aem4f : BIOS.obj (.text:ti_sysbios_family_arm_msp432_ClockFreqs_setFrequency__E)
                  0000a474    00000024     project6_pem4f.oem4f (.text:ti_sysbios_gates_GateMutex_Object__delete__S)
                  0000a498    00000024     sysbios.aem4f : BIOS.obj (.text:ti_sysbios_knl_Clock_Module_startup__E)
                  0000a4bc    00000004     --HOLE-- [fill = 0]
                  0000a4c0    00000024                   : BIOS.obj (.text:ti_sysbios_knl_Task_restoreHwi__E)
                  0000a4e4    00000024     ti.targets.arm.rtsarm.aem4f : System.oem4f (.text:xdc_runtime_System_vprintf__E)
                  0000a508    00000022     project6_pem4f.oem4f (.text:xdc_runtime_SysMin_output__I)
                  0000a52a    00000002     --HOLE-- [fill = 0]
                  0000a52c    00000020     msp432p4xx_driverlib.lib : adc14.o (.text:ADC14_clearInterruptFlag)
                  0000a54c    00000020                              : adc14.o (.text:ADC14_disableInterrupt)
                  0000a56c    00000020                              : adc14.o (.text:ADC14_disableModule)
                  0000a58c    00000020                              : adc14.o (.text:ADC14_toggleConversionTrigger)
                  0000a5ac    00000020                              : gpio.o (.text:GPIO_interruptEdgeSelect)
                  0000a5cc    00000020     HAL_I2C.obj (.text:I2C_init)
                  0000a5ec    00000020     joystick.obj (.text:JS_get)
                  0000a60c    00000020     rtsv7M4_T_le_v4SPD16_eabi.lib : u_tofd_t2.asm.obj (.text)
                  0000a62c    00000020     project6_pem4f.oem4f (.text:ti_sysbios_BIOS_rtsLock__I)
                  0000a64c    00000020     sysbios.aem4f : m3_Hwi_asm.obj (.text:ti_sysbios_family_arm_m3_Hwi_excHandlerAsm__I)
                  0000a66c    00000004     --HOLE-- [fill = 0]
                  0000a670    00000020                   : BIOS.obj (.text:ti_sysbios_family_arm_m3_Hwi_excHandler__I)
                  0000a690    00000020     project6_pem4f.oem4f (.text:ti_sysbios_gates_GateHwi_Object__delete__S)
                  0000a6b0    00000020     project6_pem4f.oem4f (.text:ti_sysbios_heaps_HeapMem_Object__delete__S)
                  0000a6d0    00000020     sysbios.aem4f : BIOS.obj (.text:ti_sysbios_knl_Idle_run__E)
                  0000a6f0    00000020     project6_pem4f.oem4f (.text:ti_sysbios_knl_Semaphore_Object__destruct__S)
                  0000a710    00000020     ti.targets.arm.rtsarm.aem4f : Registry.oem4f (.text:xdc_runtime_Registry_findById__E)
                  0000a730    00000020                                 : SysMin.oem4f (.text:xdc_runtime_SysMin_Module_startup__E)
                  0000a750    0000001e     sysbios.aem4f : m3_Hwi_asm_switch.obj (.text:ti_sysbios_family_xxx_Hwi_switchAndRunFunc)
                  0000a76e    00000002     --HOLE-- [fill = 0]
                  0000a770    0000001c     msp432p4xx_driverlib.lib : adc14.o (.text:ADC14_getInterruptStatus)
                  0000a78c    0000001c     HAL_I2C.obj (.text:I2C_setslave)
                  0000a7a8    0000001c     msp432p4xx_driverlib.lib : pcm.o (.text:PCM_enableRudeMode)
                  0000a7c4    0000001c     rtsv7M4_T_le_v4SPD16_eabi.lib : memccpy.c.obj (.text:memccpy)
                  0000a7e0    0000001c     sysbios.aem4f : BIOS.obj (.text:ti_sysbios_gates_GateMutex_Instance_init__E)
                  0000a7fc    0000001c     project6_pem4f.oem4f (.text:ti_sysbios_knl_Queue_Object__destruct__S)
                  0000a818    0000001c     sysbios.aem4f : BIOS.obj (.text:ti_sysbios_knl_Queue_get__E)
                  0000a834    00000004     --HOLE-- [fill = 0]
                  0000a838    0000001c                   : BIOS.obj (.text:ti_sysbios_knl_Queue_put__E)
                  0000a854    00000004     --HOLE-- [fill = 0]
                  0000a858    0000001c                   : BIOS.obj (.text:ti_sysbios_knl_Task_enter__I)
                  0000a874    0000001c     ti.targets.arm.rtsarm.aem4f : Error.oem4f (.text:xdc_runtime_Error_raiseX__E)
                  0000a890    0000001c                                 : Memory.oem4f (.text:xdc_runtime_Memory_valloc__E)
                  0000a8ac    0000001c                                 : SysMin.oem4f (.text:xdc_runtime_SysMin_exit__E)
                  0000a8c8    0000001c                                 : System.oem4f (.text:xdc_runtime_System_abort__E)
                  0000a8e4    0000001a     display.obj (.text:Graphics_clearDisplayOnDisplay)
                  0000a8fe    0000001a     context.obj (.text:Graphics_setBackgroundColor)
                  0000a918    0000001a     context.obj (.text:Graphics_setFont)
                  0000a932    0000001a     msp432p4xx_driverlib.lib : spi.o (.text:SPI_enableModule)
                  0000a94c    0000001a     project6_pem4f.oem4f (.text:ti_sysbios_family_arm_m3_Hwi_Handle__label__S)
                  0000a966    0000001a     project6_pem4f.oem4f (.text:ti_sysbios_gates_GateHwi_Handle__label__S)
                  0000a980    0000001a     project6_pem4f.oem4f (.text:ti_sysbios_gates_GateMutex_Handle__label__S)
                  0000a99a    0000001a     project6_pem4f.oem4f (.text:ti_sysbios_heaps_HeapMem_Handle__label__S)
                  0000a9b4    0000001a     project6_pem4f.oem4f (.text:ti_sysbios_knl_Swi_Handle__label__S)
                  0000a9ce    0000001a     project6_pem4f.oem4f (.text:ti_sysbios_knl_Task_Handle__label__S)
                  0000a9e8    0000001a     project6_pem4f.oem4f (.text:xdc_runtime_System_aprintf__E)
                  0000aa02    0000001a     project6_pem4f.oem4f (.text:xdc_runtime_System_printf__E)
                  0000aa1c    00000018     msp432p4xx_driverlib.lib : adc14.o (.text:ADC14_getResult)
                  0000aa34    00000018     project6.obj (.text:CLK_TSK_game_timer)
                  0000aa4c    00000018     msp432p4xx_driverlib.lib : gpio.o (.text:GPIO_clearInterruptFlag)
                  0000aa64    00000018                              : gpio.o (.text:GPIO_setDriveStrengthLow)
                  0000aa7c    00000018                              : gpio.o (.text:GPIO_setOutputLowOnPin)
                  0000aa94    00000018     HAL_I2C.obj (.text:Init_I2C_GPIO)
                  0000aaac    00000018     msp432p4xx_driverlib.lib : wdt_a.o (.text:WDT_A_holdTimer)
                  0000aac4    00000018     rtsv7M4_T_le_v4SPD16_eabi.lib : args_main.c.obj (.text:_args_main)
                  0000aadc    00000018                                   : sprintf.c.obj (.text:_outs)
                  0000aaf4    00000018     project6_pem4f.oem4f (.text:ti_sysbios_BIOS_rtsUnlock__I)
                  0000ab0c    00000018     project6_pem4f.oem4f (.text:ti_sysbios_family_arm_m3_Hwi_Module__startupDone__F)
                  0000ab24    00000018     sysbios.aem4f : m3_TaskSupport_asm.obj (.text:ti_sysbios_family_arm_m3_TaskSupport_swap__E)
                  0000ab3c    00000018     project6_pem4f.oem4f (.text:ti_sysbios_family_arm_msp432_Timer_Module__startupDone__F)
                  0000ab54    00000004     --HOLE-- [fill = 0]
                  0000ab58    00000018     sysbios.aem4f : BIOS.obj (.text:ti_sysbios_gates_GateMutex_leave__E)
                  0000ab70    00000018                   : BIOS.obj (.text:ti_sysbios_knl_Task_sleepTimeout__I)
                  0000ab88    00000018     ti.targets.arm.rtsarm.aem4f : Error.oem4f (.text:xdc_runtime_Error_check__E)
                  0000aba0    00000018                                 : System.oem4f (.text:xdc_runtime_System_exit__E)
                  0000abb8    00000018                                 : Text.oem4f (.text:xdc_runtime_Text_ropeText__E)
                  0000abd0    00000016     context.obj (.text:Graphics_setForegroundColor)
                  0000abe6    00000016     display.obj (.text:Graphics_translateColorOnDisplay)
                  0000abfc    00000016     tirtosport.aem4f : SemaphoreP_tirtos.oem4f (.text:SemaphoreP_delete)
                  0000ac12    00000016     rtsv7M4_T_le_v4SPD16_eabi.lib : strchr.c.obj (.text:strchr)
                  0000ac28    00000016     project6_pem4f.oem4f (.text:ti_sysbios_BIOS_exitFunc__I)
                  0000ac3e    00000016     project6.obj (.text:ti_sysbios_knl_Clock_Params_init)
                  0000ac54    00000016     project6.obj (.text:ti_sysbios_knl_Mailbox_Params_init)
                  0000ac6a    00000016     project6.obj (.text:ti_sysbios_knl_Semaphore_Params_init)
                  0000ac80    00000016     project6.obj (.text:ti_sysbios_knl_Task_Params_init)
                  0000ac96    00000002     --HOLE-- [fill = 0]
                  0000ac98    00000014     msp432p4xx_driverlib.lib : adc14.o (.text:ADC14_setResolution)
                  0000acac    00000014                              : adc14.o (.text:ADCIsConversionRunning)
                  0000acc0    00000014                              : gpio.o (.text:GPIO_enableInterrupt)
                  0000acd4    00000014                              : gpio.o (.text:GPIO_setDriveStrengthHigh)
                  0000ace8    00000014                              : gpio.o (.text:GPIO_setOutputHighOnPin)
                  0000acfc    00000014                              : i2c.o (.text:I2C_isBusBusy)
                  0000ad10    00000014     drivers_MSP432P401R.aem4f : PowerMSP432.oem4f (.text:Power_idleFunc)
                  0000ad24    00000014     msp432p4xx_driverlib.lib : ref_a.o (.text:REF_A_setReferenceVoltage)
                  0000ad38    00000014                              : wdt_a.o (.text:WDT_A_startTimer)
                  0000ad4c    00000014     rtsv7M4_T_le_v4SPD16_eabi.lib : s_copysign.c.obj (.text:copysign)
                  0000ad60    00000014                                   : strlen.c.obj (.text:strlen)
                  0000ad74    00000014     project6_pem4f.oem4f (.text:ti_sysbios_family_arm_m3_Hwi_Object__get__S)
                  0000ad88    00000014     sysbios.aem4f : BIOS.obj (.text:ti_sysbios_family_arm_m3_Hwi_switchFromBootStack__E)
                  0000ad9c    00000014     project6_pem4f.oem4f (.text:ti_sysbios_heaps_HeapMem_Object__get__S)
                  0000adb0    00000014     project6_pem4f.oem4f (.text:ti_sysbios_knl_Task_Object__get__S)
                  0000adc4    00000012     ADCMSP432.obj (.text:ADCMSP432_control)
                  0000add6    00000012     ADCMSP432.obj (.text:ADCMSP432_init)
                  0000ade8    00000012     context.obj (.text:Graphics_clearDisplay)
                  0000adfa    00000012     tirtosport.aem4f : SemaphoreP_tirtos.oem4f (.text:SemaphoreP_pend)
                  0000ae0c    00000004     --HOLE-- [fill = 0]
                  0000ae10    00000012     sysbios.aem4f : BIOS.obj (.text:ti_sysbios_hal_Hwi_Module_startup__E)
                  0000ae22    00000012     rtsv7M4_T_le_v4SPD16_eabi.lib : wcslen.c.obj (.text:wcslen)
                  0000ae34    00000012     project6_pem4f.oem4f (.text:xdc_runtime_Startup_exec__I)
                  0000ae46    00000002     --HOLE-- [fill = 0]
                  0000ae48    00000010     msp432p4xx_driverlib.lib : adc14.o (.text:ADC14_disableConversion)
                  0000ae58    00000010                              : adc14.o (.text:ADC14_enableModule)
                  0000ae68    00000010     project6.obj (.text:CLK_TSK_disp_timer)
                  0000ae78    00000010     msp432p4xx_driverlib.lib : gpio.o (.text:GPIO_getInterruptStatus)
                  0000ae88    00000010                              : i2c.o (.text:I2C_masterReceiveStart)
                  0000ae98    00000010                              : pcm.o (.text:PCM_gotoLPM4)
                  0000aea8    00000010                              : ref_a.o (.text:REF_A_enableReferenceVoltage)
                  0000aeb8    00000010     HAL_TMP006.obj (.text:TMP006_readAmbientTemperature)
                  0000aec8    00000010     HAL_TMP006.obj (.text:TMP006_readDeviceId)
                  0000aed8    00000010     HAL_TMP006.obj (.text:TMP006_readObjectVoltage)
                  0000aee8    00000010     sysbios.aem4f : BIOS.obj (.text:ti_sysbios_BIOS_setCpuFreq__E)
                  0000aef8    00000010                   : BIOS.obj (.text:ti_sysbios_BIOS_setThreadType__E)
                  0000af08    00000010                   : BIOS.obj (.text:ti_sysbios_BIOS_start__E)
                  0000af18    00000010                   : m3_TaskSupport_asm.obj (.text:ti_sysbios_family_arm_m3_TaskSupport_glue)
                  0000af28    00000010                   : BIOS.obj (.text:ti_sysbios_family_arm_msp432_init_Boot_disableWatchdog)
                  0000af38    00000010                   : BIOS.obj (.text:ti_sysbios_gates_GateMutex_Instance_finalize__E)
                  0000af48    00000010                   : BIOS.obj (.text:ti_sysbios_knl_Semaphore_Instance_finalize__E)
                  0000af58    00000010     project6_pem4f.oem4f (.text:ti_sysbios_knl_Swi_Object__get__S)
                  0000af68    00000010     sysbios.aem4f : BIOS.obj (.text:ti_sysbios_knl_Swi_disable__E)
                  0000af78    00000010                   : BIOS.obj (.text:ti_sysbios_knl_Task_disable__E)
                  0000af88    00000010     ti.targets.arm.rtsarm.aem4f : Gate.oem4f (.text:xdc_runtime_Gate_leaveSystem__E)
                  0000af98    00000010                                 : Memory.oem4f (.text:xdc_runtime_Memory_free__E)
                  0000afa8    00000010                                 : SysMin.oem4f (.text:xdc_runtime_SysMin_ready__E)
                  0000afb8    00000010                                 : System.oem4f (.text:xdc_runtime_System_vsnprintf__E)
                  0000afc8    00000010     project6_pem4f.oem4f (.text:xdc_runtime_Text_visitRope__I)
                  0000afd8    0000000e     tirtosport.aem4f : HwiP_tirtos.oem4f (.text:HwiP_Params_init)
                  0000afe6    0000000e     msp432p4xx_driverlib.lib : i2c.o (.text:I2C_clearInterruptFlag)
                  0000aff4    0000000e                              : i2c.o (.text:I2C_setMode)
                  0000b002    0000000e     rtsv7M4_T_le_v4SPD16_eabi.lib : copy_decompress_none.c.obj (.text:decompress:none:__TI_decompress_none)
                  0000b010    0000000e     sysbios.aem4f : BIOS.obj (.text:ti_sysbios_knl_Idle_loop__E)
                  0000b01e    0000000e     project6_pem4f.oem4f (.text:ti_sysbios_knl_Mailbox_Object__get__S)
                  0000b02c    00000004     --HOLE-- [fill = 0]
                  0000b030    0000000e     sysbios.aem4f : BIOS.obj (.text:ti_sysbios_knl_Queue_empty__E)
                  0000b03e    0000000c     project6_pem4f.oem4f (.text:.bootCodeSection:ti_sysbios_family_arm_msp432_init_Boot_init__I)
                  0000b04a    00000002     --HOLE-- [fill = 0]
                  0000b04c    0000000c     project6.obj (.text:BTN1_BP_Callback)
                  0000b058    0000000c     project6.obj (.text:BTN2_BP_Callback)
                  0000b064    0000000c     msp432p4xx_driverlib.lib : cpu.o (.text:CPU_cpsid)
                  0000b070    0000000c                              : cpu.o (.text:CPU_cpsie)
                  0000b07c    0000000c                              : spi.o (.text:EUSCI_A_SPI_enable)
                  0000b088    0000000c                              : spi.o (.text:EUSCI_B_SPI_enable)
                  0000b094    0000000c                              : i2c.o (.text:I2C_disableModule)
                  0000b0a0    0000000c                              : i2c.o (.text:I2C_enableModule)
                  0000b0ac    0000000c                              : pcm.o (.text:PCM_getPowerState)
                  0000b0b8    0000000c     drivers_MSP432P401R.aem4f : PowerMSP432.oem4f (.text:Power_getConstraintMask)
                  0000b0c4    0000000c     rtsv7M4_T_le_v4SPD16_eabi.lib : _lock.c.obj (.text:_register_lock)
                  0000b0d0    0000000c                                   : _lock.c.obj (.text:_register_unlock)
                  0000b0dc    0000000c                                   : copy_zero_init.c.obj (.text:decompress:ZI:__TI_zero_init)
                  0000b0e8    0000000c     project6_pem4f.oem4f (.text:ti_sysbios_family_arm_m3_Hwi_Params__init__S)
                  0000b0f4    00000004     --HOLE-- [fill = 0]
                  0000b0f8    0000000c     sysbios.aem4f : BIOS.obj (.text:ti_sysbios_family_arm_m3_Hwi_disableFxn__E)
                  0000b104    00000004     --HOLE-- [fill = 0]
                  0000b108    0000000c                   : BIOS.obj (.text:ti_sysbios_family_arm_m3_TaskSupport_checkStack__E)
                  0000b114    00000004     --HOLE-- [fill = 0]
                  0000b118    0000000c                   : BIOS.obj (.text:ti_sysbios_family_arm_m3_TaskSupport_getStackAlignment__E)
                  0000b124    00000004     --HOLE-- [fill = 0]
                  0000b128    0000000c                   : BIOS.obj (.text:ti_sysbios_family_arm_msp432_Timer_getMaxTicks__E)
                  0000b134    00000004     --HOLE-- [fill = 0]
                  0000b138    0000000c                   : BIOS.obj (.text:ti_sysbios_gates_GateHwi_enter__E)
                  0000b144    0000000c     project6_pem4f.oem4f (.text:ti_sysbios_knl_Clock_Params__init__S)
                  0000b150    0000000c     project6_pem4f.oem4f (.text:ti_sysbios_knl_Mailbox_Params__init__S)
                  0000b15c    0000000c     project6.obj (.text:ti_sysbios_knl_Mailbox_handle)
                  0000b168    0000000c     project6_pem4f.oem4f (.text:ti_sysbios_knl_Queue_Object__get__S)
                  0000b174    0000000c     project6_pem4f.oem4f (.text:ti_sysbios_knl_Semaphore_Params__init__S)
                  0000b180    0000000c     project6.obj (.text:ti_sysbios_knl_Semaphore_handle)
                  0000b18c    0000000c     project6_pem4f.oem4f (.text:ti_sysbios_knl_Task_Params__init__S)
                  0000b198    0000000c     ti.targets.arm.rtsarm.aem4f : Error.oem4f (.text:xdc_runtime_Error_init__E)
                  0000b1a4    0000000c                                 : Gate.oem4f (.text:xdc_runtime_Gate_enterSystem__E)
                  0000b1b0    0000000c                                 : Memory.oem4f (.text:xdc_runtime_Memory_calloc__E)
                  0000b1bc    0000000c                                 : Memory.oem4f (.text:xdc_runtime_Memory_getMaxDefaultTypeAlign__E)
                  0000b1c8    0000000c                                 : Startup.oem4f (.text:xdc_runtime_Startup_rtsDone__E)
                  0000b1d4    0000000a     drivers_MSP432P401R.aem4f : ADC.oem4f (.text:ADC_close)
                  0000b1de    0000000a                               : ADC.oem4f (.text:ADC_convert)
                  0000b1e8    0000000a     Crystalfontz128x128_ST7735.obj (.text:Crystalfontz128x128_Flush)
                  0000b1f2    0000000a     tirtosport.aem4f : SemaphoreP_tirtos.oem4f (.text:SemaphoreP_post)
                  0000b1fc    0000000a     rtsv7M4_T_le_v4SPD16_eabi.lib : sprintf.c.obj (.text:_outc)
                  0000b206    0000000a     project6_pem4f.oem4f (.text:xdc_runtime_IHeap_alloc)
                  0000b210    0000000a     project6_pem4f.oem4f (.text:xdc_runtime_IHeap_free)
                  0000b21a    00000008     MSP_EXP432P401R.obj (.text:MSP_EXP432P401R_initADC)
                  0000b222    00000008     MSP_EXP432P401R.obj (.text:MSP_EXP432P401R_initGPIO)
                  0000b22a    00000008     MSP_EXP432P401R.obj (.text:MSP_EXP432P401R_initGeneral)
                  0000b232    00000008     msp432p4xx_driverlib.lib : pcm.o (.text:PCM_setPowerMode)
                  0000b23a    00000008                              : pcm.o (.text:PCM_setPowerState)
                  0000b242    00000008     tirtosport.aem4f : SemaphoreP_tirtos.oem4f (.text:SemaphoreP_Params_init)
                  0000b24a    00000002     --HOLE-- [fill = 0]
                  0000b24c    00000008     rtsv7M4_T_le_v4SPD16_eabi.lib : errno.c.obj (.text:__aeabi_errno_addr)
                  0000b254    00000004     --HOLE-- [fill = 0]
                  0000b258    00000008     sysbios.aem4f : BIOS.obj (.text:ti_sysbios_family_arm_m3_Hwi_doSwiRestore__I)
                  0000b260    00000008                   : BIOS.obj (.text:ti_sysbios_family_arm_m3_Hwi_startup__E)
                  0000b268    00000006     msp432p4xx_driverlib.lib : i2c.o (.text:I2C_getInterruptStatus)
                  0000b26e    00000006                              : i2c.o (.text:I2C_masterReceiveMultiByteNext)
                  0000b274    00000004     --HOLE-- [fill = 0]
                  0000b278    00000006     sysbios.aem4f : BIOS.obj (.text:ti_sysbios_family_arm_m3_Hwi_doTaskRestore__I)
                  0000b27e    00000002     --HOLE-- [fill = 0]
                  0000b280    00000006                   : BIOS.obj (.text:ti_sysbios_family_arm_m3_Hwi_restoreFxn__E)
                  0000b286    00000002     --HOLE-- [fill = 0]
                  0000b288    00000006                   : BIOS.obj (.text:ti_sysbios_gates_GateHwi_leave__E)
                  0000b28e    00000002     --HOLE-- [fill = 0]
                  0000b290    00000006                   : BIOS.obj (.text:ti_sysbios_heaps_HeapMem_isBlocking__E)
                  0000b296    00000002     --HOLE-- [fill = 0]
                  0000b298    00000006                   : BIOS.obj (.text:ti_sysbios_knl_Queue_Instance_init__E)
                  0000b29e    00000002     --HOLE-- [fill = 0]
                  0000b2a0    00000006                   : BIOS.obj (.text:ti_sysbios_knl_Swi_startup__E)
                  0000b2a6    00000006     ti.targets.arm.rtsarm.aem4f : System.oem4f (.text:xdc_runtime_System_Module_startup__E)
                  0000b2ac    00000004     --HOLE-- [fill = 0]
                  0000b2b0    00000004     sysbios.aem4f : BIOS.obj (.text:ti_sysbios_gates_GateHwi_query__E)
                  0000b2b4    00000004     --HOLE-- [fill = 0]
                  0000b2b8    00000004                   : BIOS.obj (.text:ti_sysbios_gates_GateMutex_query__E)
                  0000b2bc    00000004     --HOLE-- [fill = 0]
                  0000b2c0    00000004                   : BIOS.obj (.text:ti_sysbios_knl_Task_startup__E)
                  0000b2c4    00000004     --HOLE-- [fill = 0]
                  0000b2c8    00000002                   : BIOS.obj (.text:ti_sysbios_BIOS_linkedWithIncorrectBootLibrary__E)
                  0000b2ca    00000006     --HOLE-- [fill = 0]
                  0000b2d0    00000002                   : BIOS.obj (.text:ti_sysbios_gates_GateHwi_Instance_init__E)
                  0000b2d2    00000006     --HOLE-- [fill = 0]
                  0000b2d8    00000002                   : BIOS.obj (.text:ti_sysbios_knl_Clock_logTick__E)

.const     0    0000b2e0    00006bc6     
                  0000b2e0    00003270     project6.obj (.const:.string:pixel_splash_screen8BPP_COMP_RLE8)
                  0000e550    000018b0     project6_pem4f.oem4f (.const:xdc_runtime_Text_charTab__A)
                  0000fe00    00000b00     project6.obj (.const:.string:pixel_lightbulb8BPP_UNCOMP)
                  00010900    00000400     project6.obj (.const:palette_lightbulb8BPP_UNCOMP)
                  00010d00    00000400     project6.obj (.const:palette_splash_screen8BPP_COMP_RLE8)
                  00011100    000002f8     fontfixed6x8.obj (.const:.string:g_pucFontFixed6x8Data)
                  000113f8    00000101     rtsv7M4_T_le_v4SPD16_eabi.lib : ctype.c.obj (.const:.string:_ctypes_)
                  000114f9    00000001     project6_pem4f.oem4f (.const:xdc_runtime_Error_policy__C)
                  000114fa    00000002     project6_pem4f.oem4f (.const:ti_sysbios_family_arm_m3_Hwi_Module__id__C)
                  000114fc    000000c8     fontfixed6x8.obj (.const:g_sFontFixed6x8)
                  000115c4    000000b8     project6_pem4f.oem4f (.const:xdc_runtime_Text_nodeTab__A)
                  0001167c    000000a8     MSP_EXP432P401R.obj (.const:adcMSP432HWAttrs)
                  00011724    00000080     msp432p4xx_driverlib.lib : adc14.o (.const:_ctlRegs)
                  000117a4    00000060     MSP_EXP432P401R.obj (.const:ADC_config)
                  00011804    00000048     project6_pem4f.oem4f (.const:.string)
                  0001184c    0000003c     project6_pem4f.oem4f (.const:ti_sysbios_knl_Task_Object__PARAMS__C)
                  00011888    00000034     project6.obj (.const:.string:pixel_broken_lightbulb_inverse1BPP_UNCOMP)
                  000118bc    00000034     project6_pem4f.oem4f (.const:ti_sysbios_knl_Mailbox_Object__PARAMS__C)
                  000118f0    00000030     rtsv7M4_T_le_v4SPD16_eabi.lib : e_pow.c.obj (.const:$O1$$)
                  00011920    00000030     project6_pem4f.oem4f (.const:ti_sysbios_family_arm_m3_Hwi_Object__PARAMS__C)
                  00011950    00000028     project6_pem4f.oem4f (.const:ti_sysbios_heaps_HeapMem_Module__FXNS__C)
                  00011978    00000024     project6_pem4f.oem4f (.const:ti_sysbios_gates_GateHwi_Module__FXNS__C)
                  0001199c    00000024     project6_pem4f.oem4f (.const:ti_sysbios_gates_GateMutex_Module__FXNS__C)
                  000119c0    00000024     project6_pem4f.oem4f (.const:ti_sysbios_heaps_HeapMem_Object__PARAMS__C)
                  000119e4    00000024     project6_pem4f.oem4f (.const:ti_sysbios_knl_Clock_Object__PARAMS__C)
                  00011a08    00000024     project6_pem4f.oem4f (.const:ti_sysbios_knl_Semaphore_Object__PARAMS__C)
                  00011a2c    00000024     project6_pem4f.oem4f (.const:xdc_runtime_Startup_sfxnTab__A)
                  00011a50    00000020     Crystalfontz128x128_ST7735.obj (.const:g_sCrystalfontz128x128_funcs)
                  00011a70    00000020     project6_pem4f.oem4f (.const:ti_sysbios_family_arm_m3_Hwi_Object__DESC__C)
                  00011a90    00000020     project6_pem4f.oem4f (.const:ti_sysbios_gates_GateHwi_Object__DESC__C)
                  00011ab0    00000020     project6_pem4f.oem4f (.const:ti_sysbios_gates_GateMutex_Object__DESC__C)
                  00011ad0    00000020     project6_pem4f.oem4f (.const:ti_sysbios_heaps_HeapMem_Object__DESC__C)
                  00011af0    00000020     project6_pem4f.oem4f (.const:ti_sysbios_knl_Clock_Object__DESC__C)
                  00011b10    00000020     project6_pem4f.oem4f (.const:ti_sysbios_knl_Mailbox_Object__DESC__C)
                  00011b30    00000020     project6_pem4f.oem4f (.const:ti_sysbios_knl_Queue_Object__DESC__C)
                  00011b50    00000020     project6_pem4f.oem4f (.const:ti_sysbios_knl_Semaphore_Object__DESC__C)
                  00011b70    00000020     project6_pem4f.oem4f (.const:ti_sysbios_knl_Task_Object__DESC__C)
                  00011b90    0000001c     HAL_MSP_EXP432P401R_Crystalfontz128x128_ST7735.obj (.const:$P$T0$1)
                  00011bac    00000018     ADCMSP432.obj (.const:ADCMSP432_fxnTable)
                  00011bc4    00000018     project6_pem4f.oem4f (.const:ti_sysbios_gates_GateHwi_Object__PARAMS__C)
                  00011bdc    00000018     project6_pem4f.oem4f (.const:ti_sysbios_gates_GateMutex_Object__PARAMS__C)
                  00011bf4    00000018     project6_pem4f.oem4f (.const:ti_sysbios_knl_Queue_Object__PARAMS__C)
                  00011c0c    00000014     MSP_EXP432P401R.obj (.const:GPIOMSP432_config)
                  00011c20    00000014     HAL_I2C.obj (.const:i2cConfig)
                  00011c34    00000012     project6_pem4f.oem4f (.const:xdc_runtime_Startup_sfxnRts__A)
                  00011c46    00000002     project6_pem4f.oem4f (.const:ti_sysbios_gates_GateMutex_Module__id__C)
                  00011c48    00000010     MSP_EXP432P401R.obj (.const:PowerMSP432_config)
                  00011c58    00000010     project6.obj (.const:lotr_tree_splash_screen_img)
                  00011c68    0000000c     drivers_MSP432P401R.aem4f : GPIOMSP432.oem4f (.const:.string)
                  00011c74    0000000c     project6_pem4f.oem4f (.const:xdc_runtime_Startup_firstFxns__A)
                  00011c80    00000008     Crystalfontz128x128_ST7735.obj (.const:$P$T0$1)
                  00011c88    00000008     project6.obj (.const:$P$T0$4)
                  00011c90    00000008     project6.obj (.const:palette_broken_lightbulb_inverse1BPP_UNCOMP)
                  00011c98    00000008     project6_pem4f.oem4f (.const:ti_sysbios_family_arm_m3_Hwi_excHookFuncs__A)
                  00011ca0    00000008     project6_pem4f.oem4f (.const:ti_sysbios_knl_Idle_funcList__A)
                  00011ca8    00000008     project6_pem4f.oem4f (.const:ti_sysbios_knl_Idle_funcList__C)
                  00011cb0    00000008     project6_pem4f.oem4f (.const:xdc_runtime_Startup_firstFxns__C)
                  00011cb8    00000008     project6_pem4f.oem4f (.const:xdc_runtime_Startup_lastFxns__C)
                  00011cc0    00000004     project6_pem4f.oem4f (.const:ti_sysbios_family_arm_m3_Hwi_E_NMI__C)
                  00011cc4    00000004     project6_pem4f.oem4f (.const:ti_sysbios_family_arm_m3_Hwi_E_alreadyDefined__C)
                  00011cc8    00000004     project6_pem4f.oem4f (.const:ti_sysbios_family_arm_m3_Hwi_E_busFault__C)
                  00011ccc    00000004     project6_pem4f.oem4f (.const:ti_sysbios_family_arm_m3_Hwi_E_debugMon__C)
                  00011cd0    00000004     project6_pem4f.oem4f (.const:ti_sysbios_family_arm_m3_Hwi_E_hardFault__C)
                  00011cd4    00000004     project6_pem4f.oem4f (.const:ti_sysbios_family_arm_m3_Hwi_E_memFault__C)
                  00011cd8    00000004     project6_pem4f.oem4f (.const:ti_sysbios_family_arm_m3_Hwi_E_noIsr__C)
                  00011cdc    00000004     project6_pem4f.oem4f (.const:ti_sysbios_family_arm_m3_Hwi_E_reserved__C)
                  00011ce0    00000004     project6_pem4f.oem4f (.const:ti_sysbios_family_arm_m3_Hwi_E_svCall__C)
                  00011ce4    00000004     project6_pem4f.oem4f (.const:ti_sysbios_family_arm_m3_Hwi_E_usageFault__C)
                  00011ce8    00000004     project6_pem4f.oem4f (.const:ti_sysbios_family_arm_m3_Hwi_NUM_INTERRUPTS__C)
                  00011cec    00000004     project6_pem4f.oem4f (.const:ti_sysbios_family_arm_m3_Hwi_Object__count__C)
                  00011cf0    00000004     project6_pem4f.oem4f (.const:ti_sysbios_family_arm_m3_Hwi_ccr__C)
                  00011cf4    00000004     project6_pem4f.oem4f (.const:ti_sysbios_family_arm_m3_Hwi_excHandlerFunc__C)
                  00011cf8    00000004     project6_pem4f.oem4f (.const:ti_sysbios_family_arm_m3_Hwi_excHookFuncs__C)
                  00011cfc    00000004     project6_pem4f.oem4f (.const:ti_sysbios_family_arm_m3_Hwi_nullIsrFunc__C)
                  00011d00    00000004     project6_pem4f.oem4f (.const:ti_sysbios_family_arm_m3_Hwi_priGroup__C)
                  00011d04    00000004     project6_pem4f.oem4f (.const:ti_sysbios_family_arm_m3_TaskSupport_stackAlignment__C)
                  00011d08    00000004     project6_pem4f.oem4f (.const:ti_sysbios_family_arm_msp432_Timer_numTimerDevices__C)
                  00011d0c    00000004     project6_pem4f.oem4f (.const:ti_sysbios_family_arm_msp432_Timer_startupNeeded__C)
                  00011d10    00000004     project6_pem4f.oem4f (.const:ti_sysbios_gates_GateMutex_A_badContext__C)
                  00011d14    00000004     project6_pem4f.oem4f (.const:ti_sysbios_gates_GateMutex_Instance_State_sem__O)
                  00011d18    00000004     project6_pem4f.oem4f (.const:ti_sysbios_gates_GateMutex_Module__diagsEnabled__C)
                  00011d1c    00000004     project6_pem4f.oem4f (.const:ti_sysbios_gates_GateMutex_Module__diagsIncluded__C)
                  00011d20    00000004     project6_pem4f.oem4f (.const:ti_sysbios_gates_GateMutex_Module__diagsMask__C)
                  00011d24    00000004     project6_pem4f.oem4f (.const:ti_sysbios_hal_Hwi_E_stackOverflow__C)
                  00011d28    00000004     project6_pem4f.oem4f (.const:ti_sysbios_heaps_HeapMem_A_align__C)
                  00011d2c    00000004     project6_pem4f.oem4f (.const:ti_sysbios_heaps_HeapMem_A_heapSize__C)
                  00011d30    00000004     project6_pem4f.oem4f (.const:ti_sysbios_heaps_HeapMem_A_invalidFree__C)
                  00011d34    00000004     project6_pem4f.oem4f (.const:ti_sysbios_heaps_HeapMem_A_zeroBlock__C)
                  00011d38    00000004     project6_pem4f.oem4f (.const:ti_sysbios_heaps_HeapMem_E_memory__C)
                  00011d3c    00000004     project6_pem4f.oem4f (.const:ti_sysbios_heaps_HeapMem_Module__diagsEnabled__C)
                  00011d40    00000004     project6_pem4f.oem4f (.const:ti_sysbios_heaps_HeapMem_Module__diagsIncluded__C)
                  00011d44    00000004     project6_pem4f.oem4f (.const:ti_sysbios_heaps_HeapMem_Module__diagsMask__C)
                  00011d48    00000004     project6_pem4f.oem4f (.const:ti_sysbios_heaps_HeapMem_Module__gateObj__C)
                  00011d4c    00000004     project6_pem4f.oem4f (.const:ti_sysbios_heaps_HeapMem_Object__count__C)
                  00011d50    00000004     project6_pem4f.oem4f (.const:ti_sysbios_heaps_HeapMem_reqAlign__C)
                  00011d54    00000004     project6_pem4f.oem4f (.const:ti_sysbios_knl_Clock_A_badThreadType__C)
                  00011d58    00000004     project6_pem4f.oem4f (.const:ti_sysbios_knl_Clock_Module_State_clockQ__O)
                  00011d5c    00000004     project6_pem4f.oem4f (.const:ti_sysbios_knl_Clock_Module__diagsEnabled__C)
                  00011d60    00000004     project6_pem4f.oem4f (.const:ti_sysbios_knl_Clock_Module__diagsIncluded__C)
                  00011d64    00000004     project6_pem4f.oem4f (.const:ti_sysbios_knl_Clock_Module__diagsMask__C)
                  00011d68    00000004     project6_pem4f.oem4f (.const:ti_sysbios_knl_Clock_tickPeriod__C)
                  00011d6c    00000004     project6_pem4f.oem4f (.const:ti_sysbios_knl_Mailbox_A_invalidBufSize__C)
                  00011d70    00000004     project6_pem4f.oem4f (.const:ti_sysbios_knl_Mailbox_Instance_State_dataQue__O)
                  00011d74    00000004     project6_pem4f.oem4f (.const:ti_sysbios_knl_Mailbox_Instance_State_dataSem__O)
                  00011d78    00000004     project6_pem4f.oem4f (.const:ti_sysbios_knl_Mailbox_Instance_State_freeQue__O)
                  00011d7c    00000004     project6_pem4f.oem4f (.const:ti_sysbios_knl_Mailbox_Instance_State_freeSem__O)
                  00011d80    00000004     project6_pem4f.oem4f (.const:ti_sysbios_knl_Mailbox_Module__diagsEnabled__C)
                  00011d84    00000004     project6_pem4f.oem4f (.const:ti_sysbios_knl_Mailbox_Module__diagsIncluded__C)
                  00011d88    00000004     project6_pem4f.oem4f (.const:ti_sysbios_knl_Mailbox_Module__diagsMask__C)
                  00011d8c    00000004     project6_pem4f.oem4f (.const:ti_sysbios_knl_Mailbox_Object__count__C)
                  00011d90    00000004     project6_pem4f.oem4f (.const:ti_sysbios_knl_Mailbox_maxTypeAlign__C)
                  00011d94    00000004     project6_pem4f.oem4f (.const:ti_sysbios_knl_Semaphore_A_badContext__C)
                  00011d98    00000004     project6_pem4f.oem4f (.const:ti_sysbios_knl_Semaphore_A_noEvents__C)
                  00011d9c    00000004     project6_pem4f.oem4f (.const:ti_sysbios_knl_Semaphore_A_overflow__C)
                  00011da0    00000004     project6_pem4f.oem4f (.const:ti_sysbios_knl_Semaphore_A_pendTaskDisabled__C)
                  00011da4    00000004     project6_pem4f.oem4f (.const:ti_sysbios_knl_Semaphore_Instance_State_pendQ__O)
                  00011da8    00000004     project6_pem4f.oem4f (.const:ti_sysbios_knl_Semaphore_Module__diagsEnabled__C)
                  00011dac    00000004     project6_pem4f.oem4f (.const:ti_sysbios_knl_Semaphore_Module__diagsIncluded__C)
                  00011db0    00000004     project6_pem4f.oem4f (.const:ti_sysbios_knl_Semaphore_Module__diagsMask__C)
                  00011db4    00000004     project6_pem4f.oem4f (.const:ti_sysbios_knl_Swi_Object__count__C)
                  00011db8    00000004     project6_pem4f.oem4f (.const:ti_sysbios_knl_Task_A_badPriority__C)
                  00011dbc    00000004     project6_pem4f.oem4f (.const:ti_sysbios_knl_Task_A_badTaskState__C)
                  00011dc0    00000004     project6_pem4f.oem4f (.const:ti_sysbios_knl_Task_A_badThreadType__C)
                  00011dc4    00000004     project6_pem4f.oem4f (.const:ti_sysbios_knl_Task_A_badTimeout__C)
                  00011dc8    00000004     project6_pem4f.oem4f (.const:ti_sysbios_knl_Task_A_noPendElem__C)
                  00011dcc    00000004     project6_pem4f.oem4f (.const:ti_sysbios_knl_Task_A_sleepTaskDisabled__C)
                  00011dd0    00000004     project6_pem4f.oem4f (.const:ti_sysbios_knl_Task_E_spOutOfBounds__C)
                  00011dd4    00000004     project6_pem4f.oem4f (.const:ti_sysbios_knl_Task_E_stackOverflow__C)
                  00011dd8    00000004     project6_pem4f.oem4f (.const:ti_sysbios_knl_Task_Module_State_inactiveQ__O)
                  00011ddc    00000004     project6_pem4f.oem4f (.const:ti_sysbios_knl_Task_Module__diagsEnabled__C)
                  00011de0    00000004     project6_pem4f.oem4f (.const:ti_sysbios_knl_Task_Module__diagsIncluded__C)
                  00011de4    00000004     project6_pem4f.oem4f (.const:ti_sysbios_knl_Task_Module__diagsMask__C)
                  00011de8    00000004     project6_pem4f.oem4f (.const:ti_sysbios_knl_Task_Object__count__C)
                  00011dec    00000004     project6_pem4f.oem4f (.const:ti_sysbios_knl_Task_allBlockedFunc__C)
                  00011df0    00000004     project6_pem4f.oem4f (.const:ti_sysbios_knl_Task_defaultStackHeap__C)
                  00011df4    00000004     project6_pem4f.oem4f (.const:ti_sysbios_knl_Task_defaultStackSize__C)
                  00011df8    00000004     project6_pem4f.oem4f (.const:ti_sysbios_knl_Task_numConstructedTasks__C)
                  00011dfc    00000004     project6_pem4f.oem4f (.const:xdc_runtime_Assert_E_assertFailed__C)
                  00011e00    00000004     project6_pem4f.oem4f (.const:xdc_runtime_Core_A_initializedParams__C)
                  00011e04    00000004     project6_pem4f.oem4f (.const:xdc_runtime_Core_Module__diagsEnabled__C)
                  00011e08    00000004     project6_pem4f.oem4f (.const:xdc_runtime_Core_Module__diagsIncluded__C)
                  00011e0c    00000004     project6_pem4f.oem4f (.const:xdc_runtime_Core_Module__diagsMask__C)
                  00011e10    00000004     project6_pem4f.oem4f (.const:xdc_runtime_Error_E_memory__C)
                  00011e14    00000004     project6_pem4f.oem4f (.const:xdc_runtime_Error_Module__diagsEnabled__C)
                  00011e18    00000004     project6_pem4f.oem4f (.const:xdc_runtime_Error_Module__diagsIncluded__C)
                  00011e1c    00000004     project6_pem4f.oem4f (.const:xdc_runtime_Error_Module__diagsMask__C)
                  00011e20    00000004     project6_pem4f.oem4f (.const:xdc_runtime_Error_Module__loggerFxn8__C)
                  00011e24    00000004     project6_pem4f.oem4f (.const:xdc_runtime_Error_Module__loggerObj__C)
                  00011e28    00000004     project6_pem4f.oem4f (.const:xdc_runtime_Error_policyFxn__C)
                  00011e2c    00000004     project6_pem4f.oem4f (.const:xdc_runtime_Error_raiseHook__C)
                  00011e30    00000004     project6_pem4f.oem4f (.const:xdc_runtime_IGateProvider_Interface__BASE__C)
                  00011e34    00000004     project6_pem4f.oem4f (.const:xdc_runtime_IHeap_Interface__BASE__C)
                  00011e38    00000004     project6_pem4f.oem4f (.const:xdc_runtime_IModule_Interface__BASE__C)
                  00011e3c    00000004     project6_pem4f.oem4f (.const:xdc_runtime_Log_L_error__C)
                  00011e40    00000004     project6_pem4f.oem4f (.const:xdc_runtime_Memory_defaultHeapInstance__C)
                  00011e44    00000004     project6_pem4f.oem4f (.const:xdc_runtime_Startup_execImpl__C)
                  00011e48    00000004     project6_pem4f.oem4f (.const:xdc_runtime_Startup_maxPasses__C)
                  00011e4c    00000004     project6_pem4f.oem4f (.const:xdc_runtime_Startup_sfxnRts__C)
                  00011e50    00000004     project6_pem4f.oem4f (.const:xdc_runtime_Startup_sfxnTab__C)
                  00011e54    00000004     project6_pem4f.oem4f (.const:xdc_runtime_SysMin_bufSize__C)
                  00011e58    00000004     project6_pem4f.oem4f (.const:xdc_runtime_SysMin_outputFunc__C)
                  00011e5c    00000004     project6_pem4f.oem4f (.const:xdc_runtime_System_Module__gateObj__C)
                  00011e60    00000004     project6_pem4f.oem4f (.const:xdc_runtime_System_abortFxn__C)
                  00011e64    00000004     project6_pem4f.oem4f (.const:xdc_runtime_System_exitFxn__C)
                  00011e68    00000004     project6_pem4f.oem4f (.const:xdc_runtime_System_extendFxn__C)
                  00011e6c    00000004     project6_pem4f.oem4f (.const:xdc_runtime_System_maxAtexitHandlers__C)
                  00011e70    00000004     project6_pem4f.oem4f (.const:xdc_runtime_Text_charTab__C)
                  00011e74    00000004     project6_pem4f.oem4f (.const:xdc_runtime_Text_nameEmpty__C)
                  00011e78    00000004     project6_pem4f.oem4f (.const:xdc_runtime_Text_nameStatic__C)
                  00011e7c    00000004     project6_pem4f.oem4f (.const:xdc_runtime_Text_nameUnknown__C)
                  00011e80    00000004     project6_pem4f.oem4f (.const:xdc_runtime_Text_nodeTab__C)
                  00011e84    00000004     project6_pem4f.oem4f (.const:xdc_runtime_Text_visitRopeFxn__C)
                  00011e88    00000002     project6_pem4f.oem4f (.const:ti_sysbios_hal_Hwi_Module__id__C)
                  00011e8a    00000002     project6_pem4f.oem4f (.const:ti_sysbios_heaps_HeapMem_Module__id__C)
                  00011e8c    00000002     project6_pem4f.oem4f (.const:ti_sysbios_knl_Clock_Module__id__C)
                  00011e8e    00000002     project6_pem4f.oem4f (.const:ti_sysbios_knl_Mailbox_Module__id__C)
                  00011e90    00000002     project6_pem4f.oem4f (.const:ti_sysbios_knl_Semaphore_Module__id__C)
                  00011e92    00000002     project6_pem4f.oem4f (.const:ti_sysbios_knl_Task_Module__id__C)
                  00011e94    00000002     project6_pem4f.oem4f (.const:xdc_runtime_Core_Module__id__C)
                  00011e96    00000002     project6_pem4f.oem4f (.const:xdc_runtime_Error_Module__loggerDefined__C)
                  00011e98    00000002     project6_pem4f.oem4f (.const:xdc_runtime_Error_maxDepth__C)
                  00011e9a    00000002     project6_pem4f.oem4f (.const:xdc_runtime_Memory_Module__id__C)
                  00011e9c    00000002     project6_pem4f.oem4f (.const:xdc_runtime_SysMin_flushAtExit__C)
                  00011e9e    00000002     project6_pem4f.oem4f (.const:xdc_runtime_Text_charCnt__C)
                  00011ea0    00000002     project6_pem4f.oem4f (.const:xdc_runtime_Text_isLoaded__C)
                  00011ea2    00000002     project6_pem4f.oem4f (.const:xdc_runtime_Text_registryModsLastId__C)
                  00011ea4    00000002     project6_pem4f.oem4f (.const:xdc_runtime_Text_unnamedModsLastId__C)

.cinit     0    00011ea8    000002a8     
                  00011ea8    00000273     (.cinit..data.load) [load image, compression = lzss]
                  0001211b    00000001     --HOLE-- [fill = 0]
                  0001211c    0000000c     (__TI_handler_table)
                  00012128    00000008     (.cinit..bss.load) [load image, compression = zero_init]
                  00012130    00000008     (.cinit..vecs.load) [load image, compression = zero_init]
                  00012138    00000018     (__TI_cinit_table)

.resetVecs 
*          0    00000000    0000003c     
                  00000000    0000003c     project6_pem4f.oem4f (.resetVecs)

.bss       0    20000140    00002481     UNINITIALIZED
                  20000140    000007d0     (.common:TSK_STK_draw_screen)
                  20000910    000007d0     (.common:TSK_STK_pet_game)
                  200010e0    00000400     image.obj (.bss:g_pulConvertedPalette)
                  200014e0    00000400     (.common:ti_sysbios_heaps_HeapMem_Instance_State_0_buf__A)
                  200018e0    000003e8     (.common:TSK_STK_read_sensors)
                  20001cc8    00000200     project6_pem4f.oem4f (.bss:taskStackSection)
                  20001ec8    00000200     (.common:xdc_runtime_SysMin_Module_State_0_outbuf__A)
                  200020c8    00000140     (.common:ti_sysbios_family_arm_m3_Hwi_dispatchTable)
                  20002208    00000120     rtsv7M4_T_le_v4SPD16_eabi.lib : trgmsg.c.obj (.bss:_CIOBUF_)
                  20002328    0000006c     (.common:MBX_STR_pet)
                  20002394    0000006c     (.common:MBX_STR_sensors)
                  20002400    00000068     (.common:mbx_disp_buff)
                  20002468    00000038     (.common:mbx_sensor_buff)
                  200024a0    00000030     drivers_MSP432P401R.aem4f : GPIOMSP432.oem4f (.bss:gpioCallbackInfo)
                  200024d0    0000002c     project6.obj (.bss:msg_disp$2)
                  200024fc    0000001c     (.common:SEMSTRUCT_update_LCD)
                  20002518    0000001c     (.common:g_sContext)
[...]
0000b2b9  ti_sysbios_heaps_HeapMem_Module_GateProxy_query__E          
0000b2c1  ti_sysbios_knl_Task_startup__E                              
0000b2c9  ti_sysbios_BIOS_linkedWithIncorrectBootLibrary__E           
0000b2d1  ti_sysbios_gates_GateHwi_Instance_init__E                   
0000b2d9  ti_sysbios_knl_Clock_logTick__E                             
0000e550  xdc_runtime_Text_charTab__A                                 
000113f8  _ctypes_                                                    
000114f9  xdc_runtime_Error_policy__C                                 
000114fa  ti_sysbios_family_arm_m3_Hwi_Module__id__C                  
000114fc  g_sFontFixed6x8                                             
000115c4  xdc_runtime_Text_nodeTab__A                                 
0001167c  adcMSP432HWAttrs                                            
000117a4  ADC_config                                                  
0001184c  ti_sysbios_knl_Task_Object__PARAMS__C                       
000118bc  ti_sysbios_knl_Mailbox_Object__PARAMS__C                    
00011920  ti_sysbios_family_arm_m3_Hwi_Object__PARAMS__C              
00011950  ti_sysbios_heaps_HeapMem_Module__FXNS__C                    
00011978  ti_sysbios_gates_GateHwi_Module__FXNS__C                    
0001199c  ti_sysbios_gates_GateMutex_Module__FXNS__C                  
000119c0  ti_sysbios_heaps_HeapMem_Object__PARAMS__C                  
000119e4  ti_sysbios_knl_Clock_Object__PARAMS__C                      
00011a08  ti_sysbios_knl_Semaphore_Object__PARAMS__C                  
00011a2c  xdc_runtime_Startup_sfxnTab__A                              
00011a50  g_sCrystalfontz128x128_funcs                                
00011a70  ti_sysbios_family_arm_m3_Hwi_Object__DESC__C                
00011a90  ti_sysbios_gates_GateHwi_Object__DESC__C                    
00011ab0  ti_sysbios_gates_GateMutex_Object__DESC__C                  
00011ad0  ti_sysbios_heaps_HeapMem_Object__DESC__C                    
00011af0  ti_sysbios_knl_Clock_Object__DESC__C                        
00011b10  ti_sysbios_knl_Mailbox_Object__DESC__C                      
00011b30  ti_sysbios_knl_Queue_Object__DESC__C                        
00011b50  ti_sysbios_knl_Semaphore_Object__DESC__C                    
00011b70  ti_sysbios_knl_Task_Object__DESC__C                         
00011bac  ADCMSP432_fxnTable                                          
00011bc4  ti_sysbios_gates_GateHwi_Object__PARAMS__C                  
00011bdc  ti_sysbios_gates_GateMutex_Object__PARAMS__C                
00011bf4  ti_sysbios_knl_Queue_Object__PARAMS__C                      
00011c0c  GPIOMSP432_config                                           
00011c20  i2cConfig                                                   
00011c34  xdc_runtime_Startup_sfxnRts__A                              
00011c46  ti_sysbios_gates_GateMutex_Module__id__C                    
00011c48  PowerMSP432_config                                          
00011c58  lotr_tree_splash_screen_img                                 
00011c74  xdc_runtime_Startup_firstFxns__A                            
00011c98  ti_sysbios_family_arm_m3_Hwi_excHookFuncs__A                
00011ca0  ti_sysbios_knl_Idle_funcList__A                             
00011ca8  ti_sysbios_knl_Idle_funcList__C                             
00011cb0  xdc_runtime_Startup_firstFxns__C                            
00011cb8  xdc_runtime_Startup_lastFxns__C                             
00011cc0  ti_sysbios_family_arm_m3_Hwi_E_NMI__C                       
00011cc4  ti_sysbios_family_arm_m3_Hwi_E_alreadyDefined__C            
00011cc8  ti_sysbios_family_arm_m3_Hwi_E_busFault__C                  
00011ccc  ti_sysbios_family_arm_m3_Hwi_E_debugMon__C                  
00011cd0  ti_sysbios_family_arm_m3_Hwi_E_hardFault__C                 
00011cd4  ti_sysbios_family_arm_m3_Hwi_E_memFault__C                  
00011cd8  ti_sysbios_family_arm_m3_Hwi_E_noIsr__C                     
00011cdc  ti_sysbios_family_arm_m3_Hwi_E_reserved__C                  
00011ce0  ti_sysbios_family_arm_m3_Hwi_E_svCall__C                    
00011ce4  ti_sysbios_family_arm_m3_Hwi_E_usageFault__C                
00011ce8  ti_sysbios_family_arm_m3_Hwi_NUM_INTERRUPTS__C              
00011cec  ti_sysbios_family_arm_m3_Hwi_Object__count__C               
00011cf0  ti_sysbios_family_arm_m3_Hwi_ccr__C                         
00011cf4  ti_sysbios_family_arm_m3_Hwi_excHandlerFunc__C              
00011cf8  ti_sysbios_family_arm_m3_Hwi_excHookFuncs__C                
00011cfc  ti_sysbios_family_arm_m3_Hwi_nullIsrFunc__C                 
00011d00  ti_sysbios_family_arm_m3_Hwi_priGroup__C                    
00011d04  ti_sysbios_family_arm_m3_TaskSupport_stackAlignment__C      
00011d08  ti_sysbios_family_arm_msp432_Timer_numTimerDevices__C       
00011d0c  ti_sysbios_family_arm_msp432_Timer_startupNeeded__C         
00011d10  ti_sysbios_gates_GateMutex_A_badContext__C                  
00011d14  ti_sysbios_gates_GateMutex_Instance_State_sem__O            
00011d18  ti_sysbios_gates_GateMutex_Module__diagsEnabled__C          
00011d1c  ti_sysbios_gates_GateMutex_Module__diagsIncluded__C         
00011d20  ti_sysbios_gates_GateMutex_Module__diagsMask__C             
00011d24  ti_sysbios_hal_Hwi_E_stackOverflow__C                       
00011d28  ti_sysbios_heaps_HeapMem_A_align__C                         
00011d2c  ti_sysbios_heaps_HeapMem_A_heapSize__C                      
00011d30  ti_sysbios_heaps_HeapMem_A_invalidFree__C                   
00011d34  ti_sysbios_heaps_HeapMem_A_zeroBlock__C                     
00011d38  ti_sysbios_heaps_HeapMem_E_memory__C                        
00011d3c  ti_sysbios_heaps_HeapMem_Module__diagsEnabled__C            
00011d40  ti_sysbios_heaps_HeapMem_Module__diagsIncluded__C           
00011d44  ti_sysbios_heaps_HeapMem_Module__diagsMask__C               
00011d48  ti_sysbios_heaps_HeapMem_Module__gateObj__C                 
00011d4c  ti_sysbios_heaps_HeapMem_Object__count__C                   
00011d50  ti_sysbios_heaps_HeapMem_reqAlign__C                        
00011d54  ti_sysbios_knl_Clock_A_badThreadType__C                     
00011d58  ti_sysbios_knl_Clock_Module_State_clockQ__O                 
00011d5c  ti_sysbios_knl_Clock_Module__diagsEnabled__C                
00011d60  ti_sysbios_knl_Clock_Module__diagsIncluded__C               
00011d64  ti_sysbios_knl_Clock_Module__diagsMask__C                   
00011d68  ti_sysbios_knl_Clock_tickPeriod__C                          
00011d6c  ti_sysbios_knl_Mailbox_A_invalidBufSize__C                  
00011d70  ti_sysbios_knl_Mailbox_Instance_State_dataQue__O            
00011d74  ti_sysbios_knl_Mailbox_Instance_State_dataSem__O            
00011d78  ti_sysbios_knl_Mailbox_Instance_State_freeQue__O            
00011d7c  ti_sysbios_knl_Mailbox_Instance_State_freeSem__O            
00011d80  ti_sysbios_knl_Mailbox_Module__diagsEnabled__C              
00011d84  ti_sysbios_knl_Mailbox_Module__diagsIncluded__C             
00011d88  ti_sysbios_knl_Mailbox_Module__diagsMask__C                 
00011d8c  ti_sysbios_knl_Mailbox_Object__count__C                     
00011d90  ti_sysbios_knl_Mailbox_maxTypeAlign__C                      
00011d94  ti_sysbios_knl_Semaphore_A_badContext__C                    
00011d98  ti_sysbios_knl_Semaphore_A_noEvents__C                      
00011d9c  ti_sysbios_knl_Semaphore_A_overflow__C                      
00011da0  ti_sysbios_knl_Semaphore_A_pendTaskDisabled__C              
00011da4  ti_sysbios_knl_Semaphore_Instance_State_pendQ__O            
00011da8  ti_sysbios_knl_Semaphore_Module__diagsEnabled__C            
00011dac  ti_sysbios_knl_Semaphore_Module__diagsIncluded__C           
00011db0  ti_sysbios_knl_Semaphore_Module__diagsMask__C               
00011db4  ti_sysbios_knl_Swi_Object__count__C                         
00011db8  ti_sysbios_knl_Task_A_badPriority__C                        
00011dbc  ti_sysbios_knl_Task_A_badTaskState__C                       
00011dc0  ti_sysbios_knl_Task_A_badThreadType__C                      
00011dc4  ti_sysbios_knl_Task_A_badTimeout__C                         
00011dc8  ti_sysbios_knl_Task_A_noPendElem__C                         
00011dcc  ti_sysbios_knl_Task_A_sleepTaskDisabled__C                  
00011dd0  ti_sysbios_knl_Task_E_spOutOfBounds__C                      
00011dd4  ti_sysbios_knl_Task_E_stackOverflow__C                      
00011dd8  ti_sysbios_knl_Task_Module_State_inactiveQ__O               
00011ddc  ti_sysbios_knl_Task_Module__diagsEnabled__C                 
00011de0  ti_sysbios_knl_Task_Module__diagsIncluded__C                
00011de4  ti_sysbios_knl_Task_Module__diagsMask__C                    
00011de8  ti_sysbios_knl_Task_Object__count__C                        
00011dec  ti_sysbios_knl_Task_allBlockedFunc__C                       
00011df0  ti_sysbios_knl_Task_defaultStackHeap__C                     
00011df4  ti_sysbios_knl_Task_defaultStackSize__C                     
00011df8  ti_sysbios_knl_Task_numConstructedTasks__C                  
00011dfc  xdc_runtime_Assert_E_assertFailed__C                        
00011e00  xdc_runtime_Core_A_initializedParams__C                     
00011e04  xdc_runtime_Core_Module__diagsEnabled__C                    
00011e08  xdc_runtime_Core_Module__diagsIncluded__C                   
00011e0c  xdc_runtime_Core_Module__diagsMask__C                       
00011e10  xdc_runtime_Error_E_memory__C                               
00011e14  xdc_runtime_Error_Module__diagsEnabled__C                   
00011e18  xdc_runtime_Error_Module__diagsIncluded__C                  
00011e1c  xdc_runtime_Error_Module__diagsMask__C                      
00011e20  xdc_runtime_Error_Module__loggerFxn8__C                     
00011e24  xdc_runtime_Error_Module__loggerObj__C                      
00011e28  xdc_runtime_Error_policyFxn__C                              
00011e2c  xdc_runtime_Error_raiseHook__C                              
00011e30  xdc_runtime_IGateProvider_Interface__BASE__C                
00011e34  xdc_runtime_IHeap_Interface__BASE__C                        
00011e38  xdc_runtime_IModule_Interface__BASE__C                      
00011e3c  xdc_runtime_Log_L_error__C                                  
00011e40  xdc_runtime_Memory_defaultHeapInstance__C                   
00011e44  xdc_runtime_Startup_execImpl__C                             
00011e48  xdc_runtime_Startup_maxPasses__C                            
00011e4c  xdc_runtime_Startup_sfxnRts__C                              
00011e50  xdc_runtime_Startup_sfxnTab__C                              
00011e54  xdc_runtime_SysMin_bufSize__C                               
00011e58  xdc_runtime_SysMin_outputFunc__C                            
00011e5c  xdc_runtime_System_Module__gateObj__C                       
00011e60  xdc_runtime_System_abortFxn__C                              
00011e64  xdc_runtime_System_exitFxn__C                               
00011e68  xdc_runtime_System_extendFxn__C                             
00011e6c  xdc_runtime_System_maxAtexitHandlers__C                     
00011e70  xdc_runtime_Text_charTab__C                                 
00011e74  xdc_runtime_Text_nameEmpty__C                               
00011e78  xdc_runtime_Text_nameStatic__C                              
00011e7c  xdc_runtime_Text_nameUnknown__C                             
00011e80  xdc_runtime_Text_nodeTab__C                                 
00011e84  xdc_runtime_Text_visitRopeFxn__C                            
00011e88  ti_sysbios_hal_Hwi_Module__id__C                            
00011e8a  ti_sysbios_heaps_HeapMem_Module__id__C                      
00011e8c  ti_sysbios_knl_Clock_Module__id__C                          
00011e8e  ti_sysbios_knl_Mailbox_Module__id__C                        
00011e90  ti_sysbios_knl_Semaphore_Module__id__C                      
00011e92  ti_sysbios_knl_Task_Module__id__C                           
00011e94  xdc_runtime_Core_Module__id__C                              
00011e96  xdc_runtime_Error_Module__loggerDefined__C                  
00011e98  xdc_runtime_Error_maxDepth__C                               
00011e9a  xdc_runtime_Memory_Module__id__C                            
00011e9c  xdc_runtime_SysMin_flushAtExit__C                           
00011e9e  xdc_runtime_Text_charCnt__C                                 
00011ea0  xdc_runtime_Text_isLoaded__C                                
00011ea2  xdc_runtime_Text_registryModsLastId__C                      
00011ea4  xdc_runtime_Text_unnamedModsLastId__C                       
00011ea8  __TI_static_base__                                          
0001211c  __TI_Handler_Table_Base                                     
00012128  __TI_Handler_Table_Limit                                    
00012138  __TI_CINIT_Base                                             
00012150  __TI_CINIT_Limit                                            
20000000  ti_sysbios_family_arm_m3_Hwi_ramVectors                     
20000140  TSK_STK_draw_screen                                         
20000910  TSK_STK_pet_game                                            
200014e0  ti_sysbios_heaps_HeapMem_Instance_State_0_buf__A            
200018e0  TSK_STK_read_sensors                                        
20001cc8  ti_sysbios_knl_Task_Instance_State_0_stack__A               
20001ec8  xdc_runtime_SysMin_Module_State_0_outbuf__A                 
200020c8  ti_sysbios_family_arm_m3_Hwi_dispatchTable                  
20002208  __CIOBUF_                                                   
20002328  MBX_STR_pet                                                 
20002394  MBX_STR_sensors                                             
20002400  mbx_disp_buff                                               
20002468  mbx_sensor_buff                                             
200024fc  SEMSTRUCT_update_LCD                                        
20002518  g_sContext                                                  
2000255c  pet_bulb                                                    
20002570  a                                                           
2000257c  adcMSP432Objects                                            
20002584  parmbuf                                                     
2000258c  pflags                                                      
20002591  Lcd_FlagRead                                                
20002592  Lcd_ScreenHeigth                                            
20002594  CLK_HDL_disp_timer                                          
20002598  CLK_HDL_game_timer                                          
2000259c  MBX_HDL_pet                                                 
200025a0  MBX_HDL_sensors                                             
200025a4  SEMHDL_update_LCD                                           
200025a8  TSK_HDL_draw_screen                                         
200025ac  TSK_HDL_pet_game                                            
200025b0  TSK_HDL_read_sensors                                        
200025b4  game_counter                                                
200025b8  Lcd_ScreenWidth                                             
200025ba  Lcd_TouchTrim                                               
200025bc  js_                                                         
200025be  Lcd_FontSolid                                               
200025bf  Lcd_Orientation                                             
200025c0  Lcd_PenSolid                                                
200025c8  PowerMSP432_perfLevels                                      
20002664  ti_sysbios_knl_Swi_Module_State_0_readyQ__A                 
200026e4  ti_sysbios_knl_Task_Module_State_0_readyQ__A                
20002764  ti_sysbios_family_arm_msp432_Timer_Object__table__V         
200027b4  ti_sysbios_knl_Task_Object__table__V                        
20002804  ti_sysbios_gates_GateMutex_Object__table__V                 
2000284c  ti_sysbios_knl_Task_Module__state__V                        
20002890  ti_sysbios_family_arm_m3_Hwi_Module__state__V               
200028c4  ti_sysbios_knl_Swi_Object__table__V                         
20002928  ti_sysbios_knl_Clock_Module__state__V                       
20002954  PowerMSP432_module                                          
2000297c  ti_sysbios_BIOS_Module__state__V                            
200029a0  ti_sysbios_family_arm_msp432_Timer_Module_State_0_device__A 
200029c0  ti_sysbios_family_arm_m3_Hwi_Object__table__V               
200029dc  ti_sysbios_heaps_HeapMem_Object__table__V                   
200029f8  ti_sysbios_knl_Swi_Module__state__V                         
20002a14  gpioPinConfigs                                              
20002a2c  bulb_inverse                                                
20002a3c  g_sCrystalfontz128x128                                      
20002a4c  good_bulb                                                   
20002a5c  gpioCallbackFunctions                                       
20002a6c  ti_sysbios_family_arm_msp432_Timer_Module_State_0_handles__A
20002a7c  ti_sysbios_family_arm_msp432_ClockFreqs_Module__state__V    
20002a88  ti_sysbios_family_arm_msp432_Timer_Module__state__V         
20002a94  xdc_runtime_SysMin_Module__state__V                         
20002aa0  _lock                                                       
20002aa4  _unlock                                                     
20002ab8  ti_sysbios_family_arm_m3_Hwi_Module__root__V                
20002ac0  ti_sysbios_gates_GateHwi_Module__root__V                    
20002ac8  ti_sysbios_gates_GateHwi_Object__table__V                   
20002ad0  ti_sysbios_gates_GateMutex_Module__root__V                  
20002ad8  ti_sysbios_heaps_HeapMem_Module__root__V                    
20002ae0  ti_sysbios_knl_Clock_Module__root__V                        
20002ae8  ti_sysbios_knl_Mailbox_Module__root__V                      
20002af0  ti_sysbios_knl_Queue_Module__root__V                        
20002af8  ti_sysbios_knl_Semaphore_Module__root__V                    
20002b00  ti_sysbios_knl_Task_Module__root__V                         
20002b08  xdc_runtime_Registry_Module__state__V                       
20002b10  xdc_runtime_Startup_Module__state__V                        
20002b18  xdc_runtime_System_Module_State_0_atexitHandlers__A         
20002b20  xdc_runtime_System_Module__state__V                         
20002b2c  errno                                                       
20002b30  main_func_sp                                                
20002b34  ti_sysbios_family_arm_m3_Hwi_Module_State_0_excContext__A   
20002b38  ti_sysbios_family_arm_m3_Hwi_Module_State_0_excStack__A     
20002b3c  ti_sysbios_knl_Task_Module_State_0_idleTask__A              
20002b40  xdc_runtime_Memory_Module__state__V                         
20002b44  ti_sysbios_family_arm_m3_Hwi_Module_State_0_excActive__A    
20002b46  xdc_runtime_Error_Module__state__V                          
2000f830  __stack                                                     
20010000  __STACK_END                                                 
4000480c  WDTCTL_SYM                                                  
e000e000  ti_sysbios_family_arm_m3_Hwi_nvic                           
ffffffff  __TI_pprof_out_hndl                                         
ffffffff  __TI_prof_data_size                                         
ffffffff  __TI_prof_data_start                                        
ffffffff  __binit__                                                   
ffffffff  __c_args__                                                  
ffffffff  binit                                                       
UNDEFED   SHT$$INIT_ARRAY$$Base                                       
UNDEFED   SHT$$INIT_ARRAY$$Limit                                      

[798 symbols]
