******************************************************************************
                  TI ARM Linker PC v18.1.3                     
******************************************************************************
>> Linked Thu Oct 25 10:41:11 2018

OUTPUT FILE NAME:   <buzzer_test.out>
ENTRY POINT SYMBOL: "_c_int00_noargs"  address: 000005e9


MEMORY CONFIGURATION

         name            origin    length      used     unused   attr    fill
----------------------  --------  ---------  --------  --------  ----  --------
  MAIN                  00000000   00040000  000006bc  0003f944  R  X
  INFO                  00200000   00004000  00000000  00004000  R  X
  SRAM_CODE             01000000   00010000  00000224  0000fddc  RW X
  SRAM_DATA             20000000   00010000  00000224  0000fddc  RW  


SEGMENT ALLOCATION MAP

run origin  load origin   length   init length attrs members
----------  ----------- ---------- ----------- ----- -------
00000000    00000000    000006c0   000006c0    r-x
  00000000    00000000    000000e4   000000e4    r-- .intvecs
  000000e4    000000e4    000005a8   000005a8    r-x .text
  0000068c    0000068c    00000018   00000018    r-- .const
  000006a8    000006a8    00000018   00000018    r-- .cinit
20000000    20000000    00000024   00000000    rw-
  20000000    20000000    00000024   00000000    rw- .data
2000fe00    2000fe00    00000200   00000000    rw-
  2000fe00    2000fe00    00000200   00000000    rw- .stack


SECTION ALLOCATION MAP

 output                                  attributes/
section   page    origin      length       input sections
--------  ----  ----------  ----------   ----------------
.intvecs   0    00000000    000000e4     
                  00000000    000000e4     startup_msp432p401r_ccs.obj (.intvecs:retain)

.text      0    000000e4    000005a8     
                  000000e4    00000144     msp432p4xx_driverlib.lib : timer_a.o (.text:privateTimer_AProcessClockSourceDivider)
                  00000228    000000d0     buzzer_driver.obj (.text:init_buzzer)
                  000002f8    0000009c     rtsv7M4_T_le_v4SPD16_eabi.lib : memcpy_t2.asm.obj (.text)
                  00000394    00000074     msp432p4xx_driverlib.lib : timer_a.o (.text:Timer_A_generatePWM)
                  00000408    0000006c     main.obj (.text:main)
                  00000474    00000068     system_msp432p401r.obj (.text:SystemInit)
                  000004dc    00000068     rtsv7M4_T_le_v4SPD16_eabi.lib : copy_decompress_lzss.c.obj (.text:decompress:lzss:__TI_decompress_lzss)
                  00000544    00000060     driverlib_aux.obj (.text:PMAP_configurePort)
                  000005a4    00000044     rtsv7M4_T_le_v4SPD16_eabi.lib : autoinit.c.obj (.text:__TI_auto_init_nobinit_nopinit:__TI_auto_init_nobinit_nopinit)
                  000005e8    00000038                                   : boot_cortex_m.c.obj (.text:_c_int00_noargs:_c_int00_noargs)
                  00000620    0000001c     buzzer_driver.obj (.text:set_duty_cycle_pct_buzzer)
                  0000063c    0000001c     buzzer_driver.obj (.text:set_intensity_buzzer)
                  00000658    00000010     buzzer_driver.obj (.text:start_buzzer)
                  00000668    0000000e     rtsv7M4_T_le_v4SPD16_eabi.lib : copy_decompress_none.c.obj (.text:decompress:none:__TI_decompress_none)
                  00000676    0000000c     startup_msp432p401r_ccs.obj (.text:Reset_Handler)
                  00000682    00000004     rtsv7M4_T_le_v4SPD16_eabi.lib : pre_init.c.obj (.text:_system_pre_init)
                  00000686    00000004                                   : exit.c.obj (.text:abort:abort)
                  0000068a    00000002     startup_msp432p401r_ccs.obj (.text:Default_Handler)

.const     0    0000068c    00000018     
                  0000068c    00000018     main.obj (.const:upConfig)

.cinit     0    000006a8    00000018     
                  000006a8    00000008     (.cinit..data.load) [load image, compression = lzss]
                  000006b0    00000008     (__TI_handler_table)
                  000006b8    00000008     (__TI_cinit_table)

.init_array 
*          0    00000000    00000000     UNINITIALIZED

.binit     0    00000000    00000000     

.data      0    20000000    00000024     UNINITIALIZED
                  20000000    00000024     buzzer_driver.obj (.data:$O1$$)

.stack     0    2000fe00    00000200     UNINITIALIZED
                  2000fe00    00000004     rtsv7M4_T_le_v4SPD16_eabi.lib : boot_cortex_m.c.obj (.stack)
                  2000fe04    000001fc     --HOLE--

MODULE SUMMARY

       Module                        code   ro data   rw data
       ------                        ----   -------   -------
    .\
       buzzer_driver.obj             280    0         72     
       main.obj                      108    24        0      
       system_msp432p401r.obj        104    0         0      
       driverlib_aux.obj             96     0         0      
    +--+-----------------------------+------+---------+---------+
       Total:                        588    24        72     
                                                             
    .\ccs\
       startup_msp432p401r_ccs.obj   14     228       0      
    +--+-----------------------------+------+---------+---------+
       Total:                        14     228       0      
                                                             
    C:/ti/simplelink_msp432p4_sdk_2_20_00_12/source/ti/devices/msp432p4xx/driverlib/ccs/msp432p4xx_driverlib.lib
       timer_a.o                     440    0         0      
    +--+-----------------------------+------+---------+---------+
       Total:                        440    0         0      
                                                             
    C:\ti\ccsv8\tools\compiler\ti-cgt-arm_18.1.3.LTS\lib\rtsv7M4_T_le_v4SPD16_eabi.lib
       memcpy_t2.asm.obj             156    0         0      
       copy_decompress_lzss.c.obj    104    0         0      
       autoinit.c.obj                68     0         0      
       boot_cortex_m.c.obj           56     0         0      
       copy_decompress_none.c.obj    14     0         0      
       exit.c.obj                    4      0         0      
       pre_init.c.obj                4      0         0      
    +--+-----------------------------+------+---------+---------+
       Total:                        406    0         0      
                                                             
       Stack:                        0      0         1024   
       Linker Generated:             0      24        0      
    +--+-----------------------------+------+---------+---------+
       Grand Total:                  1448   276       1096   


LINKER GENERATED COPY TABLES

__TI_cinit_table @ 000006b8 records: 1, size/record: 8, table size: 8
	.data: load addr=000006a8, load size=00000008 bytes, run addr=20000000, run size=00000024 bytes, compression=lzss


LINKER GENERATED HANDLER TABLE

__TI_handler_table @ 000006b0 records: 2, size/record: 4, table size: 8
	index: 0, handler: __TI_decompress_lzss
	index: 1, handler: __TI_decompress_none


GLOBAL SYMBOLS: SORTED ALPHABETICALLY BY Name 

address   name                          
-------   ----                          
0000068b  ADC14_IRQHandler              
0000068b  AES256_IRQHandler             
0000068b  BusFault_Handler              
00000687  C$$EXIT                       
0000068b  COMP_E0_IRQHandler            
0000068b  COMP_E1_IRQHandler            
0000068b  CS_IRQHandler                 
0000068b  DMA_ERR_IRQHandler            
0000068b  DMA_INT0_IRQHandler           
0000068b  DMA_INT1_IRQHandler           
0000068b  DMA_INT2_IRQHandler           
0000068b  DMA_INT3_IRQHandler           
0000068b  DebugMon_Handler              
0000068b  Default_Handler               
0000068b  EUSCIA0_IRQHandler            
0000068b  EUSCIA1_IRQHandler            
0000068b  EUSCIA2_IRQHandler            
0000068b  EUSCIA3_IRQHandler            
0000068b  EUSCIB0_IRQHandler            
0000068b  EUSCIB1_IRQHandler            
0000068b  EUSCIB2_IRQHandler            
0000068b  EUSCIB3_IRQHandler            
0000068b  FLCTL_IRQHandler              
0000068b  FPU_IRQHandler                
0000068b  HardFault_Handler             
0000068b  MemManage_Handler             
0000068b  NMI_Handler                   
0000068b  PCM_IRQHandler                
00000545  PMAP_configurePort            
0000068b  PORT1_IRQHandler              
0000068b  PORT2_IRQHandler              
0000068b  PORT3_IRQHandler              
0000068b  PORT4_IRQHandler              
0000068b  PORT5_IRQHandler              
0000068b  PORT6_IRQHandler              
0000068b  PSS_IRQHandler                
0000068b  PendSV_Handler                
0000068b  RTC_C_IRQHandler              
00000677  Reset_Handler                 
0000068b  SVC_Handler                   
0000068b  SysTick_Handler               
00000475  SystemInit                    
0000068b  T32_INT1_IRQHandler           
0000068b  T32_INT2_IRQHandler           
0000068b  T32_INTC_IRQHandler           
0000068b  TA0_0_IRQHandler              
0000068b  TA0_N_IRQHandler              
0000068b  TA1_0_IRQHandler              
0000068b  TA1_N_IRQHandler              
0000068b  TA2_0_IRQHandler              
0000068b  TA2_N_IRQHandler              
0000068b  TA3_0_IRQHandler              
0000068b  TA3_N_IRQHandler              
00000395  Timer_A_generatePWM           
0000068b  UsageFault_Handler            
4000480c  WDTCTL_SYM                    
0000068b  WDT_A_IRQHandler              
20010000  __STACK_END                   
00000200  __STACK_SIZE                  
000006b8  __TI_CINIT_Base               
000006c0  __TI_CINIT_Limit              
000006b0  __TI_Handler_Table_Base       
000006b8  __TI_Handler_Table_Limit      
000005a5  __TI_auto_init_nobinit_nopinit
000004dd  __TI_decompress_lzss          
00000669  __TI_decompress_none          
ffffffff  __TI_pprof_out_hndl           
ffffffff  __TI_prof_data_size           
ffffffff  __TI_prof_data_start          
00000000  __TI_static_base__            
000002f9  __aeabi_memcpy                
000002f9  __aeabi_memcpy4               
000002f9  __aeabi_memcpy8               
ffffffff  __binit__                     
ffffffff  __c_args__                    
UNDEFED   __mpu_init                    
2000fe00  __stack                       
20000008  _buzzer_driver_               
000005e9  _c_int00_noargs               
UNDEFED   _system_post_cinit            
00000683  _system_pre_init              
00000687  abort                         
ffffffff  binit                         
00000229  init_buzzer                   
00000000  interruptVectors              
00000409  main                          
000002f9  memcpy                        
20000000  port2_mapping_buzzer          
00000621  set_duty_cycle_pct_buzzer     
0000063d  set_intensity_buzzer          
00000659  start_buzzer                  
0000068c  upConfig                      


GLOBAL SYMBOLS: SORTED BY Symbol Address 

address   name                          
-------   ----                          
00000000  __TI_static_base__            
00000000  interruptVectors              
00000200  __STACK_SIZE                  
00000229  init_buzzer                   
000002f9  __aeabi_memcpy                
000002f9  __aeabi_memcpy4               
000002f9  __aeabi_memcpy8               
000002f9  memcpy                        
00000395  Timer_A_generatePWM           
00000409  main                          
00000475  SystemInit                    
000004dd  __TI_decompress_lzss          
00000545  PMAP_configurePort            
000005a5  __TI_auto_init_nobinit_nopinit
000005e9  _c_int00_noargs               
00000621  set_duty_cycle_pct_buzzer     
0000063d  set_intensity_buzzer          
00000659  start_buzzer                  
00000669  __TI_decompress_none          
00000677  Reset_Handler                 
00000683  _system_pre_init              
00000687  C$$EXIT                       
00000687  abort                         
0000068b  ADC14_IRQHandler              
0000068b  AES256_IRQHandler             
0000068b  BusFault_Handler              
0000068b  COMP_E0_IRQHandler            
0000068b  COMP_E1_IRQHandler            
0000068b  CS_IRQHandler                 
0000068b  DMA_ERR_IRQHandler            
0000068b  DMA_INT0_IRQHandler           
0000068b  DMA_INT1_IRQHandler           
0000068b  DMA_INT2_IRQHandler           
0000068b  DMA_INT3_IRQHandler           
0000068b  DebugMon_Handler              
0000068b  Default_Handler               
0000068b  EUSCIA0_IRQHandler            
0000068b  EUSCIA1_IRQHandler            
0000068b  EUSCIA2_IRQHandler            
0000068b  EUSCIA3_IRQHandler            
0000068b  EUSCIB0_IRQHandler            
0000068b  EUSCIB1_IRQHandler            
0000068b  EUSCIB2_IRQHandler            
0000068b  EUSCIB3_IRQHandler            
0000068b  FLCTL_IRQHandler              
0000068b  FPU_IRQHandler                
0000068b  HardFault_Handler             
0000068b  MemManage_Handler             
0000068b  NMI_Handler                   
0000068b  PCM_IRQHandler                
0000068b  PORT1_IRQHandler              
0000068b  PORT2_IRQHandler              
0000068b  PORT3_IRQHandler              
0000068b  PORT4_IRQHandler              
0000068b  PORT5_IRQHandler              
0000068b  PORT6_IRQHandler              
0000068b  PSS_IRQHandler                
0000068b  PendSV_Handler                
0000068b  RTC_C_IRQHandler              
0000068b  SVC_Handler                   
0000068b  SysTick_Handler               
0000068b  T32_INT1_IRQHandler           
0000068b  T32_INT2_IRQHandler           
0000068b  T32_INTC_IRQHandler           
0000068b  TA0_0_IRQHandler              
0000068b  TA0_N_IRQHandler              
0000068b  TA1_0_IRQHandler              
0000068b  TA1_N_IRQHandler              
0000068b  TA2_0_IRQHandler              
0000068b  TA2_N_IRQHandler              
0000068b  TA3_0_IRQHandler              
0000068b  TA3_N_IRQHandler              
0000068b  UsageFault_Handler            
0000068b  WDT_A_IRQHandler              
0000068c  upConfig                      
000006b0  __TI_Handler_Table_Base       
000006b8  __TI_CINIT_Base               
000006b8  __TI_Handler_Table_Limit      
000006c0  __TI_CINIT_Limit              
20000000  port2_mapping_buzzer          
20000008  _buzzer_driver_               
2000fe00  __stack                       
20010000  __STACK_END                   
4000480c  WDTCTL_SYM                    
ffffffff  __TI_pprof_out_hndl           
ffffffff  __TI_prof_data_size           
ffffffff  __TI_prof_data_start          
ffffffff  __binit__                     
ffffffff  __c_args__                    
ffffffff  binit                         
UNDEFED   __mpu_init                    
UNDEFED   _system_post_cinit            

[92 symbols]
