******************************************************************************
                  TI ARM Linker Unix v18.1.3                   
******************************************************************************
>> Linked Tue Dec 11 14:00:10 2018

OUTPUT FILE NAME:   <empty_MSP432_TIRTOS_wGRLIB.out>
ENTRY POINT SYMBOL: "_c_int00"  address: 00002d99


MEMORY CONFIGURATION

         name            origin    length      used     unused   attr    fill
----------------------  --------  ---------  --------  --------  ----  --------
  RAM                   00000020   ffffffe0  00000140  fffffea0  RWIX


SEGMENT ALLOCATION MAP

run origin  load origin   length   init length attrs members
----------  ----------- ---------- ----------- ----- -------
00000000    00000000    00005f62   00005f62    r-x
  00000000    00000000    0000003c   0000003c    r-- .resetVecs
  00000040    00000040    00004292   00004292    r-x .text
  000042d4    000042d4    00001c8e   00001c8e    r-- .const
00005f68    00005f68    00000fd8   00000000    rw-
  00005f68    00005f68    000005c8   00000000    rw- .bss:.common
  00006530    00006530    000003f0   00000000    rw- .data
  00006920    00006920    00000320   00000000    rw- .bss
  00006c40    00006c40    00000300   00000000    rw- .stack
00006f40    00006f40    00000120   00000120    r--
  00006f40    00006f40    00000120   00000120    r-- .cinit
20000000    20000000    00000140   00000000    rw-
  20000000    20000000    00000140   00000000    rw- .vecs


SECTION ALLOCATION MAP

 output                                  attributes/
section   page    origin      length       input sections
--------  ----  ----------  ----------   ----------------
.bootVecs 
*          0    00000000    00000008     DSECT
                  00000000    00000008     boot.aem4f : boot.oem4f (.bootVecs)

.resetVecs 
*          0    00000000    0000003c     
                  00000000    0000003c     empty_pem4f.oem4f (.resetVecs)

.vecs      0    20000000    00000140     UNINITIALIZED
                  20000000    00000140     empty_pem4f.oem4f (.vecs)

xdc.meta   0    00000000    00000116     COPY SECTION
                  00000000    00000116     empty_pem4f.oem4f (xdc.meta)

.text      0    00000040    00004292     
                  00000040    00000430     sysbios.aem4f : BIOS.obj (.text:ti_sysbios_family_arm_m3_Hwi_excDumpRegs__I)
                  00000470    0000034c     ti.targets.arm.rtsarm.aem4f : System.oem4f (.text:xdc_runtime_System_doPrint__I)
                  000007bc    00000004     rtsv7M4_T_le_v4SPD16_eabi.lib : exit.c.obj (.text:abort:abort)
                  000007c0    000002b8     sysbios.aem4f : BIOS.obj (.text:ti_sysbios_knl_Semaphore_pend__E)
                  00000a78    0000026c                   : BIOS.obj (.text:ti_sysbios_heaps_HeapMem_free__E)
                  00000ce4    00000004     empty_pem4f.oem4f (.text:ti_sysbios_BIOS_RtsGateProxy_enter__E)
                  00000ce8    00000250     sysbios.aem4f : BIOS.obj (.text:ti_sysbios_heaps_HeapMem_alloc__E)
                  00000f38    000001fc                   : BIOS.obj (.text:ti_sysbios_family_arm_m3_Hwi_excHandlerMax__I)
                  00001134    00000004     empty_pem4f.oem4f (.text:ti_sysbios_BIOS_RtsGateProxy_leave__E)
                  00001138    00000174     sysbios.aem4f : BIOS.obj (.text:ti_sysbios_family_arm_m3_Hwi_excBusFault__I)
                  000012ac    00000004     empty_pem4f.oem4f (.text:ti_sysbios_family_arm_m3_TaskSupport_Module__startupDone__S)
                  000012b0    00000164     sysbios.aem4f : BIOS.obj (.text:ti_sysbios_family_arm_m3_Hwi_excUsageFault__I)
                  00001414    00000004     empty_pem4f.oem4f (.text:ti_sysbios_heaps_HeapMem_Module_GateProxy_enter__E)
                  00001418    00000148     sysbios.aem4f : BIOS.obj (.text:ti_sysbios_family_arm_m3_Hwi_excMemFault__I)
                  00001560    0000013c                   : BIOS.obj (.text:ti_sysbios_heaps_HeapMem_Instance_init__E)
                  0000169c    00000118     ti.targets.arm.rtsarm.aem4f : Error.oem4f (.text:xdc_runtime_Error_policyDefault__E)
                  000017b4    00000100                                 : Core-mem.oem4f (.text:xdc_runtime_Core_createObject__I)
                  000018b4    000000f8                                 : Startup.oem4f (.text:xdc_runtime_Startup_startMods__I)
                  000019ac    000000f8     empty_pem4f.oem4f (.text:xdc_runtime_System_printfExtend__I)
                  00001aa4    000000ec     sysbios.aem4f : m3_Hwi_asm.obj (.text:ti_sysbios_family_arm_m3_Hwi_dispatch__I)
                  00001b90    000000ec                   : BIOS.obj (.text:ti_sysbios_knl_Semaphore_post__E)
                  00001c7c    000000cc     ti.targets.arm.rtsarm.aem4f : Core-smem.oem4f (.text:xdc_runtime_Core_constructObject__I)
                  00001d48    000000bc     sysbios.aem4f : BIOS.obj (.text:ti_sysbios_family_arm_m3_Hwi_excDebugMon__I)
                  00001e04    00000004     empty_pem4f.oem4f (.text:ti_sysbios_heaps_HeapMem_Module_GateProxy_leave__E)
                  00001e08    000000bc     sysbios.aem4f : BIOS.obj (.text:ti_sysbios_family_arm_m3_Hwi_excHardFault__I)
                  00001ec4    00000004     empty_pem4f.oem4f (.text:ti_sysbios_knl_Clock_TimerProxy_getMaxTicks__E)
                  00001ec8    000000b4     sysbios.aem4f : BIOS.obj (.text:ti_sysbios_gates_GateMutex_enter__E)
                  00001f7c    00000004     empty_pem4f.oem4f (.text:ti_sysbios_knl_Queue_destruct)
                  00001f80    000000b4     sysbios.aem4f : BIOS.obj (.text:ti_sysbios_knl_Task_checkStacks__E)
                  00002034    00000004     empty_pem4f.oem4f (.text:ti_sysbios_knl_Semaphore_destruct)
                  00002038    000000a8     sysbios.aem4f : BIOS.obj (.text:ti_sysbios_family_arm_msp432_Timer_periodicStub__E)
                  000020e0    000000a0     auto_init.aem4f : auto_init.oem4f (.text)
                  00002180    000000a0     ti.targets.arm.rtsarm.aem4f : Text.oem4f (.text:xdc_runtime_Text_putMod__E)
                  00002220    0000009c     rtsv7M4_T_le_v4SPD16_eabi.lib : memcpy_t2.asm.obj (.text)
                  000022bc    00000004     ti.targets.arm.rtsarm.aem4f : Error.oem4f (.text:xdc_runtime_Error_getSite__E)
                  000022c0    0000009c     sysbios.aem4f : BIOS.obj (.text:ti_sysbios_knl_Semaphore_Instance_init__E)
                  0000235c    0000009a     ti.targets.arm.rtsarm.aem4f : Text.oem4f (.text:xdc_runtime_Text_putSite__E)
                  000023f6    00000002     rtsv7M4_T_le_v4SPD16_eabi.lib : _lock.c.obj (.text:_nop)
                  000023f8    00000094     sysbios.aem4f : BIOS.obj (.text:ti_sysbios_family_arm_m3_Hwi_initNVIC__E)
                  0000248c    00000004     empty_pem4f.oem4f (.text:xdc_runtime_System_Module_GateProxy_enter__E)
                  00002490    00000094     sysbios.aem4f : BIOS.obj (.text:ti_sysbios_knl_Task_postInit__I)
                  00002524    0000008c                   : m3_TaskSupport_asm.obj (.text:ti_sysbios_family_arm_m3_TaskSupport_buildTaskStack)
                  000025b0    00000088                   : BIOS.obj (.text:ti_sysbios_family_arm_msp432_Timer_Module_startup__E)
                  00002638    00000084                   : BIOS.obj (.text:ti_sysbios_family_arm_m3_Hwi_postInit__I)
                  000026bc    0000007a     rtsv7M4_T_le_v4SPD16_eabi.lib : memset_t2.asm.obj (.text)
                  00002736    00000002                                   : div0.asm.obj (.text)
                  00002738    00000070     sysbios.aem4f : BIOS.obj (.text:ti_sysbios_knl_Clock_workFunc__E)
                  000027a8    00000070                   : BIOS.obj (.text:ti_sysbios_knl_Task_exit__E)
                  00002818    0000006d     ti.targets.arm.rtsarm.aem4f : System.oem4f (.text:xdc_runtime_System_formatNum__I)
                  00002885    00000001     --HOLE-- [fill = 0]
                  00002886    00000002     empty_pem4f.oem4f (.text:ti_sysbios_BIOS_nullFunc__I)
                  00002888    0000006c     sysbios.aem4f : BIOS.obj (.text:ti_sysbios_knl_Swi_restoreHwi__E)
                  000028f4    0000006c     ti.targets.arm.rtsarm.aem4f : Error.oem4f (.text:xdc_runtime_Error_print__E)
                  00002960    0000006c                                 : Memory.oem4f (.text:xdc_runtime_Memory_alloc__E)
                  000029cc    00000068     rtsv7M4_T_le_v4SPD16_eabi.lib : copy_decompress_lzss.c.obj (.text:decompress:lzss:__TI_decompress_lzss)
                  00002a34    00000066     ti.targets.arm.rtsarm.aem4f : Core-mem.oem4f (.text:xdc_runtime_Core_deleteObject__I)
                  00002a9a    00000006                                 : System.oem4f (.text:xdc_runtime_System_Module_startup__E)
                  00002aa0    00000064     sysbios.aem4f : BIOS.obj (.text:ti_sysbios_family_arm_m3_Hwi_dispatchC__I)
                  00002b04    00000004     empty_pem4f.oem4f (.text:xdc_runtime_System_Module_GateProxy_leave__E)
                  00002b08    00000060     sysbios.aem4f : BIOS.obj (.text:ti_sysbios_knl_Task_schedule__I)
                  00002b68    0000005c                   : BIOS.obj (.text:ti_sysbios_knl_Swi_run__I)
                  00002bc4    00000004     ti.targets.arm.rtsarm.aem4f : System.oem4f (.text:xdc_runtime_System_aprintf_va__F)
                  00002bc8    0000005c     sysbios.aem4f : BIOS.obj (.text:ti_sysbios_knl_Swi_schedule__I)
                  00002c24    00000004     ti.targets.arm.rtsarm.aem4f : System.oem4f (.text:xdc_runtime_System_printf_va__F)
                  00002c28    0000005c     sysbios.aem4f : BIOS.obj (.text:ti_sysbios_knl_Task_Module_startup__E)
                  00002c84    00000004     --HOLE-- [fill = 0]
                  00002c88    0000005c                   : BIOS.obj (.text:ti_sysbios_knl_Task_startCore__E)
                  00002ce4    0000005b     ti.targets.arm.rtsarm.aem4f : Text.oem4f (.text:xdc_runtime_Text_putLab__E)
                  00002d3f    00000001     --HOLE-- [fill = 0]
                  00002d40    00000058     rtsv7M4_T_le_v4SPD16_eabi.lib : hostwrite.c.obj (.text:HOSTwrite)
                  00002d98    00000058     boot.aem4f : boot.oem4f (.text)
                  00002df0    00000058     sysbios.aem4f : m3_Hwi_asm_switch.obj (.text:ti_sysbios_family_arm_m3_Hwi_initStacks__E)
                  00002e48    00000054                   : BIOS.obj (.text:ti_sysbios_family_arm_msp432_Timer_initDevice__I)
                  00002e9c    00000004     --HOLE-- [fill = 0]
                  00002ea0    00000054                   : BIOS.obj (.text:ti_sysbios_family_arm_msp432_init_Boot_configureClocksHigh)
                  00002ef4    00000054     ti.targets.arm.rtsarm.aem4f : Assert.oem4f (.text:xdc_runtime_Assert_raise__I)
                  00002f48    00000050     sysbios.aem4f : BIOS.obj (.text:ti_sysbios_family_arm_m3_Hwi_Module_startup__E)
                  00002f98    00000050     ti.targets.arm.rtsarm.aem4f : Startup.oem4f (.text:xdc_runtime_Startup_exec__E)
                  00002fe8    00000050                                 : Text.oem4f (.text:xdc_runtime_Text_visitRope2__I)
                  00003038    0000004c     rtsv7M4_T_le_v4SPD16_eabi.lib : cpy_tbl.c.obj (.text:copy_in)
                  00003084    00000004     --HOLE-- [fill = 0]
                  00003088    0000004c     sysbios.aem4f : BIOS.obj (.text:ti_sysbios_family_arm_msp432_Timer_start__E)
                  000030d4    00000004     --HOLE-- [fill = 0]
                  000030d8    0000004c                   : BIOS.obj (.text:ti_sysbios_heaps_HeapMem_getStats__E)
                  00003124    00000004     --HOLE-- [fill = 0]
                  00003128    0000004c                   : BIOS.obj (.text:ti_sysbios_knl_Swi_runLoop__I)
                  00003174    00000004     --HOLE-- [fill = 0]
                  00003178    0000004c                   : BIOS.obj (.text:ti_sysbios_knl_Task_allBlockedFunction__I)
                  000031c4    00000004     --HOLE-- [fill = 0]
                  000031c8    00000048                   : BIOS.obj (.text:ti_sysbios_family_arm_m3_Hwi_enableInterrupt__E)
                  00003210    00000048                   : BIOS.obj (.text:ti_sysbios_family_arm_m3_Hwi_excReserved__I)
                  00003258    00000046     ti.targets.arm.rtsarm.aem4f : Core-params.oem4f (.text:xdc_runtime_Core_assignParams__I)
                  0000329e    00000002     --HOLE-- [fill = 0]
                  000032a0    00000044     sysbios.aem4f : BIOS.obj (.text:ti_sysbios_family_arm_m3_Hwi_getStackInfo__E)
                  000032e4    00000004     --HOLE-- [fill = 0]
                  000032e8    00000044                   : BIOS.obj (.text:ti_sysbios_knl_Swi_post__E)
                  0000332c    00000044     ti.targets.arm.rtsarm.aem4f : Error.oem4f (.text:xdc_runtime_Error_setX__E)
                  00003370    00000044                                 : SysMin.oem4f (.text:xdc_runtime_SysMin_flush__E)
                  000033b4    00000044                                 : Text.oem4f (.text:xdc_runtime_Text_xprintf__I)
                  000033f8    00000040     rtsv7M4_T_le_v4SPD16_eabi.lib : u_divt2.asm.obj (.text)
                  00003438    00000040     sysbios.aem4f : BIOS.obj (.text:ti_sysbios_family_arm_msp432_Timer_startup__E)
                  00003478    0000003c                   : BIOS.obj (.text:ti_sysbios_family_arm_m3_Hwi_excSvCall__I)
                  000034b4    00000004     --HOLE-- [fill = 0]
                  000034b8    0000003c                   : BIOS.obj (.text:ti_sysbios_heaps_HeapMem_init__I)
                  000034f4    00000004     --HOLE-- [fill = 0]
                  000034f8    0000003c                   : BIOS.obj (.text:ti_sysbios_knl_Swi_restore__E)
                  00003534    00000038     rtsv7M4_T_le_v4SPD16_eabi.lib : trgmsg.c.obj (.text:__TI_writemsg)
                  0000356c    00000004     --HOLE-- [fill = 0]
                  00003570    00000038     sysbios.aem4f : BIOS.obj (.text:ti_sysbios_family_arm_m3_Hwi_excNoIsr__I)
                  000035a8    00000038                   : BIOS.obj (.text:ti_sysbios_knl_Task_processVitalTaskFlag__I)
                  000035e0    00000038     ti.targets.arm.rtsarm.aem4f : SysMin.oem4f (.text:xdc_runtime_SysMin_putch__E)
                  00003618    00000038                                 : System.oem4f (.text:xdc_runtime_System_atexit__E)
                  00003650    00000034     rtsv7M4_T_le_v4SPD16_eabi.lib : trgmsg.c.obj (.text:__TI_readmsg)
                  00003684    00000004     --HOLE-- [fill = 0]
                  00003688    00000034     sysbios.aem4f : BIOS.obj (.text:ti_sysbios_family_arm_m3_Hwi_excNmi__I)
                  000036bc    00000004     --HOLE-- [fill = 0]
                  000036c0    00000034                   : BIOS.obj (.text:ti_sysbios_hal_Hwi_checkStack)
                  000036f4    00000034     ti.targets.arm.rtsarm.aem4f : Core-label.oem4f (.text:xdc_runtime_Core_assignLabel__I)
                  00003728    00000033                                 : Text.oem4f (.text:xdc_runtime_Text_printVisFxn__I)
                  0000375b    00000005     --HOLE-- [fill = 0]
                  00003760    00000032     sysbios.aem4f : BIOS.obj (.text:ti_sysbios_hal_Hwi_initStack)
                  00003792    00000002     --HOLE-- [fill = 0]
                  00003794    00000030     empty_pem4f.oem4f (.text:ti_sysbios_BIOS_atExitFunc__I)
                  000037c4    00000030     empty_pem4f.oem4f (.text:ti_sysbios_BIOS_startFunc__I)
                  000037f4    00000004     --HOLE-- [fill = 0]
                  000037f8    00000030     sysbios.aem4f : BIOS.obj (.text:ti_sysbios_family_arm_m3_TaskSupport_start__E)
                  00003828    00000030     empty_pem4f.oem4f (.text:ti_sysbios_gates_GateHwi_Object__create__S)
                  00003858    00000030     empty_pem4f.oem4f (.text:ti_sysbios_gates_GateMutex_Object__create__S)
                  00003888    00000030     empty_pem4f.oem4f (.text:ti_sysbios_heaps_HeapMem_Object__create__S)
                  000038b8    00000030     empty_pem4f.oem4f (.text:ti_sysbios_knl_Semaphore_construct)
                  000038e8    00000030     sysbios.aem4f : BIOS.obj (.text:ti_sysbios_knl_Semaphore_pendTimeout__I)
                  00003918    00000030                   : BIOS.obj (.text:ti_sysbios_knl_Task_unblockI__E)
                  00003948    00000030     ti.targets.arm.rtsarm.aem4f : SysMin.oem4f (.text:xdc_runtime_SysMin_abort__E)
                  00003978    00000030                                 : System.oem4f (.text:xdc_runtime_System_processAtExit__E)
                  000039a8    0000002c     empty_pem4f.oem4f (.text:ti_sysbios_knl_Clock_doTick__I)
                  000039d4    0000002c     empty_pem4f.oem4f (.text:ti_sysbios_knl_Queue_construct)
                  00003a00    0000002c     sysbios.aem4f : BIOS.obj (.text:ti_sysbios_knl_Task_restore__E)
                  00003a2c    0000002c     ti.targets.arm.rtsarm.aem4f : Text.oem4f (.text:xdc_runtime_Text_cordText__E)
                  00003a58    0000002a                                 : System.oem4f (.text:xdc_runtime_System_putchar__I)
                  00003a82    00000006     --HOLE-- [fill = 0]
                  00003a88    00000028     sysbios.aem4f : BIOS.obj (.text:ti_sysbios_knl_Swi_Module_startup__E)
                  00003ab0    00000026                   : m3_Hwi_asm.obj (.text:ti_sysbios_family_arm_m3_Hwi_pendSV__I)
                  00003ad6    00000026     ti.targets.arm.rtsarm.aem4f : System.oem4f (.text:xdc_runtime_System_avprintf__E)
                  00003afc    00000024     empty_pem4f.oem4f (.text:ti_sysbios_BIOS_errorRaiseHook__I)
                  00003b20    00000024     empty_pem4f.oem4f (.text:ti_sysbios_BIOS_registerRTSLock__I)
                  00003b44    00000024     empty_pem4f.oem4f (.text:ti_sysbios_BIOS_removeRTSLock__I)
                  00003b68    00000024     empty_pem4f.oem4f (.text:ti_sysbios_gates_GateMutex_Object__delete__S)
                  00003b8c    00000004     --HOLE-- [fill = 0]
                  00003b90    00000024     sysbios.aem4f : BIOS.obj (.text:ti_sysbios_knl_Clock_Module_startup__E)
                  00003bb4    00000004     --HOLE-- [fill = 0]
                  00003bb8    00000024                   : BIOS.obj (.text:ti_sysbios_knl_Task_restoreHwi__E)
                  00003bdc    00000024     ti.targets.arm.rtsarm.aem4f : System.oem4f (.text:xdc_runtime_System_vprintf__E)
                  00003c00    00000022     empty_pem4f.oem4f (.text:xdc_runtime_SysMin_output__I)
                  00003c22    00000002     --HOLE-- [fill = 0]
                  00003c24    00000020     empty_pem4f.oem4f (.text:ti_sysbios_BIOS_rtsLock__I)
                  00003c44    00000020     sysbios.aem4f : m3_Hwi_asm.obj (.text:ti_sysbios_family_arm_m3_Hwi_excHandlerAsm__I)
                  00003c64    00000004     --HOLE-- [fill = 0]
                  00003c68    00000020                   : BIOS.obj (.text:ti_sysbios_family_arm_m3_Hwi_excHandler__I)
                  00003c88    00000020     empty_pem4f.oem4f (.text:ti_sysbios_gates_GateHwi_Object__delete__S)
                  00003ca8    00000020     empty_pem4f.oem4f (.text:ti_sysbios_heaps_HeapMem_Object__delete__S)
                  00003cc8    00000020     sysbios.aem4f : BIOS.obj (.text:ti_sysbios_knl_Idle_run__E)
                  00003ce8    00000020     empty_pem4f.oem4f (.text:ti_sysbios_knl_Semaphore_Object__destruct__S)
                  00003d08    00000020     ti.targets.arm.rtsarm.aem4f : Registry.oem4f (.text:xdc_runtime_Registry_findById__E)
                  00003d28    00000020                                 : SysMin.oem4f (.text:xdc_runtime_SysMin_Module_startup__E)
                  00003d48    0000001e     sysbios.aem4f : m3_Hwi_asm_switch.obj (.text:ti_sysbios_family_xxx_Hwi_switchAndRunFunc)
                  00003d66    00000002     --HOLE-- [fill = 0]
                  00003d68    0000001c                   : BIOS.obj (.text:ti_sysbios_gates_GateMutex_Instance_init__E)
                  00003d84    0000001c     empty_pem4f.oem4f (.text:ti_sysbios_knl_Queue_Object__destruct__S)
                  00003da0    0000001c     sysbios.aem4f : BIOS.obj (.text:ti_sysbios_knl_Queue_put__E)
                  00003dbc    00000004     --HOLE-- [fill = 0]
                  00003dc0    0000001c                   : BIOS.obj (.text:ti_sysbios_knl_Task_enter__I)
                  00003ddc    0000001c     ti.targets.arm.rtsarm.aem4f : Error.oem4f (.text:xdc_runtime_Error_raiseX__E)
                  00003df8    0000001c                                 : Memory.oem4f (.text:xdc_runtime_Memory_valloc__E)
                  00003e14    0000001c                                 : SysMin.oem4f (.text:xdc_runtime_SysMin_exit__E)
                  00003e30    0000001c                                 : System.oem4f (.text:xdc_runtime_System_abort__E)
                  00003e4c    0000001a     empty_pem4f.oem4f (.text:ti_sysbios_family_arm_m3_Hwi_Handle__label__S)
                  00003e66    0000001a     empty_pem4f.oem4f (.text:ti_sysbios_gates_GateHwi_Handle__label__S)
                  00003e80    0000001a     empty_pem4f.oem4f (.text:ti_sysbios_gates_GateMutex_Handle__label__S)
                  00003e9a    0000001a     empty_pem4f.oem4f (.text:ti_sysbios_heaps_HeapMem_Handle__label__S)
                  00003eb4    0000001a     empty_pem4f.oem4f (.text:ti_sysbios_knl_Swi_Handle__label__S)
                  00003ece    0000001a     empty_pem4f.oem4f (.text:ti_sysbios_knl_Task_Handle__label__S)
                  00003ee8    0000001a     empty_pem4f.oem4f (.text:xdc_runtime_System_aprintf__E)
                  00003f02    0000001a     empty_pem4f.oem4f (.text:xdc_runtime_System_printf__E)
                  00003f1c    00000018     rtsv7M4_T_le_v4SPD16_eabi.lib : args_main.c.obj (.text:_args_main)
                  00003f34    00000018     empty_pem4f.oem4f (.text:ti_sysbios_BIOS_rtsUnlock__I)
                  00003f4c    00000018     empty_pem4f.oem4f (.text:ti_sysbios_family_arm_m3_Hwi_Module__startupDone__F)
                  00003f64    00000018     sysbios.aem4f : m3_TaskSupport_asm.obj (.text:ti_sysbios_family_arm_m3_TaskSupport_swap__E)
                  00003f7c    00000018     empty_pem4f.oem4f (.text:ti_sysbios_family_arm_msp432_Timer_Module__startupDone__F)
                  00003f94    00000004     --HOLE-- [fill = 0]
                  00003f98    00000018     sysbios.aem4f : BIOS.obj (.text:ti_sysbios_gates_GateMutex_leave__E)
                  00003fb0    00000018     ti.targets.arm.rtsarm.aem4f : Error.oem4f (.text:xdc_runtime_Error_check__E)
                  00003fc8    00000018                                 : System.oem4f (.text:xdc_runtime_System_exit__E)
                  00003fe0    00000018                                 : Text.oem4f (.text:xdc_runtime_Text_ropeText__E)
                  00003ff8    00000016     empty_pem4f.oem4f (.text:ti_sysbios_BIOS_exitFunc__I)
                  0000400e    00000002     --HOLE-- [fill = 0]
                  00004010    00000014     drivers_MSP432P401R.aem4f : PowerMSP432.oem4f (.text:Power_idleFunc)
                  00004024    00000014     rtsv7M4_T_le_v4SPD16_eabi.lib : strlen.c.obj (.text:strlen)
                  00004038    00000014     empty_pem4f.oem4f (.text:ti_sysbios_family_arm_m3_Hwi_Object__get__S)
                  0000404c    00000004     --HOLE-- [fill = 0]
                  00004050    00000014     sysbios.aem4f : BIOS.obj (.text:ti_sysbios_family_arm_m3_Hwi_switchFromBootStack__E)
                  00004064    00000014     empty_pem4f.oem4f (.text:ti_sysbios_heaps_HeapMem_Object__get__S)
                  00004078    00000014     empty_pem4f.oem4f (.text:ti_sysbios_knl_Swi_Object__get__S)
                  0000408c    00000004     --HOLE-- [fill = 0]
                  00004090    00000012     sysbios.aem4f : BIOS.obj (.text:ti_sysbios_hal_Hwi_Module_startup__E)
                  000040a2    00000012     empty_pem4f.oem4f (.text:xdc_runtime_Startup_exec__I)
                  000040b4    00000004     --HOLE-- [fill = 0]
                  000040b8    00000010     sysbios.aem4f : BIOS.obj (.text:ti_sysbios_BIOS_setThreadType__E)
                  000040c8    00000010                   : m3_TaskSupport_asm.obj (.text:ti_sysbios_family_arm_m3_TaskSupport_glue)
                  000040d8    00000010                   : BIOS.obj (.text:ti_sysbios_family_arm_msp432_init_Boot_disableWatchdog)
                  000040e8    00000010                   : BIOS.obj (.text:ti_sysbios_gates_GateMutex_Instance_finalize__E)
                  000040f8    00000010                   : BIOS.obj (.text:ti_sysbios_knl_Semaphore_Instance_finalize__E)
                  00004108    00000010                   : BIOS.obj (.text:ti_sysbios_knl_Swi_disable__E)
                  00004118    00000010     empty_pem4f.oem4f (.text:ti_sysbios_knl_Task_Object__get__S)
                  00004128    00000010     sysbios.aem4f : BIOS.obj (.text:ti_sysbios_knl_Task_disable__E)
                  00004138    00000010     ti.targets.arm.rtsarm.aem4f : Gate.oem4f (.text:xdc_runtime_Gate_leaveSystem__E)
                  00004148    00000010                                 : Memory.oem4f (.text:xdc_runtime_Memory_free__E)
                  00004158    00000010                                 : SysMin.oem4f (.text:xdc_runtime_SysMin_ready__E)
                  00004168    00000010                                 : System.oem4f (.text:xdc_runtime_System_vsnprintf__E)
                  00004178    00000010     empty_pem4f.oem4f (.text:xdc_runtime_Text_visitRope__I)
                  00004188    0000000e     rtsv7M4_T_le_v4SPD16_eabi.lib : copy_decompress_none.c.obj (.text:decompress:none:__TI_decompress_none)
                  00004196    00000002     --HOLE-- [fill = 0]
                  00004198    0000000e     sysbios.aem4f : BIOS.obj (.text:ti_sysbios_knl_Idle_loop__E)
                  000041a6    00000002     --HOLE-- [fill = 0]
                  000041a8    0000000e                   : BIOS.obj (.text:ti_sysbios_knl_Queue_empty__E)
                  000041b6    0000000c     empty_pem4f.oem4f (.text:.bootCodeSection:ti_sysbios_family_arm_msp432_init_Boot_init__I)
                  000041c2    00000002     --HOLE-- [fill = 0]
                  000041c4    0000000c     rtsv7M4_T_le_v4SPD16_eabi.lib : _lock.c.obj (.text:_register_lock)
                  000041d0    0000000c                                   : _lock.c.obj (.text:_register_unlock)
                  000041dc    0000000c                                   : copy_zero_init.c.obj (.text:decompress:ZI:__TI_zero_init)
                  000041e8    0000000c     sysbios.aem4f : BIOS.obj (.text:ti_sysbios_family_arm_m3_TaskSupport_checkStack__E)
                  000041f4    00000004     --HOLE-- [fill = 0]
                  000041f8    0000000c                   : BIOS.obj (.text:ti_sysbios_family_arm_msp432_Timer_getMaxTicks__E)
                  00004204    00000004     --HOLE-- [fill = 0]
                  00004208    0000000c                   : BIOS.obj (.text:ti_sysbios_gates_GateHwi_enter__E)
                  00004214    0000000c     empty_pem4f.oem4f (.text:ti_sysbios_knl_Queue_Object__get__S)
                  00004220    0000000c     ti.targets.arm.rtsarm.aem4f : Error.oem4f (.text:xdc_runtime_Error_init__E)
                  0000422c    0000000c                                 : Gate.oem4f (.text:xdc_runtime_Gate_enterSystem__E)
                  00004238    0000000c                                 : Memory.oem4f (.text:xdc_runtime_Memory_calloc__E)
                  00004244    0000000c                                 : Memory.oem4f (.text:xdc_runtime_Memory_getMaxDefaultTypeAlign__E)
                  00004250    0000000c                                 : Startup.oem4f (.text:xdc_runtime_Startup_rtsDone__E)
                  0000425c    0000000a     empty_pem4f.oem4f (.text:xdc_runtime_IHeap_alloc)
                  00004266    0000000a     empty_pem4f.oem4f (.text:xdc_runtime_IHeap_free)
                  00004270    00000008     sysbios.aem4f : BIOS.obj (.text:ti_sysbios_family_arm_m3_Hwi_doSwiRestore__I)
                  00004278    00000008                   : BIOS.obj (.text:ti_sysbios_family_arm_m3_Hwi_startup__E)
                  00004280    00000006                   : BIOS.obj (.text:ti_sysbios_family_arm_m3_Hwi_doTaskRestore__I)
                  00004286    00000002     --HOLE-- [fill = 0]
                  00004288    00000006                   : BIOS.obj (.text:ti_sysbios_gates_GateHwi_leave__E)
                  0000428e    00000002     --HOLE-- [fill = 0]
                  00004290    00000006                   : BIOS.obj (.text:ti_sysbios_heaps_HeapMem_isBlocking__E)
                  00004296    00000002     --HOLE-- [fill = 0]
                  00004298    00000006                   : BIOS.obj (.text:ti_sysbios_knl_Queue_Instance_init__E)
                  0000429e    00000002     --HOLE-- [fill = 0]
                  000042a0    00000006                   : BIOS.obj (.text:ti_sysbios_knl_Swi_startup__E)
                  000042a6    00000002     --HOLE-- [fill = 0]
                  000042a8    00000004                   : BIOS.obj (.text:ti_sysbios_gates_GateHwi_query__E)
                  000042ac    00000004     --HOLE-- [fill = 0]
                  000042b0    00000004                   : BIOS.obj (.text:ti_sysbios_gates_GateMutex_query__E)
                  000042b4    00000004     --HOLE-- [fill = 0]
                  000042b8    00000004                   : BIOS.obj (.text:ti_sysbios_knl_Task_startup__E)
                  000042bc    00000004     --HOLE-- [fill = 0]
                  000042c0    00000002                   : BIOS.obj (.text:ti_sysbios_BIOS_linkedWithIncorrectBootLibrary__E)
                  000042c2    00000006     --HOLE-- [fill = 0]
                  000042c8    00000002                   : BIOS.obj (.text:ti_sysbios_gates_GateHwi_Instance_init__E)
                  000042ca    00000006     --HOLE-- [fill = 0]
                  000042d0    00000002                   : BIOS.obj (.text:ti_sysbios_knl_Clock_logTick__E)

.const     0    000042d4    00001c8e     
                  000042d4    0000181b     empty_pem4f.oem4f (.const:xdc_runtime_Text_charTab__A)
                  00005aef    00000001     empty_pem4f.oem4f (.const:xdc_runtime_Error_policy__C)
                  00005af0    000000b0     empty_pem4f.oem4f (.const:xdc_runtime_Text_nodeTab__A)
                  00005ba0    00000048     empty_pem4f.oem4f (.const:.string)
                  00005be8    00000028     empty_pem4f.oem4f (.const:ti_sysbios_heaps_HeapMem_Module__FXNS__C)
                  00005c10    00000024     empty_pem4f.oem4f (.const:ti_sysbios_gates_GateHwi_Module__FXNS__C)
                  00005c34    00000024     empty_pem4f.oem4f (.const:ti_sysbios_gates_GateMutex_Module__FXNS__C)
                  00005c58    00000024     empty_pem4f.oem4f (.const:ti_sysbios_heaps_HeapMem_Object__PARAMS__C)
                  00005c7c    00000024     empty_pem4f.oem4f (.const:ti_sysbios_knl_Semaphore_Object__PARAMS__C)
                  00005ca0    00000020     empty_pem4f.oem4f (.const:ti_sysbios_gates_GateHwi_Object__DESC__C)
                  00005cc0    00000020     empty_pem4f.oem4f (.const:ti_sysbios_gates_GateMutex_Object__DESC__C)
                  00005ce0    00000020     empty_pem4f.oem4f (.const:ti_sysbios_heaps_HeapMem_Object__DESC__C)
                  00005d00    00000020     empty_pem4f.oem4f (.const:ti_sysbios_knl_Queue_Object__DESC__C)
                  00005d20    00000020     empty_pem4f.oem4f (.const:ti_sysbios_knl_Semaphore_Object__DESC__C)
                  00005d40    00000020     empty_pem4f.oem4f (.const:xdc_runtime_Startup_sfxnTab__A)
                  00005d60    00000018     empty_pem4f.oem4f (.const:ti_sysbios_gates_GateHwi_Object__PARAMS__C)
                  00005d78    00000018     empty_pem4f.oem4f (.const:ti_sysbios_gates_GateMutex_Object__PARAMS__C)
                  00005d90    00000018     empty_pem4f.oem4f (.const:ti_sysbios_knl_Queue_Object__PARAMS__C)
                  00005da8    00000010     empty_pem4f.oem4f (.const:xdc_runtime_Startup_sfxnRts__A)
                  00005db8    0000000c     empty_pem4f.oem4f (.const:xdc_runtime_Startup_firstFxns__A)
                  00005dc4    00000008     empty_pem4f.oem4f (.const:ti_sysbios_family_arm_m3_Hwi_excHookFuncs__A)
                  00005dcc    00000008     empty_pem4f.oem4f (.const:ti_sysbios_knl_Idle_funcList__A)
                  00005dd4    00000008     empty_pem4f.oem4f (.const:ti_sysbios_knl_Idle_funcList__C)
                  00005ddc    00000008     empty_pem4f.oem4f (.const:xdc_runtime_Startup_firstFxns__C)
                  00005de4    00000008     empty_pem4f.oem4f (.const:xdc_runtime_Startup_lastFxns__C)
                  00005dec    00000004     empty_pem4f.oem4f (.const:ti_sysbios_family_arm_m3_Hwi_E_NMI__C)
                  00005df0    00000004     empty_pem4f.oem4f (.const:ti_sysbios_family_arm_m3_Hwi_E_busFault__C)
                  00005df4    00000004     empty_pem4f.oem4f (.const:ti_sysbios_family_arm_m3_Hwi_E_debugMon__C)
                  00005df8    00000004     empty_pem4f.oem4f (.const:ti_sysbios_family_arm_m3_Hwi_E_hardFault__C)
                  00005dfc    00000004     empty_pem4f.oem4f (.const:ti_sysbios_family_arm_m3_Hwi_E_memFault__C)
                  00005e00    00000004     empty_pem4f.oem4f (.const:ti_sysbios_family_arm_m3_Hwi_E_noIsr__C)
                  00005e04    00000004     empty_pem4f.oem4f (.const:ti_sysbios_family_arm_m3_Hwi_E_reserved__C)
                  00005e08    00000004     empty_pem4f.oem4f (.const:ti_sysbios_family_arm_m3_Hwi_E_svCall__C)
                  00005e0c    00000004     empty_pem4f.oem4f (.const:ti_sysbios_family_arm_m3_Hwi_E_usageFault__C)
                  00005e10    00000004     empty_pem4f.oem4f (.const:ti_sysbios_family_arm_m3_Hwi_NUM_INTERRUPTS__C)
                  00005e14    00000004     empty_pem4f.oem4f (.const:ti_sysbios_family_arm_m3_Hwi_Object__count__C)
                  00005e18    00000004     empty_pem4f.oem4f (.const:ti_sysbios_family_arm_m3_Hwi_ccr__C)
                  00005e1c    00000004     empty_pem4f.oem4f (.const:ti_sysbios_family_arm_m3_Hwi_excHandlerFunc__C)
                  00005e20    00000004     empty_pem4f.oem4f (.const:ti_sysbios_family_arm_m3_Hwi_excHookFuncs__C)
                  00005e24    00000004     empty_pem4f.oem4f (.const:ti_sysbios_family_arm_m3_Hwi_nullIsrFunc__C)
                  00005e28    00000004     empty_pem4f.oem4f (.const:ti_sysbios_family_arm_m3_Hwi_priGroup__C)
                  00005e2c    00000004     empty_pem4f.oem4f (.const:ti_sysbios_family_arm_msp432_Timer_numTimerDevices__C)
                  00005e30    00000004     empty_pem4f.oem4f (.const:ti_sysbios_family_arm_msp432_Timer_startupNeeded__C)
                  00005e34    00000004     empty_pem4f.oem4f (.const:ti_sysbios_gates_GateMutex_A_badContext__C)
                  00005e38    00000004     empty_pem4f.oem4f (.const:ti_sysbios_gates_GateMutex_Instance_State_sem__O)
                  00005e3c    00000004     empty_pem4f.oem4f (.const:ti_sysbios_gates_GateMutex_Module__diagsEnabled__C)
                  00005e40    00000004     empty_pem4f.oem4f (.const:ti_sysbios_gates_GateMutex_Module__diagsIncluded__C)
                  00005e44    00000004     empty_pem4f.oem4f (.const:ti_sysbios_gates_GateMutex_Module__diagsMask__C)
                  00005e48    00000004     empty_pem4f.oem4f (.const:ti_sysbios_hal_Hwi_E_stackOverflow__C)
                  00005e4c    00000004     empty_pem4f.oem4f (.const:ti_sysbios_heaps_HeapMem_A_align__C)
                  00005e50    00000004     empty_pem4f.oem4f (.const:ti_sysbios_heaps_HeapMem_A_heapSize__C)
                  00005e54    00000004     empty_pem4f.oem4f (.const:ti_sysbios_heaps_HeapMem_A_invalidFree__C)
                  00005e58    00000004     empty_pem4f.oem4f (.const:ti_sysbios_heaps_HeapMem_A_zeroBlock__C)
                  00005e5c    00000004     empty_pem4f.oem4f (.const:ti_sysbios_heaps_HeapMem_E_memory__C)
                  00005e60    00000004     empty_pem4f.oem4f (.const:ti_sysbios_heaps_HeapMem_Module__diagsEnabled__C)
                  00005e64    00000004     empty_pem4f.oem4f (.const:ti_sysbios_heaps_HeapMem_Module__diagsIncluded__C)
                  00005e68    00000004     empty_pem4f.oem4f (.const:ti_sysbios_heaps_HeapMem_Module__diagsMask__C)
                  00005e6c    00000004     empty_pem4f.oem4f (.const:ti_sysbios_heaps_HeapMem_Module__gateObj__C)
                  00005e70    00000004     empty_pem4f.oem4f (.const:ti_sysbios_heaps_HeapMem_Object__count__C)
                  00005e74    00000004     empty_pem4f.oem4f (.const:ti_sysbios_heaps_HeapMem_reqAlign__C)
                  00005e78    00000004     empty_pem4f.oem4f (.const:ti_sysbios_knl_Clock_Module_State_clockQ__O)
                  00005e7c    00000004     empty_pem4f.oem4f (.const:ti_sysbios_knl_Semaphore_A_badContext__C)
                  00005e80    00000004     empty_pem4f.oem4f (.const:ti_sysbios_knl_Semaphore_A_noEvents__C)
                  00005e84    00000004     empty_pem4f.oem4f (.const:ti_sysbios_knl_Semaphore_A_overflow__C)
                  00005e88    00000004     empty_pem4f.oem4f (.const:ti_sysbios_knl_Semaphore_A_pendTaskDisabled__C)
                  00005e8c    00000004     empty_pem4f.oem4f (.const:ti_sysbios_knl_Semaphore_Instance_State_pendQ__O)
                  00005e90    00000004     empty_pem4f.oem4f (.const:ti_sysbios_knl_Semaphore_Module__diagsEnabled__C)
                  00005e94    00000004     empty_pem4f.oem4f (.const:ti_sysbios_knl_Semaphore_Module__diagsIncluded__C)
                  00005e98    00000004     empty_pem4f.oem4f (.const:ti_sysbios_knl_Semaphore_Module__diagsMask__C)
                  00005e9c    00000004     empty_pem4f.oem4f (.const:ti_sysbios_knl_Swi_Object__count__C)
                  00005ea0    00000004     empty_pem4f.oem4f (.const:ti_sysbios_knl_Task_E_spOutOfBounds__C)
                  00005ea4    00000004     empty_pem4f.oem4f (.const:ti_sysbios_knl_Task_E_stackOverflow__C)
                  00005ea8    00000004     empty_pem4f.oem4f (.const:ti_sysbios_knl_Task_Module_State_inactiveQ__O)
                  00005eac    00000004     empty_pem4f.oem4f (.const:ti_sysbios_knl_Task_Object__count__C)
                  00005eb0    00000004     empty_pem4f.oem4f (.const:ti_sysbios_knl_Task_allBlockedFunc__C)
                  00005eb4    00000004     empty_pem4f.oem4f (.const:ti_sysbios_knl_Task_numConstructedTasks__C)
                  00005eb8    00000004     empty_pem4f.oem4f (.const:xdc_runtime_Assert_E_assertFailed__C)
                  00005ebc    00000004     empty_pem4f.oem4f (.const:xdc_runtime_Core_A_initializedParams__C)
                  00005ec0    00000004     empty_pem4f.oem4f (.const:xdc_runtime_Core_Module__diagsEnabled__C)
                  00005ec4    00000004     empty_pem4f.oem4f (.const:xdc_runtime_Core_Module__diagsIncluded__C)
                  00005ec8    00000004     empty_pem4f.oem4f (.const:xdc_runtime_Core_Module__diagsMask__C)
                  00005ecc    00000004     empty_pem4f.oem4f (.const:xdc_runtime_Error_E_memory__C)
                  00005ed0    00000004     empty_pem4f.oem4f (.const:xdc_runtime_Error_Module__diagsEnabled__C)
                  00005ed4    00000004     empty_pem4f.oem4f (.const:xdc_runtime_Error_Module__diagsIncluded__C)
                  00005ed8    00000004     empty_pem4f.oem4f (.const:xdc_runtime_Error_Module__diagsMask__C)
                  00005edc    00000004     empty_pem4f.oem4f (.const:xdc_runtime_Error_Module__loggerFxn8__C)
                  00005ee0    00000004     empty_pem4f.oem4f (.const:xdc_runtime_Error_Module__loggerObj__C)
                  00005ee4    00000004     empty_pem4f.oem4f (.const:xdc_runtime_Error_policyFxn__C)
                  00005ee8    00000004     empty_pem4f.oem4f (.const:xdc_runtime_Error_raiseHook__C)
                  00005eec    00000004     empty_pem4f.oem4f (.const:xdc_runtime_IGateProvider_Interface__BASE__C)
                  00005ef0    00000004     empty_pem4f.oem4f (.const:xdc_runtime_IHeap_Interface__BASE__C)
                  00005ef4    00000004     empty_pem4f.oem4f (.const:xdc_runtime_IModule_Interface__BASE__C)
                  00005ef8    00000004     empty_pem4f.oem4f (.const:xdc_runtime_Log_L_error__C)
                  00005efc    00000004     empty_pem4f.oem4f (.const:xdc_runtime_Memory_defaultHeapInstance__C)
                  00005f00    00000004     empty_pem4f.oem4f (.const:xdc_runtime_Startup_execImpl__C)
                  00005f04    00000004     empty_pem4f.oem4f (.const:xdc_runtime_Startup_maxPasses__C)
                  00005f08    00000004     empty_pem4f.oem4f (.const:xdc_runtime_Startup_sfxnRts__C)
                  00005f0c    00000004     empty_pem4f.oem4f (.const:xdc_runtime_Startup_sfxnTab__C)
                  00005f10    00000004     empty_pem4f.oem4f (.const:xdc_runtime_SysMin_bufSize__C)
                  00005f14    00000004     empty_pem4f.oem4f (.const:xdc_runtime_SysMin_outputFunc__C)
                  00005f18    00000004     empty_pem4f.oem4f (.const:xdc_runtime_System_Module__gateObj__C)
                  00005f1c    00000004     empty_pem4f.oem4f (.const:xdc_runtime_System_abortFxn__C)
                  00005f20    00000004     empty_pem4f.oem4f (.const:xdc_runtime_System_exitFxn__C)
                  00005f24    00000004     empty_pem4f.oem4f (.const:xdc_runtime_System_extendFxn__C)
                  00005f28    00000004     empty_pem4f.oem4f (.const:xdc_runtime_System_maxAtexitHandlers__C)
                  00005f2c    00000004     empty_pem4f.oem4f (.const:xdc_runtime_Text_charTab__C)
                  00005f30    00000004     empty_pem4f.oem4f (.const:xdc_runtime_Text_nameEmpty__C)
                  00005f34    00000004     empty_pem4f.oem4f (.const:xdc_runtime_Text_nameStatic__C)
                  00005f38    00000004     empty_pem4f.oem4f (.const:xdc_runtime_Text_nameUnknown__C)
                  00005f3c    00000004     empty_pem4f.oem4f (.const:xdc_runtime_Text_nodeTab__C)
                  00005f40    00000004     empty_pem4f.oem4f (.const:xdc_runtime_Text_visitRopeFxn__C)
                  00005f44    00000002     empty_pem4f.oem4f (.const:ti_sysbios_family_arm_m3_Hwi_Module__id__C)
                  00005f46    00000002     empty_pem4f.oem4f (.const:ti_sysbios_gates_GateMutex_Module__id__C)
                  00005f48    00000002     empty_pem4f.oem4f (.const:ti_sysbios_hal_Hwi_Module__id__C)
                  00005f4a    00000002     empty_pem4f.oem4f (.const:ti_sysbios_heaps_HeapMem_Module__id__C)
                  00005f4c    00000002     empty_pem4f.oem4f (.const:ti_sysbios_knl_Semaphore_Module__id__C)
                  00005f4e    00000002     empty_pem4f.oem4f (.const:ti_sysbios_knl_Task_Module__id__C)
                  00005f50    00000002     empty_pem4f.oem4f (.const:xdc_runtime_Core_Module__id__C)
                  00005f52    00000002     empty_pem4f.oem4f (.const:xdc_runtime_Error_Module__loggerDefined__C)
                  00005f54    00000002     empty_pem4f.oem4f (.const:xdc_runtime_Error_maxDepth__C)
                  00005f56    00000002     empty_pem4f.oem4f (.const:xdc_runtime_Memory_Module__id__C)
                  00005f58    00000002     empty_pem4f.oem4f (.const:xdc_runtime_SysMin_flushAtExit__C)
                  00005f5a    00000002     empty_pem4f.oem4f (.const:xdc_runtime_Text_charCnt__C)
                  00005f5c    00000002     empty_pem4f.oem4f (.const:xdc_runtime_Text_isLoaded__C)
                  00005f5e    00000002     empty_pem4f.oem4f (.const:xdc_runtime_Text_registryModsLastId__C)
                  00005f60    00000002     empty_pem4f.oem4f (.const:xdc_runtime_Text_unnamedModsLastId__C)

.bss:.common 
*          0    00005f68    000005c8     UNINITIALIZED
                  00005f68    00000400     (.common:ti_sysbios_heaps_HeapMem_Instance_State_0_buf__A)
                  00006368    00000140     (.common:ti_sysbios_family_arm_m3_Hwi_dispatchTable)
                  000064a8    00000080     (.common:xdc_runtime_SysMin_Module_State_0_outbuf__A)
                  00006528    00000008     (.common:parmbuf)

.data      0    00006530    000003f0     UNINITIALIZED
                  00006530    00000080     empty_pem4f.oem4f (.data:ti_sysbios_knl_Swi_Module_State_0_readyQ__A)
                  000065b0    00000080     empty_pem4f.oem4f (.data:ti_sysbios_knl_Task_Module_State_0_readyQ__A)
                  00006630    0000004c     empty_pem4f.oem4f (.data:ti_sysbios_family_arm_msp432_Timer_Object__table__V)
                  0000667c    0000004c     empty_pem4f.oem4f (.data:ti_sysbios_knl_Task_Object__table__V)
                  000066c8    00000044     empty_pem4f.oem4f (.data:ti_sysbios_knl_Task_Module__state__V)
                  0000670c    00000038     empty_pem4f.oem4f (.data:ti_sysbios_gates_GateMutex_Object__table__V)
                  00006744    00000034     empty_pem4f.oem4f (.data:ti_sysbios_family_arm_m3_Hwi_Module__state__V)
                  00006778    00000030     empty_pem4f.oem4f (.data:ti_sysbios_knl_Swi_Object__table__V)
                  000067a8    0000002c     empty_pem4f.oem4f (.data:ti_sysbios_knl_Clock_Module__state__V)
                  000067d4    00000028     drivers_MSP432P401R.aem4f : PowerMSP432.oem4f (.data:PowerMSP432_module)
                  000067fc    00000024     empty_pem4f.oem4f (.data:ti_sysbios_BIOS_Module__state__V)
                  00006820    00000020     empty_pem4f.oem4f (.data:ti_sysbios_family_arm_msp432_Timer_Module_State_0_device__A)
                  00006840    0000001c     empty_pem4f.oem4f (.data:ti_sysbios_knl_Swi_Module__state__V)
                  0000685c    00000018     empty_pem4f.oem4f (.data:ti_sysbios_family_arm_m3_Hwi_Object__table__V)
                  00006874    00000018     empty_pem4f.oem4f (.data:ti_sysbios_heaps_HeapMem_Object__table__V)
                  0000688c    00000010     empty_pem4f.oem4f (.data:ti_sysbios_family_arm_msp432_Timer_Module_State_0_handles__A)
                  0000689c    0000000c     empty_pem4f.oem4f (.data:ti_sysbios_family_arm_msp432_Timer_Module__state__V)
                  000068a8    0000000c     empty_pem4f.oem4f (.data:xdc_runtime_SysMin_Module__state__V)
                  000068b4    00000008     rtsv7M4_T_le_v4SPD16_eabi.lib : _lock.c.obj (.data:$O1$$)
                  000068bc    00000008     empty_pem4f.oem4f (.data:ti_sysbios_gates_GateHwi_Module__root__V)
                  000068c4    00000008     empty_pem4f.oem4f (.data:ti_sysbios_gates_GateMutex_Module__root__V)
                  000068cc    00000008     empty_pem4f.oem4f (.data:ti_sysbios_heaps_HeapMem_Module__root__V)
                  000068d4    00000008     empty_pem4f.oem4f (.data:ti_sysbios_knl_Queue_Module__root__V)
                  000068dc    00000008     empty_pem4f.oem4f (.data:ti_sysbios_knl_Semaphore_Module__root__V)
                  000068e4    00000008     empty_pem4f.oem4f (.data:xdc_runtime_Registry_Module__state__V)
                  000068ec    00000008     empty_pem4f.oem4f (.data:xdc_runtime_Startup_Module__state__V)
                  000068f4    00000008     empty_pem4f.oem4f (.data:xdc_runtime_System_Module_State_0_atexitHandlers__A)
                  000068fc    00000008     empty_pem4f.oem4f (.data:xdc_runtime_System_Module__state__V)
                  00006904    00000004     rtsv7M4_T_le_v4SPD16_eabi.lib : stkdepth_vars.c.obj (.data)
                  00006908    00000004     empty_pem4f.oem4f (.data:ti_sysbios_family_arm_m3_Hwi_Module_State_0_excContext__A)
                  0000690c    00000004     empty_pem4f.oem4f (.data:ti_sysbios_family_arm_m3_Hwi_Module_State_0_excStack__A)
                  00006910    00000004     empty_pem4f.oem4f (.data:ti_sysbios_gates_GateHwi_Object__table__V)
                  00006914    00000004     empty_pem4f.oem4f (.data:ti_sysbios_knl_Task_Module_State_0_idleTask__A)
                  00006918    00000004     empty_pem4f.oem4f (.data:xdc_runtime_Memory_Module__state__V)
                  0000691c    00000002     empty_pem4f.oem4f (.data:ti_sysbios_family_arm_m3_Hwi_Module_State_0_excActive__A)
                  0000691e    00000002     empty_pem4f.oem4f (.data:xdc_runtime_Error_Module__state__V)

.bss       0    00006920    00000320     UNINITIALIZED
                  00006920    00000200     empty_pem4f.oem4f (.bss:taskStackSection)
                  00006b20    00000120     rtsv7M4_T_le_v4SPD16_eabi.lib : trgmsg.c.obj (.bss:_CIOBUF_)

.stack     0    00006c40    00000300     UNINITIALIZED
                  00006c40    00000300     --HOLE--

.cinit     0    00006f40    00000120     
                  00006f40    000000d5     (.cinit..data.load) [load image, compression = lzss]
                  00007015    00000003     --HOLE-- [fill = 0]
                  00007018    0000000c     (__TI_handler_table)
                  00007024    00000004     --HOLE-- [fill = 0]
                  00007028    00000008     (.cinit..bss.load) [load image, compression = zero_init]
                  00007030    00000008     (.cinit..bss:.common.load) [load image, compression = zero_init]
                  00007038    00000008     (.cinit..vecs.load) [load image, compression = zero_init]
                  00007040    00000020     (__TI_cinit_table)

MODULE SUMMARY

       Module                       code    ro data   rw data
       ------                       ----    -------   -------
    /Users/druepeters/Documents/Development/EEL4930_AdvMCU/templates/empty_MSP432_TIRTOS_wGRLIB/Debug/configPkg/package/cfg/
       empty_pem4f.oem4f            1456    7370      3260   
    +--+----------------------------+-------+---------+---------+
       Total:                       1456    7370      3260   
                                                             
    /Applications/ti/ccsv8/tools/compiler/ti-cgt-arm_18.1.3.LTS/lib/rtsv7M4_T_le_v4SPD16_eabi.lib
       trgmsg.c.obj                 108     0         288    
       memcpy_t2.asm.obj            156     0         0      
       memset_t2.asm.obj            122     0         0      
       copy_decompress_lzss.c.obj   104     0         0      
       hostwrite.c.obj              88      0         0      
       cpy_tbl.c.obj                76      0         0      
       u_divt2.asm.obj              64      0         0      
       _lock.c.obj                  26      0         8      
       args_main.c.obj              24      0         0      
       strlen.c.obj                 20      0         0      
       copy_decompress_none.c.obj   14      0         0      
       copy_zero_init.c.obj         12      0         0      
       hostopen.c.obj               0       0         8      
       exit.c.obj                   4       0         0      
       stkdepth_vars.c.obj          0       0         4      
       div0.asm.obj                 2       0         0      
    +--+----------------------------+-------+---------+---------+
       Total:                       820     0         308    
                                                             
    /Users/druepeters/Documents/Development/EEL4930_AdvMCU/templates/empty_MSP432_TIRTOS_wGRLIB/src/sysbios/sysbios.aem4f
       BIOS.obj                     9692    0         0      
       m3_Hwi_asm.obj               306     0         0      
       m3_TaskSupport_asm.obj       180     0         0      
       m3_Hwi_asm_switch.obj        118     0         0      
    +--+----------------------------+-------+---------+---------+
       Total:                       10296   0         0      
                                                             
    /Users/druepeters/ti/tirtos_msp43x_2_20_00_06/products/bios_6_46_00_23/packages/ti/targets/arm/rtsarm/lib/auto_init.aem4f
       auto_init.oem4f              160     0         0      
    +--+----------------------------+-------+---------+---------+
       Total:                       160     0         0      
                                                             
    /Users/druepeters/ti/tirtos_msp43x_2_20_00_06/products/bios_6_46_00_23/packages/ti/targets/arm/rtsarm/lib/boot.aem4f
       boot.oem4f                   88      0         0      
    +--+----------------------------+-------+---------+---------+
       Total:                       88      0         0      
                                                             
    /Users/druepeters/ti/tirtos_msp43x_2_20_00_06/products/bios_6_46_00_23/packages/ti/targets/arm/rtsarm/lib/ti.targets.arm.rtsarm.aem4f
       System.oem4f                 1255    0         0      
       Text.oem4f                   672     0         0      
       Error.oem4f                  524     0         0      
       Core-mem.oem4f               358     0         0      
       Startup.oem4f                340     0         0      
       SysMin.oem4f                 248     0         0      
       Core-smem.oem4f              204     0         0      
       Memory.oem4f                 176     0         0      
       Assert.oem4f                 84      0         0      
       Core-params.oem4f            70      0         0      
       Core-label.oem4f             52      0         0      
       Registry.oem4f               32      0         0      
       Gate.oem4f                   28      0         0      
    +--+----------------------------+-------+---------+---------+
       Total:                       4043    0         0      
                                                             
    /Users/druepeters/ti/tirtos_msp43x_2_20_00_06/products/tidrivers_msp43x_2_20_00_08/packages/ti/drivers/lib/drivers_MSP432P401R.aem4f
       PowerMSP432.oem4f            20      0         40     
    +--+----------------------------+-------+---------+---------+
       Total:                       20      0         40     
                                                             
       Stack:                       0       0         768    
       Linker Generated:            0       281       0      
    +--+----------------------------+-------+---------+---------+
       Grand Total:                 16883   7651      4376   


LINKER GENERATED COPY TABLES

__TI_cinit_table @ 00007040 records: 4, size/record: 8, table size: 32
	.data: load addr=00006f40, load size=000000d5 bytes, run addr=00006530, run size=000003f0 bytes, compression=lzss
	.bss: load addr=00007028, load size=00000008 bytes, run addr=00006920, run size=00000320 bytes, compression=zero_init
	.bss:.common: load addr=00007030, load size=00000008 bytes, run addr=00005f68, run size=000005c8 bytes, compression=zero_init
	.vecs: load addr=00007038, load size=00000008 bytes, run addr=20000000, run size=00000140 bytes, compression=zero_init


LINKER GENERATED HANDLER TABLE

__TI_handler_table @ 00007018 records: 3, size/record: 4, table size: 12
	index: 0, handler: __TI_zero_init
	index: 1, handler: __TI_decompress_lzss
	index: 2, handler: __TI_decompress_none


GLOBAL SYMBOLS: SORTED ALPHABETICALLY BY Name 

address   name                                                        
-------   ----                                                        
000007bd  C$$EXIT                                                     
00003563  C$$IO$$                                                     
00002d41  HOSTwrite                                                   
000067d4  PowerMSP432_module                                          
00004011  Power_idleFunc                                              
UNDEFED   SHT$$INIT_ARRAY$$Base                                       
UNDEFED   SHT$$INIT_ARRAY$$Limit                                      
00000000  __ASM__                                                     
00006b20  __CIOBUF_                                                   
00000092  __ISA__                                                     
000000a5  __PLAT__                                                    
00006f40  __STACK_END                                                 
00000300  __STACK_SIZE                                                
000000c8  __TARG__                                                    
00007040  __TI_CINIT_Base                                             
00007060  __TI_CINIT_Limit                                            
00007018  __TI_Handler_Table_Base                                     
00007024  __TI_Handler_Table_Limit                                    
000020e1  __TI_auto_init                                              
000029cd  __TI_decompress_lzss                                        
00004189  __TI_decompress_none                                        
ffffffff  __TI_pprof_out_hndl                                         
ffffffff  __TI_prof_data_size                                         
ffffffff  __TI_prof_data_start                                        
00003651  __TI_readmsg                                                
00000000  __TI_static_base__                                          
00003535  __TI_writemsg                                               
000041dd  __TI_zero_init                                              
000000ee  __TRDR__                                                    
00002737  __aeabi_idiv0                                               
00002737  __aeabi_ldiv0                                               
000026bd  __aeabi_memclr                                              
000026bd  __aeabi_memclr4                                             
000026bd  __aeabi_memclr8                                             
00002221  __aeabi_memcpy                                              
00002221  __aeabi_memcpy4                                             
00002221  __aeabi_memcpy8                                             
000026bf  __aeabi_memset                                              
000026bf  __aeabi_memset4                                             
000026bf  __aeabi_memset8                                             
000033f9  __aeabi_uidiv                                               
000033f9  __aeabi_uidivmod                                            
ffffffff  __binit__                                                   
ffffffff  __c_args__                                                  
00006c40  __stack                                                     
00003f1d  _args_main                                                  
00002d99  _c_int00                                                    
000068b4  _lock                                                       
000023f7  _nop                                                        
000041c5  _register_lock                                              
000041d1  _register_unlock                                            
000068b8  _unlock                                                     
000007bd  abort                                                       
ffffffff  binit                                                       
00003039  copy_in                                                     
UNDEFED   main                                                        
00006904  main_func_sp                                                
00002221  memcpy                                                      
000026c5  memset                                                      
00006528  parmbuf                                                     
00004025  strlen                                                      
000067fc  ti_sysbios_BIOS_Module__state__V                            
00003e81  ti_sysbios_BIOS_RtsGateProxy_Handle__label__S               
00003b69  ti_sysbios_BIOS_RtsGateProxy_Object__delete__S              
00000ce5  ti_sysbios_BIOS_RtsGateProxy_enter__E                       
00001135  ti_sysbios_BIOS_RtsGateProxy_leave__E                       
000042b1  ti_sysbios_BIOS_RtsGateProxy_query__E                       
00003795  ti_sysbios_BIOS_atExitFunc__I                               
00003afd  ti_sysbios_BIOS_errorRaiseHook__I                           
00003ff9  ti_sysbios_BIOS_exitFunc__I                                 
000042c1  ti_sysbios_BIOS_linkedWithIncorrectBootLibrary__E           
00002887  ti_sysbios_BIOS_nullFunc__I                                 
00003b21  ti_sysbios_BIOS_registerRTSLock__I                          
00003b45  ti_sysbios_BIOS_removeRTSLock__I                            
00003c25  ti_sysbios_BIOS_rtsLock__I                                  
00003f35  ti_sysbios_BIOS_rtsUnlock__I                                
000040b9  ti_sysbios_BIOS_setThreadType__E                            
000037c5  ti_sysbios_BIOS_startFunc__I                                
00005dec  ti_sysbios_family_arm_m3_Hwi_E_NMI__C                       
00005df0  ti_sysbios_family_arm_m3_Hwi_E_busFault__C                  
00005df4  ti_sysbios_family_arm_m3_Hwi_E_debugMon__C                  
00005df8  ti_sysbios_family_arm_m3_Hwi_E_hardFault__C                 
00005dfc  ti_sysbios_family_arm_m3_Hwi_E_memFault__C                  
00005e00  ti_sysbios_family_arm_m3_Hwi_E_noIsr__C                     
00005e04  ti_sysbios_family_arm_m3_Hwi_E_reserved__C                  
00005e08  ti_sysbios_family_arm_m3_Hwi_E_svCall__C                    
00005e0c  ti_sysbios_family_arm_m3_Hwi_E_usageFault__C                
00003e4d  ti_sysbios_family_arm_m3_Hwi_Handle__label__S               
0000691c  ti_sysbios_family_arm_m3_Hwi_Module_State_0_excActive__A    
00006908  ti_sysbios_family_arm_m3_Hwi_Module_State_0_excContext__A   
0000690c  ti_sysbios_family_arm_m3_Hwi_Module_State_0_excStack__A     
00005f44  ti_sysbios_family_arm_m3_Hwi_Module__id__C                  
00003f4d  ti_sysbios_family_arm_m3_Hwi_Module__startupDone__F         
00003f4d  ti_sysbios_family_arm_m3_Hwi_Module__startupDone__S         
00006744  ti_sysbios_family_arm_m3_Hwi_Module__state__V               
00002f49  ti_sysbios_family_arm_m3_Hwi_Module_startup__E              
00005e10  ti_sysbios_family_arm_m3_Hwi_NUM_INTERRUPTS__C              
00005e14  ti_sysbios_family_arm_m3_Hwi_Object__count__C               
00004039  ti_sysbios_family_arm_m3_Hwi_Object__get__S                 
0000685c  ti_sysbios_family_arm_m3_Hwi_Object__table__V               
00005e18  ti_sysbios_family_arm_m3_Hwi_ccr__C                         
00002aa1  ti_sysbios_family_arm_m3_Hwi_dispatchC__I                   
00006368  ti_sysbios_family_arm_m3_Hwi_dispatchTable                  
00001aa5  ti_sysbios_family_arm_m3_Hwi_dispatch__I                    
00004271  ti_sysbios_family_arm_m3_Hwi_doSwiRestore__I                
00004281  ti_sysbios_family_arm_m3_Hwi_doTaskRestore__I               
000031c9  ti_sysbios_family_arm_m3_Hwi_enableInterrupt__E             
00001139  ti_sysbios_family_arm_m3_Hwi_excBusFault__I                 
00001d49  ti_sysbios_family_arm_m3_Hwi_excDebugMon__I                 
00000041  ti_sysbios_family_arm_m3_Hwi_excDumpRegs__I                 
00003c45  ti_sysbios_family_arm_m3_Hwi_excHandlerAsm__I               
00005e1c  ti_sysbios_family_arm_m3_Hwi_excHandlerFunc__C              
00000f39  ti_sysbios_family_arm_m3_Hwi_excHandlerMax__I               
00003c69  ti_sysbios_family_arm_m3_Hwi_excHandler__I                  
00001e09  ti_sysbios_family_arm_m3_Hwi_excHardFault__I                
00005dc4  ti_sysbios_family_arm_m3_Hwi_excHookFuncs__A                
00005e20  ti_sysbios_family_arm_m3_Hwi_excHookFuncs__C                
00001419  ti_sysbios_family_arm_m3_Hwi_excMemFault__I                 
00003689  ti_sysbios_family_arm_m3_Hwi_excNmi__I                      
00003571  ti_sysbios_family_arm_m3_Hwi_excNoIsr__I                    
00003211  ti_sysbios_family_arm_m3_Hwi_excReserved__I                 
00003479  ti_sysbios_family_arm_m3_Hwi_excSvCall__I                   
000012b1  ti_sysbios_family_arm_m3_Hwi_excUsageFault__I               
000032a1  ti_sysbios_family_arm_m3_Hwi_getStackInfo__E                
000023f9  ti_sysbios_family_arm_m3_Hwi_initNVIC__E                    
00002df1  ti_sysbios_family_arm_m3_Hwi_initStacks__E                  
00005e24  ti_sysbios_family_arm_m3_Hwi_nullIsrFunc__C                 
e000e000  ti_sysbios_family_arm_m3_Hwi_nvic                           
00003ab1  ti_sysbios_family_arm_m3_Hwi_pendSV__I                      
00002639  ti_sysbios_family_arm_m3_Hwi_postInit__I                    
00005e28  ti_sysbios_family_arm_m3_Hwi_priGroup__C                    
20000000  ti_sysbios_family_arm_m3_Hwi_ramVectors                     
00000000  ti_sysbios_family_arm_m3_Hwi_resetVectors                   
00003ad5  ti_sysbios_family_arm_m3_Hwi_return                         
00004279  ti_sysbios_family_arm_m3_Hwi_startup__E                     
00004051  ti_sysbios_family_arm_m3_Hwi_switchFromBootStack__E         
000012ad  ti_sysbios_family_arm_m3_TaskSupport_Module__startupDone__S 
00002525  ti_sysbios_family_arm_m3_TaskSupport_buildTaskStack         
000041e9  ti_sysbios_family_arm_m3_TaskSupport_checkStack__E          
000040c9  ti_sysbios_family_arm_m3_TaskSupport_glue                   
000037f9  ti_sysbios_family_arm_m3_TaskSupport_start__E               
00003f65  ti_sysbios_family_arm_m3_TaskSupport_swap__E                
00006820  ti_sysbios_family_arm_msp432_Timer_Module_State_0_device__A 
0000688c  ti_sysbios_family_arm_msp432_Timer_Module_State_0_handles__A
00003f7d  ti_sysbios_family_arm_msp432_Timer_Module__startupDone__F   
00003f7d  ti_sysbios_family_arm_msp432_Timer_Module__startupDone__S   
0000689c  ti_sysbios_family_arm_msp432_Timer_Module__state__V         
000025b1  ti_sysbios_family_arm_msp432_Timer_Module_startup__E        
00006630  ti_sysbios_family_arm_msp432_Timer_Object__table__V         
000041f9  ti_sysbios_family_arm_msp432_Timer_getMaxTicks__E           
00002e49  ti_sysbios_family_arm_msp432_Timer_initDevice__I            
00005e2c  ti_sysbios_family_arm_msp432_Timer_numTimerDevices__C       
00002039  ti_sysbios_family_arm_msp432_Timer_periodicStub__E          
00003089  ti_sysbios_family_arm_msp432_Timer_start__E                 
00005e30  ti_sysbios_family_arm_msp432_Timer_startupNeeded__C         
00003439  ti_sysbios_family_arm_msp432_Timer_startup__E               
00002ea1  ti_sysbios_family_arm_msp432_init_Boot_configureClocksHigh  
000040d9  ti_sysbios_family_arm_msp432_init_Boot_disableWatchdog      
000041b7  ti_sysbios_family_arm_msp432_init_Boot_init__I              
00003d49  ti_sysbios_family_xxx_Hwi_switchAndRunFunc                  
00003e67  ti_sysbios_gates_GateHwi_Handle__label__S                   
000042c9  ti_sysbios_gates_GateHwi_Instance_init__E                   
00005c10  ti_sysbios_gates_GateHwi_Module__FXNS__C                    
000068bc  ti_sysbios_gates_GateHwi_Module__root__V                    
00005ca0  ti_sysbios_gates_GateHwi_Object__DESC__C                    
00005d60  ti_sysbios_gates_GateHwi_Object__PARAMS__C                  
00003829  ti_sysbios_gates_GateHwi_Object__create__S                  
00003c89  ti_sysbios_gates_GateHwi_Object__delete__S                  
00006910  ti_sysbios_gates_GateHwi_Object__table__V                   
00004209  ti_sysbios_gates_GateHwi_enter__E                           
00004289  ti_sysbios_gates_GateHwi_leave__E                           
000042a9  ti_sysbios_gates_GateHwi_query__E                           
00005e34  ti_sysbios_gates_GateMutex_A_badContext__C                  
00003e81  ti_sysbios_gates_GateMutex_Handle__label__S                 
00005e38  ti_sysbios_gates_GateMutex_Instance_State_sem__O            
000040e9  ti_sysbios_gates_GateMutex_Instance_finalize__E             
00003d69  ti_sysbios_gates_GateMutex_Instance_init__E                 
00005c34  ti_sysbios_gates_GateMutex_Module__FXNS__C                  
00005e3c  ti_sysbios_gates_GateMutex_Module__diagsEnabled__C          
00005e40  ti_sysbios_gates_GateMutex_Module__diagsIncluded__C         
00005e44  ti_sysbios_gates_GateMutex_Module__diagsMask__C             
00005f46  ti_sysbios_gates_GateMutex_Module__id__C                    
000068c4  ti_sysbios_gates_GateMutex_Module__root__V                  
00005cc0  ti_sysbios_gates_GateMutex_Object__DESC__C                  
00005d78  ti_sysbios_gates_GateMutex_Object__PARAMS__C                
00003859  ti_sysbios_gates_GateMutex_Object__create__S                
00003b69  ti_sysbios_gates_GateMutex_Object__delete__S                
0000670c  ti_sysbios_gates_GateMutex_Object__table__V                 
00001ec9  ti_sysbios_gates_GateMutex_enter__E                         
00003f99  ti_sysbios_gates_GateMutex_leave__E                         
000042b1  ti_sysbios_gates_GateMutex_query__E                         
00005e48  ti_sysbios_hal_Hwi_E_stackOverflow__C                       
00003e4d  ti_sysbios_hal_Hwi_HwiProxy_Handle__label__S                
00003f4d  ti_sysbios_hal_Hwi_HwiProxy_Module__startupDone__S          
000031c9  ti_sysbios_hal_Hwi_HwiProxy_enableInterrupt__E              
000032a1  ti_sysbios_hal_Hwi_HwiProxy_getStackInfo__E                 
00004279  ti_sysbios_hal_Hwi_HwiProxy_startup__E                      
00004051  ti_sysbios_hal_Hwi_HwiProxy_switchFromBootStack__E          
00005f48  ti_sysbios_hal_Hwi_Module__id__C                            
00004091  ti_sysbios_hal_Hwi_Module_startup__E                        
000036c1  ti_sysbios_hal_Hwi_checkStack                               
000031c9  ti_sysbios_hal_Hwi_enableInterrupt__E                       
000032a1  ti_sysbios_hal_Hwi_getStackInfo__E                          
00003761  ti_sysbios_hal_Hwi_initStack                                
00004279  ti_sysbios_hal_Hwi_startup__E                               
00004051  ti_sysbios_hal_Hwi_switchFromBootStack__E                   
00005e4c  ti_sysbios_heaps_HeapMem_A_align__C                         
00005e50  ti_sysbios_heaps_HeapMem_A_heapSize__C                      
00005e54  ti_sysbios_heaps_HeapMem_A_invalidFree__C                   
00005e58  ti_sysbios_heaps_HeapMem_A_zeroBlock__C                     
00005e5c  ti_sysbios_heaps_HeapMem_E_memory__C                        
00003e9b  ti_sysbios_heaps_HeapMem_Handle__label__S                   
00005f68  ti_sysbios_heaps_HeapMem_Instance_State_0_buf__A            
00001561  ti_sysbios_heaps_HeapMem_Instance_init__E                   
00003e81  ti_sysbios_heaps_HeapMem_Module_GateProxy_Handle__label__S  
00003b69  ti_sysbios_heaps_HeapMem_Module_GateProxy_Object__delete__S 
00001415  ti_sysbios_heaps_HeapMem_Module_GateProxy_enter__E          
00001e05  ti_sysbios_heaps_HeapMem_Module_GateProxy_leave__E          
000042b1  ti_sysbios_heaps_HeapMem_Module_GateProxy_query__E          
00005be8  ti_sysbios_heaps_HeapMem_Module__FXNS__C                    
00005e60  ti_sysbios_heaps_HeapMem_Module__diagsEnabled__C            
00005e64  ti_sysbios_heaps_HeapMem_Module__diagsIncluded__C           
00005e68  ti_sysbios_heaps_HeapMem_Module__diagsMask__C               
00005e6c  ti_sysbios_heaps_HeapMem_Module__gateObj__C                 
00005f4a  ti_sysbios_heaps_HeapMem_Module__id__C                      
000068cc  ti_sysbios_heaps_HeapMem_Module__root__V                    
00005ce0  ti_sysbios_heaps_HeapMem_Object__DESC__C                    
00005c58  ti_sysbios_heaps_HeapMem_Object__PARAMS__C                  
00005e70  ti_sysbios_heaps_HeapMem_Object__count__C                   
00003889  ti_sysbios_heaps_HeapMem_Object__create__S                  
00003ca9  ti_sysbios_heaps_HeapMem_Object__delete__S                  
00004065  ti_sysbios_heaps_HeapMem_Object__get__S                     
00006874  ti_sysbios_heaps_HeapMem_Object__table__V                   
00000ce9  ti_sysbios_heaps_HeapMem_alloc__E                           
00000a79  ti_sysbios_heaps_HeapMem_free__E                            
000030d9  ti_sysbios_heaps_HeapMem_getStats__E                        
000034b9  ti_sysbios_heaps_HeapMem_init__I                            
00004291  ti_sysbios_heaps_HeapMem_isBlocking__E                      
00005e74  ti_sysbios_heaps_HeapMem_reqAlign__C                        
00005e78  ti_sysbios_knl_Clock_Module_State_clockQ__O                 
000067a8  ti_sysbios_knl_Clock_Module__state__V                       
00003b91  ti_sysbios_knl_Clock_Module_startup__E                      
00003f7d  ti_sysbios_knl_Clock_TimerProxy_Module__startupDone__S      
00001ec5  ti_sysbios_knl_Clock_TimerProxy_getMaxTicks__E              
00003439  ti_sysbios_knl_Clock_TimerProxy_startup__E                  
000039a9  ti_sysbios_knl_Clock_doTick__I                              
000042d1  ti_sysbios_knl_Clock_logTick__E                             
00002739  ti_sysbios_knl_Clock_workFunc__E                            
00005dcc  ti_sysbios_knl_Idle_funcList__A                             
00005dd4  ti_sysbios_knl_Idle_funcList__C                             
00004199  ti_sysbios_knl_Idle_loop__E                                 
00003cc9  ti_sysbios_knl_Idle_run__E                                  
00004299  ti_sysbios_knl_Queue_Instance_init__E                       
000068d4  ti_sysbios_knl_Queue_Module__root__V                        
00005d00  ti_sysbios_knl_Queue_Object__DESC__C                        
00005d90  ti_sysbios_knl_Queue_Object__PARAMS__C                      
00003d85  ti_sysbios_knl_Queue_Object__destruct__S                    
00004215  ti_sysbios_knl_Queue_Object__get__S                         
000039d5  ti_sysbios_knl_Queue_construct                              
00001f7d  ti_sysbios_knl_Queue_destruct                               
000041a9  ti_sysbios_knl_Queue_empty__E                               
00003da1  ti_sysbios_knl_Queue_put__E                                 
00005e7c  ti_sysbios_knl_Semaphore_A_badContext__C                    
00005e80  ti_sysbios_knl_Semaphore_A_noEvents__C                      
00005e84  ti_sysbios_knl_Semaphore_A_overflow__C                      
00005e88  ti_sysbios_knl_Semaphore_A_pendTaskDisabled__C              
00005e8c  ti_sysbios_knl_Semaphore_Instance_State_pendQ__O            
000040f9  ti_sysbios_knl_Semaphore_Instance_finalize__E               
000022c1  ti_sysbios_knl_Semaphore_Instance_init__E                   
00005e90  ti_sysbios_knl_Semaphore_Module__diagsEnabled__C            
00005e94  ti_sysbios_knl_Semaphore_Module__diagsIncluded__C           
00005e98  ti_sysbios_knl_Semaphore_Module__diagsMask__C               
00005f4c  ti_sysbios_knl_Semaphore_Module__id__C                      
000068dc  ti_sysbios_knl_Semaphore_Module__root__V                    
00005d20  ti_sysbios_knl_Semaphore_Object__DESC__C                    
00005c7c  ti_sysbios_knl_Semaphore_Object__PARAMS__C                  
00003ce9  ti_sysbios_knl_Semaphore_Object__destruct__S                
000038b9  ti_sysbios_knl_Semaphore_construct                          
00002035  ti_sysbios_knl_Semaphore_destruct                           
000038e9  ti_sysbios_knl_Semaphore_pendTimeout__I                     
000007c1  ti_sysbios_knl_Semaphore_pend__E                            
00001b91  ti_sysbios_knl_Semaphore_post__E                            
00003eb5  ti_sysbios_knl_Swi_Handle__label__S                         
00006530  ti_sysbios_knl_Swi_Module_State_0_readyQ__A                 
00006840  ti_sysbios_knl_Swi_Module__state__V                         
00003a89  ti_sysbios_knl_Swi_Module_startup__E                        
00005e9c  ti_sysbios_knl_Swi_Object__count__C                         
00004079  ti_sysbios_knl_Swi_Object__get__S                           
00006778  ti_sysbios_knl_Swi_Object__table__V                         
00004109  ti_sysbios_knl_Swi_disable__E                               
000032e9  ti_sysbios_knl_Swi_post__E                                  
00002889  ti_sysbios_knl_Swi_restoreHwi__E                            
000034f9  ti_sysbios_knl_Swi_restore__E                               
00003129  ti_sysbios_knl_Swi_runLoop__I                               
00002b69  ti_sysbios_knl_Swi_run__I                                   
00002bc9  ti_sysbios_knl_Swi_schedule__I                              
000042a1  ti_sysbios_knl_Swi_startup__E                               
00005ea0  ti_sysbios_knl_Task_E_spOutOfBounds__C                      
00005ea4  ti_sysbios_knl_Task_E_stackOverflow__C                      
00003ecf  ti_sysbios_knl_Task_Handle__label__S                        
00006920  ti_sysbios_knl_Task_Instance_State_0_stack__A               
00006914  ti_sysbios_knl_Task_Module_State_0_idleTask__A              
000065b0  ti_sysbios_knl_Task_Module_State_0_readyQ__A                
00005ea8  ti_sysbios_knl_Task_Module_State_inactiveQ__O               
00005f4e  ti_sysbios_knl_Task_Module__id__C                           
000066c8  ti_sysbios_knl_Task_Module__state__V                        
00002c29  ti_sysbios_knl_Task_Module_startup__E                       
00005eac  ti_sysbios_knl_Task_Object__count__C                        
00004119  ti_sysbios_knl_Task_Object__get__S                          
0000667c  ti_sysbios_knl_Task_Object__table__V                        
000012ad  ti_sysbios_knl_Task_SupportProxy_Module__startupDone__S     
000041e9  ti_sysbios_knl_Task_SupportProxy_checkStack__E              
000037f9  ti_sysbios_knl_Task_SupportProxy_start__E                   
00003f65  ti_sysbios_knl_Task_SupportProxy_swap__E                    
00005eb0  ti_sysbios_knl_Task_allBlockedFunc__C                       
00003179  ti_sysbios_knl_Task_allBlockedFunction__I                   
00001f81  ti_sysbios_knl_Task_checkStacks__E                          
00004129  ti_sysbios_knl_Task_disable__E                              
00003dc1  ti_sysbios_knl_Task_enter__I                                
000027a9  ti_sysbios_knl_Task_exit__E                                 
00005eb4  ti_sysbios_knl_Task_numConstructedTasks__C                  
00002491  ti_sysbios_knl_Task_postInit__I                             
000035a9  ti_sysbios_knl_Task_processVitalTaskFlag__I                 
00003bb9  ti_sysbios_knl_Task_restoreHwi__E                           
00003a01  ti_sysbios_knl_Task_restore__E                              
00002b09  ti_sysbios_knl_Task_schedule__I                             
00002c89  ti_sysbios_knl_Task_startCore__E                            
000042b9  ti_sysbios_knl_Task_startup__E                              
00003f71  ti_sysbios_knl_Task_swapReturn                              
00003919  ti_sysbios_knl_Task_unblockI__E                             
00005eb8  xdc_runtime_Assert_E_assertFailed__C                        
00002ef5  xdc_runtime_Assert_raise__I                                 
00005ebc  xdc_runtime_Core_A_initializedParams__C                     
00005ec0  xdc_runtime_Core_Module__diagsEnabled__C                    
00005ec4  xdc_runtime_Core_Module__diagsIncluded__C                   
00005ec8  xdc_runtime_Core_Module__diagsMask__C                       
00005f50  xdc_runtime_Core_Module__id__C                              
000036f5  xdc_runtime_Core_assignLabel__I                             
00003259  xdc_runtime_Core_assignParams__I                            
00001c7d  xdc_runtime_Core_constructObject__I                         
000017b5  xdc_runtime_Core_createObject__I                            
00002a35  xdc_runtime_Core_deleteObject__I                            
00005ecc  xdc_runtime_Error_E_memory__C                               
[...]
00003e15  xdc_runtime_SysMin_exit__E                                  
00003e15  xdc_runtime_System_SupportProxy_exit__E                     
00003e31  xdc_runtime_System_abort__E                                 
00003e4d  ti_sysbios_family_arm_m3_Hwi_Handle__label__S               
00003e4d  ti_sysbios_hal_Hwi_HwiProxy_Handle__label__S                
00003e67  ti_sysbios_gates_GateHwi_Handle__label__S                   
00003e67  xdc_runtime_Main_Module_GateProxy_Handle__label__S          
00003e67  xdc_runtime_System_Module_GateProxy_Handle__label__S        
00003e81  ti_sysbios_BIOS_RtsGateProxy_Handle__label__S               
00003e81  ti_sysbios_gates_GateMutex_Handle__label__S                 
00003e81  ti_sysbios_heaps_HeapMem_Module_GateProxy_Handle__label__S  
00003e9b  ti_sysbios_heaps_HeapMem_Handle__label__S                   
00003e9b  xdc_runtime_Memory_HeapProxy_Handle__label__S               
00003eb5  ti_sysbios_knl_Swi_Handle__label__S                         
00003ecf  ti_sysbios_knl_Task_Handle__label__S                        
00003ee9  xdc_runtime_System_aprintf__E                               
00003f03  xdc_runtime_System_printf__E                                
00003f1d  _args_main                                                  
00003f35  ti_sysbios_BIOS_rtsUnlock__I                                
00003f4d  ti_sysbios_family_arm_m3_Hwi_Module__startupDone__F         
00003f4d  ti_sysbios_family_arm_m3_Hwi_Module__startupDone__S         
00003f4d  ti_sysbios_hal_Hwi_HwiProxy_Module__startupDone__S          
00003f65  ti_sysbios_family_arm_m3_TaskSupport_swap__E                
00003f65  ti_sysbios_knl_Task_SupportProxy_swap__E                    
00003f71  ti_sysbios_knl_Task_swapReturn                              
00003f7d  ti_sysbios_family_arm_msp432_Timer_Module__startupDone__F   
00003f7d  ti_sysbios_family_arm_msp432_Timer_Module__startupDone__S   
00003f7d  ti_sysbios_knl_Clock_TimerProxy_Module__startupDone__S      
00003f99  ti_sysbios_gates_GateMutex_leave__E                         
00003fb1  xdc_runtime_Error_check__E                                  
00003fc9  xdc_runtime_System_exit__E                                  
00003fe1  xdc_runtime_Text_ropeText__E                                
00003ff9  ti_sysbios_BIOS_exitFunc__I                                 
00004011  Power_idleFunc                                              
00004025  strlen                                                      
00004039  ti_sysbios_family_arm_m3_Hwi_Object__get__S                 
00004051  ti_sysbios_family_arm_m3_Hwi_switchFromBootStack__E         
00004051  ti_sysbios_hal_Hwi_HwiProxy_switchFromBootStack__E          
00004051  ti_sysbios_hal_Hwi_switchFromBootStack__E                   
00004065  ti_sysbios_heaps_HeapMem_Object__get__S                     
00004079  ti_sysbios_knl_Swi_Object__get__S                           
00004091  ti_sysbios_hal_Hwi_Module_startup__E                        
000040a3  xdc_runtime_Startup_exec__I                                 
000040b9  ti_sysbios_BIOS_setThreadType__E                            
000040c9  ti_sysbios_family_arm_m3_TaskSupport_glue                   
000040d9  ti_sysbios_family_arm_msp432_init_Boot_disableWatchdog      
000040e9  ti_sysbios_gates_GateMutex_Instance_finalize__E             
000040f9  ti_sysbios_knl_Semaphore_Instance_finalize__E               
00004109  ti_sysbios_knl_Swi_disable__E                               
00004119  ti_sysbios_knl_Task_Object__get__S                          
00004129  ti_sysbios_knl_Task_disable__E                              
00004139  xdc_runtime_Gate_leaveSystem__E                             
00004149  xdc_runtime_Memory_free__E                                  
00004159  xdc_runtime_SysMin_ready__E                                 
00004159  xdc_runtime_System_SupportProxy_ready__E                    
00004169  xdc_runtime_System_vsnprintf__E                             
00004179  xdc_runtime_Text_visitRope__I                               
00004189  __TI_decompress_none                                        
00004199  ti_sysbios_knl_Idle_loop__E                                 
000041a9  ti_sysbios_knl_Queue_empty__E                               
000041b7  ti_sysbios_family_arm_msp432_init_Boot_init__I              
000041b7  xdc_runtime_Startup_reset__I                                
000041c5  _register_lock                                              
000041d1  _register_unlock                                            
000041dd  __TI_zero_init                                              
000041e9  ti_sysbios_family_arm_m3_TaskSupport_checkStack__E          
000041e9  ti_sysbios_knl_Task_SupportProxy_checkStack__E              
000041f9  ti_sysbios_family_arm_msp432_Timer_getMaxTicks__E           
00004209  ti_sysbios_gates_GateHwi_enter__E                           
00004215  ti_sysbios_knl_Queue_Object__get__S                         
00004221  xdc_runtime_Error_init__E                                   
0000422d  xdc_runtime_Gate_enterSystem__E                             
00004239  xdc_runtime_Memory_calloc__E                                
00004245  xdc_runtime_Memory_getMaxDefaultTypeAlign__E                
00004251  xdc_runtime_Startup_rtsDone__E                              
0000425d  xdc_runtime_Memory_HeapProxy_alloc__E                       
00004267  xdc_runtime_Memory_HeapProxy_free__E                        
00004271  ti_sysbios_family_arm_m3_Hwi_doSwiRestore__I                
00004279  ti_sysbios_family_arm_m3_Hwi_startup__E                     
00004279  ti_sysbios_hal_Hwi_HwiProxy_startup__E                      
00004279  ti_sysbios_hal_Hwi_startup__E                               
00004281  ti_sysbios_family_arm_m3_Hwi_doTaskRestore__I               
00004289  ti_sysbios_gates_GateHwi_leave__E                           
00004291  ti_sysbios_heaps_HeapMem_isBlocking__E                      
00004299  ti_sysbios_knl_Queue_Instance_init__E                       
000042a1  ti_sysbios_knl_Swi_startup__E                               
000042a9  ti_sysbios_gates_GateHwi_query__E                           
000042a9  xdc_runtime_Main_Module_GateProxy_query__E                  
000042a9  xdc_runtime_System_Module_GateProxy_query__E                
000042b1  ti_sysbios_BIOS_RtsGateProxy_query__E                       
000042b1  ti_sysbios_gates_GateMutex_query__E                         
000042b1  ti_sysbios_heaps_HeapMem_Module_GateProxy_query__E          
000042b9  ti_sysbios_knl_Task_startup__E                              
000042c1  ti_sysbios_BIOS_linkedWithIncorrectBootLibrary__E           
000042c9  ti_sysbios_gates_GateHwi_Instance_init__E                   
000042d1  ti_sysbios_knl_Clock_logTick__E                             
000042d4  xdc_runtime_Text_charTab__A                                 
00005aef  xdc_runtime_Error_policy__C                                 
00005af0  xdc_runtime_Text_nodeTab__A                                 
00005be8  ti_sysbios_heaps_HeapMem_Module__FXNS__C                    
00005c10  ti_sysbios_gates_GateHwi_Module__FXNS__C                    
00005c34  ti_sysbios_gates_GateMutex_Module__FXNS__C                  
00005c58  ti_sysbios_heaps_HeapMem_Object__PARAMS__C                  
00005c7c  ti_sysbios_knl_Semaphore_Object__PARAMS__C                  
00005ca0  ti_sysbios_gates_GateHwi_Object__DESC__C                    
00005cc0  ti_sysbios_gates_GateMutex_Object__DESC__C                  
00005ce0  ti_sysbios_heaps_HeapMem_Object__DESC__C                    
00005d00  ti_sysbios_knl_Queue_Object__DESC__C                        
00005d20  ti_sysbios_knl_Semaphore_Object__DESC__C                    
00005d40  xdc_runtime_Startup_sfxnTab__A                              
00005d60  ti_sysbios_gates_GateHwi_Object__PARAMS__C                  
00005d78  ti_sysbios_gates_GateMutex_Object__PARAMS__C                
00005d90  ti_sysbios_knl_Queue_Object__PARAMS__C                      
00005da8  xdc_runtime_Startup_sfxnRts__A                              
00005db8  xdc_runtime_Startup_firstFxns__A                            
00005dc4  ti_sysbios_family_arm_m3_Hwi_excHookFuncs__A                
00005dcc  ti_sysbios_knl_Idle_funcList__A                             
00005dd4  ti_sysbios_knl_Idle_funcList__C                             
00005ddc  xdc_runtime_Startup_firstFxns__C                            
00005de4  xdc_runtime_Startup_lastFxns__C                             
00005dec  ti_sysbios_family_arm_m3_Hwi_E_NMI__C                       
00005df0  ti_sysbios_family_arm_m3_Hwi_E_busFault__C                  
00005df4  ti_sysbios_family_arm_m3_Hwi_E_debugMon__C                  
00005df8  ti_sysbios_family_arm_m3_Hwi_E_hardFault__C                 
00005dfc  ti_sysbios_family_arm_m3_Hwi_E_memFault__C                  
00005e00  ti_sysbios_family_arm_m3_Hwi_E_noIsr__C                     
00005e04  ti_sysbios_family_arm_m3_Hwi_E_reserved__C                  
00005e08  ti_sysbios_family_arm_m3_Hwi_E_svCall__C                    
00005e0c  ti_sysbios_family_arm_m3_Hwi_E_usageFault__C                
00005e10  ti_sysbios_family_arm_m3_Hwi_NUM_INTERRUPTS__C              
00005e14  ti_sysbios_family_arm_m3_Hwi_Object__count__C               
00005e18  ti_sysbios_family_arm_m3_Hwi_ccr__C                         
00005e1c  ti_sysbios_family_arm_m3_Hwi_excHandlerFunc__C              
00005e20  ti_sysbios_family_arm_m3_Hwi_excHookFuncs__C                
00005e24  ti_sysbios_family_arm_m3_Hwi_nullIsrFunc__C                 
00005e28  ti_sysbios_family_arm_m3_Hwi_priGroup__C                    
00005e2c  ti_sysbios_family_arm_msp432_Timer_numTimerDevices__C       
00005e30  ti_sysbios_family_arm_msp432_Timer_startupNeeded__C         
00005e34  ti_sysbios_gates_GateMutex_A_badContext__C                  
00005e38  ti_sysbios_gates_GateMutex_Instance_State_sem__O            
00005e3c  ti_sysbios_gates_GateMutex_Module__diagsEnabled__C          
00005e40  ti_sysbios_gates_GateMutex_Module__diagsIncluded__C         
00005e44  ti_sysbios_gates_GateMutex_Module__diagsMask__C             
00005e48  ti_sysbios_hal_Hwi_E_stackOverflow__C                       
00005e4c  ti_sysbios_heaps_HeapMem_A_align__C                         
00005e50  ti_sysbios_heaps_HeapMem_A_heapSize__C                      
00005e54  ti_sysbios_heaps_HeapMem_A_invalidFree__C                   
00005e58  ti_sysbios_heaps_HeapMem_A_zeroBlock__C                     
00005e5c  ti_sysbios_heaps_HeapMem_E_memory__C                        
00005e60  ti_sysbios_heaps_HeapMem_Module__diagsEnabled__C            
00005e64  ti_sysbios_heaps_HeapMem_Module__diagsIncluded__C           
00005e68  ti_sysbios_heaps_HeapMem_Module__diagsMask__C               
00005e6c  ti_sysbios_heaps_HeapMem_Module__gateObj__C                 
00005e70  ti_sysbios_heaps_HeapMem_Object__count__C                   
00005e74  ti_sysbios_heaps_HeapMem_reqAlign__C                        
00005e78  ti_sysbios_knl_Clock_Module_State_clockQ__O                 
00005e7c  ti_sysbios_knl_Semaphore_A_badContext__C                    
00005e80  ti_sysbios_knl_Semaphore_A_noEvents__C                      
00005e84  ti_sysbios_knl_Semaphore_A_overflow__C                      
00005e88  ti_sysbios_knl_Semaphore_A_pendTaskDisabled__C              
00005e8c  ti_sysbios_knl_Semaphore_Instance_State_pendQ__O            
00005e90  ti_sysbios_knl_Semaphore_Module__diagsEnabled__C            
00005e94  ti_sysbios_knl_Semaphore_Module__diagsIncluded__C           
00005e98  ti_sysbios_knl_Semaphore_Module__diagsMask__C               
00005e9c  ti_sysbios_knl_Swi_Object__count__C                         
00005ea0  ti_sysbios_knl_Task_E_spOutOfBounds__C                      
00005ea4  ti_sysbios_knl_Task_E_stackOverflow__C                      
00005ea8  ti_sysbios_knl_Task_Module_State_inactiveQ__O               
00005eac  ti_sysbios_knl_Task_Object__count__C                        
00005eb0  ti_sysbios_knl_Task_allBlockedFunc__C                       
00005eb4  ti_sysbios_knl_Task_numConstructedTasks__C                  
00005eb8  xdc_runtime_Assert_E_assertFailed__C                        
00005ebc  xdc_runtime_Core_A_initializedParams__C                     
00005ec0  xdc_runtime_Core_Module__diagsEnabled__C                    
00005ec4  xdc_runtime_Core_Module__diagsIncluded__C                   
00005ec8  xdc_runtime_Core_Module__diagsMask__C                       
00005ecc  xdc_runtime_Error_E_memory__C                               
00005ed0  xdc_runtime_Error_Module__diagsEnabled__C                   
00005ed4  xdc_runtime_Error_Module__diagsIncluded__C                  
00005ed8  xdc_runtime_Error_Module__diagsMask__C                      
00005edc  xdc_runtime_Error_Module__loggerFxn8__C                     
00005ee0  xdc_runtime_Error_Module__loggerObj__C                      
00005ee4  xdc_runtime_Error_policyFxn__C                              
00005ee8  xdc_runtime_Error_raiseHook__C                              
00005eec  xdc_runtime_IGateProvider_Interface__BASE__C                
00005ef0  xdc_runtime_IHeap_Interface__BASE__C                        
00005ef4  xdc_runtime_IModule_Interface__BASE__C                      
00005ef8  xdc_runtime_Log_L_error__C                                  
00005efc  xdc_runtime_Memory_defaultHeapInstance__C                   
00005f00  xdc_runtime_Startup_execImpl__C                             
00005f04  xdc_runtime_Startup_maxPasses__C                            
00005f08  xdc_runtime_Startup_sfxnRts__C                              
00005f0c  xdc_runtime_Startup_sfxnTab__C                              
00005f10  xdc_runtime_SysMin_bufSize__C                               
00005f14  xdc_runtime_SysMin_outputFunc__C                            
00005f18  xdc_runtime_System_Module__gateObj__C                       
00005f1c  xdc_runtime_System_abortFxn__C                              
00005f20  xdc_runtime_System_exitFxn__C                               
00005f24  xdc_runtime_System_extendFxn__C                             
00005f28  xdc_runtime_System_maxAtexitHandlers__C                     
00005f2c  xdc_runtime_Text_charTab__C                                 
00005f30  xdc_runtime_Text_nameEmpty__C                               
00005f34  xdc_runtime_Text_nameStatic__C                              
00005f38  xdc_runtime_Text_nameUnknown__C                             
00005f3c  xdc_runtime_Text_nodeTab__C                                 
00005f40  xdc_runtime_Text_visitRopeFxn__C                            
00005f44  ti_sysbios_family_arm_m3_Hwi_Module__id__C                  
00005f46  ti_sysbios_gates_GateMutex_Module__id__C                    
00005f48  ti_sysbios_hal_Hwi_Module__id__C                            
00005f4a  ti_sysbios_heaps_HeapMem_Module__id__C                      
00005f4c  ti_sysbios_knl_Semaphore_Module__id__C                      
00005f4e  ti_sysbios_knl_Task_Module__id__C                           
00005f50  xdc_runtime_Core_Module__id__C                              
00005f52  xdc_runtime_Error_Module__loggerDefined__C                  
00005f54  xdc_runtime_Error_maxDepth__C                               
00005f56  xdc_runtime_Memory_Module__id__C                            
00005f58  xdc_runtime_SysMin_flushAtExit__C                           
00005f5a  xdc_runtime_Text_charCnt__C                                 
00005f5c  xdc_runtime_Text_isLoaded__C                                
00005f5e  xdc_runtime_Text_registryModsLastId__C                      
00005f60  xdc_runtime_Text_unnamedModsLastId__C                       
00005f68  ti_sysbios_heaps_HeapMem_Instance_State_0_buf__A            
00006368  ti_sysbios_family_arm_m3_Hwi_dispatchTable                  
000064a8  xdc_runtime_SysMin_Module_State_0_outbuf__A                 
00006528  parmbuf                                                     
00006530  ti_sysbios_knl_Swi_Module_State_0_readyQ__A                 
000065b0  ti_sysbios_knl_Task_Module_State_0_readyQ__A                
00006630  ti_sysbios_family_arm_msp432_Timer_Object__table__V         
0000667c  ti_sysbios_knl_Task_Object__table__V                        
000066c8  ti_sysbios_knl_Task_Module__state__V                        
0000670c  ti_sysbios_gates_GateMutex_Object__table__V                 
00006744  ti_sysbios_family_arm_m3_Hwi_Module__state__V               
00006778  ti_sysbios_knl_Swi_Object__table__V                         
000067a8  ti_sysbios_knl_Clock_Module__state__V                       
000067d4  PowerMSP432_module                                          
000067fc  ti_sysbios_BIOS_Module__state__V                            
00006820  ti_sysbios_family_arm_msp432_Timer_Module_State_0_device__A 
00006840  ti_sysbios_knl_Swi_Module__state__V                         
0000685c  ti_sysbios_family_arm_m3_Hwi_Object__table__V               
00006874  ti_sysbios_heaps_HeapMem_Object__table__V                   
0000688c  ti_sysbios_family_arm_msp432_Timer_Module_State_0_handles__A
0000689c  ti_sysbios_family_arm_msp432_Timer_Module__state__V         
000068a8  xdc_runtime_SysMin_Module__state__V                         
000068b4  _lock                                                       
000068b8  _unlock                                                     
000068bc  ti_sysbios_gates_GateHwi_Module__root__V                    
000068c4  ti_sysbios_gates_GateMutex_Module__root__V                  
000068cc  ti_sysbios_heaps_HeapMem_Module__root__V                    
000068d4  ti_sysbios_knl_Queue_Module__root__V                        
000068dc  ti_sysbios_knl_Semaphore_Module__root__V                    
000068e4  xdc_runtime_Registry_Module__state__V                       
000068ec  xdc_runtime_Startup_Module__state__V                        
000068f4  xdc_runtime_System_Module_State_0_atexitHandlers__A         
000068fc  xdc_runtime_System_Module__state__V                         
00006904  main_func_sp                                                
00006908  ti_sysbios_family_arm_m3_Hwi_Module_State_0_excContext__A   
0000690c  ti_sysbios_family_arm_m3_Hwi_Module_State_0_excStack__A     
00006910  ti_sysbios_gates_GateHwi_Object__table__V                   
00006914  ti_sysbios_knl_Task_Module_State_0_idleTask__A              
00006918  xdc_runtime_Memory_Module__state__V                         
0000691c  ti_sysbios_family_arm_m3_Hwi_Module_State_0_excActive__A    
0000691e  xdc_runtime_Error_Module__state__V                          
00006920  ti_sysbios_knl_Task_Instance_State_0_stack__A               
00006b20  __CIOBUF_                                                   
00006c40  __stack                                                     
00006f40  __STACK_END                                                 
00007018  __TI_Handler_Table_Base                                     
00007024  __TI_Handler_Table_Limit                                    
00007040  __TI_CINIT_Base                                             
00007060  __TI_CINIT_Limit                                            
20000000  ti_sysbios_family_arm_m3_Hwi_ramVectors                     
e000e000  ti_sysbios_family_arm_m3_Hwi_nvic                           
ffffffff  __TI_pprof_out_hndl                                         
ffffffff  __TI_prof_data_size                                         
ffffffff  __TI_prof_data_start                                        
ffffffff  __binit__                                                   
ffffffff  __c_args__                                                  
ffffffff  binit                                                       
UNDEFED   SHT$$INIT_ARRAY$$Base                                       
UNDEFED   SHT$$INIT_ARRAY$$Limit                                      
UNDEFED   main                                                        

[470 symbols]
