<?xml version="1.0" encoding="ISO-8859-1" ?>
<link_info>
   <banner>TI ARM Linker PC v18.1.3.LTS</banner>
   <copyright>Copyright (c) 1996-2017 Texas Instruments Incorporated</copyright>
   <link_time>0x5bb6d857</link_time>
   <link_errors>0x0</link_errors>
   <output_file>Project2B_Peters.out</output_file>
   <entry_point>
      <name>_c_int00_noargs</name>
      <address>0x4045</address>
   </entry_point>
   <input_file_list>
      <input_file id="fl-2">
         <path>.\</path>
         <kind>object</kind>
         <file>main.obj</file>
         <name>main.obj</name>
      </input_file>
      <input_file id="fl-3">
         <path>.\</path>
         <kind>object</kind>
         <file>system_msp432p401r.obj</file>
         <name>system_msp432p401r.obj</name>
      </input_file>
      <input_file id="fl-4">
         <path>.\LcdDriver\</path>
         <kind>object</kind>
         <file>Crystalfontz128x128_ST7735.obj</file>
         <name>Crystalfontz128x128_ST7735.obj</name>
      </input_file>
      <input_file id="fl-5">
         <path>.\LcdDriver\</path>
         <kind>object</kind>
         <file>HAL_MSP_EXP432P401R_Crystalfontz128x128_ST7735.obj</file>
         <name>HAL_MSP_EXP432P401R_Crystalfontz128x128_ST7735.obj</name>
      </input_file>
      <input_file id="fl-6">
         <path>.\ccs\</path>
         <kind>object</kind>
         <file>startup_msp432p401r_ccs.obj</file>
         <name>startup_msp432p401r_ccs.obj</name>
      </input_file>
      <input_file id="fl-11">
         <kind>object</kind>
         <file>&lt;internal&gt;</file>
         <name>&lt;internal&gt;</name>
      </input_file>
      <input_file id="fl-12">
         <path>C:\ti\simplelink_msp432p4_sdk_2_20_00_12\source\ti\grlib\lib\ccs\m4f\</path>
         <kind>archive</kind>
         <file>grlib.a</file>
         <name>circle.obj</name>
      </input_file>
      <input_file id="fl-13">
         <path>C:\ti\simplelink_msp432p4_sdk_2_20_00_12\source\ti\grlib\lib\ccs\m4f\</path>
         <kind>archive</kind>
         <file>grlib.a</file>
         <name>context.obj</name>
      </input_file>
      <input_file id="fl-14">
         <path>C:\ti\simplelink_msp432p4_sdk_2_20_00_12\source\ti\grlib\lib\ccs\m4f\</path>
         <kind>archive</kind>
         <file>grlib.a</file>
         <name>display.obj</name>
      </input_file>
      <input_file id="fl-15">
         <path>C:\ti\simplelink_msp432p4_sdk_2_20_00_12\source\ti\grlib\lib\ccs\m4f\</path>
         <kind>archive</kind>
         <file>grlib.a</file>
         <name>fontfixed6x8.obj</name>
      </input_file>
      <input_file id="fl-16">
         <path>C:\ti\simplelink_msp432p4_sdk_2_20_00_12\source\ti\grlib\lib\ccs\m4f\</path>
         <kind>archive</kind>
         <file>grlib.a</file>
         <name>line.obj</name>
      </input_file>
      <input_file id="fl-17">
         <path>C:\ti\simplelink_msp432p4_sdk_2_20_00_12\source\ti\grlib\lib\ccs\m4f\</path>
         <kind>archive</kind>
         <file>grlib.a</file>
         <name>string.obj</name>
      </input_file>
      <input_file id="fl-18">
         <path>C:\ti\simplelink_msp432p4_sdk_2_20_00_12\source\ti\devices\msp432p4xx\driverlib\ccs\</path>
         <kind>archive</kind>
         <file>msp432p4xx_driverlib.lib</file>
         <name>adc14.o</name>
      </input_file>
      <input_file id="fl-19">
         <path>C:\ti\simplelink_msp432p4_sdk_2_20_00_12\source\ti\devices\msp432p4xx\driverlib\ccs\</path>
         <kind>archive</kind>
         <file>msp432p4xx_driverlib.lib</file>
         <name>gpio.o</name>
      </input_file>
      <input_file id="fl-1a">
         <path>C:\ti\simplelink_msp432p4_sdk_2_20_00_12\source\ti\devices\msp432p4xx\driverlib\ccs\</path>
         <kind>archive</kind>
         <file>msp432p4xx_driverlib.lib</file>
         <name>interrupt.o</name>
      </input_file>
      <input_file id="fl-1b">
         <path>C:\ti\simplelink_msp432p4_sdk_2_20_00_12\source\ti\devices\msp432p4xx\driverlib\ccs\</path>
         <kind>archive</kind>
         <file>msp432p4xx_driverlib.lib</file>
         <name>reset.o</name>
      </input_file>
      <input_file id="fl-1c">
         <path>C:\ti\simplelink_msp432p4_sdk_2_20_00_12\source\ti\devices\msp432p4xx\driverlib\ccs\</path>
         <kind>archive</kind>
         <file>msp432p4xx_driverlib.lib</file>
         <name>spi.o</name>
      </input_file>
      <input_file id="fl-1d">
         <path>C:\ti\simplelink_msp432p4_sdk_2_20_00_12\source\ti\devices\msp432p4xx\driverlib\ccs\</path>
         <kind>archive</kind>
         <file>msp432p4xx_driverlib.lib</file>
         <name>timer_a.o</name>
      </input_file>
      <input_file id="fl-1e">
         <path>C:\ti\simplelink_msp432p4_sdk_2_20_00_12\source\ti\devices\msp432p4xx\driverlib\ccs\</path>
         <kind>archive</kind>
         <file>msp432p4xx_driverlib.lib</file>
         <name>cpu.o</name>
      </input_file>
      <input_file id="fl-d4">
         <path>C:\ti\ccsv8\tools\compiler\ti-cgt-arm_18.1.3.LTS\lib\</path>
         <kind>archive</kind>
         <file>rtsv7M4_T_le_v4SPD16_eabi.lib</file>
         <name>copy_zero_init.c.obj</name>
      </input_file>
      <input_file id="fl-d5">
         <path>C:\ti\ccsv8\tools\compiler\ti-cgt-arm_18.1.3.LTS\lib\</path>
         <kind>archive</kind>
         <file>rtsv7M4_T_le_v4SPD16_eabi.lib</file>
         <name>copy_decompress_none.c.obj</name>
      </input_file>
      <input_file id="fl-d6">
         <path>C:\ti\ccsv8\tools\compiler\ti-cgt-arm_18.1.3.LTS\lib\</path>
         <kind>archive</kind>
         <file>rtsv7M4_T_le_v4SPD16_eabi.lib</file>
         <name>copy_decompress_lzss.c.obj</name>
      </input_file>
      <input_file id="fl-d7">
         <path>C:\ti\ccsv8\tools\compiler\ti-cgt-arm_18.1.3.LTS\lib\</path>
         <kind>archive</kind>
         <file>rtsv7M4_T_le_v4SPD16_eabi.lib</file>
         <name>sprintf.c.obj</name>
      </input_file>
      <input_file id="fl-d8">
         <path>C:\ti\ccsv8\tools\compiler\ti-cgt-arm_18.1.3.LTS\lib\</path>
         <kind>archive</kind>
         <file>rtsv7M4_T_le_v4SPD16_eabi.lib</file>
         <name>strncpy.c.obj</name>
      </input_file>
      <input_file id="fl-d9">
         <path>C:\ti\ccsv8\tools\compiler\ti-cgt-arm_18.1.3.LTS\lib\</path>
         <kind>archive</kind>
         <file>rtsv7M4_T_le_v4SPD16_eabi.lib</file>
         <name>boot_cortex_m.c.obj</name>
      </input_file>
      <input_file id="fl-da">
         <path>C:\ti\ccsv8\tools\compiler\ti-cgt-arm_18.1.3.LTS\lib\</path>
         <kind>archive</kind>
         <file>rtsv7M4_T_le_v4SPD16_eabi.lib</file>
         <name>memset_t2.asm.obj</name>
      </input_file>
      <input_file id="fl-db">
         <path>C:\ti\ccsv8\tools\compiler\ti-cgt-arm_18.1.3.LTS\lib\</path>
         <kind>archive</kind>
         <file>rtsv7M4_T_le_v4SPD16_eabi.lib</file>
         <name>memcpy_t2.asm.obj</name>
      </input_file>
      <input_file id="fl-dc">
         <path>C:\ti\ccsv8\tools\compiler\ti-cgt-arm_18.1.3.LTS\lib\</path>
         <kind>archive</kind>
         <file>rtsv7M4_T_le_v4SPD16_eabi.lib</file>
         <name>autoinit.c.obj</name>
      </input_file>
      <input_file id="fl-dd">
         <path>C:\ti\ccsv8\tools\compiler\ti-cgt-arm_18.1.3.LTS\lib\</path>
         <kind>archive</kind>
         <file>rtsv7M4_T_le_v4SPD16_eabi.lib</file>
         <name>pre_init.c.obj</name>
      </input_file>
      <input_file id="fl-de">
         <path>C:\ti\ccsv8\tools\compiler\ti-cgt-arm_18.1.3.LTS\lib\</path>
         <kind>archive</kind>
         <file>rtsv7M4_T_le_v4SPD16_eabi.lib</file>
         <name>cpy_tbl.c.obj</name>
      </input_file>
      <input_file id="fl-df">
         <path>C:\ti\ccsv8\tools\compiler\ti-cgt-arm_18.1.3.LTS\lib\</path>
         <kind>archive</kind>
         <file>rtsv7M4_T_le_v4SPD16_eabi.lib</file>
         <name>exit.c.obj</name>
      </input_file>
      <input_file id="fl-e0">
         <path>C:\ti\ccsv8\tools\compiler\ti-cgt-arm_18.1.3.LTS\lib\</path>
         <kind>archive</kind>
         <file>rtsv7M4_T_le_v4SPD16_eabi.lib</file>
         <name>_lock.c.obj</name>
      </input_file>
      <input_file id="fl-e1">
         <path>C:\ti\ccsv8\tools\compiler\ti-cgt-arm_18.1.3.LTS\lib\</path>
         <kind>archive</kind>
         <file>rtsv7M4_T_le_v4SPD16_eabi.lib</file>
         <name>_printfi.c.obj</name>
      </input_file>
      <input_file id="fl-e2">
         <path>C:\ti\ccsv8\tools\compiler\ti-cgt-arm_18.1.3.LTS\lib\</path>
         <kind>archive</kind>
         <file>rtsv7M4_T_le_v4SPD16_eabi.lib</file>
         <name>args_main.c.obj</name>
      </input_file>
      <input_file id="fl-e3">
         <path>C:\ti\ccsv8\tools\compiler\ti-cgt-arm_18.1.3.LTS\lib\</path>
         <kind>archive</kind>
         <file>rtsv7M4_T_le_v4SPD16_eabi.lib</file>
         <name>atoi.c.obj</name>
      </input_file>
      <input_file id="fl-e4">
         <path>C:\ti\ccsv8\tools\compiler\ti-cgt-arm_18.1.3.LTS\lib\</path>
         <kind>archive</kind>
         <file>rtsv7M4_T_le_v4SPD16_eabi.lib</file>
         <name>ctype.c.obj</name>
      </input_file>
      <input_file id="fl-e5">
         <path>C:\ti\ccsv8\tools\compiler\ti-cgt-arm_18.1.3.LTS\lib\</path>
         <kind>archive</kind>
         <file>rtsv7M4_T_le_v4SPD16_eabi.lib</file>
         <name>ltoa.c.obj</name>
      </input_file>
      <input_file id="fl-e6">
         <path>C:\ti\ccsv8\tools\compiler\ti-cgt-arm_18.1.3.LTS\lib\</path>
         <kind>archive</kind>
         <file>rtsv7M4_T_le_v4SPD16_eabi.lib</file>
         <name>memccpy.c.obj</name>
      </input_file>
      <input_file id="fl-e7">
         <path>C:\ti\ccsv8\tools\compiler\ti-cgt-arm_18.1.3.LTS\lib\</path>
         <kind>archive</kind>
         <file>rtsv7M4_T_le_v4SPD16_eabi.lib</file>
         <name>strchr.c.obj</name>
      </input_file>
      <input_file id="fl-e8">
         <path>C:\ti\ccsv8\tools\compiler\ti-cgt-arm_18.1.3.LTS\lib\</path>
         <kind>archive</kind>
         <file>rtsv7M4_T_le_v4SPD16_eabi.lib</file>
         <name>strlen.c.obj</name>
      </input_file>
      <input_file id="fl-e9">
         <path>C:\ti\ccsv8\tools\compiler\ti-cgt-arm_18.1.3.LTS\lib\</path>
         <kind>archive</kind>
         <file>rtsv7M4_T_le_v4SPD16_eabi.lib</file>
         <name>errno.c.obj</name>
      </input_file>
      <input_file id="fl-ea">
         <path>C:\ti\ccsv8\tools\compiler\ti-cgt-arm_18.1.3.LTS\lib\</path>
         <kind>archive</kind>
         <file>rtsv7M4_T_le_v4SPD16_eabi.lib</file>
         <name>s_frexp.c.obj</name>
      </input_file>
      <input_file id="fl-eb">
         <path>C:\ti\ccsv8\tools\compiler\ti-cgt-arm_18.1.3.LTS\lib\</path>
         <kind>archive</kind>
         <file>rtsv7M4_T_le_v4SPD16_eabi.lib</file>
         <name>s_scalbn.c.obj</name>
      </input_file>
      <input_file id="fl-ec">
         <path>C:\ti\ccsv8\tools\compiler\ti-cgt-arm_18.1.3.LTS\lib\</path>
         <kind>archive</kind>
         <file>rtsv7M4_T_le_v4SPD16_eabi.lib</file>
         <name>wcslen.c.obj</name>
      </input_file>
      <input_file id="fl-ed">
         <path>C:\ti\ccsv8\tools\compiler\ti-cgt-arm_18.1.3.LTS\lib\</path>
         <kind>archive</kind>
         <file>rtsv7M4_T_le_v4SPD16_eabi.lib</file>
         <name>s_copysign.c.obj</name>
      </input_file>
      <input_file id="fl-ee">
         <path>C:\ti\ccsv8\tools\compiler\ti-cgt-arm_18.1.3.LTS\lib\</path>
         <kind>archive</kind>
         <file>rtsv7M4_T_le_v4SPD16_eabi.lib</file>
         <name>ull_div_t2.asm.obj</name>
      </input_file>
      <input_file id="fl-ef">
         <path>C:\ti\ccsv8\tools\compiler\ti-cgt-arm_18.1.3.LTS\lib\</path>
         <kind>archive</kind>
         <file>rtsv7M4_T_le_v4SPD16_eabi.lib</file>
         <name>fd_add_t2.asm.obj</name>
      </input_file>
      <input_file id="fl-f0">
         <path>C:\ti\ccsv8\tools\compiler\ti-cgt-arm_18.1.3.LTS\lib\</path>
         <kind>archive</kind>
         <file>rtsv7M4_T_le_v4SPD16_eabi.lib</file>
         <name>fd_cmp_t2.asm.obj</name>
      </input_file>
      <input_file id="fl-f1">
         <path>C:\ti\ccsv8\tools\compiler\ti-cgt-arm_18.1.3.LTS\lib\</path>
         <kind>archive</kind>
         <file>rtsv7M4_T_le_v4SPD16_eabi.lib</file>
         <name>fd_div_t2.asm.obj</name>
      </input_file>
      <input_file id="fl-f2">
         <path>C:\ti\ccsv8\tools\compiler\ti-cgt-arm_18.1.3.LTS\lib\</path>
         <kind>archive</kind>
         <file>rtsv7M4_T_le_v4SPD16_eabi.lib</file>
         <name>fd_mul_t2.asm.obj</name>
      </input_file>
      <input_file id="fl-f3">
         <path>C:\ti\ccsv8\tools\compiler\ti-cgt-arm_18.1.3.LTS\lib\</path>
         <kind>archive</kind>
         <file>rtsv7M4_T_le_v4SPD16_eabi.lib</file>
         <name>fd_toi_t2.asm.obj</name>
      </input_file>
      <input_file id="fl-f4">
         <path>C:\ti\ccsv8\tools\compiler\ti-cgt-arm_18.1.3.LTS\lib\</path>
         <kind>archive</kind>
         <file>rtsv7M4_T_le_v4SPD16_eabi.lib</file>
         <name>i_tofd_t2.asm.obj</name>
      </input_file>
      <input_file id="fl-f5">
         <path>C:\ti\ccsv8\tools\compiler\ti-cgt-arm_18.1.3.LTS\lib\</path>
         <kind>archive</kind>
         <file>rtsv7M4_T_le_v4SPD16_eabi.lib</file>
         <name>div0.asm.obj</name>
      </input_file>
   </input_file_list>
   <object_component_list>
      <object_component id="oc-23">
         <name>.intvecs:retain</name>
         <load_address>0x0</load_address>
         <run_address>0x0</run_address>
         <size>0xe4</size>
         <input_file_ref idref="fl-6"/>
      </object_component>
      <object_component id="oc-291">
         <name>.text:__TI_printfi</name>
         <load_address>0xe4</load_address>
         <run_address>0xe4</run_address>
         <size>0xa5e</size>
         <input_file_ref idref="fl-e1"/>
      </object_component>
      <object_component id="oc-1de">
         <name>.text:Graphics_drawString</name>
         <load_address>0xb42</load_address>
         <run_address>0xb42</run_address>
         <size>0x47e</size>
         <input_file_ref idref="fl-17"/>
      </object_component>
      <object_component id="oc-140">
         <name>.text:InitQuestions</name>
         <load_address>0xfc0</load_address>
         <run_address>0xfc0</run_address>
         <size>0x31c</size>
         <input_file_ref idref="fl-2"/>
      </object_component>
      <object_component id="oc-343">
         <name>.text:_pconv_a</name>
         <load_address>0x12dc</load_address>
         <run_address>0x12dc</run_address>
         <size>0x270</size>
         <input_file_ref idref="fl-e1"/>
      </object_component>
      <object_component id="oc-265">
         <name>.text:Graphics_fillCircle</name>
         <load_address>0x154c</load_address>
         <run_address>0x154c</run_address>
         <size>0x22a</size>
         <input_file_ref idref="fl-12"/>
      </object_component>
      <object_component id="oc-3ad">
         <name>.text:Crystalfontz128x128_PixelDrawMultiple</name>
         <load_address>0x1776</load_address>
         <run_address>0x1776</run_address>
         <size>0x1d8</size>
         <input_file_ref idref="fl-4"/>
      </object_component>
      <object_component id="oc-6a">
         <name>.text:Default_Handler</name>
         <load_address>0x194e</load_address>
         <run_address>0x194e</run_address>
         <size>0x2</size>
         <input_file_ref idref="fl-6"/>
      </object_component>
      <object_component id="oc-331">
         <name>.text:_pconv_g</name>
         <load_address>0x1950</load_address>
         <run_address>0x1950</run_address>
         <size>0x1d0</size>
         <input_file_ref idref="fl-e1"/>
      </object_component>
      <object_component id="oc-423">
         <name>.text</name>
         <load_address>0x1b20</load_address>
         <run_address>0x1b20</run_address>
         <size>0x1b6</size>
         <input_file_ref idref="fl-ef"/>
      </object_component>
      <object_component id="oc-4be">
         <name>.text</name>
         <load_address>0x1cd6</load_address>
         <run_address>0x1cd6</run_address>
         <size>0x2</size>
         <input_file_ref idref="fl-f5"/>
      </object_component>
      <object_component id="oc-1a8">
         <name>.text:_getIndexForMemRegister</name>
         <load_address>0x1cd8</load_address>
         <run_address>0x1cd8</run_address>
         <size>0x160</size>
         <input_file_ref idref="fl-18"/>
      </object_component>
      <object_component id="oc-88">
         <name>.text:PORT5_IRQHandler</name>
         <load_address>0x1e38</load_address>
         <run_address>0x1e38</run_address>
         <size>0x150</size>
         <input_file_ref idref="fl-2"/>
      </object_component>
      <object_component id="oc-197">
         <name>.text:privateTimer_AProcessClockSourceDivider</name>
         <load_address>0x1f88</load_address>
         <run_address>0x1f88</run_address>
         <size>0x144</size>
         <input_file_ref idref="fl-1d"/>
      </object_component>
      <object_component id="oc-146">
         <name>.text:InitHardware</name>
         <load_address>0x20cc</load_address>
         <run_address>0x20cc</run_address>
         <size>0x13c</size>
         <input_file_ref idref="fl-2"/>
      </object_component>
      <object_component id="oc-33d">
         <name>.text:_pconv_e</name>
         <load_address>0x2208</load_address>
         <run_address>0x2208</run_address>
         <size>0x13c</size>
         <input_file_ref idref="fl-e1"/>
      </object_component>
      <object_component id="oc-409">
         <name>.text</name>
         <load_address>0x2344</load_address>
         <run_address>0x2344</run_address>
         <size>0x136</size>
         <input_file_ref idref="fl-f1"/>
      </object_component>
      <object_component id="oc-391">
         <name>.text:Crystalfontz128x128_SetDrawFrame</name>
         <load_address>0x247c</load_address>
         <run_address>0x247c</run_address>
         <size>0x134</size>
         <input_file_ref idref="fl-4"/>
      </object_component>
      <object_component id="oc-117">
         <name>.text:CycleIntensity</name>
         <load_address>0x25b0</load_address>
         <run_address>0x25b0</run_address>
         <size>0x130</size>
         <input_file_ref idref="fl-2"/>
      </object_component>
      <object_component id="oc-2b2">
         <name>.text:Crystalfontz128x128_Init</name>
         <load_address>0x26e0</load_address>
         <run_address>0x26e0</run_address>
         <size>0x12c</size>
         <input_file_ref idref="fl-4"/>
      </object_component>
      <object_component id="oc-435">
         <name>.text:fcvt</name>
         <load_address>0x280c</load_address>
         <run_address>0x280c</run_address>
         <size>0x120</size>
         <input_file_ref idref="fl-e1"/>
      </object_component>
      <object_component id="oc-449">
         <name>.text:scalbn</name>
         <load_address>0x292c</load_address>
         <run_address>0x292c</run_address>
         <size>0x110</size>
         <input_file_ref idref="fl-eb"/>
      </object_component>
      <object_component id="oc-404">
         <name>.text</name>
         <load_address>0x2a3c</load_address>
         <run_address>0x2a3c</run_address>
         <size>0xfc</size>
         <input_file_ref idref="fl-f2"/>
      </object_component>
      <object_component id="oc-7c">
         <name>.text:ADC14_IRQHandler</name>
         <load_address>0x2b38</load_address>
         <run_address>0x2b38</run_address>
         <size>0xf4</size>
         <input_file_ref idref="fl-2"/>
      </object_component>
      <object_component id="oc-fe">
         <name>.text:InitADC</name>
         <load_address>0x2c2c</load_address>
         <run_address>0x2c2c</run_address>
         <size>0xc0</size>
         <input_file_ref idref="fl-2"/>
      </object_component>
      <object_component id="oc-326">
         <name>.text:_ltostr</name>
         <load_address>0x2cec</load_address>
         <run_address>0x2cec</run_address>
         <size>0xb1</size>
         <input_file_ref idref="fl-e1"/>
      </object_component>
      <object_component id="oc-484">
         <name>.text:SPI_initMaster</name>
         <load_address>0x2d9e</load_address>
         <run_address>0x2d9e</run_address>
         <size>0xb0</size>
         <input_file_ref idref="fl-1c"/>
      </object_component>
      <object_component id="oc-14c">
         <name>.text:ShowGreeting</name>
         <load_address>0x2e50</load_address>
         <run_address>0x2e50</run_address>
         <size>0xac</size>
         <input_file_ref idref="fl-2"/>
      </object_component>
      <object_component id="oc-3bf">
         <name>.text:Crystalfontz128x128_RectFill</name>
         <load_address>0x2efc</load_address>
         <run_address>0x2efc</run_address>
         <size>0x9c</size>
         <input_file_ref idref="fl-4"/>
      </object_component>
      <object_component id="oc-27d">
         <name>.text:Graphics_drawLineH</name>
         <load_address>0x2f98</load_address>
         <run_address>0x2f98</run_address>
         <size>0x9c</size>
         <input_file_ref idref="fl-16"/>
      </object_component>
      <object_component id="oc-34">
         <name>.text</name>
         <load_address>0x3034</load_address>
         <run_address>0x3034</run_address>
         <size>0x9c</size>
         <input_file_ref idref="fl-db"/>
      </object_component>
      <object_component id="oc-3fd">
         <name>.text</name>
         <load_address>0x30d0</load_address>
         <run_address>0x30d0</run_address>
         <size>0x96</size>
         <input_file_ref idref="fl-ee"/>
      </object_component>
      <object_component id="oc-477">
         <name>.text:GPIO_setAsPeripheralModuleFunctionOutputPin</name>
         <load_address>0x3168</load_address>
         <run_address>0x3168</run_address>
         <size>0x88</size>
         <input_file_ref idref="fl-19"/>
      </object_component>
      <object_component id="oc-32c">
         <name>.text:__aeabi_cdcmple</name>
         <load_address>0x31f0</load_address>
         <run_address>0x31f0</run_address>
         <size>0x86</size>
         <input_file_ref idref="fl-f0"/>
      </object_component>
      <object_component id="oc-40e">
         <name>.text:__aeabi_cdrcmple</name>
         <load_address>0x3276</load_address>
         <run_address>0x3276</run_address>
         <size>0x86</size>
         <input_file_ref idref="fl-f0"/>
      </object_component>
      <object_component id="oc-218">
         <name>.text:BuildQuestion</name>
         <load_address>0x32fc</load_address>
         <run_address>0x32fc</run_address>
         <size>0x7a</size>
         <input_file_ref idref="fl-2"/>
      </object_component>
      <object_component id="oc-f8">
         <name>.text:DisplayQuestion</name>
         <load_address>0x3376</load_address>
         <run_address>0x3376</run_address>
         <size>0x7a</size>
         <input_file_ref idref="fl-2"/>
      </object_component>
      <object_component id="oc-a8">
         <name>.text</name>
         <load_address>0x33f0</load_address>
         <run_address>0x33f0</run_address>
         <size>0x7a</size>
         <input_file_ref idref="fl-da"/>
      </object_component>
      <object_component id="oc-c6">
         <name>.text:SystemInit</name>
         <load_address>0x346c</load_address>
         <run_address>0x346c</run_address>
         <size>0x78</size>
         <input_file_ref idref="fl-3"/>
      </object_component>
      <object_component id="oc-ce">
         <name>.text:Timer_A_generatePWM</name>
         <load_address>0x34e4</load_address>
         <run_address>0x34e4</run_address>
         <size>0x74</size>
         <input_file_ref idref="fl-1d"/>
      </object_component>
      <object_component id="oc-42e">
         <name>.text:_mcpy</name>
         <load_address>0x3558</load_address>
         <run_address>0x3558</run_address>
         <size>0x6e</size>
         <input_file_ref idref="fl-e1"/>
      </object_component>
      <object_component id="oc-b4">
         <name>.text:main</name>
         <load_address>0x35c8</load_address>
         <run_address>0x35c8</run_address>
         <size>0x6c</size>
         <input_file_ref idref="fl-2"/>
      </object_component>
      <object_component id="oc-70">
         <name>.text:SysTick_Handler</name>
         <load_address>0x3634</load_address>
         <run_address>0x3634</run_address>
         <size>0x68</size>
         <input_file_ref idref="fl-2"/>
      </object_component>
      <object_component id="oc-14">
         <name>.text:decompress:lzss:__TI_decompress_lzss</name>
         <load_address>0x369c</load_address>
         <run_address>0x369c</run_address>
         <size>0x68</size>
         <input_file_ref idref="fl-d6"/>
      </object_component>
      <object_component id="oc-82">
         <name>.text:PORT3_IRQHandler</name>
         <load_address>0x3704</load_address>
         <run_address>0x3704</run_address>
         <size>0x64</size>
         <input_file_ref idref="fl-2"/>
      </object_component>
      <object_component id="oc-443">
         <name>.text:frexp</name>
         <load_address>0x3768</load_address>
         <run_address>0x3768</run_address>
         <size>0x64</size>
         <input_file_ref idref="fl-ea"/>
      </object_component>
      <object_component id="oc-3b3">
         <name>.text:Crystalfontz128x128_LineDrawH</name>
         <load_address>0x37cc</load_address>
         <run_address>0x37cc</run_address>
         <size>0x60</size>
         <input_file_ref idref="fl-4"/>
      </object_component>
      <object_component id="oc-3b9">
         <name>.text:Crystalfontz128x128_LineDrawV</name>
         <load_address>0x382c</load_address>
         <run_address>0x382c</run_address>
         <size>0x60</size>
         <input_file_ref idref="fl-4"/>
      </object_component>
      <object_component id="oc-1b7">
         <name>.text:EraseCursor</name>
         <load_address>0x388c</load_address>
         <run_address>0x388c</run_address>
         <size>0x58</size>
         <input_file_ref idref="fl-2"/>
      </object_component>
      <object_component id="oc-21f">
         <name>.text:InitClock</name>
         <load_address>0x38e4</load_address>
         <run_address>0x38e4</run_address>
         <size>0x58</size>
         <input_file_ref idref="fl-2"/>
      </object_component>
      <object_component id="oc-337">
         <name>.text:_pconv_f</name>
         <load_address>0x393c</load_address>
         <run_address>0x393c</run_address>
         <size>0x56</size>
         <input_file_ref idref="fl-e1"/>
      </object_component>
      <object_component id="oc-2b8">
         <name>.text:Crystalfontz128x128_SetOrientation</name>
         <load_address>0x3994</load_address>
         <run_address>0x3994</run_address>
         <size>0x54</size>
         <input_file_ref idref="fl-4"/>
      </object_component>
      <object_component id="oc-418">
         <name>.text:ltoa</name>
         <load_address>0x39e8</load_address>
         <run_address>0x39e8</run_address>
         <size>0x54</size>
         <input_file_ref idref="fl-e5"/>
      </object_component>
      <object_component id="oc-2be">
         <name>.text:Graphics_initContext</name>
         <load_address>0x3a3c</load_address>
         <run_address>0x3a3c</run_address>
         <size>0x52</size>
         <input_file_ref idref="fl-13"/>
      </object_component>
      <object_component id="oc-428">
         <name>.text:_ecpy</name>
         <load_address>0x3a8e</load_address>
         <run_address>0x3a8e</run_address>
         <size>0x52</size>
         <input_file_ref idref="fl-e1"/>
      </object_component>
      <object_component id="oc-11e">
         <name>.text:ShowScore</name>
         <load_address>0x3ae0</load_address>
         <run_address>0x3ae0</run_address>
         <size>0x50</size>
         <input_file_ref idref="fl-2"/>
      </object_component>
      <object_component id="oc-320">
         <name>.text:atoi</name>
         <load_address>0x3b30</load_address>
         <run_address>0x3b30</run_address>
         <size>0x4c</size>
         <input_file_ref idref="fl-e3"/>
      </object_component>
      <object_component id="oc-225">
         <name>.text:InitDisplay</name>
         <load_address>0x3b7c</load_address>
         <run_address>0x3b7c</run_address>
         <size>0x48</size>
         <input_file_ref idref="fl-2"/>
      </object_component>
      <object_component id="oc-76">
         <name>.text:TA1_0_IRQHandler</name>
         <load_address>0x3bc4</load_address>
         <run_address>0x3bc4</run_address>
         <size>0x48</size>
         <input_file_ref idref="fl-2"/>
      </object_component>
      <object_component id="oc-413">
         <name>.text</name>
         <load_address>0x3c0c</load_address>
         <run_address>0x3c0c</run_address>
         <size>0x48</size>
         <input_file_ref idref="fl-f3"/>
      </object_component>
      <object_component id="oc-1c9">
         <name>.text:DrawCursor</name>
         <load_address>0x3c54</load_address>
         <run_address>0x3c54</run_address>
         <size>0x46</size>
         <input_file_ref idref="fl-2"/>
      </object_component>
      <object_component id="oc-e2">
         <name>.text:ChangeSelection</name>
         <load_address>0x3c9c</load_address>
         <run_address>0x3c9c</run_address>
         <size>0x44</size>
         <input_file_ref idref="fl-2"/>
      </object_component>
      <object_component id="oc-164">
         <name>.text:__TI_auto_init_nobinit_nopinit:__TI_auto_init_nobinit_nopinit</name>
         <load_address>0x3ce0</load_address>
         <run_address>0x3ce0</run_address>
         <size>0x44</size>
         <input_file_ref idref="fl-dc"/>
      </object_component>
      <object_component id="oc-10a">
         <name>.text:ChangeColor</name>
         <load_address>0x3d24</load_address>
         <run_address>0x3d24</run_address>
         <size>0x40</size>
         <input_file_ref idref="fl-2"/>
      </object_component>
      <object_component id="oc-3a7">
         <name>.text:Crystalfontz128x128_PixelDraw</name>
         <load_address>0x3d64</load_address>
         <run_address>0x3d64</run_address>
         <size>0x40</size>
         <input_file_ref idref="fl-4"/>
      </object_component>
      <object_component id="oc-47d">
         <name>.text:GPIO_setAsOutputPin</name>
         <load_address>0x3da4</load_address>
         <run_address>0x3da4</run_address>
         <size>0x40</size>
         <input_file_ref idref="fl-19"/>
      </object_component>
      <object_component id="oc-277">
         <name>.text:Graphics_getNumberOfLeadingZeros</name>
         <load_address>0x3de4</load_address>
         <run_address>0x3de4</run_address>
         <size>0x40</size>
         <input_file_ref idref="fl-17"/>
      </object_component>
      <object_component id="oc-373">
         <name>.text:HAL_LCD_SpiInit</name>
         <load_address>0x3e24</load_address>
         <run_address>0x3e24</run_address>
         <size>0x40</size>
         <input_file_ref idref="fl-5"/>
      </object_component>
      <object_component id="oc-4f5">
         <name>.text:is_A_Module</name>
         <load_address>0x3e64</load_address>
         <run_address>0x3e64</run_address>
         <size>0x40</size>
         <input_file_ref idref="fl-1c"/>
      </object_component>
      <object_component id="oc-1f6">
         <name>.text:sprintf</name>
         <load_address>0x3ea4</load_address>
         <run_address>0x3ea4</run_address>
         <size>0x40</size>
         <input_file_ref idref="fl-d7"/>
      </object_component>
      <object_component id="oc-43b">
         <name>.text:_fcpy</name>
         <load_address>0x3ee4</load_address>
         <run_address>0x3ee4</run_address>
         <size>0x3e</size>
         <input_file_ref idref="fl-e1"/>
      </object_component>
      <object_component id="oc-1bd">
         <name>.text:SelectionDown</name>
         <load_address>0x3f24</load_address>
         <run_address>0x3f24</run_address>
         <size>0x3c</size>
         <input_file_ref idref="fl-2"/>
      </object_component>
      <object_component id="oc-1c3">
         <name>.text:SelectionUp</name>
         <load_address>0x3f60</load_address>
         <run_address>0x3f60</run_address>
         <size>0x3c</size>
         <input_file_ref idref="fl-2"/>
      </object_component>
      <object_component id="oc-111">
         <name>.text:GetDutyCycle</name>
         <load_address>0x3f9c</load_address>
         <run_address>0x3f9c</run_address>
         <size>0x38</size>
         <input_file_ref idref="fl-2"/>
      </object_component>
      <object_component id="oc-104">
         <name>.text:GetOption</name>
         <load_address>0x3fd4</load_address>
         <run_address>0x3fd4</run_address>
         <size>0x38</size>
         <input_file_ref idref="fl-2"/>
      </object_component>
      <object_component id="oc-385">
         <name>.text:HAL_LCD_writeCommand</name>
         <load_address>0x400c</load_address>
         <run_address>0x400c</run_address>
         <size>0x38</size>
         <input_file_ref idref="fl-5"/>
      </object_component>
      <object_component id="oc-52">
         <name>.text:_c_int00_noargs:_c_int00_noargs</name>
         <load_address>0x4044</load_address>
         <run_address>0x4044</run_address>
         <size>0x38</size>
         <input_file_ref idref="fl-d9"/>
      </object_component>
      <object_component id="oc-30f">
         <name>.text:Graphics_drawHorizontalLineOnDisplay</name>
         <load_address>0x407c</load_address>
         <run_address>0x407c</run_address>
         <size>0x36</size>
         <input_file_ref idref="fl-14"/>
      </object_component>
      <object_component id="oc-2aa">
         <name>.text:strncpy</name>
         <load_address>0x40b2</load_address>
         <run_address>0x40b2</run_address>
         <size>0x36</size>
         <input_file_ref idref="fl-d8"/>
      </object_component>
      <object_component id="oc-36d">
         <name>.text:HAL_LCD_PortInit</name>
         <load_address>0x40e8</load_address>
         <run_address>0x40e8</run_address>
         <size>0x30</size>
         <input_file_ref idref="fl-5"/>
      </object_component>
      <object_component id="oc-41e">
         <name>.text</name>
         <load_address>0x4118</load_address>
         <run_address>0x4118</run_address>
         <size>0x2e</size>
         <input_file_ref idref="fl-f4"/>
      </object_component>
      <object_component id="oc-3d1">
         <name>.text:Crystalfontz128x128_ClearScreen</name>
         <load_address>0x4148</load_address>
         <run_address>0x4148</run_address>
         <size>0x2c</size>
         <input_file_ref idref="fl-4"/>
      </object_component>
      <object_component id="oc-283">
         <name>.text:Graphics_drawPixelOnDisplay</name>
         <load_address>0x4174</load_address>
         <run_address>0x4174</run_address>
         <size>0x2c</size>
         <input_file_ref idref="fl-14"/>
      </object_component>
      <object_component id="oc-38b">
         <name>.text:HAL_LCD_writeData</name>
         <load_address>0x41a0</load_address>
         <run_address>0x41a0</run_address>
         <size>0x2c</size>
         <input_file_ref idref="fl-5"/>
      </object_component>
      <object_component id="oc-3c5">
         <name>.text:Crystalfontz128x128_ColorTranslate</name>
         <load_address>0x41cc</load_address>
         <run_address>0x41cc</run_address>
         <size>0x28</size>
         <input_file_ref idref="fl-4"/>
      </object_component>
      <object_component id="oc-37f">
         <name>.text:GPIO_setOutputHighOnPin</name>
         <load_address>0x41f4</load_address>
         <run_address>0x41f4</run_address>
         <size>0x28</size>
         <input_file_ref idref="fl-19"/>
      </object_component>
      <object_component id="oc-379">
         <name>.text:GPIO_setOutputLowOnPin</name>
         <load_address>0x421c</load_address>
         <run_address>0x421c</run_address>
         <size>0x28</size>
         <input_file_ref idref="fl-19"/>
      </object_component>
      <object_component id="oc-dc">
         <name>.text:ADC14_getResult</name>
         <load_address>0x4244</load_address>
         <run_address>0x4244</run_address>
         <size>0x1c</size>
         <input_file_ref idref="fl-18"/>
      </object_component>
      <object_component id="oc-48a">
         <name>.text:SPI_enableModule</name>
         <load_address>0x4260</load_address>
         <run_address>0x4260</run_address>
         <size>0x1c</size>
         <input_file_ref idref="fl-1c"/>
      </object_component>
      <object_component id="oc-349">
         <name>.text:memccpy</name>
         <load_address>0x427c</load_address>
         <run_address>0x427c</run_address>
         <size>0x1c</size>
         <input_file_ref idref="fl-e6"/>
      </object_component>
      <object_component id="oc-26f">
         <name>.text:Graphics_clearDisplayOnDisplay</name>
         <load_address>0x4298</load_address>
         <run_address>0x4298</run_address>
         <size>0x1a</size>
         <input_file_ref idref="fl-14"/>
      </object_component>
      <object_component id="oc-2c4">
         <name>.text:Graphics_setBackgroundColor</name>
         <load_address>0x42b2</load_address>
         <run_address>0x42b2</run_address>
         <size>0x1a</size>
         <input_file_ref idref="fl-13"/>
      </object_component>
      <object_component id="oc-2ca">
         <name>.text:Graphics_setFont</name>
         <load_address>0x42cc</load_address>
         <run_address>0x42cc</run_address>
         <size>0x1a</size>
         <input_file_ref idref="fl-13"/>
      </object_component>
      <object_component id="oc-297">
         <name>.text:_outs</name>
         <load_address>0x42e6</load_address>
         <run_address>0x42e6</run_address>
         <size>0x18</size>
         <input_file_ref idref="fl-d7"/>
      </object_component>
      <object_component id="oc-4fd">
         <name>.text:EUSCI_A_SPI_enable</name>
         <load_address>0x42fe</load_address>
         <run_address>0x42fe</run_address>
         <size>0x16</size>
         <input_file_ref idref="fl-1c"/>
      </object_component>
      <object_component id="oc-503">
         <name>.text:EUSCI_B_SPI_enable</name>
         <load_address>0x4314</load_address>
         <run_address>0x4314</run_address>
         <size>0x16</size>
         <input_file_ref idref="fl-1c"/>
      </object_component>
      <object_component id="oc-25f">
         <name>.text:Graphics_setForegroundColor</name>
         <load_address>0x432a</load_address>
         <run_address>0x432a</run_address>
         <size>0x16</size>
         <input_file_ref idref="fl-13"/>
      </object_component>
      <object_component id="oc-301">
         <name>.text:Graphics_translateColorOnDisplay</name>
         <load_address>0x4340</load_address>
         <run_address>0x4340</run_address>
         <size>0x16</size>
         <input_file_ref idref="fl-14"/>
      </object_component>
      <object_component id="oc-44f">
         <name>.text:strchr</name>
         <load_address>0x4356</load_address>
         <run_address>0x4356</run_address>
         <size>0x16</size>
         <input_file_ref idref="fl-e7"/>
      </object_component>
      <object_component id="oc-f1">
         <name>.text:ResetCtl_initiateSoftReset</name>
         <load_address>0x436c</load_address>
         <run_address>0x436c</run_address>
         <size>0x14</size>
         <input_file_ref idref="fl-1b"/>
      </object_component>
      <object_component id="oc-4d7">
         <name>.text:copysign</name>
         <load_address>0x4380</load_address>
         <run_address>0x4380</run_address>
         <size>0x14</size>
         <input_file_ref idref="fl-ed"/>
      </object_component>
      <object_component id="oc-31a">
         <name>.text:strlen</name>
         <load_address>0x4394</load_address>
         <run_address>0x4394</run_address>
         <size>0x14</size>
         <input_file_ref idref="fl-e8"/>
      </object_component>
      <object_component id="oc-1d8">
         <name>.text:Graphics_clearDisplay</name>
         <load_address>0x43a8</load_address>
         <run_address>0x43a8</run_address>
         <size>0x12</size>
         <input_file_ref idref="fl-13"/>
      </object_component>
      <object_component id="oc-40">
         <name>.text:decompress:ZI:__TI_zero_init_nomemset:__TI_zero_init_nomemset</name>
         <load_address>0x43ba</load_address>
         <run_address>0x43ba</run_address>
         <size>0x12</size>
         <input_file_ref idref="fl-d4"/>
      </object_component>
      <object_component id="oc-34f">
         <name>.text:wcslen</name>
         <load_address>0x43cc</load_address>
         <run_address>0x43cc</run_address>
         <size>0x12</size>
         <input_file_ref idref="fl-ec"/>
      </object_component>
      <object_component id="oc-1a">
         <name>.text:decompress:none:__TI_decompress_none</name>
         <load_address>0x43de</load_address>
         <run_address>0x43de</run_address>
         <size>0xe</size>
         <input_file_ref idref="fl-d5"/>
      </object_component>
      <object_component id="oc-64">
         <name>.text:Reset_Handler</name>
         <load_address>0x43ec</load_address>
         <run_address>0x43ec</run_address>
         <size>0xc</size>
         <input_file_ref idref="fl-6"/>
      </object_component>
      <object_component id="oc-3cb">
         <name>.text:Crystalfontz128x128_Flush</name>
         <load_address>0x43f8</load_address>
         <run_address>0x43f8</run_address>
         <size>0xa</size>
         <input_file_ref idref="fl-4"/>
      </object_component>
      <object_component id="oc-29d">
         <name>.text:_outc</name>
         <load_address>0x4402</load_address>
         <run_address>0x4402</run_address>
         <size>0xa</size>
         <input_file_ref idref="fl-d7"/>
      </object_component>
      <object_component id="oc-355">
         <name>.text:__aeabi_errno_addr</name>
         <load_address>0x440c</load_address>
         <run_address>0x440c</run_address>
         <size>0x8</size>
         <input_file_ref idref="fl-e9"/>
      </object_component>
      <object_component id="oc-ae">
         <name>.text:_system_pre_init</name>
         <load_address>0x4414</load_address>
         <run_address>0x4414</run_address>
         <size>0x4</size>
         <input_file_ref idref="fl-dd"/>
      </object_component>
      <object_component id="oc-158">
         <name>.text:abort:abort</name>
         <load_address>0x4418</load_address>
         <run_address>0x4418</run_address>
         <size>0x4</size>
         <input_file_ref idref="fl-df"/>
      </object_component>
      <object_component id="oc-3d9">
         <name>.const:.string:g_pucFontFixed6x8Data</name>
         <load_address>0x441c</load_address>
         <run_address>0x441c</run_address>
         <size>0x2f8</size>
         <input_file_ref idref="fl-15"/>
      </object_component>
      <object_component id="oc-3f8">
         <name>.const:.string:_ctypes_</name>
         <load_address>0x4714</load_address>
         <run_address>0x4714</run_address>
         <size>0x101</size>
         <input_file_ref idref="fl-e4"/>
      </object_component>
      <object_component id="oc-2d6">
         <name>.const:g_sFontFixed6x8</name>
         <load_address>0x4818</load_address>
         <run_address>0x4818</run_address>
         <size>0xc8</size>
         <input_file_ref idref="fl-15"/>
      </object_component>
      <object_component id="oc-1ae">
         <name>.const:_ctlRegs</name>
         <load_address>0x48e0</load_address>
         <run_address>0x48e0</run_address>
         <size>0x80</size>
         <input_file_ref idref="fl-18"/>
      </object_component>
      <object_component id="oc-499">
         <name>.const:GPIO_PORT_TO_BASE</name>
         <load_address>0x4960</load_address>
         <run_address>0x4960</run_address>
         <size>0x30</size>
         <input_file_ref idref="fl-19"/>
      </object_component>
      <object_component id="oc-2d3">
         <name>.const:g_sCrystalfontz128x128_funcs</name>
         <load_address>0x4990</load_address>
         <run_address>0x4990</run_address>
         <size>0x20</size>
         <input_file_ref idref="fl-4"/>
      </object_component>
      <object_component id="oc-490">
         <name>.const:$P$T0$1</name>
         <load_address>0x49b0</load_address>
         <run_address>0x49b0</run_address>
         <size>0x1c</size>
         <input_file_ref idref="fl-5"/>
      </object_component>
      <object_component id="oc-22e">
         <name>.const:upConfig</name>
         <load_address>0x49cc</load_address>
         <run_address>0x49cc</run_address>
         <size>0x18</size>
         <input_file_ref idref="fl-2"/>
      </object_component>
      <object_component id="oc-4af">
         <name>.const:$P$T0$1</name>
         <load_address>0x49e4</load_address>
         <run_address>0x49e4</run_address>
         <size>0x8</size>
         <input_file_ref idref="fl-4"/>
      </object_component>
      <object_component id="oc-22b">
         <name>.const:.string:portP2_mapping</name>
         <load_address>0x49ec</load_address>
         <run_address>0x49ec</run_address>
         <size>0x8</size>
         <input_file_ref idref="fl-2"/>
      </object_component>
      <object_component id="oc-55b">
         <name>.cinit..data.load</name>
         <load_address>0x49f8</load_address>
         <run_address>0x49f8</run_address>
         <size>0x41</size>
      </object_component>
      <object_component id="oc-559">
         <name>__TI_handler_table</name>
         <load_address>0x4a3c</load_address>
         <run_address>0x4a3c</run_address>
         <size>0xc</size>
      </object_component>
      <object_component id="oc-55c">
         <name>.cinit..bss.load</name>
         <load_address>0x4a48</load_address>
         <run_address>0x4a48</run_address>
         <size>0x8</size>
      </object_component>
      <object_component id="oc-55a">
         <name>__TI_cinit_table</name>
         <load_address>0x4a50</load_address>
         <run_address>0x4a50</run_address>
         <size>0x10</size>
      </object_component>
      <object_component id="oc-52e">
         <name>.binit</name>
         <load_address>0x0</load_address>
         <run_address>0x0</run_address>
         <size>0x0</size>
      </object_component>
      <object_component id="oc-1ed">
         <name>.data:redPWMConfig</name>
         <load_address>0x20000408</load_address>
         <run_address>0x20000408</run_address>
         <size>0x18</size>
         <input_file_ref idref="fl-2"/>
      </object_component>
      <object_component id="oc-1f0">
         <name>.data:greenPWMConfig</name>
         <load_address>0x200003f0</load_address>
         <run_address>0x200003f0</run_address>
         <size>0x18</size>
         <input_file_ref idref="fl-2"/>
      </object_component>
      <object_component id="oc-1f3">
         <name>.data:bluePWMConfig</name>
         <load_address>0x200003c0</load_address>
         <run_address>0x200003c0</run_address>
         <size>0x18</size>
         <input_file_ref idref="fl-2"/>
      </object_component>
      <object_component id="oc-d7">
         <name>.data:buzzerPWMConfig</name>
         <load_address>0x200003d8</load_address>
         <run_address>0x200003d8</run_address>
         <size>0x18</size>
         <input_file_ref idref="fl-2"/>
      </object_component>
      <object_component id="oc-d4">
         <name>.data</name>
         <load_address>0x2000039c</load_address>
         <run_address>0x2000039c</run_address>
         <size>0x23</size>
         <input_file_ref idref="fl-2"/>
      </object_component>
      <object_component id="oc-2d0">
         <name>.data:g_sCrystalfontz128x128</name>
         <load_address>0x20000420</load_address>
         <run_address>0x20000420</run_address>
         <size>0x10</size>
         <input_file_ref idref="fl-4"/>
      </object_component>
      <object_component id="oc-45f">
         <name>.data</name>
         <load_address>0x20000430</load_address>
         <run_address>0x20000430</run_address>
         <size>0x4</size>
         <input_file_ref idref="fl-e9"/>
      </object_component>
      <object_component id="oc-e8">
         <name>.bss:resultsBuffer</name>
         <uninitialized>true</uninitialized>
         <run_address>0x2000038c</run_address>
         <size>0x4</size>
         <input_file_ref idref="fl-2"/>
      </object_component>
      <object_component id="oc-124">
         <name>.common:questions</name>
         <uninitialized>true</uninitialized>
         <run_address>0x20000000</run_address>
         <size>0x370</size>
      </object_component>
      <object_component id="oc-127">
         <name>.common:g_sContext</name>
         <uninitialized>true</uninitialized>
         <run_address>0x20000370</run_address>
         <size>0x1c</size>
      </object_component>
      <object_component id="oc-3a0">
         <name>.common:Lcd_Orientation</name>
         <uninitialized>true</uninitialized>
         <run_address>0x20000398</run_address>
         <size>0x1</size>
      </object_component>
      <object_component id="oc-397">
         <name>.common:Lcd_ScreenWidth</name>
         <uninitialized>true</uninitialized>
         <run_address>0x20000392</run_address>
         <size>0x2</size>
      </object_component>
      <object_component id="oc-39a">
         <name>.common:Lcd_ScreenHeigth</name>
         <uninitialized>true</uninitialized>
         <run_address>0x20000390</run_address>
         <size>0x2</size>
      </object_component>
      <object_component id="oc-39b">
         <name>.common:Lcd_PenSolid</name>
         <uninitialized>true</uninitialized>
         <run_address>0x20000399</run_address>
         <size>0x1</size>
      </object_component>
      <object_component id="oc-39c">
         <name>.common:Lcd_FontSolid</name>
         <uninitialized>true</uninitialized>
         <run_address>0x20000397</run_address>
         <size>0x1</size>
      </object_component>
      <object_component id="oc-39d">
         <name>.common:Lcd_FlagRead</name>
         <uninitialized>true</uninitialized>
         <run_address>0x20000396</run_address>
         <size>0x1</size>
      </object_component>
      <object_component id="oc-39e">
         <name>.common:Lcd_TouchTrim</name>
         <uninitialized>true</uninitialized>
         <run_address>0x20000394</run_address>
         <size>0x2</size>
      </object_component>
      <object_component id="oc-26">
         <name>.stack</name>
         <uninitialized>true</uninitialized>
         <run_address>0x2000fe00</run_address>
         <size>0x4</size>
         <input_file_ref idref="fl-d9"/>
      </object_component>
      <object_component id="oc-55d">
         <name>.stack</name>
         <uninitialized>true</uninitialized>
         <run_address>0x2000fe00</run_address>
         <size>0x0</size>
      </object_component>
      <object_component id="oc-125">
         <name>.debug_info</name>
         <load_address>0x0</load_address>
         <run_address>0x0</run_address>
         <size>0xbcf</size>
         <input_file_ref idref="fl-2"/>
      </object_component>
      <object_component id="oc-22c">
         <name>.debug_info</name>
         <load_address>0xbcf</load_address>
         <run_address>0xbcf</run_address>
         <size>0xef</size>
         <input_file_ref idref="fl-2"/>
      </object_component>
      <object_component id="oc-22f">
         <name>.debug_info</name>
         <load_address>0xcbe</load_address>
         <run_address>0xcbe</run_address>
         <size>0xe3</size>
         <input_file_ref idref="fl-2"/>
      </object_component>
      <object_component id="oc-1ee">
         <name>.debug_info</name>
         <load_address>0xda1</load_address>
         <run_address>0xda1</run_address>
         <size>0xeb</size>
         <input_file_ref idref="fl-2"/>
      </object_component>
      <object_component id="oc-1f1">
         <name>.debug_info</name>
         <load_address>0xe8c</load_address>
         <run_address>0xe8c</run_address>
         <size>0xef</size>
         <input_file_ref idref="fl-2"/>
      </object_component>
      <object_component id="oc-1f4">
         <name>.debug_info</name>
         <load_address>0xf7b</load_address>
         <run_address>0xf7b</run_address>
         <size>0xed</size>
         <input_file_ref idref="fl-2"/>
      </object_component>
      <object_component id="oc-d8">
         <name>.debug_info</name>
         <load_address>0x1068</load_address>
         <run_address>0x1068</run_address>
         <size>0xf1</size>
         <input_file_ref idref="fl-2"/>
      </object_component>
      <object_component id="oc-d5">
         <name>.debug_info</name>
         <load_address>0x1159</load_address>
         <run_address>0x1159</run_address>
         <size>0x2e2</size>
         <input_file_ref idref="fl-2"/>
      </object_component>
      <object_component id="oc-e9">
         <name>.debug_info</name>
         <load_address>0x143b</load_address>
         <run_address>0x143b</run_address>
         <size>0xec</size>
         <input_file_ref idref="fl-2"/>
      </object_component>
      <object_component id="oc-10b">
         <name>.debug_info</name>
         <load_address>0x1527</load_address>
         <run_address>0x1527</run_address>
         <size>0x116</size>
         <input_file_ref idref="fl-2"/>
      </object_component>
      <object_component id="oc-118">
         <name>.debug_info</name>
         <load_address>0x163d</load_address>
         <run_address>0x163d</run_address>
         <size>0x185</size>
         <input_file_ref idref="fl-2"/>
      </object_component>
      <object_component id="oc-219">
         <name>.debug_info</name>
         <load_address>0x17c2</load_address>
         <run_address>0x17c2</run_address>
         <size>0x28f</size>
         <input_file_ref idref="fl-2"/>
      </object_component>
      <object_component id="oc-105">
         <name>.debug_info</name>
         <load_address>0x1a51</load_address>
         <run_address>0x1a51</run_address>
         <size>0x1cd</size>
         <input_file_ref idref="fl-2"/>
      </object_component>
      <object_component id="oc-f9">
         <name>.debug_info</name>
         <load_address>0x1c1e</load_address>
         <run_address>0x1c1e</run_address>
         <size>0x27a</size>
         <input_file_ref idref="fl-2"/>
      </object_component>
      <object_component id="oc-1ca">
         <name>.debug_info</name>
         <load_address>0x1e98</load_address>
         <run_address>0x1e98</run_address>
         <size>0x22d</size>
         <input_file_ref idref="fl-2"/>
      </object_component>
      <object_component id="oc-1b8">
         <name>.debug_info</name>
         <load_address>0x20c5</load_address>
         <run_address>0x20c5</run_address>
         <size>0x277</size>
         <input_file_ref idref="fl-2"/>
      </object_component>
      <object_component id="oc-b5">
         <name>.debug_info</name>
         <load_address>0x233c</load_address>
         <run_address>0x233c</run_address>
         <size>0x16e</size>
         <input_file_ref idref="fl-2"/>
      </object_component>
      <object_component id="oc-147">
         <name>.debug_info</name>
         <load_address>0x24aa</load_address>
         <run_address>0x24aa</run_address>
         <size>0x1f5</size>
         <input_file_ref idref="fl-2"/>
      </object_component>
      <object_component id="oc-220">
         <name>.debug_info</name>
         <load_address>0x269f</load_address>
         <run_address>0x269f</run_address>
         <size>0x132</size>
         <input_file_ref idref="fl-2"/>
      </object_component>
      <object_component id="oc-226">
         <name>.debug_info</name>
         <load_address>0x27d1</load_address>
         <run_address>0x27d1</run_address>
         <size>0x1f0</size>
         <input_file_ref idref="fl-2"/>
      </object_component>
      <object_component id="oc-ff">
         <name>.debug_info</name>
         <load_address>0x29c1</load_address>
         <run_address>0x29c1</run_address>
         <size>0x169</size>
         <input_file_ref idref="fl-2"/>
      </object_component>
      <object_component id="oc-141">
         <name>.debug_info</name>
         <load_address>0x2b2a</load_address>
         <run_address>0x2b2a</run_address>
         <size>0x1e2</size>
         <input_file_ref idref="fl-2"/>
      </object_component>
      <object_component id="oc-14d">
         <name>.debug_info</name>
         <load_address>0x2d0c</load_address>
         <run_address>0x2d0c</run_address>
         <size>0x180</size>
         <input_file_ref idref="fl-2"/>
      </object_component>
      <object_component id="oc-112">
         <name>.debug_info</name>
         <load_address>0x2e8c</load_address>
         <run_address>0x2e8c</run_address>
         <size>0x11c</size>
         <input_file_ref idref="fl-2"/>
      </object_component>
      <object_component id="oc-e3">
         <name>.debug_info</name>
         <load_address>0x2fa8</load_address>
         <run_address>0x2fa8</run_address>
         <size>0x167</size>
         <input_file_ref idref="fl-2"/>
      </object_component>
      <object_component id="oc-1be">
         <name>.debug_info</name>
         <load_address>0x310f</load_address>
         <run_address>0x310f</run_address>
         <size>0x11a</size>
         <input_file_ref idref="fl-2"/>
      </object_component>
      <object_component id="oc-1c4">
         <name>.debug_info</name>
         <load_address>0x3229</load_address>
         <run_address>0x3229</run_address>
         <size>0x116</size>
         <input_file_ref idref="fl-2"/>
      </object_component>
      <object_component id="oc-11f">
         <name>.debug_info</name>
         <load_address>0x333f</load_address>
         <run_address>0x333f</run_address>
         <size>0x16c</size>
         <input_file_ref idref="fl-2"/>
      </object_component>
      <object_component id="oc-83">
         <name>.debug_info</name>
         <load_address>0x34ab</load_address>
         <run_address>0x34ab</run_address>
         <size>0x173</size>
         <input_file_ref idref="fl-2"/>
      </object_component>
      <object_component id="oc-89">
         <name>.debug_info</name>
         <load_address>0x361e</load_address>
         <run_address>0x361e</run_address>
         <size>0x215</size>
         <input_file_ref idref="fl-2"/>
      </object_component>
      <object_component id="oc-77">
         <name>.debug_info</name>
         <load_address>0x3833</load_address>
         <run_address>0x3833</run_address>
         <size>0x127</size>
         <input_file_ref idref="fl-2"/>
      </object_component>
      <object_component id="oc-7d">
         <name>.debug_info</name>
         <load_address>0x395a</load_address>
         <run_address>0x395a</run_address>
         <size>0x1c6</size>
         <input_file_ref idref="fl-2"/>
      </object_component>
      <object_component id="oc-71">
         <name>.debug_info</name>
         <load_address>0x3b20</load_address>
         <run_address>0x3b20</run_address>
         <size>0x146</size>
         <input_file_ref idref="fl-2"/>
      </object_component>
      <object_component id="oc-1e7">
         <name>.debug_info</name>
         <load_address>0x3c66</load_address>
         <run_address>0x3c66</run_address>
         <size>0xd0</size>
         <input_file_ref idref="fl-2"/>
      </object_component>
      <object_component id="oc-1ff">
         <name>.debug_info</name>
         <load_address>0x3d36</load_address>
         <run_address>0x3d36</run_address>
         <size>0xcb</size>
         <input_file_ref idref="fl-2"/>
      </object_component>
      <object_component id="oc-12b">
         <name>.debug_info</name>
         <load_address>0x3e01</load_address>
         <run_address>0x3e01</run_address>
         <size>0x26b</size>
         <input_file_ref idref="fl-2"/>
      </object_component>
      <object_component id="oc-209">
         <name>.debug_info</name>
         <load_address>0x406c</load_address>
         <run_address>0x406c</run_address>
         <size>0x1055</size>
         <input_file_ref idref="fl-2"/>
      </object_component>
      <object_component id="oc-204">
         <name>.debug_info</name>
         <load_address>0x50c1</load_address>
         <run_address>0x50c1</run_address>
         <size>0x37e2</size>
         <input_file_ref idref="fl-2"/>
      </object_component>
      <object_component id="oc-20e">
         <name>.debug_info</name>
         <load_address>0x88a3</load_address>
         <run_address>0x88a3</run_address>
         <size>0x439</size>
         <input_file_ref idref="fl-2"/>
      </object_component>
      <object_component id="oc-1a3">
         <name>.debug_info</name>
         <load_address>0x8cdc</load_address>
         <run_address>0x8cdc</run_address>
         <size>0x341</size>
         <input_file_ref idref="fl-2"/>
      </object_component>
      <object_component id="oc-153">
         <name>.debug_info</name>
         <load_address>0x901d</load_address>
         <run_address>0x901d</run_address>
         <size>0x8b</size>
         <input_file_ref idref="fl-2"/>
      </object_component>
      <object_component id="oc-1d2">
         <name>.debug_info</name>
         <load_address>0x90a8</load_address>
         <run_address>0x90a8</run_address>
         <size>0x297</size>
         <input_file_ref idref="fl-2"/>
      </object_component>
      <object_component id="oc-1b2">
         <name>.debug_info</name>
         <load_address>0x933f</load_address>
         <run_address>0x933f</run_address>
         <size>0xef</size>
         <input_file_ref idref="fl-2"/>
      </object_component>
      <object_component id="oc-ec">
         <name>.debug_info</name>
         <load_address>0x942e</load_address>
         <run_address>0x942e</run_address>
         <size>0xbb</size>
         <input_file_ref idref="fl-2"/>
      </object_component>
      <object_component id="oc-213">
         <name>.debug_info</name>
         <load_address>0x94e9</load_address>
         <run_address>0x94e9</run_address>
         <size>0xcc</size>
         <input_file_ref idref="fl-2"/>
      </object_component>
      <object_component id="oc-2a5">
         <name>.debug_info</name>
         <load_address>0x95b5</load_address>
         <run_address>0x95b5</run_address>
         <size>0x2c</size>
         <input_file_ref idref="fl-2"/>
      </object_component>
      <object_component id="oc-494">
         <name>.debug_info</name>
         <load_address>0x95e1</load_address>
         <run_address>0x95e1</run_address>
         <size>0x131</size>
         <input_file_ref idref="fl-2"/>
      </object_component>
      <object_component id="oc-ca">
         <name>.debug_info</name>
         <load_address>0x9712</load_address>
         <run_address>0x9712</run_address>
         <size>0x13e</size>
         <input_file_ref idref="fl-3"/>
      </object_component>
      <object_component id="oc-2f">
         <name>.debug_info</name>
         <load_address>0x9850</load_address>
         <run_address>0x9850</run_address>
         <size>0x84</size>
         <input_file_ref idref="fl-3"/>
      </object_component>
      <object_component id="oc-398">
         <name>.debug_info</name>
         <load_address>0x98d4</load_address>
         <run_address>0x98d4</run_address>
         <size>0x93c</size>
         <input_file_ref idref="fl-4"/>
      </object_component>
      <object_component id="oc-2d1">
         <name>.debug_info</name>
         <load_address>0xa210</load_address>
         <run_address>0xa210</run_address>
         <size>0x120</size>
         <input_file_ref idref="fl-4"/>
      </object_component>
      <object_component id="oc-2d4">
         <name>.debug_info</name>
         <load_address>0xa330</load_address>
         <run_address>0xa330</run_address>
         <size>0x12c</size>
         <input_file_ref idref="fl-4"/>
      </object_component>
      <object_component id="oc-4b0">
         <name>.debug_info</name>
         <load_address>0xa45c</load_address>
         <run_address>0xa45c</run_address>
         <size>0x101</size>
         <input_file_ref idref="fl-4"/>
      </object_component>
      <object_component id="oc-2b3">
         <name>.debug_info</name>
         <load_address>0xa55d</load_address>
         <run_address>0xa55d</run_address>
         <size>0x3f3</size>
         <input_file_ref idref="fl-4"/>
      </object_component>
      <object_component id="oc-392">
         <name>.debug_info</name>
         <load_address>0xa950</load_address>
         <run_address>0xa950</run_address>
         <size>0x2ff</size>
         <input_file_ref idref="fl-4"/>
      </object_component>
      <object_component id="oc-2b9">
         <name>.debug_info</name>
         <load_address>0xac4f</load_address>
         <run_address>0xac4f</run_address>
         <size>0x25b</size>
         <input_file_ref idref="fl-4"/>
      </object_component>
      <object_component id="oc-3a8">
         <name>.debug_info</name>
         <load_address>0xaeaa</load_address>
         <run_address>0xaeaa</run_address>
         <size>0x2a0</size>
         <input_file_ref idref="fl-4"/>
      </object_component>
      <object_component id="oc-3ae">
         <name>.debug_info</name>
         <load_address>0xb14a</load_address>
         <run_address>0xb14a</run_address>
         <size>0x403</size>
         <input_file_ref idref="fl-4"/>
      </object_component>
      <object_component id="oc-3b4">
         <name>.debug_info</name>
         <load_address>0xb54d</load_address>
         <run_address>0xb54d</run_address>
         <size>0x2bb</size>
         <input_file_ref idref="fl-4"/>
      </object_component>
      <object_component id="oc-3ba">
         <name>.debug_info</name>
         <load_address>0xb808</load_address>
         <run_address>0xb808</run_address>
         <size>0x2bb</size>
         <input_file_ref idref="fl-4"/>
      </object_component>
      <object_component id="oc-3c0">
         <name>.debug_info</name>
         <load_address>0xbac3</load_address>
         <run_address>0xbac3</run_address>
         <size>0x2ec</size>
         <input_file_ref idref="fl-4"/>
      </object_component>
      <object_component id="oc-3c6">
         <name>.debug_info</name>
         <load_address>0xbdaf</load_address>
         <run_address>0xbdaf</run_address>
         <size>0x209</size>
         <input_file_ref idref="fl-4"/>
      </object_component>
      <object_component id="oc-3cc">
         <name>.debug_info</name>
         <load_address>0xbfb8</load_address>
         <run_address>0xbfb8</run_address>
         <size>0x1c4</size>
         <input_file_ref idref="fl-4"/>
      </object_component>
      <object_component id="oc-3d2">
         <name>.debug_info</name>
         <load_address>0xc17c</load_address>
         <run_address>0xc17c</run_address>
         <size>0x234</size>
         <input_file_ref idref="fl-4"/>
      </object_component>
      <object_component id="oc-4a3">
         <name>.debug_info</name>
         <load_address>0xc3b0</load_address>
         <run_address>0xc3b0</run_address>
         <size>0x37e2</size>
         <input_file_ref idref="fl-4"/>
      </object_component>
      <object_component id="oc-50c">
         <name>.debug_info</name>
         <load_address>0xfb92</load_address>
         <run_address>0xfb92</run_address>
         <size>0x882</size>
         <input_file_ref idref="fl-5"/>
      </object_component>
      <object_component id="oc-491">
         <name>.debug_info</name>
         <load_address>0x10414</load_address>
         <run_address>0x10414</run_address>
         <size>0x114</size>
         <input_file_ref idref="fl-5"/>
      </object_component>
      <object_component id="oc-36e">
         <name>.debug_info</name>
         <load_address>0x10528</load_address>
         <run_address>0x10528</run_address>
         <size>0x26b</size>
         <input_file_ref idref="fl-5"/>
      </object_component>
      <object_component id="oc-374">
         <name>.debug_info</name>
         <load_address>0x10793</load_address>
         <run_address>0x10793</run_address>
         <size>0x234</size>
         <input_file_ref idref="fl-5"/>
      </object_component>
      <object_component id="oc-386">
         <name>.debug_info</name>
         <load_address>0x109c7</load_address>
         <run_address>0x109c7</run_address>
         <size>0x22b</size>
         <input_file_ref idref="fl-5"/>
      </object_component>
      <object_component id="oc-38c">
         <name>.debug_info</name>
         <load_address>0x10bf2</load_address>
         <run_address>0x10bf2</run_address>
         <size>0x1de</size>
         <input_file_ref idref="fl-5"/>
      </object_component>
      <object_component id="oc-90">
         <name>.debug_info</name>
         <load_address>0x10dd0</load_address>
         <run_address>0x10dd0</run_address>
         <size>0x2de</size>
         <input_file_ref idref="fl-6"/>
      </object_component>
      <object_component id="oc-24">
         <name>.debug_info</name>
         <load_address>0x110ae</load_address>
         <run_address>0x110ae</run_address>
         <size>0x10a</size>
         <input_file_ref idref="fl-6"/>
      </object_component>
      <object_component id="oc-65">
         <name>.debug_info</name>
         <load_address>0x111b8</load_address>
         <run_address>0x111b8</run_address>
         <size>0x16d</size>
         <input_file_ref idref="fl-6"/>
      </object_component>
      <object_component id="oc-6d">
         <name>.debug_info</name>
         <load_address>0x11325</load_address>
         <run_address>0x11325</run_address>
         <size>0x155</size>
         <input_file_ref idref="fl-6"/>
      </object_component>
      <object_component id="oc-309">
         <name>.debug_info</name>
         <load_address>0x1147a</load_address>
         <run_address>0x1147a</run_address>
         <size>0x488</size>
         <input_file_ref idref="fl-12"/>
      </object_component>
      <object_component id="oc-267">
         <name>.debug_info</name>
         <load_address>0x11902</load_address>
         <run_address>0x11902</run_address>
         <size>0x29e</size>
         <input_file_ref idref="fl-12"/>
      </object_component>
      <object_component id="oc-276">
         <name>.debug_info</name>
         <load_address>0x11ba0</load_address>
         <run_address>0x11ba0</run_address>
         <size>0x55d</size>
         <input_file_ref idref="fl-13"/>
      </object_component>
      <object_component id="oc-2c2">
         <name>.debug_info</name>
         <load_address>0x120fd</load_address>
         <run_address>0x120fd</run_address>
         <size>0x1eb</size>
         <input_file_ref idref="fl-13"/>
      </object_component>
      <object_component id="oc-2c8">
         <name>.debug_info</name>
         <load_address>0x122e8</load_address>
         <run_address>0x122e8</run_address>
         <size>0x1ff</size>
         <input_file_ref idref="fl-13"/>
      </object_component>
      <object_component id="oc-2ce">
         <name>.debug_info</name>
         <load_address>0x124e7</load_address>
         <run_address>0x124e7</run_address>
         <size>0x1cc</size>
         <input_file_ref idref="fl-13"/>
      </object_component>
      <object_component id="oc-263">
         <name>.debug_info</name>
         <load_address>0x126b3</load_address>
         <run_address>0x126b3</run_address>
         <size>0x1f2</size>
         <input_file_ref idref="fl-13"/>
      </object_component>
      <object_component id="oc-1d9">
         <name>.debug_info</name>
         <load_address>0x128a5</load_address>
         <run_address>0x128a5</run_address>
         <size>0x1bf</size>
         <input_file_ref idref="fl-13"/>
      </object_component>
      <object_component id="oc-30b">
         <name>.debug_info</name>
         <load_address>0x12a64</load_address>
         <run_address>0x12a64</run_address>
         <size>0x3f7</size>
         <input_file_ref idref="fl-14"/>
      </object_component>
      <object_component id="oc-285">
         <name>.debug_info</name>
         <load_address>0x12e5b</load_address>
         <run_address>0x12e5b</run_address>
         <size>0x1ff</size>
         <input_file_ref idref="fl-14"/>
      </object_component>
      <object_component id="oc-311">
         <name>.debug_info</name>
         <load_address>0x1305a</load_address>
         <run_address>0x1305a</run_address>
         <size>0x21d</size>
         <input_file_ref idref="fl-14"/>
      </object_component>
      <object_component id="oc-303">
         <name>.debug_info</name>
         <load_address>0x13277</load_address>
         <run_address>0x13277</run_address>
         <size>0x1df</size>
         <input_file_ref idref="fl-14"/>
      </object_component>
      <object_component id="oc-271">
         <name>.debug_info</name>
         <load_address>0x13456</load_address>
         <run_address>0x13456</run_address>
         <size>0x1d7</size>
         <input_file_ref idref="fl-14"/>
      </object_component>
      <object_component id="oc-3de">
         <name>.debug_info</name>
         <load_address>0x1362d</load_address>
         <run_address>0x1362d</run_address>
         <size>0x278</size>
         <input_file_ref idref="fl-15"/>
      </object_component>
      <object_component id="oc-3da">
         <name>.debug_info</name>
         <load_address>0x138a5</load_address>
         <run_address>0x138a5</run_address>
         <size>0x136</size>
         <input_file_ref idref="fl-15"/>
      </object_component>
      <object_component id="oc-2d7">
         <name>.debug_info</name>
         <load_address>0x139db</load_address>
         <run_address>0x139db</run_address>
         <size>0x12b</size>
         <input_file_ref idref="fl-15"/>
      </object_component>
      <object_component id="oc-316">
         <name>.debug_info</name>
         <load_address>0x13b06</load_address>
         <run_address>0x13b06</run_address>
         <size>0x537</size>
         <input_file_ref idref="fl-16"/>
      </object_component>
      <object_component id="oc-27e">
         <name>.debug_info</name>
         <load_address>0x1403d</load_address>
         <run_address>0x1403d</run_address>
         <size>0x212</size>
         <input_file_ref idref="fl-16"/>
      </object_component>
      <object_component id="oc-28a">
         <name>.debug_info</name>
         <load_address>0x1424f</load_address>
         <run_address>0x1424f</run_address>
         <size>0x4b6</size>
         <input_file_ref idref="fl-17"/>
      </object_component>
      <object_component id="oc-27a">
         <name>.debug_info</name>
         <load_address>0x14705</load_address>
         <run_address>0x14705</run_address>
         <size>0x1c1</size>
         <input_file_ref idref="fl-17"/>
      </object_component>
      <object_component id="oc-1e1">
         <name>.debug_info</name>
         <load_address>0x148c6</load_address>
         <run_address>0x148c6</run_address>
         <size>0x426</size>
         <input_file_ref idref="fl-17"/>
      </object_component>
      <object_component id="oc-25e">
         <name>.debug_info</name>
         <load_address>0x14cec</load_address>
         <run_address>0x14cec</run_address>
         <size>0x702</size>
         <input_file_ref idref="fl-18"/>
      </object_component>
      <object_component id="oc-1af">
         <name>.debug_info</name>
         <load_address>0x153ee</load_address>
         <run_address>0x153ee</run_address>
         <size>0x120</size>
         <input_file_ref idref="fl-18"/>
      </object_component>
      <object_component id="oc-1a9">
         <name>.debug_info</name>
         <load_address>0x1550e</load_address>
         <run_address>0x1550e</run_address>
         <size>0x1d5</size>
         <input_file_ref idref="fl-18"/>
      </object_component>
      <object_component id="oc-de">
         <name>.debug_info</name>
         <load_address>0x156e3</load_address>
         <run_address>0x156e3</run_address>
         <size>0x20b</size>
         <input_file_ref idref="fl-18"/>
      </object_component>
      <object_component id="oc-256">
         <name>.debug_info</name>
         <load_address>0x158ee</load_address>
         <run_address>0x158ee</run_address>
         <size>0x431a</size>
         <input_file_ref idref="fl-18"/>
      </object_component>
      <object_component id="oc-50f">
         <name>.debug_info</name>
         <load_address>0x19c08</load_address>
         <run_address>0x19c08</run_address>
         <size>0x6fd</size>
         <input_file_ref idref="fl-19"/>
      </object_component>
      <object_component id="oc-49a">
         <name>.debug_info</name>
         <load_address>0x1a305</load_address>
         <run_address>0x1a305</run_address>
         <size>0x131</size>
         <input_file_ref idref="fl-19"/>
      </object_component>
      <object_component id="oc-47f">
         <name>.debug_info</name>
         <load_address>0x1a436</load_address>
         <run_address>0x1a436</run_address>
         <size>0x24e</size>
         <input_file_ref idref="fl-19"/>
      </object_component>
      <object_component id="oc-479">
         <name>.debug_info</name>
         <load_address>0x1a684</load_address>
         <run_address>0x1a684</run_address>
         <size>0x2a1</size>
         <input_file_ref idref="fl-19"/>
      </object_component>
      <object_component id="oc-381">
         <name>.debug_info</name>
         <load_address>0x1a925</load_address>
         <run_address>0x1a925</run_address>
         <size>0x256</size>
         <input_file_ref idref="fl-19"/>
      </object_component>
      <object_component id="oc-37c">
         <name>.debug_info</name>
         <load_address>0x1ab7b</load_address>
         <run_address>0x1ab7b</run_address>
         <size>0x254</size>
         <input_file_ref idref="fl-19"/>
      </object_component>
      <object_component id="oc-f5">
         <name>.debug_info</name>
         <load_address>0x1adcf</load_address>
         <run_address>0x1adcf</run_address>
         <size>0x1b9</size>
         <input_file_ref idref="fl-1b"/>
      </object_component>
      <object_component id="oc-4fc">
         <name>.debug_info</name>
         <load_address>0x1af88</load_address>
         <run_address>0x1af88</run_address>
         <size>0x6f1</size>
         <input_file_ref idref="fl-1c"/>
      </object_component>
      <object_component id="oc-4f7">
         <name>.debug_info</name>
         <load_address>0x1b679</load_address>
         <run_address>0x1b679</run_address>
         <size>0x1c3</size>
         <input_file_ref idref="fl-1c"/>
      </object_component>
      <object_component id="oc-486">
         <name>.debug_info</name>
         <load_address>0x1b83c</load_address>
         <run_address>0x1b83c</run_address>
         <size>0x227</size>
         <input_file_ref idref="fl-1c"/>
      </object_component>
      <object_component id="oc-48c">
         <name>.debug_info</name>
         <load_address>0x1ba63</load_address>
         <run_address>0x1ba63</run_address>
         <size>0x231</size>
         <input_file_ref idref="fl-1c"/>
      </object_component>
      <object_component id="oc-505">
         <name>.debug_info</name>
         <load_address>0x1bc94</load_address>
         <run_address>0x1bc94</run_address>
         <size>0x1e5</size>
         <input_file_ref idref="fl-1c"/>
      </object_component>
      <object_component id="oc-4fe">
         <name>.debug_info</name>
         <load_address>0x1be79</load_address>
         <run_address>0x1be79</run_address>
         <size>0x1e5</size>
[...]
         <name>Crystalfontz128x128_SetOrientation</name>
         <value>0x3995</value>
         <object_component_ref idref="oc-2b8"/>
      </symbol>
      <symbol id="sm-36b">
         <name>g_sCrystalfontz128x128_funcs</name>
         <value>0x4990</value>
         <object_component_ref idref="oc-2d3"/>
      </symbol>
      <symbol id="sm-36c">
         <name>g_sCrystalfontz128x128</name>
         <value>0x20000420</value>
         <object_component_ref idref="oc-2d0"/>
      </symbol>
      <symbol id="sm-36d">
         <name>Crystalfontz128x128_Init</name>
         <value>0x26e1</value>
         <object_component_ref idref="oc-2b2"/>
      </symbol>
      <symbol id="sm-3a6">
         <name>HAL_LCD_writeData</name>
         <value>0x41a1</value>
         <object_component_ref idref="oc-38b"/>
      </symbol>
      <symbol id="sm-3a7">
         <name>HAL_LCD_SpiInit</name>
         <value>0x3e25</value>
         <object_component_ref idref="oc-373"/>
      </symbol>
      <symbol id="sm-3a8">
         <name>HAL_LCD_PortInit</name>
         <value>0x40e9</value>
         <object_component_ref idref="oc-36d"/>
      </symbol>
      <symbol id="sm-3a9">
         <name>HAL_LCD_writeCommand</name>
         <value>0x400d</value>
         <object_component_ref idref="oc-385"/>
      </symbol>
      <symbol id="sm-3c5">
         <name>Reset_Handler</name>
         <value>0x43ed</value>
         <object_component_ref idref="oc-64"/>
      </symbol>
      <symbol id="sm-3c6">
         <name>Default_Handler</name>
         <value>0x194f</value>
         <object_component_ref idref="oc-6a"/>
      </symbol>
      <symbol id="sm-3c7">
         <name>interruptVectors</name>
         <value>0x0</value>
         <object_component_ref idref="oc-23"/>
      </symbol>
      <symbol id="sm-3e4">
         <name>Graphics_fillCircle</name>
         <value>0x154d</value>
         <object_component_ref idref="oc-265"/>
      </symbol>
      <symbol id="sm-411">
         <name>Graphics_setBackgroundColor</name>
         <value>0x42b3</value>
         <object_component_ref idref="oc-2c4"/>
      </symbol>
      <symbol id="sm-412">
         <name>Graphics_setFont</name>
         <value>0x42cd</value>
         <object_component_ref idref="oc-2ca"/>
      </symbol>
      <symbol id="sm-413">
         <name>Graphics_initContext</name>
         <value>0x3a3d</value>
         <object_component_ref idref="oc-2be"/>
      </symbol>
      <symbol id="sm-414">
         <name>Graphics_setForegroundColor</name>
         <value>0x432b</value>
         <object_component_ref idref="oc-25f"/>
      </symbol>
      <symbol id="sm-415">
         <name>Graphics_clearDisplay</name>
         <value>0x43a9</value>
         <object_component_ref idref="oc-1d8"/>
      </symbol>
      <symbol id="sm-43a">
         <name>Graphics_clearDisplayOnDisplay</name>
         <value>0x4299</value>
         <object_component_ref idref="oc-26f"/>
      </symbol>
      <symbol id="sm-43b">
         <name>Graphics_drawPixelOnDisplay</name>
         <value>0x4175</value>
         <object_component_ref idref="oc-283"/>
      </symbol>
      <symbol id="sm-43c">
         <name>Graphics_translateColorOnDisplay</name>
         <value>0x4341</value>
         <object_component_ref idref="oc-301"/>
      </symbol>
      <symbol id="sm-43d">
         <name>Graphics_drawHorizontalLineOnDisplay</name>
         <value>0x407d</value>
         <object_component_ref idref="oc-30f"/>
      </symbol>
      <symbol id="sm-44f">
         <name>g_sFontFixed6x8</name>
         <value>0x4818</value>
         <object_component_ref idref="oc-2d6"/>
      </symbol>
      <symbol id="sm-462">
         <name>Graphics_drawLineH</name>
         <value>0x2f99</value>
         <object_component_ref idref="oc-27d"/>
      </symbol>
      <symbol id="sm-4a2">
         <name>Graphics_drawString</name>
         <value>0xb43</value>
         <object_component_ref idref="oc-1de"/>
      </symbol>
      <symbol id="sm-4ee">
         <name>ADC14_getResult</name>
         <value>0x4245</value>
         <object_component_ref idref="oc-dc"/>
      </symbol>
      <symbol id="sm-527">
         <name>GPIO_setOutputHighOnPin</name>
         <value>0x41f5</value>
         <object_component_ref idref="oc-37f"/>
      </symbol>
      <symbol id="sm-528">
         <name>GPIO_setAsOutputPin</name>
         <value>0x3da5</value>
         <object_component_ref idref="oc-47d"/>
      </symbol>
      <symbol id="sm-529">
         <name>GPIO_setOutputLowOnPin</name>
         <value>0x421d</value>
         <object_component_ref idref="oc-379"/>
      </symbol>
      <symbol id="sm-52a">
         <name>GPIO_setAsPeripheralModuleFunctionOutputPin</name>
         <value>0x3169</value>
         <object_component_ref idref="oc-477"/>
      </symbol>
      <symbol id="sm-537">
         <name>ResetCtl_initiateSoftReset</name>
         <value>0x436d</value>
         <object_component_ref idref="oc-f1"/>
      </symbol>
      <symbol id="sm-571">
         <name>EUSCI_B_SPI_enable</name>
         <value>0x4315</value>
         <object_component_ref idref="oc-503"/>
      </symbol>
      <symbol id="sm-572">
         <name>SPI_enableModule</name>
         <value>0x4261</value>
         <object_component_ref idref="oc-48a"/>
      </symbol>
      <symbol id="sm-573">
         <name>EUSCI_A_SPI_enable</name>
         <value>0x42ff</value>
         <object_component_ref idref="oc-4fd"/>
      </symbol>
      <symbol id="sm-574">
         <name>SPI_initMaster</name>
         <value>0x2d9f</value>
         <object_component_ref idref="oc-484"/>
      </symbol>
      <symbol id="sm-59a">
         <name>Timer_A_generatePWM</name>
         <value>0x34e5</value>
         <object_component_ref idref="oc-ce"/>
      </symbol>
      <symbol id="sm-5b4">
         <name>__TI_zero_init_nomemset</name>
         <value>0x43bb</value>
         <object_component_ref idref="oc-40"/>
      </symbol>
      <symbol id="sm-5cb">
         <name>__TI_decompress_none</name>
         <value>0x43df</value>
         <object_component_ref idref="oc-1a"/>
      </symbol>
      <symbol id="sm-5ee">
         <name>__TI_decompress_lzss</name>
         <value>0x369d</value>
         <object_component_ref idref="oc-14"/>
      </symbol>
      <symbol id="sm-615">
         <name>sprintf</name>
         <value>0x3ea5</value>
         <object_component_ref idref="oc-1f6"/>
      </symbol>
      <symbol id="sm-625">
         <name>strncpy</name>
         <value>0x40b3</value>
         <object_component_ref idref="oc-2aa"/>
      </symbol>
      <symbol id="sm-638">
         <name>__stack</name>
         <value>0x2000fe00</value>
         <object_component_ref idref="oc-26"/>
      </symbol>
      <symbol id="sm-639">
         <name>_c_int00_noargs</name>
         <value>0x4045</value>
         <object_component_ref idref="oc-52"/>
      </symbol>
      <symbol id="sm-648">
         <name>__aeabi_memset</name>
         <value>0x33f3</value>
         <object_component_ref idref="oc-a8"/>
      </symbol>
      <symbol id="sm-649">
         <name>memset</name>
         <value>0x33f9</value>
         <object_component_ref idref="oc-a8"/>
      </symbol>
      <symbol id="sm-64a">
         <name>__aeabi_memset8</name>
         <value>0x33f3</value>
         <object_component_ref idref="oc-a8"/>
      </symbol>
      <symbol id="sm-64b">
         <name>__aeabi_memset4</name>
         <value>0x33f3</value>
         <object_component_ref idref="oc-a8"/>
      </symbol>
      <symbol id="sm-64c">
         <name>__aeabi_memclr8</name>
         <value>0x33f1</value>
         <object_component_ref idref="oc-a8"/>
      </symbol>
      <symbol id="sm-64d">
         <name>__aeabi_memclr4</name>
         <value>0x33f1</value>
         <object_component_ref idref="oc-a8"/>
      </symbol>
      <symbol id="sm-64e">
         <name>__aeabi_memclr</name>
         <value>0x33f1</value>
         <object_component_ref idref="oc-a8"/>
      </symbol>
      <symbol id="sm-669">
         <name>memcpy</name>
         <value>0x3035</value>
         <object_component_ref idref="oc-34"/>
      </symbol>
      <symbol id="sm-66a">
         <name>__aeabi_memcpy</name>
         <value>0x3035</value>
         <object_component_ref idref="oc-34"/>
      </symbol>
      <symbol id="sm-66b">
         <name>__aeabi_memcpy8</name>
         <value>0x3035</value>
         <object_component_ref idref="oc-34"/>
      </symbol>
      <symbol id="sm-66c">
         <name>__aeabi_memcpy4</name>
         <value>0x3035</value>
         <object_component_ref idref="oc-34"/>
      </symbol>
      <symbol id="sm-694">
         <name>__TI_auto_init_nobinit_nopinit</name>
         <value>0x3ce1</value>
         <object_component_ref idref="oc-164"/>
      </symbol>
      <symbol id="sm-69e">
         <name>_system_pre_init</name>
         <value>0x4415</value>
         <object_component_ref idref="oc-ae"/>
      </symbol>
      <symbol id="sm-6aa">
         <name>C$$EXIT</name>
         <value>0x4419</value>
         <object_component_ref idref="oc-158"/>
      </symbol>
      <symbol id="sm-6ab">
         <name>abort</name>
         <value>0x4419</value>
         <object_component_ref idref="oc-158"/>
      </symbol>
      <symbol id="sm-811">
         <name>__TI_printfi</name>
         <value>0xe5</value>
         <object_component_ref idref="oc-291"/>
      </symbol>
      <symbol id="sm-828">
         <name>atoi</name>
         <value>0x3b31</value>
         <object_component_ref idref="oc-320"/>
      </symbol>
      <symbol id="sm-833">
         <name>_ctypes_</name>
         <value>0x4714</value>
         <object_component_ref idref="oc-3f8"/>
      </symbol>
      <symbol id="sm-842">
         <name>ltoa</name>
         <value>0x39e9</value>
         <object_component_ref idref="oc-418"/>
      </symbol>
      <symbol id="sm-852">
         <name>memccpy</name>
         <value>0x427d</value>
         <object_component_ref idref="oc-349"/>
      </symbol>
      <symbol id="sm-862">
         <name>strchr</name>
         <value>0x4357</value>
         <object_component_ref idref="oc-44f"/>
      </symbol>
      <symbol id="sm-870">
         <name>strlen</name>
         <value>0x4395</value>
         <object_component_ref idref="oc-31a"/>
      </symbol>
      <symbol id="sm-886">
         <name>__aeabi_errno_addr</name>
         <value>0x440d</value>
         <object_component_ref idref="oc-355"/>
      </symbol>
      <symbol id="sm-887">
         <name>errno</name>
         <value>0x20000430</value>
         <object_component_ref idref="oc-45f"/>
      </symbol>
      <symbol id="sm-8a7">
         <name>frexpl</name>
         <value>0x3769</value>
         <object_component_ref idref="oc-443"/>
      </symbol>
      <symbol id="sm-8a8">
         <name>frexp</name>
         <value>0x3769</value>
         <object_component_ref idref="oc-443"/>
      </symbol>
      <symbol id="sm-8c5">
         <name>scalbn</name>
         <value>0x292d</value>
         <object_component_ref idref="oc-449"/>
      </symbol>
      <symbol id="sm-8c6">
         <name>scalbnl</name>
         <value>0x292d</value>
         <object_component_ref idref="oc-449"/>
      </symbol>
      <symbol id="sm-8c7">
         <name>ldexpl</name>
         <value>0x292d</value>
         <object_component_ref idref="oc-449"/>
      </symbol>
      <symbol id="sm-8c8">
         <name>ldexp</name>
         <value>0x292d</value>
         <object_component_ref idref="oc-449"/>
      </symbol>
      <symbol id="sm-8e1">
         <name>wcslen</name>
         <value>0x43cd</value>
         <object_component_ref idref="oc-34f"/>
      </symbol>
      <symbol id="sm-8eb">
         <name>copysign</name>
         <value>0x4381</value>
         <object_component_ref idref="oc-4d7"/>
      </symbol>
      <symbol id="sm-8ec">
         <name>copysignl</name>
         <value>0x4381</value>
         <object_component_ref idref="oc-4d7"/>
      </symbol>
      <symbol id="sm-8f9">
         <name>__aeabi_uldivmod</name>
         <value>0x30d1</value>
         <object_component_ref idref="oc-3fd"/>
      </symbol>
      <symbol id="sm-910">
         <name>__aeabi_dsub</name>
         <value>0x1b21</value>
         <object_component_ref idref="oc-423"/>
      </symbol>
      <symbol id="sm-911">
         <name>__aeabi_dadd</name>
         <value>0x1b2b</value>
         <object_component_ref idref="oc-423"/>
      </symbol>
      <symbol id="sm-933">
         <name>__aeabi_cdcmpeq</name>
         <value>0x31f1</value>
         <object_component_ref idref="oc-32c"/>
      </symbol>
      <symbol id="sm-934">
         <name>__aeabi_cdcmple</name>
         <value>0x31f1</value>
         <object_component_ref idref="oc-32c"/>
      </symbol>
      <symbol id="sm-935">
         <name>__aeabi_cdrcmple</name>
         <value>0x3277</value>
         <object_component_ref idref="oc-40e"/>
      </symbol>
      <symbol id="sm-949">
         <name>__aeabi_ddiv</name>
         <value>0x2345</value>
         <object_component_ref idref="oc-409"/>
      </symbol>
      <symbol id="sm-954">
         <name>__aeabi_dmul</name>
         <value>0x2a3d</value>
         <object_component_ref idref="oc-404"/>
      </symbol>
      <symbol id="sm-95e">
         <name>__aeabi_d2iz</name>
         <value>0x3c0d</value>
         <object_component_ref idref="oc-413"/>
      </symbol>
      <symbol id="sm-968">
         <name>__aeabi_i2d</name>
         <value>0x4119</value>
         <object_component_ref idref="oc-41e"/>
      </symbol>
      <symbol id="sm-972">
         <name>__aeabi_idiv0</name>
         <value>0x1cd7</value>
         <object_component_ref idref="oc-4be"/>
      </symbol>
      <symbol id="sm-973">
         <name>__aeabi_ldiv0</name>
         <value>0x1cd7</value>
         <object_component_ref idref="oc-4be"/>
      </symbol>
      <symbol id="sm-974">
         <name>__TI_static_base__</name>
         <value>0x0</value>
      </symbol>
      <symbol id="sm-977">
         <name>__mpu_init</name>
         <value>0x0</value>
      </symbol>
      <symbol id="sm-978">
         <name>_system_post_cinit</name>
         <value>0x0</value>
      </symbol>
      <symbol id="sm-979">
         <name>NMI_Handler</name>
         <value>0x194f</value>
      </symbol>
      <symbol id="sm-97a">
         <name>HardFault_Handler</name>
         <value>0x194f</value>
      </symbol>
      <symbol id="sm-97b">
         <name>MemManage_Handler</name>
         <value>0x194f</value>
      </symbol>
      <symbol id="sm-97c">
         <name>BusFault_Handler</name>
         <value>0x194f</value>
      </symbol>
      <symbol id="sm-97d">
         <name>UsageFault_Handler</name>
         <value>0x194f</value>
      </symbol>
      <symbol id="sm-97e">
         <name>SVC_Handler</name>
         <value>0x194f</value>
      </symbol>
      <symbol id="sm-97f">
         <name>DebugMon_Handler</name>
         <value>0x194f</value>
      </symbol>
      <symbol id="sm-980">
         <name>PendSV_Handler</name>
         <value>0x194f</value>
      </symbol>
      <symbol id="sm-981">
         <name>SysTick_Handler</name>
         <value>0x3635</value>
      </symbol>
      <symbol id="sm-982">
         <name>PSS_IRQHandler</name>
         <value>0x194f</value>
      </symbol>
      <symbol id="sm-983">
         <name>CS_IRQHandler</name>
         <value>0x194f</value>
      </symbol>
      <symbol id="sm-984">
         <name>PCM_IRQHandler</name>
         <value>0x194f</value>
      </symbol>
      <symbol id="sm-985">
         <name>WDT_A_IRQHandler</name>
         <value>0x194f</value>
      </symbol>
      <symbol id="sm-986">
         <name>FPU_IRQHandler</name>
         <value>0x194f</value>
      </symbol>
      <symbol id="sm-987">
         <name>FLCTL_IRQHandler</name>
         <value>0x194f</value>
      </symbol>
      <symbol id="sm-988">
         <name>COMP_E0_IRQHandler</name>
         <value>0x194f</value>
      </symbol>
      <symbol id="sm-989">
         <name>COMP_E1_IRQHandler</name>
         <value>0x194f</value>
      </symbol>
      <symbol id="sm-98a">
         <name>TA0_0_IRQHandler</name>
         <value>0x194f</value>
      </symbol>
      <symbol id="sm-98b">
         <name>TA0_N_IRQHandler</name>
         <value>0x194f</value>
      </symbol>
      <symbol id="sm-98c">
         <name>TA1_0_IRQHandler</name>
         <value>0x3bc5</value>
      </symbol>
      <symbol id="sm-98d">
         <name>TA1_N_IRQHandler</name>
         <value>0x194f</value>
      </symbol>
      <symbol id="sm-98e">
         <name>TA2_0_IRQHandler</name>
         <value>0x194f</value>
      </symbol>
      <symbol id="sm-98f">
         <name>TA2_N_IRQHandler</name>
         <value>0x194f</value>
      </symbol>
      <symbol id="sm-990">
         <name>TA3_0_IRQHandler</name>
         <value>0x194f</value>
      </symbol>
      <symbol id="sm-991">
         <name>TA3_N_IRQHandler</name>
         <value>0x194f</value>
      </symbol>
      <symbol id="sm-992">
         <name>EUSCIA0_IRQHandler</name>
         <value>0x194f</value>
      </symbol>
      <symbol id="sm-993">
         <name>EUSCIA1_IRQHandler</name>
         <value>0x194f</value>
      </symbol>
      <symbol id="sm-994">
         <name>EUSCIA2_IRQHandler</name>
         <value>0x194f</value>
      </symbol>
      <symbol id="sm-995">
         <name>EUSCIA3_IRQHandler</name>
         <value>0x194f</value>
      </symbol>
      <symbol id="sm-996">
         <name>EUSCIB0_IRQHandler</name>
         <value>0x194f</value>
      </symbol>
      <symbol id="sm-997">
         <name>EUSCIB1_IRQHandler</name>
         <value>0x194f</value>
      </symbol>
      <symbol id="sm-998">
         <name>EUSCIB2_IRQHandler</name>
         <value>0x194f</value>
      </symbol>
      <symbol id="sm-999">
         <name>EUSCIB3_IRQHandler</name>
         <value>0x194f</value>
      </symbol>
      <symbol id="sm-99a">
         <name>ADC14_IRQHandler</name>
         <value>0x2b39</value>
      </symbol>
      <symbol id="sm-99b">
         <name>T32_INT1_IRQHandler</name>
         <value>0x194f</value>
      </symbol>
      <symbol id="sm-99c">
         <name>T32_INT2_IRQHandler</name>
         <value>0x194f</value>
      </symbol>
      <symbol id="sm-99d">
         <name>T32_INTC_IRQHandler</name>
         <value>0x194f</value>
      </symbol>
      <symbol id="sm-99e">
         <name>AES256_IRQHandler</name>
         <value>0x194f</value>
      </symbol>
      <symbol id="sm-99f">
         <name>RTC_C_IRQHandler</name>
         <value>0x194f</value>
      </symbol>
      <symbol id="sm-9a0">
         <name>DMA_ERR_IRQHandler</name>
         <value>0x194f</value>
      </symbol>
      <symbol id="sm-9a1">
         <name>DMA_INT3_IRQHandler</name>
         <value>0x194f</value>
      </symbol>
      <symbol id="sm-9a2">
         <name>DMA_INT2_IRQHandler</name>
         <value>0x194f</value>
      </symbol>
      <symbol id="sm-9a3">
         <name>DMA_INT1_IRQHandler</name>
         <value>0x194f</value>
      </symbol>
      <symbol id="sm-9a4">
         <name>DMA_INT0_IRQHandler</name>
         <value>0x194f</value>
      </symbol>
      <symbol id="sm-9a5">
         <name>PORT1_IRQHandler</name>
         <value>0x194f</value>
      </symbol>
      <symbol id="sm-9a6">
         <name>PORT2_IRQHandler</name>
         <value>0x194f</value>
      </symbol>
      <symbol id="sm-9a7">
         <name>PORT3_IRQHandler</name>
         <value>0x3705</value>
      </symbol>
      <symbol id="sm-9a8">
         <name>PORT4_IRQHandler</name>
         <value>0x194f</value>
      </symbol>
      <symbol id="sm-9a9">
         <name>PORT5_IRQHandler</name>
         <value>0x1e39</value>
      </symbol>
      <symbol id="sm-9aa">
         <name>PORT6_IRQHandler</name>
         <value>0x194f</value>
      </symbol>
   </symbol_table>
   <title>Link successful</title>
</link_info>
