******************************************************************************
                  TI ARM Linker PC v18.1.3                     
******************************************************************************
>> Linked Tue Oct 23 09:43:51 2018

OUTPUT FILE NAME:   <rgb_test.out>
ENTRY POINT SYMBOL: "_c_int00_noargs"  address: 000008f9


MEMORY CONFIGURATION

         name            origin    length      used     unused   attr    fill
----------------------  --------  ---------  --------  --------  ----  --------
  MAIN                  00000000   00040000  00000a16  0003f5ea  R  X
  INFO                  00200000   00004000  00000000  00004000  R  X
  SRAM_CODE             01000000   00010000  0000027c  0000fd84  RW X
  SRAM_DATA             20000000   00010000  0000027c  0000fd84  RW  


SEGMENT ALLOCATION MAP

run origin  load origin   length   init length attrs members
----------  ----------- ---------- ----------- ----- -------
00000000    00000000    00000a18   00000a18    r-x
  00000000    00000000    000000e4   000000e4    r-- .intvecs
  000000e4    000000e4    000008ea   000008ea    r-x .text
  000009d0    000009d0    00000018   00000018    r-- .const
  000009e8    000009e8    00000030   00000030    r-- .cinit
20000000    20000000    0000007c   00000000    rw-
  20000000    20000000    0000006c   00000000    rw- .bss
  2000006c    2000006c    00000010   00000000    rw- .data
2000fe00    2000fe00    00000200   00000000    rw-
  2000fe00    2000fe00    00000200   00000000    rw- .stack


SECTION ALLOCATION MAP

 output                                  attributes/
section   page    origin      length       input sections
--------  ----  ----------  ----------   ----------------
.intvecs   0    00000000    000000e4     
                  00000000    000000e4     startup_msp432p401r_ccs.obj (.intvecs:retain)

.text      0    000000e4    000008ea     
                  000000e4    00000144     msp432p4xx_driverlib.lib : timer_a.o (.text:privateTimer_AProcessClockSourceDivider)
                  00000228    000000f4     main.obj (.text:main)
                  0000031c    000000ec     rgb_driver.obj (.text:set_port_map)
                  00000408    0000009c     rtsv7M4_T_le_v4SPD16_eabi.lib : memcpy_t2.asm.obj (.text)
                  000004a4    0000007c     rgb_driver.obj (.text:init_timer_defaults)
                  00000520    0000007c     rgb_driver.obj (.text:rgb_start)
                  0000059c    00000078     system_msp432p401r.obj (.text:SystemInit)
                  00000614    00000074     msp432p4xx_driverlib.lib : timer_a.o (.text:Timer_A_generatePWM)
                  00000688    00000074     rgb_driver.obj (.text:set_as_output)
                  000006fc    00000068     rtsv7M4_T_le_v4SPD16_eabi.lib : copy_decompress_lzss.c.obj (.text:decompress:lzss:__TI_decompress_lzss)
                  00000764    00000064     rgb_driver.obj (.text:rgb_set_duty_cycle)
                  000007c8    0000005c     rgb_driver.obj (.text:rgb_init_rgb_driver)
                  00000824    00000048     rgb_driver.obj (.text:set_pins)
                  0000086c    00000048     rgb_driver.obj (.text:set_ports)
                  000008b4    00000044     rtsv7M4_T_le_v4SPD16_eabi.lib : autoinit.c.obj (.text:__TI_auto_init_nobinit_nopinit:__TI_auto_init_nobinit_nopinit)
                  000008f8    00000038                                   : boot_cortex_m.c.obj (.text:_c_int00_noargs:_c_int00_noargs)
                  00000930    00000034     rgb_driver.obj (.text:rgb_set_duty_cycle_pct)
                  00000964    00000034     rgb_driver.obj (.text:rgb_set_period)
                  00000998    00000012     rtsv7M4_T_le_v4SPD16_eabi.lib : copy_zero_init.c.obj (.text:decompress:ZI:__TI_zero_init_nomemset:__TI_zero_init_nomemset)
                  000009aa    0000000e                                   : copy_decompress_none.c.obj (.text:decompress:none:__TI_decompress_none)
                  000009b8    0000000c     startup_msp432p401r_ccs.obj (.text:Reset_Handler)
                  000009c4    00000004     rtsv7M4_T_le_v4SPD16_eabi.lib : pre_init.c.obj (.text:_system_pre_init)
                  000009c8    00000004                                   : exit.c.obj (.text:abort:abort)
                  000009cc    00000002     startup_msp432p401r_ccs.obj (.text:Default_Handler)

.const     0    000009d0    00000018     
                  000009d0    00000018     rgb_driver.obj (.const:$P$T0$1)

.cinit     0    000009e8    00000030     
                  000009e8    0000000c     (__TI_handler_table)
                  000009f4    00000004     --HOLE-- [fill = 0]
                  000009f8    00000008     (.cinit..bss.load) [load image, compression = zero_init]
                  00000a00    00000007     (.cinit..data.load) [load image, compression = lzss]
                  00000a07    00000001     --HOLE-- [fill = 0]
                  00000a08    00000010     (__TI_cinit_table)

.init_array 
*          0    00000000    00000000     UNINITIALIZED

.binit     0    00000000    00000000     

.bss       0    20000000    0000006c     UNINITIALIZED
                  20000000    0000006c     (.common:_rgb_driver_)

.data      0    2000006c    00000010     UNINITIALIZED
                  2000006c    00000008     rgb_driver.obj (.data:port2_mapping_rgb)
                  20000074    00000008     rgb_driver.obj (.data:port5_mapping)

.stack     0    2000fe00    00000200     UNINITIALIZED
                  2000fe00    00000004     rtsv7M4_T_le_v4SPD16_eabi.lib : boot_cortex_m.c.obj (.stack)
                  2000fe04    000001fc     --HOLE--

MODULE SUMMARY

       Module                        code   ro data   rw data
       ------                        ----   -------   -------
    .\
       rgb_driver.obj                1040   24        248    
       main.obj                      244    0         0      
       system_msp432p401r.obj        120    0         0      
    +--+-----------------------------+------+---------+---------+
       Total:                        1404   24        248    
                                                             
    .\ccs\
       startup_msp432p401r_ccs.obj   14     228       0      
    +--+-----------------------------+------+---------+---------+
       Total:                        14     228       0      
                                                             
    C:/ti/simplelink_msp432p4_sdk_2_20_00_12/source/ti/devices/msp432p4xx/driverlib/ccs/msp432p4xx_driverlib.lib
       timer_a.o                     440    0         0      
    +--+-----------------------------+------+---------+---------+
       Total:                        440    0         0      
                                                             
    C:\ti\ccsv8\tools\compiler\ti-cgt-arm_18.1.3.LTS\lib\rtsv7M4_T_le_v4SPD16_eabi.lib
       memcpy_t2.asm.obj             156    0         0      
       copy_decompress_lzss.c.obj    104    0         0      
       autoinit.c.obj                68     0         0      
       boot_cortex_m.c.obj           56     0         0      
       copy_zero_init.c.obj          18     0         0      
       copy_decompress_none.c.obj    14     0         0      
       exit.c.obj                    4      0         0      
       pre_init.c.obj                4      0         0      
    +--+-----------------------------+------+---------+---------+
       Total:                        424    0         0      
                                                             
       Stack:                        0      0         1024   
       Linker Generated:             0      43        0      
    +--+-----------------------------+------+---------+---------+
       Grand Total:                  2282   295       1272   


LINKER GENERATED COPY TABLES

__TI_cinit_table @ 00000a08 records: 2, size/record: 8, table size: 16
	.bss: load addr=000009f8, load size=00000008 bytes, run addr=20000000, run size=0000006c bytes, compression=zero_init
	.data: load addr=00000a00, load size=00000007 bytes, run addr=2000006c, run size=00000010 bytes, compression=lzss


LINKER GENERATED HANDLER TABLE

__TI_handler_table @ 000009e8 records: 3, size/record: 4, table size: 12
	index: 0, handler: __TI_decompress_lzss
	index: 1, handler: __TI_decompress_none
	index: 2, handler: __TI_zero_init


GLOBAL SYMBOLS: SORTED ALPHABETICALLY BY Name 

address   name                          
-------   ----                          
000009cd  ADC14_IRQHandler              
000009cd  AES256_IRQHandler             
000009cd  BusFault_Handler              
000009c9  C$$EXIT                       
000009cd  COMP_E0_IRQHandler            
000009cd  COMP_E1_IRQHandler            
000009cd  CS_IRQHandler                 
000009cd  DMA_ERR_IRQHandler            
000009cd  DMA_INT0_IRQHandler           
000009cd  DMA_INT1_IRQHandler           
000009cd  DMA_INT2_IRQHandler           
000009cd  DMA_INT3_IRQHandler           
000009cd  DebugMon_Handler              
000009cd  Default_Handler               
000009cd  EUSCIA0_IRQHandler            
000009cd  EUSCIA1_IRQHandler            
000009cd  EUSCIA2_IRQHandler            
000009cd  EUSCIA3_IRQHandler            
000009cd  EUSCIB0_IRQHandler            
000009cd  EUSCIB1_IRQHandler            
000009cd  EUSCIB2_IRQHandler            
000009cd  EUSCIB3_IRQHandler            
000009cd  FLCTL_IRQHandler              
000009cd  FPU_IRQHandler                
000009cd  HardFault_Handler             
000009cd  MemManage_Handler             
000009cd  NMI_Handler                   
000009cd  PCM_IRQHandler                
000009cd  PORT1_IRQHandler              
000009cd  PORT2_IRQHandler              
000009cd  PORT3_IRQHandler              
000009cd  PORT4_IRQHandler              
000009cd  PORT5_IRQHandler              
000009cd  PORT6_IRQHandler              
000009cd  PSS_IRQHandler                
000009cd  PendSV_Handler                
000009cd  RTC_C_IRQHandler              
000009b9  Reset_Handler                 
000009cd  SVC_Handler                   
000009cd  SysTick_Handler               
0000059d  SystemInit                    
000009cd  T32_INT1_IRQHandler           
000009cd  T32_INT2_IRQHandler           
000009cd  T32_INTC_IRQHandler           
000009cd  TA0_0_IRQHandler              
000009cd  TA0_N_IRQHandler              
000009cd  TA1_0_IRQHandler              
000009cd  TA1_N_IRQHandler              
000009cd  TA2_0_IRQHandler              
000009cd  TA2_N_IRQHandler              
000009cd  TA3_0_IRQHandler              
000009cd  TA3_N_IRQHandler              
00000615  Timer_A_generatePWM           
000009cd  UsageFault_Handler            
4000480c  WDTCTL_SYM                    
000009cd  WDT_A_IRQHandler              
20010000  __STACK_END                   
00000200  __STACK_SIZE                  
00000a08  __TI_CINIT_Base               
00000a18  __TI_CINIT_Limit              
000009e8  __TI_Handler_Table_Base       
000009f4  __TI_Handler_Table_Limit      
000008b5  __TI_auto_init_nobinit_nopinit
000006fd  __TI_decompress_lzss          
000009ab  __TI_decompress_none          
ffffffff  __TI_pprof_out_hndl           
ffffffff  __TI_prof_data_size           
ffffffff  __TI_prof_data_start          
00000000  __TI_static_base__            
00000999  __TI_zero_init_nomemset       
00000409  __aeabi_memcpy                
00000409  __aeabi_memcpy4               
00000409  __aeabi_memcpy8               
ffffffff  __binit__                     
ffffffff  __c_args__                    
UNDEFED   __mpu_init                    
2000fe00  __stack                       
000008f9  _c_int00_noargs               
20000000  _rgb_driver_                  
UNDEFED   _system_post_cinit            
000009c5  _system_pre_init              
000009c9  abort                         
ffffffff  binit                         
00000000  interruptVectors              
00000229  main                          
00000409  memcpy                        
2000006c  port2_mapping_rgb             
20000074  port5_mapping                 
000007c9  rgb_init_rgb_driver           
00000765  rgb_set_duty_cycle            
00000931  rgb_set_duty_cycle_pct        
00000965  rgb_set_period                
00000521  rgb_start                     


GLOBAL SYMBOLS: SORTED BY Symbol Address 

address   name                          
-------   ----                          
00000000  __TI_static_base__            
00000000  interruptVectors              
00000200  __STACK_SIZE                  
00000229  main                          
00000409  __aeabi_memcpy                
00000409  __aeabi_memcpy4               
00000409  __aeabi_memcpy8               
00000409  memcpy                        
00000521  rgb_start                     
0000059d  SystemInit                    
00000615  Timer_A_generatePWM           
000006fd  __TI_decompress_lzss          
00000765  rgb_set_duty_cycle            
000007c9  rgb_init_rgb_driver           
000008b5  __TI_auto_init_nobinit_nopinit
000008f9  _c_int00_noargs               
00000931  rgb_set_duty_cycle_pct        
00000965  rgb_set_period                
00000999  __TI_zero_init_nomemset       
000009ab  __TI_decompress_none          
000009b9  Reset_Handler                 
000009c5  _system_pre_init              
000009c9  C$$EXIT                       
000009c9  abort                         
000009cd  ADC14_IRQHandler              
000009cd  AES256_IRQHandler             
000009cd  BusFault_Handler              
000009cd  COMP_E0_IRQHandler            
000009cd  COMP_E1_IRQHandler            
000009cd  CS_IRQHandler                 
000009cd  DMA_ERR_IRQHandler            
000009cd  DMA_INT0_IRQHandler           
000009cd  DMA_INT1_IRQHandler           
000009cd  DMA_INT2_IRQHandler           
000009cd  DMA_INT3_IRQHandler           
000009cd  DebugMon_Handler              
000009cd  Default_Handler               
000009cd  EUSCIA0_IRQHandler            
000009cd  EUSCIA1_IRQHandler            
000009cd  EUSCIA2_IRQHandler            
000009cd  EUSCIA3_IRQHandler            
000009cd  EUSCIB0_IRQHandler            
000009cd  EUSCIB1_IRQHandler            
000009cd  EUSCIB2_IRQHandler            
000009cd  EUSCIB3_IRQHandler            
000009cd  FLCTL_IRQHandler              
000009cd  FPU_IRQHandler                
000009cd  HardFault_Handler             
000009cd  MemManage_Handler             
000009cd  NMI_Handler                   
000009cd  PCM_IRQHandler                
000009cd  PORT1_IRQHandler              
000009cd  PORT2_IRQHandler              
000009cd  PORT3_IRQHandler              
000009cd  PORT4_IRQHandler              
000009cd  PORT5_IRQHandler              
000009cd  PORT6_IRQHandler              
000009cd  PSS_IRQHandler                
000009cd  PendSV_Handler                
000009cd  RTC_C_IRQHandler              
000009cd  SVC_Handler                   
000009cd  SysTick_Handler               
000009cd  T32_INT1_IRQHandler           
000009cd  T32_INT2_IRQHandler           
000009cd  T32_INTC_IRQHandler           
000009cd  TA0_0_IRQHandler              
000009cd  TA0_N_IRQHandler              
000009cd  TA1_0_IRQHandler              
000009cd  TA1_N_IRQHandler              
000009cd  TA2_0_IRQHandler              
000009cd  TA2_N_IRQHandler              
000009cd  TA3_0_IRQHandler              
000009cd  TA3_N_IRQHandler              
000009cd  UsageFault_Handler            
000009cd  WDT_A_IRQHandler              
000009e8  __TI_Handler_Table_Base       
000009f4  __TI_Handler_Table_Limit      
00000a08  __TI_CINIT_Base               
00000a18  __TI_CINIT_Limit              
20000000  _rgb_driver_                  
2000006c  port2_mapping_rgb             
20000074  port5_mapping                 
2000fe00  __stack                       
20010000  __STACK_END                   
4000480c  WDTCTL_SYM                    
ffffffff  __TI_pprof_out_hndl           
ffffffff  __TI_prof_data_size           
ffffffff  __TI_prof_data_start          
ffffffff  __binit__                     
ffffffff  __c_args__                    
ffffffff  binit                         
UNDEFED   __mpu_init                    
UNDEFED   _system_post_cinit            

[93 symbols]
