******************************************************************************
                  TI ARM Linker PC v18.1.3                     
******************************************************************************
>> Linked Tue Sep 18 13:32:40 2018

OUTPUT FILE NAME:   <Project1A3.out>
ENTRY POINT SYMBOL: "_c_int00_noargs"  address: 000005f5


MEMORY CONFIGURATION

         name            origin    length      used     unused   attr    fill
----------------------  --------  ---------  --------  --------  ----  --------
  MAIN                  00000000   00040000  00000746  0003f8ba  R  X
  INFO                  00200000   00004000  00000000  00004000  R  X
  SRAM_CODE             01000000   00010000  00000219  0000fde7  RW X
  SRAM_DATA             20000000   00010000  00000219  0000fde7  RW  


SEGMENT ALLOCATION MAP

run origin  load origin   length   init length attrs members
----------  ----------- ---------- ----------- ----- -------
00000000    00000000    00000750   00000750    r-x
  00000000    00000000    000000e4   000000e4    r-- .intvecs
  000000e8    000000e8    00000612   00000612    r-x .text
  000006fc    000006fc    00000030   00000030    r-- .const
  00000730    00000730    00000020   00000020    r-- .cinit
20000000    20000000    00000019   00000000    rw-
  20000000    20000000    00000019   00000000    rw- .data
2000fe00    2000fe00    00000200   00000000    rw-
  2000fe00    2000fe00    00000200   00000000    rw- .stack


SECTION ALLOCATION MAP

 output                                  attributes/
section   page    origin      length       input sections
--------  ----  ----------  ----------   ----------------
.intvecs   0    00000000    000000e4     
                  00000000    000000e4     startup_msp432p401r_ccs.obj (.intvecs:retain)

.text      0    000000e8    00000612     
                  000000e8    000002b8     main.obj (.text:main)
                  000003a0    0000009c     rtsv7M4_T_le_v4SPD16_eabi.lib : memcpy_t2.asm.obj (.text)
                  0000043c    00000004                                   : pre_init.c.obj (.text:_system_pre_init)
                  00000440    0000006e     system_msp432p401r.obj (.text:SystemInit)
                  000004ae    00000068     rtsv7M4_T_le_v4SPD16_eabi.lib : copy_decompress_lzss.c.obj (.text:decompress:lzss:__TI_decompress_lzss)
                  00000516    00000002     --HOLE-- [fill = 0]
                  00000518    00000058     msp432p4xx_driverlib.lib : gpio.o (.text:GPIO_setAsInputPinWithPullUpResistor)
                  00000570    00000044     rtsv7M4_T_le_v4SPD16_eabi.lib : autoinit.c.obj (.text:__TI_auto_init_nobinit_nopinit:__TI_auto_init_nobinit_nopinit)
                  000005b4    00000040     msp432p4xx_driverlib.lib : gpio.o (.text:GPIO_setAsOutputPin)
                  000005f4    00000038     rtsv7M4_T_le_v4SPD16_eabi.lib : boot_cortex_m.c.obj (.text:_c_int00_noargs:_c_int00_noargs)
                  0000062c    00000030     msp432p4xx_driverlib.lib : gpio.o (.text:GPIO_getInputPinValue)
                  0000065c    00000028                              : gpio.o (.text:GPIO_setOutputLowOnPin)
                  00000684    00000028                              : gpio.o (.text:GPIO_toggleOutputOnPin)
                  000006ac    00000004     rtsv7M4_T_le_v4SPD16_eabi.lib : exit.c.obj (.text:abort:abort)
                  000006b0    00000028     main.obj (.text:InputDelay)
                  000006d8    0000000e     rtsv7M4_T_le_v4SPD16_eabi.lib : copy_decompress_none.c.obj (.text:decompress:none:__TI_decompress_none)
                  000006e6    00000002     --HOLE-- [fill = 0]
                  000006e8    0000000c     startup_msp432p401r_ccs.obj (.text:Reset_Handler)
                  000006f4    00000004     --HOLE-- [fill = 0]
                  000006f8    00000002     startup_msp432p401r_ccs.obj (.text:Default_Handler)

.const     0    000006fc    00000030     
                  000006fc    00000030     msp432p4xx_driverlib.lib : gpio.o (.const:GPIO_PORT_TO_BASE)

.cinit     0    00000730    00000020     
                  00000730    0000000d     (.cinit..data.load) [load image, compression = lzss]
                  0000073d    00000003     --HOLE-- [fill = 0]
                  00000740    00000008     (__TI_handler_table)
                  00000748    00000008     (__TI_cinit_table)

.init_array 
*          0    00000000    00000000     UNINITIALIZED

.binit     0    00000000    00000000     

.data      0    20000000    00000019     UNINITIALIZED
                  20000000    00000019     main.obj (.data)

.stack     0    2000fe00    00000200     UNINITIALIZED
                  2000fe00    00000004     rtsv7M4_T_le_v4SPD16_eabi.lib : boot_cortex_m.c.obj (.stack)
                  2000fe04    000001fc     --HOLE--

MODULE SUMMARY

       Module                        code   ro data   rw data
       ------                        ----   -------   -------
    .\
       main.obj                      736    0         50     
       system_msp432p401r.obj        110    0         0      
    +--+-----------------------------+------+---------+---------+
       Total:                        846    0         50     
                                                             
    .\ccs\
       startup_msp432p401r_ccs.obj   14     228       0      
    +--+-----------------------------+------+---------+---------+
       Total:                        14     228       0      
                                                             
    C:/ti/simplelink_msp432p4_sdk_2_20_00_12/source/ti/devices/msp432p4xx/driverlib/ccs/msp432p4xx_driverlib.lib
       gpio.o                        280    48        0      
    +--+-----------------------------+------+---------+---------+
       Total:                        280    48        0      
                                                             
    C:\ti\ccsv8\tools\compiler\ti-cgt-arm_18.1.3.LTS\lib\rtsv7M4_T_le_v4SPD16_eabi.lib
       memcpy_t2.asm.obj             156    0         0      
       copy_decompress_lzss.c.obj    104    0         0      
       autoinit.c.obj                68     0         0      
       boot_cortex_m.c.obj           56     0         0      
       copy_decompress_none.c.obj    14     0         0      
       exit.c.obj                    4      0         0      
       pre_init.c.obj                4      0         0      
    +--+-----------------------------+------+---------+---------+
       Total:                        406    0         0      
                                                             
       Stack:                        0      0         1024   
       Linker Generated:             0      29        0      
    +--+-----------------------------+------+---------+---------+
       Grand Total:                  1546   305       1074   


LINKER GENERATED COPY TABLES

__TI_cinit_table @ 00000748 records: 1, size/record: 8, table size: 8
	.data: load addr=00000730, load size=0000000d bytes, run addr=20000000, run size=00000019 bytes, compression=lzss


LINKER GENERATED HANDLER TABLE

__TI_handler_table @ 00000740 records: 2, size/record: 4, table size: 8
	index: 0, handler: __TI_decompress_lzss
	index: 1, handler: __TI_decompress_none


GLOBAL SYMBOLS: SORTED ALPHABETICALLY BY Name 

address   name                                
-------   ----                                
000006f9  ADC14_IRQHandler                    
000006f9  AES256_IRQHandler                   
000006f9  BusFault_Handler                    
000006ad  C$$EXIT                             
000006f9  COMP_E0_IRQHandler                  
000006f9  COMP_E1_IRQHandler                  
000006f9  CS_IRQHandler                       
000006f9  DMA_ERR_IRQHandler                  
000006f9  DMA_INT0_IRQHandler                 
000006f9  DMA_INT1_IRQHandler                 
000006f9  DMA_INT2_IRQHandler                 
000006f9  DMA_INT3_IRQHandler                 
000006f9  DebugMon_Handler                    
000006f9  Default_Handler                     
000006f9  EUSCIA0_IRQHandler                  
000006f9  EUSCIA1_IRQHandler                  
000006f9  EUSCIA2_IRQHandler                  
000006f9  EUSCIA3_IRQHandler                  
000006f9  EUSCIB0_IRQHandler                  
000006f9  EUSCIB1_IRQHandler                  
000006f9  EUSCIB2_IRQHandler                  
000006f9  EUSCIB3_IRQHandler                  
000006f9  FLCTL_IRQHandler                    
000006f9  FPU_IRQHandler                      
0000062d  GPIO_getInputPinValue               
00000519  GPIO_setAsInputPinWithPullUpResistor
000005b5  GPIO_setAsOutputPin                 
0000065d  GPIO_setOutputLowOnPin              
00000685  GPIO_toggleOutputOnPin              
000006f9  HardFault_Handler                   
000006b1  InputDelay                          
000006f9  MemManage_Handler                   
000006f9  NMI_Handler                         
000006f9  PCM_IRQHandler                      
000006f9  PORT1_IRQHandler                    
000006f9  PORT2_IRQHandler                    
000006f9  PORT3_IRQHandler                    
000006f9  PORT4_IRQHandler                    
000006f9  PORT5_IRQHandler                    
000006f9  PORT6_IRQHandler                    
000006f9  PSS_IRQHandler                      
000006f9  PendSV_Handler                      
000006f9  RTC_C_IRQHandler                    
000006e9  Reset_Handler                       
000006f9  SVC_Handler                         
000006f9  SysTick_Handler                     
00000441  SystemInit                          
000006f9  T32_INT1_IRQHandler                 
000006f9  T32_INT2_IRQHandler                 
000006f9  T32_INTC_IRQHandler                 
000006f9  TA0_0_IRQHandler                    
000006f9  TA0_N_IRQHandler                    
000006f9  TA1_0_IRQHandler                    
000006f9  TA1_N_IRQHandler                    
000006f9  TA2_0_IRQHandler                    
000006f9  TA2_N_IRQHandler                    
000006f9  TA3_0_IRQHandler                    
000006f9  TA3_N_IRQHandler                    
000006f9  UsageFault_Handler                  
4000480c  WDTCTL_SYM                          
000006f9  WDT_A_IRQHandler                    
20010000  __STACK_END                         
00000200  __STACK_SIZE                        
00000748  __TI_CINIT_Base                     
00000750  __TI_CINIT_Limit                    
00000740  __TI_Handler_Table_Base             
00000748  __TI_Handler_Table_Limit            
00000571  __TI_auto_init_nobinit_nopinit      
000004af  __TI_decompress_lzss                
000006d9  __TI_decompress_none                
ffffffff  __TI_pprof_out_hndl                 
ffffffff  __TI_prof_data_size                 
ffffffff  __TI_prof_data_start                
00000000  __TI_static_base__                  
000003a1  __aeabi_memcpy                      
000003a1  __aeabi_memcpy4                     
000003a1  __aeabi_memcpy8                     
ffffffff  __binit__                           
ffffffff  __c_args__                          
UNDEFED   __mpu_init                          
2000fe00  __stack                             
000005f5  _c_int00_noargs                     
UNDEFED   _system_post_cinit                  
0000043d  _system_pre_init                    
000006ad  abort                               
ffffffff  binit                               
2000000c  color                               
20000018  cycleReset                          
20000014  cycles                              
00000000  interruptVectors                    
20000004  led1Period                          
000000e9  main                                
000003a1  memcpy                              
20000008  rgbPeriod                           
20000010  rgbPowerState                       
20000000  speed                               


GLOBAL SYMBOLS: SORTED BY Symbol Address 

address   name                                
-------   ----                                
00000000  __TI_static_base__                  
00000000  interruptVectors                    
000000e9  main                                
00000200  __STACK_SIZE                        
000003a1  __aeabi_memcpy                      
000003a1  __aeabi_memcpy4                     
000003a1  __aeabi_memcpy8                     
000003a1  memcpy                              
0000043d  _system_pre_init                    
00000441  SystemInit                          
000004af  __TI_decompress_lzss                
00000519  GPIO_setAsInputPinWithPullUpResistor
00000571  __TI_auto_init_nobinit_nopinit      
000005b5  GPIO_setAsOutputPin                 
000005f5  _c_int00_noargs                     
0000062d  GPIO_getInputPinValue               
0000065d  GPIO_setOutputLowOnPin              
00000685  GPIO_toggleOutputOnPin              
000006ad  C$$EXIT                             
000006ad  abort                               
000006b1  InputDelay                          
000006d9  __TI_decompress_none                
000006e9  Reset_Handler                       
000006f9  ADC14_IRQHandler                    
000006f9  AES256_IRQHandler                   
000006f9  BusFault_Handler                    
000006f9  COMP_E0_IRQHandler                  
000006f9  COMP_E1_IRQHandler                  
000006f9  CS_IRQHandler                       
000006f9  DMA_ERR_IRQHandler                  
000006f9  DMA_INT0_IRQHandler                 
000006f9  DMA_INT1_IRQHandler                 
000006f9  DMA_INT2_IRQHandler                 
000006f9  DMA_INT3_IRQHandler                 
000006f9  DebugMon_Handler                    
000006f9  Default_Handler                     
000006f9  EUSCIA0_IRQHandler                  
000006f9  EUSCIA1_IRQHandler                  
000006f9  EUSCIA2_IRQHandler                  
000006f9  EUSCIA3_IRQHandler                  
000006f9  EUSCIB0_IRQHandler                  
000006f9  EUSCIB1_IRQHandler                  
000006f9  EUSCIB2_IRQHandler                  
000006f9  EUSCIB3_IRQHandler                  
000006f9  FLCTL_IRQHandler                    
000006f9  FPU_IRQHandler                      
000006f9  HardFault_Handler                   
000006f9  MemManage_Handler                   
000006f9  NMI_Handler                         
000006f9  PCM_IRQHandler                      
000006f9  PORT1_IRQHandler                    
000006f9  PORT2_IRQHandler                    
000006f9  PORT3_IRQHandler                    
000006f9  PORT4_IRQHandler                    
000006f9  PORT5_IRQHandler                    
000006f9  PORT6_IRQHandler                    
000006f9  PSS_IRQHandler                      
000006f9  PendSV_Handler                      
000006f9  RTC_C_IRQHandler                    
000006f9  SVC_Handler                         
000006f9  SysTick_Handler                     
000006f9  T32_INT1_IRQHandler                 
000006f9  T32_INT2_IRQHandler                 
000006f9  T32_INTC_IRQHandler                 
000006f9  TA0_0_IRQHandler                    
000006f9  TA0_N_IRQHandler                    
000006f9  TA1_0_IRQHandler                    
000006f9  TA1_N_IRQHandler                    
000006f9  TA2_0_IRQHandler                    
000006f9  TA2_N_IRQHandler                    
000006f9  TA3_0_IRQHandler                    
000006f9  TA3_N_IRQHandler                    
000006f9  UsageFault_Handler                  
000006f9  WDT_A_IRQHandler                    
00000740  __TI_Handler_Table_Base             
00000748  __TI_CINIT_Base                     
00000748  __TI_Handler_Table_Limit            
00000750  __TI_CINIT_Limit                    
20000000  speed                               
20000004  led1Period                          
20000008  rgbPeriod                           
2000000c  color                               
20000010  rgbPowerState                       
20000014  cycles                              
20000018  cycleReset                          
2000fe00  __stack                             
20010000  __STACK_END                         
4000480c  WDTCTL_SYM                          
ffffffff  __TI_pprof_out_hndl                 
ffffffff  __TI_prof_data_size                 
ffffffff  __TI_prof_data_start                
ffffffff  __binit__                           
ffffffff  __c_args__                          
ffffffff  binit                               
UNDEFED   __mpu_init                          
UNDEFED   _system_post_cinit                  

[96 symbols]
