******************************************************************************
                  TI ARM Linker PC v18.1.3                     
******************************************************************************
>> Linked Wed Oct  3 22:59:34 2018

OUTPUT FILE NAME:   <Project2A_Peters.out>
ENTRY POINT SYMBOL: "_c_int00_noargs"  address: 0000091d


MEMORY CONFIGURATION

         name            origin    length      used     unused   attr    fill
----------------------  --------  ---------  --------  --------  ----  --------
  MAIN                  00000000   00040000  00000a30  0003f5d0  R  X
  INFO                  00200000   00004000  00000000  00004000  R  X
  SRAM_CODE             01000000   00010000  00000258  0000fda8  RW X
  SRAM_DATA             20000000   00010000  00000258  0000fda8  RW  


SEGMENT ALLOCATION MAP

run origin  load origin   length   init length attrs members
----------  ----------- ---------- ----------- ----- -------
00000000    00000000    00000a30   00000a30    r-x
  00000000    00000000    000000e4   000000e4    r-- .intvecs
  000000e4    000000e4    000008bc   000008bc    r-x .text
  000009a0    000009a0    00000050   00000050    r-- .const
  000009f0    000009f0    00000040   00000040    r-- .cinit
20000000    20000000    00000058   00000000    rw-
  20000000    20000000    00000058   00000000    rw- .data
2000fe00    2000fe00    00000200   00000000    rw-
  2000fe00    2000fe00    00000200   00000000    rw- .stack


SECTION ALLOCATION MAP

 output                                  attributes/
section   page    origin      length       input sections
--------  ----  ----------  ----------   ----------------
.intvecs   0    00000000    000000e4     
                  00000000    000000e4     startup_msp432p401r_ccs.obj (.intvecs:retain)

.text      0    000000e4    000008bc     
                  000000e4    00000144     msp432p4xx_driverlib.lib : timer_a.o (.text:privateTimer_AProcessClockSourceDivider)
                  00000228    00000130     main.obj (.text:CycleIntensity)
                  00000358    00000114     main.obj (.text:Init)
                  0000046c    0000009c     main.obj (.text:PORT1_IRQHandler)
                  00000508    0000009c     rtsv7M4_T_le_v4SPD16_eabi.lib : memcpy_t2.asm.obj (.text)
                  000005a4    00000078     main.obj (.text:CycleColor)
                  0000061c    00000078     system_msp432p401r.obj (.text:SystemInit)
                  00000694    00000074     msp432p4xx_driverlib.lib : timer_a.o (.text:Timer_A_generatePWM)
                  00000708    00000068     rtsv7M4_T_le_v4SPD16_eabi.lib : copy_decompress_lzss.c.obj (.text:decompress:lzss:__TI_decompress_lzss)
                  00000770    00000060     main.obj (.text:TA1_0_IRQHandler)
                  000007d0    0000004c     main.obj (.text:main)
                  0000081c    00000044     main.obj (.text:SysTick_Handler)
                  00000860    00000044     rtsv7M4_T_le_v4SPD16_eabi.lib : autoinit.c.obj (.text:__TI_auto_init_nobinit_nopinit:__TI_auto_init_nobinit_nopinit)
                  000008a4    00000040     msp432p4xx_driverlib.lib : gpio.o (.text:GPIO_setAsOutputPin)
                  000008e4    00000038     main.obj (.text:GetDutyCycle)
                  0000091c    00000038     rtsv7M4_T_le_v4SPD16_eabi.lib : boot_cortex_m.c.obj (.text:_c_int00_noargs:_c_int00_noargs)
                  00000954    00000028     msp432p4xx_driverlib.lib : gpio.o (.text:GPIO_toggleOutputOnPin)
                  0000097c    0000000e     rtsv7M4_T_le_v4SPD16_eabi.lib : copy_decompress_none.c.obj (.text:decompress:none:__TI_decompress_none)
                  0000098a    0000000c     startup_msp432p401r_ccs.obj (.text:Reset_Handler)
                  00000996    00000004     rtsv7M4_T_le_v4SPD16_eabi.lib : pre_init.c.obj (.text:_system_pre_init)
                  0000099a    00000004                                   : exit.c.obj (.text:abort:abort)
                  0000099e    00000002     startup_msp432p401r_ccs.obj (.text:Default_Handler)

.const     0    000009a0    00000050     
                  000009a0    00000030     msp432p4xx_driverlib.lib : gpio.o (.const:GPIO_PORT_TO_BASE)
                  000009d0    00000018     main.obj (.const:upConfig)
                  000009e8    00000008     main.obj (.const:.string:portP2_mapping)

.cinit     0    000009f0    00000040     
                  000009f0    0000002d     (.cinit..data.load) [load image, compression = lzss]
                  00000a1d    00000003     --HOLE-- [fill = 0]
                  00000a20    00000008     (__TI_handler_table)
                  00000a28    00000008     (__TI_cinit_table)

.init_array 
*          0    00000000    00000000     UNINITIALIZED

.binit     0    00000000    00000000     

.data      0    20000000    00000058     UNINITIALIZED
                  20000000    00000018     main.obj (.data:bluePWMConfig)
                  20000018    00000018     main.obj (.data:greenPWMConfig)
                  20000030    00000018     main.obj (.data:redPWMConfig)
                  20000048    00000010     main.obj (.data)

.stack     0    2000fe00    00000200     UNINITIALIZED
                  2000fe00    00000004     rtsv7M4_T_le_v4SPD16_eabi.lib : boot_cortex_m.c.obj (.stack)
                  2000fe04    000001fc     --HOLE--

MODULE SUMMARY

       Module                        code   ro data   rw data
       ------                        ----   -------   -------
    .\
       main.obj                      1152   32        176    
       system_msp432p401r.obj        120    0         0      
    +--+-----------------------------+------+---------+---------+
       Total:                        1272   32        176    
                                                             
    .\ccs\
       startup_msp432p401r_ccs.obj   14     228       0      
    +--+-----------------------------+------+---------+---------+
       Total:                        14     228       0      
                                                             
    C:/ti/simplelink_msp432p4_sdk_2_20_00_12/source/ti/devices/msp432p4xx/driverlib/ccs/msp432p4xx_driverlib.lib
       timer_a.o                     440    0         0      
       gpio.o                        104    48        0      
    +--+-----------------------------+------+---------+---------+
       Total:                        544    48        0      
                                                             
    C:\ti\ccsv8\tools\compiler\ti-cgt-arm_18.1.3.LTS\lib\rtsv7M4_T_le_v4SPD16_eabi.lib
       memcpy_t2.asm.obj             156    0         0      
       copy_decompress_lzss.c.obj    104    0         0      
       autoinit.c.obj                68     0         0      
       boot_cortex_m.c.obj           56     0         0      
       copy_decompress_none.c.obj    14     0         0      
       exit.c.obj                    4      0         0      
       pre_init.c.obj                4      0         0      
    +--+-----------------------------+------+---------+---------+
       Total:                        406    0         0      
                                                             
       Stack:                        0      0         1024   
       Linker Generated:             0      61        0      
    +--+-----------------------------+------+---------+---------+
       Grand Total:                  2236   369       1200   


LINKER GENERATED COPY TABLES

__TI_cinit_table @ 00000a28 records: 1, size/record: 8, table size: 8
	.data: load addr=000009f0, load size=0000002d bytes, run addr=20000000, run size=00000058 bytes, compression=lzss


LINKER GENERATED HANDLER TABLE

__TI_handler_table @ 00000a20 records: 2, size/record: 4, table size: 8
	index: 0, handler: __TI_decompress_lzss
	index: 1, handler: __TI_decompress_none


GLOBAL SYMBOLS: SORTED ALPHABETICALLY BY Name 

address   name                          
-------   ----                          
0000099f  ADC14_IRQHandler              
0000099f  AES256_IRQHandler             
0000099f  BusFault_Handler              
0000099b  C$$EXIT                       
0000099f  COMP_E0_IRQHandler            
0000099f  COMP_E1_IRQHandler            
0000099f  CS_IRQHandler                 
000005a5  CycleColor                    
00000229  CycleIntensity                
0000099f  DMA_ERR_IRQHandler            
0000099f  DMA_INT0_IRQHandler           
0000099f  DMA_INT1_IRQHandler           
0000099f  DMA_INT2_IRQHandler           
0000099f  DMA_INT3_IRQHandler           
0000099f  DebugMon_Handler              
0000099f  Default_Handler               
0000099f  EUSCIA0_IRQHandler            
0000099f  EUSCIA1_IRQHandler            
0000099f  EUSCIA2_IRQHandler            
0000099f  EUSCIA3_IRQHandler            
0000099f  EUSCIB0_IRQHandler            
0000099f  EUSCIB1_IRQHandler            
0000099f  EUSCIB2_IRQHandler            
0000099f  EUSCIB3_IRQHandler            
0000099f  FLCTL_IRQHandler              
0000099f  FPU_IRQHandler                
000008a5  GPIO_setAsOutputPin           
00000955  GPIO_toggleOutputOnPin        
000008e5  GetDutyCycle                  
0000099f  HardFault_Handler             
00000359  Init                          
0000099f  MemManage_Handler             
0000099f  NMI_Handler                   
0000099f  PCM_IRQHandler                
0000046d  PORT1_IRQHandler              
0000046d  PORT1_IRQHandler              
0000099f  PORT2_IRQHandler              
0000099f  PORT3_IRQHandler              
0000099f  PORT4_IRQHandler              
0000099f  PORT5_IRQHandler              
0000099f  PORT6_IRQHandler              
0000099f  PSS_IRQHandler                
0000099f  PendSV_Handler                
0000099f  RTC_C_IRQHandler              
0000098b  Reset_Handler                 
0000099f  SVC_Handler                   
0000081d  SysTick_Handler               
0000081d  SysTick_Handler               
0000061d  SystemInit                    
0000099f  T32_INT1_IRQHandler           
0000099f  T32_INT2_IRQHandler           
0000099f  T32_INTC_IRQHandler           
0000099f  TA0_0_IRQHandler              
0000099f  TA0_N_IRQHandler              
00000771  TA1_0_IRQHandler              
00000771  TA1_0_IRQHandler              
0000099f  TA1_N_IRQHandler              
0000099f  TA2_0_IRQHandler              
0000099f  TA2_N_IRQHandler              
0000099f  TA3_0_IRQHandler              
0000099f  TA3_N_IRQHandler              
00000695  Timer_A_generatePWM           
0000099f  UsageFault_Handler            
4000480c  WDTCTL_SYM                    
0000099f  WDT_A_IRQHandler              
20010000  __STACK_END                   
00000200  __STACK_SIZE                  
00000a28  __TI_CINIT_Base               
00000a30  __TI_CINIT_Limit              
00000a20  __TI_Handler_Table_Base       
00000a28  __TI_Handler_Table_Limit      
00000861  __TI_auto_init_nobinit_nopinit
00000709  __TI_decompress_lzss          
0000097d  __TI_decompress_none          
ffffffff  __TI_pprof_out_hndl           
ffffffff  __TI_prof_data_size           
ffffffff  __TI_prof_data_start          
00000000  __TI_static_base__            
00000509  __aeabi_memcpy                
00000509  __aeabi_memcpy4               
00000509  __aeabi_memcpy8               
ffffffff  __binit__                     
ffffffff  __c_args__                    
UNDEFED   __mpu_init                    
2000fe00  __stack                       
0000091d  _c_int00_noargs               
UNDEFED   _system_post_cinit            
00000997  _system_pre_init              
0000099b  abort                         
ffffffff  binit                         
2000004f  blueDC                        
20000000  bluePWMConfig                 
2000004c  colorState                    
2000004e  greenDC                       
20000018  greenPWMConfig                
00000000  interruptVectors              
20000048  led1Count                     
000007d1  main                          
00000509  memcpy                        
000009e8  portP2_mapping                
2000004d  redDC                         
20000030  redPWMConfig                  
20000050  s1ButtonDebounce              
20000054  s2ButtonDebounce              
000009d0  upConfig                      


GLOBAL SYMBOLS: SORTED BY Symbol Address 

address   name                          
-------   ----                          
00000000  __TI_static_base__            
00000000  interruptVectors              
00000200  __STACK_SIZE                  
00000229  CycleIntensity                
00000359  Init                          
0000046d  PORT1_IRQHandler              
0000046d  PORT1_IRQHandler              
00000509  __aeabi_memcpy                
00000509  __aeabi_memcpy4               
00000509  __aeabi_memcpy8               
00000509  memcpy                        
000005a5  CycleColor                    
0000061d  SystemInit                    
00000695  Timer_A_generatePWM           
00000709  __TI_decompress_lzss          
00000771  TA1_0_IRQHandler              
00000771  TA1_0_IRQHandler              
000007d1  main                          
0000081d  SysTick_Handler               
0000081d  SysTick_Handler               
00000861  __TI_auto_init_nobinit_nopinit
000008a5  GPIO_setAsOutputPin           
000008e5  GetDutyCycle                  
0000091d  _c_int00_noargs               
00000955  GPIO_toggleOutputOnPin        
0000097d  __TI_decompress_none          
0000098b  Reset_Handler                 
00000997  _system_pre_init              
0000099b  C$$EXIT                       
0000099b  abort                         
0000099f  ADC14_IRQHandler              
0000099f  AES256_IRQHandler             
0000099f  BusFault_Handler              
0000099f  COMP_E0_IRQHandler            
0000099f  COMP_E1_IRQHandler            
0000099f  CS_IRQHandler                 
0000099f  DMA_ERR_IRQHandler            
0000099f  DMA_INT0_IRQHandler           
0000099f  DMA_INT1_IRQHandler           
0000099f  DMA_INT2_IRQHandler           
0000099f  DMA_INT3_IRQHandler           
0000099f  DebugMon_Handler              
0000099f  Default_Handler               
0000099f  EUSCIA0_IRQHandler            
0000099f  EUSCIA1_IRQHandler            
0000099f  EUSCIA2_IRQHandler            
0000099f  EUSCIA3_IRQHandler            
0000099f  EUSCIB0_IRQHandler            
0000099f  EUSCIB1_IRQHandler            
0000099f  EUSCIB2_IRQHandler            
0000099f  EUSCIB3_IRQHandler            
0000099f  FLCTL_IRQHandler              
0000099f  FPU_IRQHandler                
0000099f  HardFault_Handler             
0000099f  MemManage_Handler             
0000099f  NMI_Handler                   
0000099f  PCM_IRQHandler                
0000099f  PORT2_IRQHandler              
0000099f  PORT3_IRQHandler              
0000099f  PORT4_IRQHandler              
0000099f  PORT5_IRQHandler              
0000099f  PORT6_IRQHandler              
0000099f  PSS_IRQHandler                
0000099f  PendSV_Handler                
0000099f  RTC_C_IRQHandler              
0000099f  SVC_Handler                   
0000099f  T32_INT1_IRQHandler           
0000099f  T32_INT2_IRQHandler           
0000099f  T32_INTC_IRQHandler           
0000099f  TA0_0_IRQHandler              
0000099f  TA0_N_IRQHandler              
0000099f  TA1_N_IRQHandler              
0000099f  TA2_0_IRQHandler              
0000099f  TA2_N_IRQHandler              
0000099f  TA3_0_IRQHandler              
0000099f  TA3_N_IRQHandler              
0000099f  UsageFault_Handler            
0000099f  WDT_A_IRQHandler              
000009d0  upConfig                      
000009e8  portP2_mapping                
00000a20  __TI_Handler_Table_Base       
00000a28  __TI_CINIT_Base               
00000a28  __TI_Handler_Table_Limit      
00000a30  __TI_CINIT_Limit              
20000000  bluePWMConfig                 
20000018  greenPWMConfig                
20000030  redPWMConfig                  
20000048  led1Count                     
2000004c  colorState                    
2000004d  redDC                         
2000004e  greenDC                       
2000004f  blueDC                        
20000050  s1ButtonDebounce              
20000054  s2ButtonDebounce              
2000fe00  __stack                       
20010000  __STACK_END                   
4000480c  WDTCTL_SYM                    
ffffffff  __TI_pprof_out_hndl           
ffffffff  __TI_prof_data_size           
ffffffff  __TI_prof_data_start          
ffffffff  __binit__                     
ffffffff  __c_args__                    
ffffffff  binit                         
UNDEFED   __mpu_init                    
UNDEFED   _system_post_cinit            

[105 symbols]
