******************************************************************************
                  TI ARM Linker PC v18.1.3                     
******************************************************************************
>> Linked Thu Oct 25 11:27:54 2018

OUTPUT FILE NAME:   <Project3.out>
ENTRY POINT SYMBOL: "_c_int00_noargs"  address: 000045bd


MEMORY CONFIGURATION

         name            origin    length      used     unused   attr    fill
----------------------  --------  ---------  --------  --------  ----  --------
  MAIN                  00000000   00040000  000052da  0003ad26  R  X
  INFO                  00200000   00004000  00000000  00004000  R  X
  SRAM_CODE             01000000   00010000  00000338  0000fcc8  RW X
  SRAM_DATA             20000000   00010000  00000338  0000fcc8  RW  


SEGMENT ALLOCATION MAP

run origin  load origin   length   init length attrs members
----------  ----------- ---------- ----------- ----- -------
00000000    00000000    000052e0   000052e0    r-x
  00000000    00000000    000000e4   000000e4    r-- .intvecs
  000000e8    000000e8    00004b92   00004b92    r-x .text
  00004c7c    00004c7c    00000614   00000614    r-- .const
  00005290    00005290    00000050   00000050    r-- .cinit
20000000    20000000    00000138   00000000    rw-
  20000000    20000000    000000e8   00000000    rw- .bss
  200000e8    200000e8    00000050   00000000    rw- .data
2000fe00    2000fe00    00000200   00000000    rw-
  2000fe00    2000fe00    00000200   00000000    rw- .stack


SECTION ALLOCATION MAP

 output                                  attributes/
section   page    origin      length       input sections
--------  ----  ----------  ----------   ----------------
.intvecs   0    00000000    000000e4     
                  00000000    000000e4     startup_msp432p401r_ccs.obj (.intvecs:retain)

.text      0    000000e8    00004b92     
                  000000e8    00000a5e     rtsv7M4_T_le_v4SPD16_eabi.lib : _printfi.c.obj (.text:__TI_printfi)
                  00000b46    0000047e     grlib.a : string.obj (.text:Graphics_drawString)
                  00000fc4    00000270     rtsv7M4_T_le_v4SPD16_eabi.lib : _printfi.c.obj (.text:_pconv_a)
                  00001234    00000004                                   : pre_init.c.obj (.text:_system_pre_init)
                  00001238    000001e4     Crystalfontz128x128_ST7735.obj (.text:Crystalfontz128x128_PixelDrawMultiple)
                  0000141c    000001d0     rtsv7M4_T_le_v4SPD16_eabi.lib : _printfi.c.obj (.text:_pconv_g)
                  000015ec    000001b6                                   : fd_add_t2.asm.obj (.text)
                  000017a2    00000004                                   : exit.c.obj (.text:abort:abort)
                  000017a6    00000002                                   : div0.asm.obj (.text)
                  000017a8    00000164     main.obj (.text:TA2_N_IRQHandler)
                  0000190c    00000160     msp432p4xx_driverlib.lib : adc14.o (.text:_getIndexForMemRegister)
                  00001a6c    00000004     --HOLE-- [fill = 0]
                  00001a70    00000148     Crystalfontz128x128_ST7735.obj (.text:Crystalfontz128x128_SetDrawFrame)
                  00001bb8    00000144     msp432p4xx_driverlib.lib : timer_a.o (.text:privateTimer_AProcessClockSourceDivider)
                  00001cfc    0000013c     rtsv7M4_T_le_v4SPD16_eabi.lib : _printfi.c.obj (.text:_pconv_e)
                  00001e38    00000136                                   : fd_div_t2.asm.obj (.text)
                  00001f6e    00000002     --HOLE-- [fill = 0]
                  00001f70    00000130     Crystalfontz128x128_ST7735.obj (.text:Crystalfontz128x128_Init)
                  000020a0    00000120     rtsv7M4_T_le_v4SPD16_eabi.lib : _printfi.c.obj (.text:fcvt)
                  000021c0    00000120     rgb_driver.obj (.text:set_port_map)
                  000022e0    00000110     rtsv7M4_T_le_v4SPD16_eabi.lib : s_scalbn.c.obj (.text:scalbn)
                  000023f0    000000fc                                   : fd_mul_t2.asm.obj (.text)
                  000024ec    000000fa     grlib.a : string.obj (.text:Graphics_getStringWidth)
                  000025e6    00000002     --HOLE-- [fill = 0]
                  000025e8    000000f8     rtsv7M4_T_le_v4SPD16_eabi.lib : s_floor.c.obj (.text:floor)
                  000026e0    000000dc     HAL_OPT3001.obj (.text:OPT3001_getLux)
                  000027bc    00000004     --HOLE-- [fill = 0]
                  000027c0    000000dc     main.obj (.text:draw_curr_accel_data)
                  0000289c    00000004     --HOLE-- [fill = 0]
                  000028a0    000000c8     buzzer_driver.obj (.text:init_buzzer)
                  00002968    000000b8     driverlib_aux.obj (.text:PMAP_configurePort)
                  00002a20    000000b8     main.obj (.text:main)
                  00002ad8    000000b1     rtsv7M4_T_le_v4SPD16_eabi.lib : _printfi.c.obj (.text:_ltostr)
                  00002b89    00000001     --HOLE-- [fill = 0]
                  00002b8a    000000b0     msp432p4xx_driverlib.lib : spi.o (.text:SPI_initMaster)
                  00002c3a    00000006     --HOLE-- [fill = 0]
                  00002c40    000000a4     main.obj (.text:adjust_lcd_backlight)
                  00002ce4    00000004     --HOLE-- [fill = 0]
                  00002ce8    0000009e     Crystalfontz128x128_ST7735.obj (.text:Crystalfontz128x128_RectFill)
                  00002d86    0000009c     grlib.a : line.obj (.text:Graphics_drawLineH)
                  00002e22    00000006     --HOLE-- [fill = 0]
                  00002e28    0000009c     HAL_I2C.obj (.text:I2C_read16)
                  00002ec4    00000004     --HOLE-- [fill = 0]
                  00002ec8    0000009c     buzzer_driver.obj (.text:get_timer_ccr)
                  00002f64    0000009c     rtsv7M4_T_le_v4SPD16_eabi.lib : memcpy_t2.asm.obj (.text)
                  00003000    00000098     main.obj (.text:init_hardware)
                  00003098    00000096     rtsv7M4_T_le_v4SPD16_eabi.lib : ull_div_t2.asm.obj (.text)
                  0000312e    00000002     --HOLE-- [fill = 0]
                  00003130    0000008c     accelerometer_driver.obj (.text:init_accelerometer)
                  000031bc    00000088     msp432p4xx_driverlib.lib : gpio.o (.text:GPIO_setAsPeripheralModuleFunctionOutputPin)
                  00003244    00000004     --HOLE-- [fill = 0]
                  00003248    00000088     main.obj (.text:init_clock)
                  000032d0    00000088     rgb_driver.obj (.text:rgb_start)
                  00003358    00000086     rtsv7M4_T_le_v4SPD16_eabi.lib : fd_cmp_t2.asm.obj (.text:__aeabi_cdcmple)
                  000033de    00000086                                   : fd_cmp_t2.asm.obj (.text:__aeabi_cdrcmple)
                  00003464    00000004     --HOLE-- [fill = 0]
                  00003468    0000007c     rgb_driver.obj (.text:init_timer_defaults)
                  000034e4    0000007a     rtsv7M4_T_le_v4SPD16_eabi.lib : memset_t2.asm.obj (.text)
                  0000355e    00000002     --HOLE-- [fill = 0]
                  00003560    00000078     system_msp432p401r.obj (.text:SystemInit)
                  000035d8    00000078     main.obj (.text:process_accelerometer)
                  00003650    00000078     rgb_driver.obj (.text:set_as_output)
                  000036c8    00000074     msp432p4xx_driverlib.lib : timer_a.o (.text:Timer_A_generatePWM)
                  0000373c    00000004     --HOLE-- [fill = 0]
                  00003740    00000074     main.obj (.text:update_lux)
                  000037b4    0000006e     rtsv7M4_T_le_v4SPD16_eabi.lib : _printfi.c.obj (.text:_mcpy)
                  00003822    0000006e                                   : fd_tos_t2.asm.obj (.text)
                  00003890    0000006c     accelerometer_driver.obj (.text:ADC14_IRQHandler)
                  000038fc    0000006c     msp432p4xx_driverlib.lib : i2c.o (.text:I2C_masterSendMultiByteFinish)
                  00003968    00000068                              : i2c.o (.text:I2C_masterSendMultiByteStart)
                  000039d0    00000068     rtsv7M4_T_le_v4SPD16_eabi.lib : copy_decompress_lzss.c.obj (.text:decompress:lzss:__TI_decompress_lzss)
                  00003a38    00000068     rgb_driver.obj (.text:rgb_set_duty_cycle)
                  00003aa0    00000064     rtsv7M4_T_le_v4SPD16_eabi.lib : s_frexp.c.obj (.text:frexp)
                  00003b04    00000004     --HOLE-- [fill = 0]
                  00003b08    00000062     Crystalfontz128x128_ST7735.obj (.text:Crystalfontz128x128_LineDrawH)
                  00003b6a    00000006     --HOLE-- [fill = 0]
                  00003b70    00000062     Crystalfontz128x128_ST7735.obj (.text:Crystalfontz128x128_LineDrawV)
                  00003bd2    00000062     msp432p4xx_driverlib.lib : i2c.o (.text:I2C_initMaster)
                  00003c34    00000004     --HOLE-- [fill = 0]
                  00003c38    00000060     main.obj (.text:adc_interrupt_func)
                  00003c98    00000060     main.obj (.text:init_timers)
                  00003cf8    00000060     main.obj (.text:map_accel)
                  00003d58    00000060     rgb_driver.obj (.text:rgb_init_rgb_driver)
                  00003db8    00000056     rtsv7M4_T_le_v4SPD16_eabi.lib : _printfi.c.obj (.text:_pconv_f)
                  00003e0e    00000002     --HOLE-- [fill = 0]
                  00003e10    00000054     Crystalfontz128x128_ST7735.obj (.text:Crystalfontz128x128_SetOrientation)
                  00003e64    00000054     rtsv7M4_T_le_v4SPD16_eabi.lib : ltoa.c.obj (.text:ltoa)
                  00003eb8    00000052     grlib.a : context.obj (.text:Graphics_initContext)
                  00003f0a    00000052     rtsv7M4_T_le_v4SPD16_eabi.lib : _printfi.c.obj (.text:_ecpy)
                  00003f5c    0000004c                                   : atoi.c.obj (.text:atoi)
                  00003fa8    0000004c     main.obj (.text:init_lcd)
                  00003ff4    00000004     --HOLE-- [fill = 0]
                  00003ff8    0000004c     rgb_driver.obj (.text:set_pins)
                  00004044    00000004     --HOLE-- [fill = 0]
                  00004048    0000004c     rgb_driver.obj (.text:set_ports)
                  00004094    00000048     grlib.a : string.obj (.text:Graphics_drawStringCentered)
                  000040dc    00000004     --HOLE-- [fill = 0]
                  000040e0    00000048     HAL_I2C.obj (.text:I2C_write16)
                  00004128    00000048     main.obj (.text:adjust_rgb_duty_cycle)
                  00004170    00000048     rtsv7M4_T_le_v4SPD16_eabi.lib : fd_toi_t2.asm.obj (.text)
                  000041b8    00000044                                   : autoinit.c.obj (.text:__TI_auto_init_nobinit_nopinit:__TI_auto_init_nobinit_nopinit)
                  000041fc    00000044                                   : fd_tou_t2.asm.obj (.text)
                  00004240    00000044     accelerometer_driver.obj (.text:start_accelerometer)
                  00004284    00000004     --HOLE-- [fill = 0]
                  00004288    00000040     Crystalfontz128x128_ST7735.obj (.text:Crystalfontz128x128_PixelDraw)
                  000042c8    00000040     msp432p4xx_driverlib.lib : gpio.o (.text:GPIO_setAsOutputPin)
                  00004308    00000040     grlib.a : string.obj (.text:Graphics_getNumberOfLeadingZeros)
                  00004348    00000040     HAL_MSP_EXP432P401R_Crystalfontz128x128_ST7735.obj (.text:HAL_LCD_SpiInit)
                  00004388    00000040     msp432p4xx_driverlib.lib : i2c.o (.text:I2C_masterReceiveMultiByteFinish)
                  000043c8    00000040                              : spi.o (.text:is_A_Module)
                  00004408    00000040     rtsv7M4_T_le_v4SPD16_eabi.lib : sprintf.c.obj (.text:sprintf)
                  00004448    0000003e                                   : _printfi.c.obj (.text:_fcpy)
                  00004486    00000002     --HOLE-- [fill = 0]
                  00004488    0000003c     HAL_MSP_EXP432P401R_Crystalfontz128x128_ST7735.obj (.text:HAL_LCD_writeCommand)
                  000044c4    00000004     --HOLE-- [fill = 0]
                  000044c8    0000003c     main.obj (.text:draw_accel_x_max)
                  00004504    00000004     --HOLE-- [fill = 0]
                  00004508    0000003c     main.obj (.text:draw_accel_y_max)
                  00004544    00000004     --HOLE-- [fill = 0]
                  00004548    0000003c     main.obj (.text:draw_accel_z_max)
                  00004584    00000038     msp432p4xx_driverlib.lib : i2c.o (.text:I2C_masterSendMultiByteStop)
                  000045bc    00000038     rtsv7M4_T_le_v4SPD16_eabi.lib : boot_cortex_m.c.obj (.text:_c_int00_noargs:_c_int00_noargs)
                  000045f4    00000038                                   : fs_tod_t2.asm.obj (.text)
                  0000462c    00000036     grlib.a : display.obj (.text:Graphics_drawHorizontalLineOnDisplay)
                  00004662    00000002     --HOLE-- [fill = 0]
                  00004664    00000034     msp432p4xx_driverlib.lib : i2c.o (.text:I2C_masterSendMultiByteNext)
                  00004698    00000034     rgb_driver.obj (.text:rgb_set_duty_cycle_pct)
                  000046cc    00000004     --HOLE-- [fill = 0]
                  000046d0    00000034     rgb_driver.obj (.text:rgb_set_period)
                  00004704    00000004     --HOLE-- [fill = 0]
                  00004708    00000030     HAL_MSP_EXP432P401R_Crystalfontz128x128_ST7735.obj (.text:HAL_LCD_PortInit)
                  00004738    00000030     buzzer_driver.obj (.text:set_duty_cycle_pct_buzzer)
                  00004768    0000002e     rtsv7M4_T_le_v4SPD16_eabi.lib : i_tofd_t2.asm.obj (.text)
                  00004796    00000002     --HOLE-- [fill = 0]
                  00004798    0000002c     Crystalfontz128x128_ST7735.obj (.text:Crystalfontz128x128_ClearScreen)
                  000047c4    0000002c     grlib.a : display.obj (.text:Graphics_drawPixelOnDisplay)
                  000047f0    0000002c     HAL_MSP_EXP432P401R_Crystalfontz128x128_ST7735.obj (.text:HAL_LCD_writeData)
                  0000481c    00000004     --HOLE-- [fill = 0]
                  00004820    0000002c     buzzer_driver.obj (.text:set_port_map)
                  0000484c    00000004     --HOLE-- [fill = 0]
                  00004850    00000028     Crystalfontz128x128_ST7735.obj (.text:Crystalfontz128x128_ColorTranslate)
                  00004878    00000028     msp432p4xx_driverlib.lib : gpio.o (.text:GPIO_setOutputHighOnPin)
                  000048a0    00000028                              : gpio.o (.text:GPIO_setOutputLowOnPin)
                  000048c8    00000020     HAL_I2C.obj (.text:I2C_init)
                  000048e8    00000020     main.obj (.text:init_light_sensor)
                  00004908    00000020     buzzer_driver.obj (.text:stop_buzzer)
                  00004928    0000001c     msp432p4xx_driverlib.lib : adc14.o (.text:ADC14_getResult)
                  00004944    0000001c                              : i2c.o (.text:I2C_setMode)
                  00004960    0000001c     HAL_I2C.obj (.text:I2C_setslave)
                  0000497c    0000001c     msp432p4xx_driverlib.lib : spi.o (.text:SPI_enableModule)
                  00004998    0000001c     rtsv7M4_T_le_v4SPD16_eabi.lib : memccpy.c.obj (.text:memccpy)
                  000049b4    0000001a     grlib.a : display.obj (.text:Graphics_clearDisplayOnDisplay)
                  000049ce    0000001a             : context.obj (.text:Graphics_setBackgroundColor)
                  000049e8    0000001a             : context.obj (.text:Graphics_setFont)
                  00004a02    0000001a     msp432p4xx_driverlib.lib : i2c.o (.text:I2C_masterReceiveStart)
                  00004a1c    00000018                              : i2c.o (.text:I2C_getInterruptStatus)
                  00004a34    00000018                              : i2c.o (.text:I2C_isBusBusy)
                  00004a4c    00000004     --HOLE-- [fill = 0]
                  00004a50    00000018     HAL_I2C.obj (.text:Init_I2C_GPIO)
                  00004a68    00000018     rtsv7M4_T_le_v4SPD16_eabi.lib : sprintf.c.obj (.text:_outs)
                  00004a80    00000018     buzzer_driver.obj (.text:start_buzzer)
                  00004a98    00000016     msp432p4xx_driverlib.lib : spi.o (.text:EUSCI_A_SPI_enable)
                  00004aae    00000016                              : spi.o (.text:EUSCI_B_SPI_enable)
                  00004ac4    00000016     grlib.a : context.obj (.text:Graphics_setForegroundColor)
                  00004ada    00000016             : display.obj (.text:Graphics_translateColorOnDisplay)
                  00004af0    00000016     msp432p4xx_driverlib.lib : i2c.o (.text:I2C_clearInterruptFlag)
                  00004b06    00000016                              : i2c.o (.text:I2C_disableModule)
                  00004b1c    00000016                              : i2c.o (.text:I2C_enableModule)
                  00004b32    00000016                              : timer_a.o (.text:Timer_A_clearInterruptFlag)
                  00004b48    00000016     rtsv7M4_T_le_v4SPD16_eabi.lib : strchr.c.obj (.text:strchr)
                  00004b5e    00000014     msp432p4xx_driverlib.lib : i2c.o (.text:I2C_masterReceiveMultiByteNext)
                  00004b72    00000014                              : i2c.o (.text:I2C_setSlaveAddress)
                  00004b86    00000002     --HOLE-- [fill = 0]
                  00004b88    00000014     HAL_OPT3001.obj (.text:OPT3001_init)
                  00004b9c    00000014     rtsv7M4_T_le_v4SPD16_eabi.lib : s_copysign.c.obj (.text:copysign)
                  00004bb0    00000014     accelerometer_driver.obj (.text:set_func_pointer)
                  00004bc4    00000014     rtsv7M4_T_le_v4SPD16_eabi.lib : strlen.c.obj (.text:strlen)
                  00004bd8    00000012     grlib.a : context.obj (.text:Graphics_clearDisplay)
                  00004bea    00000012     rtsv7M4_T_le_v4SPD16_eabi.lib : copy_zero_init.c.obj (.text:decompress:ZI:__TI_zero_init_nomemset:__TI_zero_init_nomemset)
                  00004bfc    00000012                                   : wcslen.c.obj (.text:wcslen)
                  00004c0e    00000002     --HOLE-- [fill = 0]
                  00004c10    00000010     msp432p4xx_driverlib.lib : interrupt.o (.text:Interrupt_disableSleepOnIsrExit)
                  00004c20    0000000e     rtsv7M4_T_le_v4SPD16_eabi.lib : copy_decompress_none.c.obj (.text:decompress:none:__TI_decompress_none)
                  00004c2e    00000002     --HOLE-- [fill = 0]
                  00004c30    0000000c     startup_msp432p401r_ccs.obj (.text:Reset_Handler)
                  00004c3c    00000004     --HOLE-- [fill = 0]
                  00004c40    0000000c     rgb_driver.obj (.text:rgb_get_period)
                  00004c4c    00000004     --HOLE-- [fill = 0]
                  00004c50    0000000a     Crystalfontz128x128_ST7735.obj (.text:Crystalfontz128x128_Flush)
                  00004c5a    0000000a     rtsv7M4_T_le_v4SPD16_eabi.lib : sprintf.c.obj (.text:_outc)
                  00004c64    00000008                                   : errno.c.obj (.text:__aeabi_errno_addr)
                  00004c6c    00000004     --HOLE-- [fill = 0]
                  00004c70    00000008     accelerometer_driver.obj (.text:get_accel_data)
                  00004c78    00000002     startup_msp432p401r_ccs.obj (.text:Default_Handler)

.const     0    00004c7c    00000614     
                  00004c7c    000002f8     grlib.a : fontfixed6x8.obj (.const:.string:g_pucFontFixed6x8Data)
                  00004f74    00000101     rtsv7M4_T_le_v4SPD16_eabi.lib : ctype.c.obj (.const:.string:_ctypes_)
                  00005075    00000003     --HOLE-- [fill = 0]
                  00005078    000000c8     grlib.a : fontfixed6x8.obj (.const:g_sFontFixed6x8)
                  00005140    00000080     msp432p4xx_driverlib.lib : adc14.o (.const:_ctlRegs)
                  000051c0    00000030                              : gpio.o (.const:GPIO_PORT_TO_BASE)
                  000051f0    00000020     Crystalfontz128x128_ST7735.obj (.const:g_sCrystalfontz128x128_funcs)
                  00005210    0000001c     HAL_MSP_EXP432P401R_Crystalfontz128x128_ST7735.obj (.const:$P$T0$1)
                  0000522c    00000018     rgb_driver.obj (.const:$P$T0$1)
                  00005244    00000018     main.obj (.const:sensorCheckTimer)
                  0000525c    00000018     main.obj (.const:timer_A1)
                  00005274    00000014     HAL_I2C.obj (.const:i2cConfig)
                  00005288    00000008     Crystalfontz128x128_ST7735.obj (.const:$P$T0$1)

.cinit     0    00005290    00000050     
                  00005290    00000025     (.cinit..data.load) [load image, compression = lzss]
                  000052b5    00000003     --HOLE-- [fill = 0]
                  000052b8    0000000c     (__TI_handler_table)
                  000052c4    00000004     --HOLE-- [fill = 0]
                  000052c8    00000008     (.cinit..bss.load) [load image, compression = zero_init]
                  000052d0    00000010     (__TI_cinit_table)

.init_array 
*          0    00000000    00000000     UNINITIALIZED

.binit     0    00000000    00000000     

.bss       0    20000000    000000e8     UNINITIALIZED
                  20000000    0000006c     (.common:_rgb_driver_)
                  2000006c    0000001c     (.common:_buzzer_driver_)
                  20000088    0000001c     (.common:g_sContext)
                  200000a4    00000010     (.common:lcd_buffer)
                  200000b4    00000006     (.common:accel_buffer)
                  200000ba    00000006     (.common:accel_max)
                  200000c0    00000006     (.common:accel_prev)
                  200000c6    00000002     (.common:Lcd_ScreenHeigth)
                  200000c8    00000004     (.common:buzzer_overflow_counter)
                  200000cc    00000004     (.common:curr_accel)
                  200000d0    00000004     (.common:filteredLux)
                  200000d4    00000004     (.common:flags)
                  200000d8    00000004     (.common:lux)
                  200000dc    00000004     (.common:p_func)
                  200000e0    00000002     (.common:Lcd_ScreenWidth)
                  200000e2    00000002     (.common:Lcd_TouchTrim)
                  200000e4    00000001     (.common:Lcd_FlagRead)
                  200000e5    00000001     (.common:Lcd_FontSolid)
                  200000e6    00000001     (.common:Lcd_Orientation)
                  200000e7    00000001     (.common:Lcd_PenSolid)

.data      0    200000e8    00000050     UNINITIALIZED
                  200000e8    00000018     main.obj (.data:lcdPWMConfig)
                  20000100    00000010     Crystalfontz128x128_ST7735.obj (.data:g_sCrystalfontz128x128)
                  20000110    00000008     buzzer_driver.obj (.data:port2_mapping_buzzer)
                  20000118    00000008     rgb_driver.obj (.data:port2_mapping_rgb)
                  20000120    00000008     rgb_driver.obj (.data:port5_mapping)
                  20000128    00000006     accelerometer_driver.obj (.data:_accel_)
                  2000012e    00000002     --HOLE--
                  20000130    00000004     main.obj (.data)
                  20000134    00000004     rtsv7M4_T_le_v4SPD16_eabi.lib : errno.c.obj (.data)

.stack     0    2000fe00    00000200     UNINITIALIZED
                  2000fe00    00000004     rtsv7M4_T_le_v4SPD16_eabi.lib : boot_cortex_m.c.obj (.stack)
                  2000fe04    000001fc     --HOLE--

MODULE SUMMARY

       Module                                               code    ro data   rw data
       ------                                               ----    -------   -------
    .\
       main.obj                                             2096    48        220    
       rgb_driver.obj                                       1136    24        248    
       buzzer_driver.obj                                    504     0         72     
       accelerometer_driver.obj                             344     0         20     
       HAL_I2C.obj                                          312     20        0      
       HAL_OPT3001.obj                                      240     0         0      
       driverlib_aux.obj                                    184     0         0      
       system_msp432p401r.obj                               120     0         0      
    +--+----------------------------------------------------+-------+---------+---------+
       Total:                                               4936    92        560    
                                                                                     
    .\LcdDriver\
       Crystalfontz128x128_ST7735.obj                       1712    40        52     
       HAL_MSP_EXP432P401R_Crystalfontz128x128_ST7735.obj   216     28        0      
    +--+----------------------------------------------------+-------+---------+---------+
       Total:                                               1928    68        52     
                                                                                     
    .\ccs\
       startup_msp432p401r_ccs.obj                          14      228       0      
    +--+----------------------------------------------------+-------+---------+---------+
       Total:                                               14      228       0      
                                                                                     
    C:/ti/simplelink_msp432p4_sdk_2_20_00_12/source/ti/devices/msp432p4xx/driverlib/ccs/msp432p4xx_driverlib.lib
       i2c.o                                                690     0         0      
       adc14.o                                              380     128       0      
       timer_a.o                                            462     0         0      
       gpio.o                                               280     48        0      
       spi.o                                                312     0         0      
       interrupt.o                                          16      0         0      
    +--+----------------------------------------------------+-------+---------+---------+
       Total:                                               2140    176       0      
                                                                                     
    C:/ti/simplelink_msp432p4_sdk_2_20_00_12/source/ti/grlib/lib/ccs/m4f/grlib.a
       string.obj                                           1536    0         0      
       fontfixed6x8.obj                                     0       960       0      
       context.obj                                          174     0         0      
       line.obj                                             156     0         0      
       display.obj                                          146     0         0      
    +--+----------------------------------------------------+-------+---------+---------+
       Total:                                               2012    960       0      
                                                                                     
    C:\ti\ccsv8\tools\compiler\ti-cgt-arm_18.1.3.LTS\lib\rtsv7M4_T_le_v4SPD16_eabi.lib
       _printfi.c.obj                                       4863    0         0      
       fd_add_t2.asm.obj                                    438     0         0      
       fd_div_t2.asm.obj                                    310     0         0      
       s_scalbn.c.obj                                       272     0         0      
       fd_cmp_t2.asm.obj                                    268     0         0      
       ctype.c.obj                                          0       257       0      
       fd_mul_t2.asm.obj                                    252     0         0      
       s_floor.c.obj                                        248     0         0      
       memcpy_t2.asm.obj                                    156     0         0      
       ull_div_t2.asm.obj                                   150     0         0      
       memset_t2.asm.obj                                    122     0         0      
       fd_tos_t2.asm.obj                                    110     0         0      
       copy_decompress_lzss.c.obj                           104     0         0      
       s_frexp.c.obj                                        100     0         0      
       sprintf.c.obj                                        98      0         0      
       ltoa.c.obj                                           84      0         0      
       atoi.c.obj                                           76      0         0      
       fd_toi_t2.asm.obj                                    72      0         0      
       autoinit.c.obj                                       68      0         0      
       fd_tou_t2.asm.obj                                    68      0         0      
       boot_cortex_m.c.obj                                  56      0         0      
       fs_tod_t2.asm.obj                                    56      0         0      
       i_tofd_t2.asm.obj                                    46      0         0      
       memccpy.c.obj                                        28      0         0      
       strchr.c.obj                                         22      0         0      
       s_copysign.c.obj                                     20      0         0      
       strlen.c.obj                                         20      0         0      
       copy_zero_init.c.obj                                 18      0         0      
       wcslen.c.obj                                         18      0         0      
       errno.c.obj                                          8       0         8      
       copy_decompress_none.c.obj                           14      0         0      
       exit.c.obj                                           4       0         0      
       pre_init.c.obj                                       4       0         0      
       div0.asm.obj                                         2       0         0      
    +--+----------------------------------------------------+-------+---------+---------+
       Total:                                               8175    257       8      
                                                                                     
       Stack:                                               0       0         1024   
       Linker Generated:                                    0       73        0      
    +--+----------------------------------------------------+-------+---------+---------+
       Grand Total:                                         19205   1854      1644   


LINKER GENERATED COPY TABLES

__TI_cinit_table @ 000052d0 records: 2, size/record: 8, table size: 16
	.data: load addr=00005290, load size=00000025 bytes, run addr=200000e8, run size=00000050 bytes, compression=lzss
	.bss: load addr=000052c8, load size=00000008 bytes, run addr=20000000, run size=000000e8 bytes, compression=zero_init


LINKER GENERATED HANDLER TABLE

__TI_handler_table @ 000052b8 records: 3, size/record: 4, table size: 12
	index: 0, handler: __TI_decompress_lzss
	index: 1, handler: __TI_decompress_none
	index: 2, handler: __TI_zero_init


GLOBAL SYMBOLS: SORTED ALPHABETICALLY BY Name 

address   name                                       
-------   ----                                       
00003891  ADC14_IRQHandler                           
00003891  ADC14_IRQHandler                           
00004929  ADC14_getResult                            
00004c79  AES256_IRQHandler                          
00004c79  BusFault_Handler                           
000017a3  C$$EXIT                                    
00004c79  COMP_E0_IRQHandler                         
00004c79  COMP_E1_IRQHandler                         
00004c79  CS_IRQHandler                              
00001f71  Crystalfontz128x128_Init                   
00001a71  Crystalfontz128x128_SetDrawFrame           
00003e11  Crystalfontz128x128_SetOrientation         
00004c79  DMA_ERR_IRQHandler                         
00004c79  DMA_INT0_IRQHandler                        
00004c79  DMA_INT1_IRQHandler                        
00004c79  DMA_INT2_IRQHandler                        
00004c79  DMA_INT3_IRQHandler                        
00004c79  DebugMon_Handler                           
00004c79  Default_Handler                            
00004c79  EUSCIA0_IRQHandler                         
00004c79  EUSCIA1_IRQHandler                         
00004c79  EUSCIA2_IRQHandler                         
00004c79  EUSCIA3_IRQHandler                         
00004c79  EUSCIB0_IRQHandler                         
00004c79  EUSCIB1_IRQHandler                         
00004c79  EUSCIB2_IRQHandler                         
00004c79  EUSCIB3_IRQHandler                         
00004a99  EUSCI_A_SPI_enable                         
00004aaf  EUSCI_B_SPI_enable                         
00004c79  FLCTL_IRQHandler                           
00004c79  FPU_IRQHandler                             
000042c9  GPIO_setAsOutputPin                        
000031bd  GPIO_setAsPeripheralModuleFunctionOutputPin
00004879  GPIO_setOutputHighOnPin                    
000048a1  GPIO_setOutputLowOnPin                     
00004bd9  Graphics_clearDisplay                      
000049b5  Graphics_clearDisplayOnDisplay             
0000462d  Graphics_drawHorizontalLineOnDisplay       
00002d87  Graphics_drawLineH                         
000047c5  Graphics_drawPixelOnDisplay                
00000b47  Graphics_drawString                        
00004095  Graphics_drawStringCentered                
000024ed  Graphics_getStringWidth                    
00003eb9  Graphics_initContext                       
000049cf  Graphics_setBackgroundColor                
000049e9  Graphics_setFont                           
00004ac5  Graphics_setForegroundColor                
00004adb  Graphics_translateColorOnDisplay           
00004709  HAL_LCD_PortInit                           
00004349  HAL_LCD_SpiInit                            
00004489  HAL_LCD_writeCommand                       
000047f1  HAL_LCD_writeData                          
00004c79  HardFault_Handler                          
00004af1  I2C_clearInterruptFlag                     
00004b07  I2C_disableModule                          
00004b1d  I2C_enableModule                           
00004a1d  I2C_getInterruptStatus                     
000048c9  I2C_init                                   
00003bd3  I2C_initMaster                             
00004a35  I2C_isBusBusy                              
00004389  I2C_masterReceiveMultiByteFinish           
00004b5f  I2C_masterReceiveMultiByteNext             
00004a03  I2C_masterReceiveStart                     
000038fd  I2C_masterSendMultiByteFinish              
00004665  I2C_masterSendMultiByteNext                
00003969  I2C_masterSendMultiByteStart               
00004585  I2C_masterSendMultiByteStop                
00002e29  I2C_read16                                 
00004945  I2C_setMode                                
00004b73  I2C_setSlaveAddress                        
00004961  I2C_setslave                               
000040e1  I2C_write16                                
00004a51  Init_I2C_GPIO                              
00004c11  Interrupt_disableSleepOnIsrExit            
200000e4  Lcd_FlagRead                               
200000e5  Lcd_FontSolid                              
200000e6  Lcd_Orientation                            
200000e7  Lcd_PenSolid                               
200000c6  Lcd_ScreenHeigth                           
200000e0  Lcd_ScreenWidth                            
200000e2  Lcd_TouchTrim                              
00004c79  MemManage_Handler                          
00004c79  NMI_Handler                                
000026e1  OPT3001_getLux                             
00004b89  OPT3001_init                               
00004c79  PCM_IRQHandler                             
00002969  PMAP_configurePort                         
00004c79  PORT1_IRQHandler                           
00004c79  PORT2_IRQHandler                           
00004c79  PORT3_IRQHandler                           
00004c79  PORT4_IRQHandler                           
00004c79  PORT5_IRQHandler                           
00004c79  PORT6_IRQHandler                           
00004c79  PSS_IRQHandler                             
00004c79  PendSV_Handler                             
00004c79  RTC_C_IRQHandler                           
00004c31  Reset_Handler                              
0000497d  SPI_enableModule                           
00002b8b  SPI_initMaster                             
00004c79  SVC_Handler                                
00004c79  SysTick_Handler                            
00003561  SystemInit                                 
00004c79  T32_INT1_IRQHandler                        
00004c79  T32_INT2_IRQHandler                        
00004c79  T32_INTC_IRQHandler                        
00004c79  TA0_0_IRQHandler                           
00004c79  TA0_N_IRQHandler                           
00004c79  TA1_0_IRQHandler                           
00004c79  TA1_N_IRQHandler                           
00004c79  TA2_0_IRQHandler                           
000017a9  TA2_N_IRQHandler                           
000017a9  TA2_N_IRQHandler                           
00004c79  TA3_0_IRQHandler                           
00004c79  TA3_N_IRQHandler                           
00004b33  Timer_A_clearInterruptFlag                 
000036c9  Timer_A_generatePWM                        
00004c79  UsageFault_Handler                         
4000480c  WDTCTL_SYM                                 
00004c79  WDT_A_IRQHandler                           
20010000  __STACK_END                                
00000200  __STACK_SIZE                               
000052d0  __TI_CINIT_Base                            
000052e0  __TI_CINIT_Limit                           
000052b8  __TI_Handler_Table_Base                    
000052c4  __TI_Handler_Table_Limit                   
000041b9  __TI_auto_init_nobinit_nopinit             
000039d1  __TI_decompress_lzss                       
00004c21  __TI_decompress_none                       
ffffffff  __TI_pprof_out_hndl                        
000000e9  __TI_printfi                               
ffffffff  __TI_prof_data_size                        
ffffffff  __TI_prof_data_start                       
00000000  __TI_static_base__                         
00004beb  __TI_zero_init_nomemset                    
00003359  __aeabi_cdcmpeq                            
00003359  __aeabi_cdcmple                            
000033df  __aeabi_cdrcmple                           
00003823  __aeabi_d2f                                
00004171  __aeabi_d2iz                               
000041fd  __aeabi_d2uiz                              
000015f7  __aeabi_dadd                               
00001e39  __aeabi_ddiv                               
000023f1  __aeabi_dmul                               
000015ed  __aeabi_dsub                               
00004c65  __aeabi_errno_addr                         
000045f5  __aeabi_f2d                                
00004769  __aeabi_i2d                                
000017a7  __aeabi_idiv0                              
000017a7  __aeabi_ldiv0                              
000034e5  __aeabi_memclr                             
000034e5  __aeabi_memclr4                            
000034e5  __aeabi_memclr8                            
00002f65  __aeabi_memcpy                             
00002f65  __aeabi_memcpy4                            
00002f65  __aeabi_memcpy8                            
000034e7  __aeabi_memset                             
000034e7  __aeabi_memset4                            
000034e7  __aeabi_memset8                            
00003099  __aeabi_uldivmod                           
ffffffff  __binit__                                  
ffffffff  __c_args__                                 
UNDEFED   __mpu_init                                 
2000fe00  __stack                                    
20000128  _accel_                                    
2000006c  _buzzer_driver_                            
000045bd  _c_int00_noargs                            
00004f74  _ctypes_                                   
20000000  _rgb_driver_                               
UNDEFED   _system_post_cinit                         
00001235  _system_pre_init                           
000017a3  abort                                      
200000b4  accel_buffer                               
200000ba  accel_max                                  
200000c0  accel_prev                                 
00003c39  adc_interrupt_func                         
00002c41  adjust_lcd_backlight                       
00004129  adjust_rgb_duty_cycle                      
00003f5d  atoi                                       
ffffffff  binit                                      
20000130  buzzer_duty_cycle                          
200000c8  buzzer_overflow_counter                    
00004b9d  copysign                                   
00004b9d  copysignl                                  
200000cc  curr_accel                                 
000044c9  draw_accel_x_max                           
00004509  draw_accel_y_max                           
00004549  draw_accel_z_max                           
000027c1  draw_curr_accel_data                       
20000134  errno                                      
200000d0  filteredLux                                
200000d4  flags                                      
000025e9  floor                                      
000025e9  floorl                                     
00003aa1  frexp                                      
00003aa1  frexpl                                     
20000088  g_sContext                                 
20000100  g_sCrystalfontz128x128                     
000051f0  g_sCrystalfontz128x128_funcs               
00005078  g_sFontFixed6x8                            
00004c71  get_accel_data                             
00005274  i2cConfig                                  
00003131  init_accelerometer                         
000028a1  init_buzzer                                
00003249  init_clock                                 
00003001  init_hardware                              
00003fa9  init_lcd                                   
000048e9  init_light_sensor                          
00003c99  init_timers                                
00000000  interruptVectors                           
200000e8  lcdPWMConfig                               
200000a4  lcd_buffer                                 
000022e1  ldexp                                      
000022e1  ldexpl                                     
00003e65  ltoa                                       
200000d8  lux                                        
00002a21  main                                       
00004999  memccpy                                    
00002f65  memcpy                                     
000034ed  memset                                     
200000dc  p_func                                     
20000110  port2_mapping_buzzer                       
20000118  port2_mapping_rgb                          
20000120  port5_mapping                              
000035d9  process_accelerometer                      
00004c41  rgb_get_period                             
00003d59  rgb_init_rgb_driver                        
00003a39  rgb_set_duty_cycle                         
00004699  rgb_set_duty_cycle_pct                     
000046d1  rgb_set_period                             
000032d1  rgb_start                                  
000022e1  scalbn                                     
000022e1  scalbnl                                    
00005244  sensorCheckTimer                           
00004739  set_duty_cycle_pct_buzzer                  
00004bb1  set_func_pointer                           
00004409  sprintf                                    
00004241  start_accelerometer                        
00004a81  start_buzzer                               
00004909  stop_buzzer                                
00004b49  strchr                                     
00004bc5  strlen                                     
0000525c  timer_A1                                   
00003741  update_lux                                 
00004bfd  wcslen                                     


GLOBAL SYMBOLS: SORTED BY Symbol Address 

address   name                                       
-------   ----                                       
00000000  __TI_static_base__                         
00000000  interruptVectors                           
000000e9  __TI_printfi                               
00000200  __STACK_SIZE                               
00000b47  Graphics_drawString                        
00001235  _system_pre_init                           
000015ed  __aeabi_dsub                               
000015f7  __aeabi_dadd                               
000017a3  C$$EXIT                                    
000017a3  abort                                      
000017a7  __aeabi_idiv0                              
000017a7  __aeabi_ldiv0                              
000017a9  TA2_N_IRQHandler                           
000017a9  TA2_N_IRQHandler                           
00001a71  Crystalfontz128x128_SetDrawFrame           
00001e39  __aeabi_ddiv                               
00001f71  Crystalfontz128x128_Init                   
000022e1  ldexp                                      
000022e1  ldexpl                                     
000022e1  scalbn                                     
000022e1  scalbnl                                    
000023f1  __aeabi_dmul                               
000024ed  Graphics_getStringWidth                    
000025e9  floor                                      
000025e9  floorl                                     
000026e1  OPT3001_getLux                             
000027c1  draw_curr_accel_data                       
000028a1  init_buzzer                                
00002969  PMAP_configurePort                         
00002a21  main                                       
00002b8b  SPI_initMaster                             
00002c41  adjust_lcd_backlight                       
00002d87  Graphics_drawLineH                         
00002e29  I2C_read16                                 
00002f65  __aeabi_memcpy                             
00002f65  __aeabi_memcpy4                            
00002f65  __aeabi_memcpy8                            
00002f65  memcpy                                     
00003001  init_hardware                              
00003099  __aeabi_uldivmod                           
00003131  init_accelerometer                         
000031bd  GPIO_setAsPeripheralModuleFunctionOutputPin
00003249  init_clock                                 
000032d1  rgb_start                                  
00003359  __aeabi_cdcmpeq                            
00003359  __aeabi_cdcmple                            
000033df  __aeabi_cdrcmple                           
000034e5  __aeabi_memclr                             
000034e5  __aeabi_memclr4                            
000034e5  __aeabi_memclr8                            
000034e7  __aeabi_memset                             
000034e7  __aeabi_memset4                            
000034e7  __aeabi_memset8                            
000034ed  memset                                     
00003561  SystemInit                                 
000035d9  process_accelerometer                      
000036c9  Timer_A_generatePWM                        
00003741  update_lux                                 
00003823  __aeabi_d2f                                
00003891  ADC14_IRQHandler                           
00003891  ADC14_IRQHandler                           
000038fd  I2C_masterSendMultiByteFinish              
00003969  I2C_masterSendMultiByteStart               
000039d1  __TI_decompress_lzss                       
00003a39  rgb_set_duty_cycle                         
00003aa1  frexp                                      
00003aa1  frexpl                                     
00003bd3  I2C_initMaster                             
00003c39  adc_interrupt_func                         
00003c99  init_timers                                
00003d59  rgb_init_rgb_driver                        
00003e11  Crystalfontz128x128_SetOrientation         
00003e65  ltoa                                       
00003eb9  Graphics_initContext                       
00003f5d  atoi                                       
00003fa9  init_lcd                                   
00004095  Graphics_drawStringCentered                
000040e1  I2C_write16                                
00004129  adjust_rgb_duty_cycle                      
00004171  __aeabi_d2iz                               
000041b9  __TI_auto_init_nobinit_nopinit             
000041fd  __aeabi_d2uiz                              
00004241  start_accelerometer                        
000042c9  GPIO_setAsOutputPin                        
00004349  HAL_LCD_SpiInit                            
00004389  I2C_masterReceiveMultiByteFinish           
00004409  sprintf                                    
00004489  HAL_LCD_writeCommand                       
000044c9  draw_accel_x_max                           
00004509  draw_accel_y_max                           
00004549  draw_accel_z_max                           
00004585  I2C_masterSendMultiByteStop                
000045bd  _c_int00_noargs                            
000045f5  __aeabi_f2d                                
0000462d  Graphics_drawHorizontalLineOnDisplay       
00004665  I2C_masterSendMultiByteNext                
00004699  rgb_set_duty_cycle_pct                     
000046d1  rgb_set_period                             
00004709  HAL_LCD_PortInit                           
00004739  set_duty_cycle_pct_buzzer                  
00004769  __aeabi_i2d                                
000047c5  Graphics_drawPixelOnDisplay                
000047f1  HAL_LCD_writeData                          
00004879  GPIO_setOutputHighOnPin                    
000048a1  GPIO_setOutputLowOnPin                     
000048c9  I2C_init                                   
000048e9  init_light_sensor                          
00004909  stop_buzzer                                
00004929  ADC14_getResult                            
00004945  I2C_setMode                                
00004961  I2C_setslave                               
0000497d  SPI_enableModule                           
00004999  memccpy                                    
000049b5  Graphics_clearDisplayOnDisplay             
000049cf  Graphics_setBackgroundColor                
000049e9  Graphics_setFont                           
00004a03  I2C_masterReceiveStart                     
00004a1d  I2C_getInterruptStatus                     
00004a35  I2C_isBusBusy                              
00004a51  Init_I2C_GPIO                              
00004a81  start_buzzer                               
00004a99  EUSCI_A_SPI_enable                         
00004aaf  EUSCI_B_SPI_enable                         
00004ac5  Graphics_setForegroundColor                
00004adb  Graphics_translateColorOnDisplay           
00004af1  I2C_clearInterruptFlag                     
00004b07  I2C_disableModule                          
00004b1d  I2C_enableModule                           
00004b33  Timer_A_clearInterruptFlag                 
00004b49  strchr                                     
00004b5f  I2C_masterReceiveMultiByteNext             
00004b73  I2C_setSlaveAddress                        
00004b89  OPT3001_init                               
00004b9d  copysign                                   
00004b9d  copysignl                                  
00004bb1  set_func_pointer                           
00004bc5  strlen                                     
00004bd9  Graphics_clearDisplay                      
00004beb  __TI_zero_init_nomemset                    
00004bfd  wcslen                                     
00004c11  Interrupt_disableSleepOnIsrExit            
00004c21  __TI_decompress_none                       
00004c31  Reset_Handler                              
00004c41  rgb_get_period                             
00004c65  __aeabi_errno_addr                         
00004c71  get_accel_data                             
00004c79  AES256_IRQHandler                          
00004c79  BusFault_Handler                           
00004c79  COMP_E0_IRQHandler                         
00004c79  COMP_E1_IRQHandler                         
00004c79  CS_IRQHandler                              
00004c79  DMA_ERR_IRQHandler                         
00004c79  DMA_INT0_IRQHandler                        
00004c79  DMA_INT1_IRQHandler                        
00004c79  DMA_INT2_IRQHandler                        
00004c79  DMA_INT3_IRQHandler                        
00004c79  DebugMon_Handler                           
00004c79  Default_Handler                            
00004c79  EUSCIA0_IRQHandler                         
00004c79  EUSCIA1_IRQHandler                         
00004c79  EUSCIA2_IRQHandler                         
00004c79  EUSCIA3_IRQHandler                         
00004c79  EUSCIB0_IRQHandler                         
00004c79  EUSCIB1_IRQHandler                         
00004c79  EUSCIB2_IRQHandler                         
00004c79  EUSCIB3_IRQHandler                         
00004c79  FLCTL_IRQHandler                           
00004c79  FPU_IRQHandler                             
00004c79  HardFault_Handler                          
00004c79  MemManage_Handler                          
00004c79  NMI_Handler                                
00004c79  PCM_IRQHandler                             
00004c79  PORT1_IRQHandler                           
00004c79  PORT2_IRQHandler                           
00004c79  PORT3_IRQHandler                           
00004c79  PORT4_IRQHandler                           
00004c79  PORT5_IRQHandler                           
00004c79  PORT6_IRQHandler                           
00004c79  PSS_IRQHandler                             
00004c79  PendSV_Handler                             
00004c79  RTC_C_IRQHandler                           
00004c79  SVC_Handler                                
00004c79  SysTick_Handler                            
00004c79  T32_INT1_IRQHandler                        
00004c79  T32_INT2_IRQHandler                        
00004c79  T32_INTC_IRQHandler                        
00004c79  TA0_0_IRQHandler                           
00004c79  TA0_N_IRQHandler                           
00004c79  TA1_0_IRQHandler                           
00004c79  TA1_N_IRQHandler                           
00004c79  TA2_0_IRQHandler                           
00004c79  TA3_0_IRQHandler                           
00004c79  TA3_N_IRQHandler                           
00004c79  UsageFault_Handler                         
00004c79  WDT_A_IRQHandler                           
00004f74  _ctypes_                                   
00005078  g_sFontFixed6x8                            
000051f0  g_sCrystalfontz128x128_funcs               
00005244  sensorCheckTimer                           
0000525c  timer_A1                                   
00005274  i2cConfig                                  
000052b8  __TI_Handler_Table_Base                    
000052c4  __TI_Handler_Table_Limit                   
000052d0  __TI_CINIT_Base                            
000052e0  __TI_CINIT_Limit                           
20000000  _rgb_driver_                               
2000006c  _buzzer_driver_                            
20000088  g_sContext                                 
200000a4  lcd_buffer                                 
200000b4  accel_buffer                               
200000ba  accel_max                                  
200000c0  accel_prev                                 
200000c6  Lcd_ScreenHeigth                           
200000c8  buzzer_overflow_counter                    
200000cc  curr_accel                                 
200000d0  filteredLux                                
200000d4  flags                                      
200000d8  lux                                        
200000dc  p_func                                     
200000e0  Lcd_ScreenWidth                            
200000e2  Lcd_TouchTrim                              
200000e4  Lcd_FlagRead                               
200000e5  Lcd_FontSolid                              
200000e6  Lcd_Orientation                            
200000e7  Lcd_PenSolid                               
200000e8  lcdPWMConfig                               
20000100  g_sCrystalfontz128x128                     
20000110  port2_mapping_buzzer                       
20000118  port2_mapping_rgb                          
20000120  port5_mapping                              
20000128  _accel_                                    
20000130  buzzer_duty_cycle                          
20000134  errno                                      
2000fe00  __stack                                    
20010000  __STACK_END                                
4000480c  WDTCTL_SYM                                 
ffffffff  __TI_pprof_out_hndl                        
ffffffff  __TI_prof_data_size                        
ffffffff  __TI_prof_data_start                       
ffffffff  __binit__                                  
ffffffff  __c_args__                                 
ffffffff  binit                                      
UNDEFED   __mpu_init                                 
UNDEFED   _system_post_cinit                         

[244 symbols]
