******************************************************************************
                  TI ARM Linker PC v18.1.3                     
******************************************************************************
>> Linked Wed Oct 17 11:33:02 2018

OUTPUT FILE NAME:   <Project3.out>
ENTRY POINT SYMBOL: "_c_int00_noargs"  address: 00001939


MEMORY CONFIGURATION

         name            origin    length      used     unused   attr    fill
----------------------  --------  ---------  --------  --------  ----  --------
  MAIN                  00000000   00040000  00002282  0003dd7e  R  X
  INFO                  00200000   00004000  00000000  00004000  R  X
  SRAM_CODE             01000000   00010000  00000262  0000fd9e  RW X
  SRAM_DATA             20000000   00010000  00000262  0000fd9e  RW  


SEGMENT ALLOCATION MAP

run origin  load origin   length   init length attrs members
----------  ----------- ---------- ----------- ----- -------
00000000    00000000    00002288   00002288    r-x
  00000000    00000000    000000e4   000000e4    r-- .intvecs
  000000e4    000000e4    00001c6e   00001c6e    r-x .text
  00001d54    00001d54    000004e8   000004e8    r-- .const
  00002240    00002240    00000048   00000048    r-- .cinit
20000000    20000000    00000064   00000000    rw-
  20000000    20000000    0000003a   00000000    rw- .bss
  2000003c    2000003c    00000028   00000000    rw- .data
2000fe00    2000fe00    00000200   00000000    rw-
  2000fe00    2000fe00    00000200   00000000    rw- .stack


SECTION ALLOCATION MAP

 output                                  attributes/
section   page    origin      length       input sections
--------  ----  ----------  ----------   ----------------
.intvecs   0    00000000    000000e4     
                  00000000    000000e4     startup_msp432p401r_ccs.obj (.intvecs:retain)

.text      0    000000e4    00001c6e     
                  000000e4    000001d8     Crystalfontz128x128_ST7735.obj (.text:Crystalfontz128x128_PixelDrawMultiple)
                  000002bc    000001b6     rtsv7M4_T_le_v4SPD16_eabi.lib : fd_add_t2.asm.obj (.text)
                  00000472    00000002     startup_msp432p401r_ccs.obj (.text:Default_Handler)
                  00000474    00000160     msp432p4xx_driverlib.lib : adc14.o (.text:_getIndexForMemRegister)
                  000005d4    00000144                              : timer_a.o (.text:privateTimer_AProcessClockSourceDivider)
                  00000718    00000140     main.obj (.text:main)
                  00000858    00000136     rtsv7M4_T_le_v4SPD16_eabi.lib : fd_div_t2.asm.obj (.text)
                  0000098e    00000002     --HOLE-- [fill = 0]
                  00000990    00000134     Crystalfontz128x128_ST7735.obj (.text:Crystalfontz128x128_SetDrawFrame)
                  00000ac4    0000012c     Crystalfontz128x128_ST7735.obj (.text:Crystalfontz128x128_Init)
                  00000bf0    000000fc     rtsv7M4_T_le_v4SPD16_eabi.lib : fd_mul_t2.asm.obj (.text)
                  00000cec    000000d8     HAL_OPT3001.obj (.text:OPT3001_getLux)
                  00000dc4    000000b0     msp432p4xx_driverlib.lib : spi.o (.text:SPI_initMaster)
                  00000e74    0000009c     Crystalfontz128x128_ST7735.obj (.text:Crystalfontz128x128_RectFill)
                  00000f10    0000009c     rtsv7M4_T_le_v4SPD16_eabi.lib : memcpy_t2.asm.obj (.text)
                  00000fac    0000008c     HAL_I2C.obj (.text:I2C_read16)
                  00001038    00000088     msp432p4xx_driverlib.lib : gpio.o (.text:GPIO_setAsPeripheralModuleFunctionOutputPin)
                  000010c0    00000078     system_msp432p401r.obj (.text:SystemInit)
                  00001138    00000074     msp432p4xx_driverlib.lib : timer_a.o (.text:Timer_A_generatePWM)
                  000011ac    00000074     main.obj (.text:initHardware)
                  00001220    0000006c     msp432p4xx_driverlib.lib : i2c.o (.text:I2C_masterSendMultiByteFinish)
                  0000128c    00000068                              : i2c.o (.text:I2C_masterSendMultiByteStart)
                  000012f4    00000068     rtsv7M4_T_le_v4SPD16_eabi.lib : copy_decompress_lzss.c.obj (.text:decompress:lzss:__TI_decompress_lzss)
                  0000135c    00000068     main.obj (.text:initClock)
                  000013c4    00000062     msp432p4xx_driverlib.lib : i2c.o (.text:I2C_initMaster)
                  00001426    00000060     Crystalfontz128x128_ST7735.obj (.text:Crystalfontz128x128_LineDrawH)
                  00001486    00000060     Crystalfontz128x128_ST7735.obj (.text:Crystalfontz128x128_LineDrawV)
                  000014e6    00000002     --HOLE-- [fill = 0]
                  000014e8    0000005c     main.obj (.text:ADC14_IRQHandler)
                  00001544    00000054     Crystalfontz128x128_ST7735.obj (.text:Crystalfontz128x128_SetOrientation)
                  00001598    00000052     grlib.a : context.obj (.text:Graphics_initContext)
                  000015ea    00000002     --HOLE-- [fill = 0]
                  000015ec    0000004c     main.obj (.text:initLCD)
                  00001638    00000048     HAL_I2C.obj (.text:I2C_write16)
                  00001680    00000044     main.obj (.text:TA1_N_IRQHandler)
                  000016c4    00000044     rtsv7M4_T_le_v4SPD16_eabi.lib : autoinit.c.obj (.text:__TI_auto_init_nobinit_nopinit:__TI_auto_init_nobinit_nopinit)
                  00001708    00000044                                   : fd_tou_t2.asm.obj (.text)
                  0000174c    00000040     Crystalfontz128x128_ST7735.obj (.text:Crystalfontz128x128_PixelDraw)
                  0000178c    00000040     msp432p4xx_driverlib.lib : gpio.o (.text:GPIO_setAsOutputPin)
                  000017cc    00000040     HAL_MSP_EXP432P401R_Crystalfontz128x128_ST7735.obj (.text:HAL_LCD_SpiInit)
                  0000180c    00000040     msp432p4xx_driverlib.lib : i2c.o (.text:I2C_masterReceiveMultiByteFinish)
                  0000184c    00000040                              : spi.o (.text:is_A_Module)
                  0000188c    0000003c     main.obj (.text:initTimers)
                  000018c8    00000038     HAL_MSP_EXP432P401R_Crystalfontz128x128_ST7735.obj (.text:HAL_LCD_writeCommand)
                  00001900    00000038     msp432p4xx_driverlib.lib : i2c.o (.text:I2C_masterSendMultiByteStop)
                  00001938    00000038     rtsv7M4_T_le_v4SPD16_eabi.lib : boot_cortex_m.c.obj (.text:_c_int00_noargs:_c_int00_noargs)
                  00001970    00000038                                   : fs_tod_t2.asm.obj (.text)
                  000019a8    00000034     msp432p4xx_driverlib.lib : i2c.o (.text:I2C_masterSendMultiByteNext)
                  000019dc    00000030     HAL_MSP_EXP432P401R_Crystalfontz128x128_ST7735.obj (.text:HAL_LCD_PortInit)
                  00001a0c    0000002c     Crystalfontz128x128_ST7735.obj (.text:Crystalfontz128x128_ClearScreen)
                  00001a38    0000002c     HAL_MSP_EXP432P401R_Crystalfontz128x128_ST7735.obj (.text:HAL_LCD_writeData)
                  00001a64    00000028     Crystalfontz128x128_ST7735.obj (.text:Crystalfontz128x128_ColorTranslate)
                  00001a8c    00000028     msp432p4xx_driverlib.lib : gpio.o (.text:GPIO_setOutputHighOnPin)
                  00001ab4    00000028                              : gpio.o (.text:GPIO_setOutputLowOnPin)
                  00001adc    00000020     HAL_I2C.obj (.text:I2C_init)
                  00001afc    0000001c     msp432p4xx_driverlib.lib : adc14.o (.text:ADC14_getResult)
                  00001b18    0000001c                              : i2c.o (.text:I2C_setMode)
                  00001b34    0000001c     HAL_I2C.obj (.text:I2C_setslave)
                  00001b50    0000001c     msp432p4xx_driverlib.lib : spi.o (.text:SPI_enableModule)
                  00001b6c    0000001a     grlib.a : display.obj (.text:Graphics_clearDisplayOnDisplay)
                  00001b86    0000001a             : context.obj (.text:Graphics_setBackgroundColor)
                  00001ba0    0000001a             : context.obj (.text:Graphics_setFont)
                  00001bba    0000001a     msp432p4xx_driverlib.lib : i2c.o (.text:I2C_masterReceiveStart)
                  00001bd4    00000018                              : i2c.o (.text:I2C_getInterruptStatus)
                  00001bec    00000018                              : i2c.o (.text:I2C_isBusBusy)
                  00001c04    00000018     HAL_I2C.obj (.text:Init_I2C_GPIO)
                  00001c1c    00000016     msp432p4xx_driverlib.lib : spi.o (.text:EUSCI_A_SPI_enable)
                  00001c32    00000016                              : spi.o (.text:EUSCI_B_SPI_enable)
                  00001c48    00000016     grlib.a : context.obj (.text:Graphics_setForegroundColor)
                  00001c5e    00000016             : display.obj (.text:Graphics_translateColorOnDisplay)
                  00001c74    00000016     msp432p4xx_driverlib.lib : i2c.o (.text:I2C_clearInterruptFlag)
                  00001c8a    00000016                              : i2c.o (.text:I2C_disableModule)
                  00001ca0    00000016                              : i2c.o (.text:I2C_enableModule)
                  00001cb6    00000014                              : i2c.o (.text:I2C_masterReceiveMultiByteNext)
                  00001cca    00000014                              : i2c.o (.text:I2C_setSlaveAddress)
                  00001cde    00000014     HAL_OPT3001.obj (.text:OPT3001_init)
                  00001cf2    00000012     grlib.a : context.obj (.text:Graphics_clearDisplay)
                  00001d04    00000012     rtsv7M4_T_le_v4SPD16_eabi.lib : copy_zero_init.c.obj (.text:decompress:ZI:__TI_zero_init_nomemset:__TI_zero_init_nomemset)
                  00001d16    00000010     main.obj (.text:initLightSensor)
                  00001d26    0000000e     rtsv7M4_T_le_v4SPD16_eabi.lib : copy_decompress_none.c.obj (.text:decompress:none:__TI_decompress_none)
                  00001d34    0000000c     startup_msp432p401r_ccs.obj (.text:Reset_Handler)
                  00001d40    0000000a     Crystalfontz128x128_ST7735.obj (.text:Crystalfontz128x128_Flush)
                  00001d4a    00000004     rtsv7M4_T_le_v4SPD16_eabi.lib : pre_init.c.obj (.text:_system_pre_init)
                  00001d4e    00000004                                   : exit.c.obj (.text:abort:abort)

.const     0    00001d54    000004e8     
                  00001d54    000002f8     grlib.a : fontfixed6x8.obj (.const:.string:g_pucFontFixed6x8Data)
                  0000204c    000000c8             : fontfixed6x8.obj (.const:g_sFontFixed6x8)
                  00002114    00000080     msp432p4xx_driverlib.lib : adc14.o (.const:_ctlRegs)
                  00002194    00000030                              : gpio.o (.const:GPIO_PORT_TO_BASE)
                  000021c4    00000020     Crystalfontz128x128_ST7735.obj (.const:g_sCrystalfontz128x128_funcs)
                  000021e4    0000001c     HAL_MSP_EXP432P401R_Crystalfontz128x128_ST7735.obj (.const:$P$T0$1)
                  00002200    00000018     main.obj (.const:sensorCheckTimer)
                  00002218    00000014     HAL_I2C.obj (.const:i2cConfig)
                  0000222c    00000008     Crystalfontz128x128_ST7735.obj (.const:$P$T0$1)
                  00002234    00000008     main.obj (.const:.string:portP2_mapping)

.cinit     0    00002240    00000048     
                  00002240    00000021     (.cinit..data.load) [load image, compression = lzss]
                  00002261    00000003     --HOLE-- [fill = 0]
                  00002264    0000000c     (__TI_handler_table)
                  00002270    00000008     (.cinit..bss.load) [load image, compression = zero_init]
                  00002278    00000010     (__TI_cinit_table)

.init_array 
*          0    00000000    00000000     UNINITIALIZED

.binit     0    00000000    00000000     

.bss       0    20000000    0000003a     UNINITIALIZED
                  20000000    0000001c     (.common:g_sContext)
                  2000001c    0000000c     main.obj (.bss:accel)
                  20000028    00000004     main.obj (.bss:flags)
                  2000002c    00000004     main.obj (.bss)
                  20000030    00000002     (.common:Lcd_ScreenHeigth)
                  20000032    00000002     (.common:Lcd_ScreenWidth)
                  20000034    00000002     (.common:Lcd_TouchTrim)
                  20000036    00000001     (.common:Lcd_FlagRead)
                  20000037    00000001     (.common:Lcd_FontSolid)
                  20000038    00000001     (.common:Lcd_Orientation)
                  20000039    00000001     (.common:Lcd_PenSolid)

.data      0    2000003c    00000028     UNINITIALIZED
                  2000003c    00000018     main.obj (.data:lcdPWMConfig)
                  20000054    00000010     Crystalfontz128x128_ST7735.obj (.data:g_sCrystalfontz128x128)

.stack     0    2000fe00    00000200     UNINITIALIZED
                  2000fe00    00000004     rtsv7M4_T_le_v4SPD16_eabi.lib : boot_cortex_m.c.obj (.stack)
                  2000fe04    000001fc     --HOLE--

MODULE SUMMARY

       Module                                               code   ro data   rw data
       ------                                               ----   -------   -------
    .\
       main.obj                                             852    32        144    
       HAL_I2C.obj                                          296    20        0      
       HAL_OPT3001.obj                                      236    0         0      
       system_msp432p401r.obj                               120    0         0      
    +--+----------------------------------------------------+------+---------+---------+
       Total:                                               1504   52        144    
                                                                                    
    .\LcdDriver\
       Crystalfontz128x128_ST7735.obj                       1670   40        52     
       HAL_MSP_EXP432P401R_Crystalfontz128x128_ST7735.obj   212    28        0      
    +--+----------------------------------------------------+------+---------+---------+
       Total:                                               1882   68        52     
                                                                                    
    .\ccs\
       startup_msp432p401r_ccs.obj                          14     228       0      
    +--+----------------------------------------------------+------+---------+---------+
       Total:                                               14     228       0      
                                                                                    
    C:/ti/simplelink_msp432p4_sdk_2_20_00_12/source/ti/devices/msp432p4xx/driverlib/ccs/msp432p4xx_driverlib.lib
       i2c.o                                                690    0         0      
       adc14.o                                              380    128       0      
       timer_a.o                                            440    0         0      
       gpio.o                                               280    48        0      
       spi.o                                                312    0         0      
    +--+----------------------------------------------------+------+---------+---------+
       Total:                                               2102   176       0      
                                                                                    
    C:/ti/simplelink_msp432p4_sdk_2_20_00_12/source/ti/grlib/lib/ccs/m4f/grlib.a
       fontfixed6x8.obj                                     0      960       0      
       context.obj                                          174    0         0      
       display.obj                                          48     0         0      
    +--+----------------------------------------------------+------+---------+---------+
       Total:                                               222    960       0      
                                                                                    
    C:\ti\ccsv8\tools\compiler\ti-cgt-arm_18.1.3.LTS\lib\rtsv7M4_T_le_v4SPD16_eabi.lib
       fd_add_t2.asm.obj                                    438    0         0      
       fd_div_t2.asm.obj                                    310    0         0      
       fd_mul_t2.asm.obj                                    252    0         0      
       memcpy_t2.asm.obj                                    156    0         0      
       copy_decompress_lzss.c.obj                           104    0         0      
       autoinit.c.obj                                       68     0         0      
       fd_tou_t2.asm.obj                                    68     0         0      
       boot_cortex_m.c.obj                                  56     0         0      
       fs_tod_t2.asm.obj                                    56     0         0      
       copy_zero_init.c.obj                                 18     0         0      
       copy_decompress_none.c.obj                           14     0         0      
       exit.c.obj                                           4      0         0      
       pre_init.c.obj                                       4      0         0      
    +--+----------------------------------------------------+------+---------+---------+
       Total:                                               1548   0         0      
                                                                                    
       Stack:                                               0      0         1024   
       Linker Generated:                                    0      69        0      
    +--+----------------------------------------------------+------+---------+---------+
       Grand Total:                                         7272   1553      1220   


LINKER GENERATED COPY TABLES

__TI_cinit_table @ 00002278 records: 2, size/record: 8, table size: 16
	.data: load addr=00002240, load size=00000021 bytes, run addr=2000003c, run size=00000028 bytes, compression=lzss
	.bss: load addr=00002270, load size=00000008 bytes, run addr=20000000, run size=0000003a bytes, compression=zero_init


LINKER GENERATED HANDLER TABLE

__TI_handler_table @ 00002264 records: 3, size/record: 4, table size: 12
	index: 0, handler: __TI_decompress_lzss
	index: 1, handler: __TI_decompress_none
	index: 2, handler: __TI_zero_init


GLOBAL SYMBOLS: SORTED ALPHABETICALLY BY Name 

address   name                                       
-------   ----                                       
000014e9  ADC14_IRQHandler                           
000014e9  ADC14_IRQHandler                           
00001afd  ADC14_getResult                            
00000473  AES256_IRQHandler                          
00000473  BusFault_Handler                           
00001d4f  C$$EXIT                                    
00000473  COMP_E0_IRQHandler                         
00000473  COMP_E1_IRQHandler                         
00000473  CS_IRQHandler                              
00000ac5  Crystalfontz128x128_Init                   
00000991  Crystalfontz128x128_SetDrawFrame           
00001545  Crystalfontz128x128_SetOrientation         
00000473  DMA_ERR_IRQHandler                         
00000473  DMA_INT0_IRQHandler                        
00000473  DMA_INT1_IRQHandler                        
00000473  DMA_INT2_IRQHandler                        
00000473  DMA_INT3_IRQHandler                        
00000473  DebugMon_Handler                           
00000473  Default_Handler                            
00000473  EUSCIA0_IRQHandler                         
00000473  EUSCIA1_IRQHandler                         
00000473  EUSCIA2_IRQHandler                         
00000473  EUSCIA3_IRQHandler                         
00000473  EUSCIB0_IRQHandler                         
00000473  EUSCIB1_IRQHandler                         
00000473  EUSCIB2_IRQHandler                         
00000473  EUSCIB3_IRQHandler                         
00001c1d  EUSCI_A_SPI_enable                         
00001c33  EUSCI_B_SPI_enable                         
00000473  FLCTL_IRQHandler                           
00000473  FPU_IRQHandler                             
0000178d  GPIO_setAsOutputPin                        
00001039  GPIO_setAsPeripheralModuleFunctionOutputPin
00001a8d  GPIO_setOutputHighOnPin                    
00001ab5  GPIO_setOutputLowOnPin                     
00001cf3  Graphics_clearDisplay                      
00001b6d  Graphics_clearDisplayOnDisplay             
00001599  Graphics_initContext                       
00001b87  Graphics_setBackgroundColor                
00001ba1  Graphics_setFont                           
00001c49  Graphics_setForegroundColor                
00001c5f  Graphics_translateColorOnDisplay           
000019dd  HAL_LCD_PortInit                           
000017cd  HAL_LCD_SpiInit                            
000018c9  HAL_LCD_writeCommand                       
00001a39  HAL_LCD_writeData                          
00000473  HardFault_Handler                          
00001c75  I2C_clearInterruptFlag                     
00001c8b  I2C_disableModule                          
00001ca1  I2C_enableModule                           
00001bd5  I2C_getInterruptStatus                     
00001add  I2C_init                                   
000013c5  I2C_initMaster                             
00001bed  I2C_isBusBusy                              
0000180d  I2C_masterReceiveMultiByteFinish           
00001cb7  I2C_masterReceiveMultiByteNext             
00001bbb  I2C_masterReceiveStart                     
00001221  I2C_masterSendMultiByteFinish              
000019a9  I2C_masterSendMultiByteNext                
0000128d  I2C_masterSendMultiByteStart               
00001901  I2C_masterSendMultiByteStop                
00000fad  I2C_read16                                 
00001b19  I2C_setMode                                
00001ccb  I2C_setSlaveAddress                        
00001b35  I2C_setslave                               
00001639  I2C_write16                                
00001c05  Init_I2C_GPIO                              
20000036  Lcd_FlagRead                               
20000037  Lcd_FontSolid                              
20000038  Lcd_Orientation                            
20000039  Lcd_PenSolid                               
20000030  Lcd_ScreenHeigth                           
20000032  Lcd_ScreenWidth                            
20000034  Lcd_TouchTrim                              
00000473  MemManage_Handler                          
00000473  NMI_Handler                                
00000ced  OPT3001_getLux                             
00001cdf  OPT3001_init                               
00000473  PCM_IRQHandler                             
00000473  PORT1_IRQHandler                           
00000473  PORT2_IRQHandler                           
00000473  PORT3_IRQHandler                           
00000473  PORT4_IRQHandler                           
00000473  PORT5_IRQHandler                           
00000473  PORT6_IRQHandler                           
00000473  PSS_IRQHandler                             
00000473  PendSV_Handler                             
00000473  RTC_C_IRQHandler                           
00001d35  Reset_Handler                              
00001b51  SPI_enableModule                           
00000dc5  SPI_initMaster                             
00000473  SVC_Handler                                
00000473  SysTick_Handler                            
000010c1  SystemInit                                 
00000473  T32_INT1_IRQHandler                        
00000473  T32_INT2_IRQHandler                        
00000473  T32_INTC_IRQHandler                        
00000473  TA0_0_IRQHandler                           
00000473  TA0_N_IRQHandler                           
00000473  TA1_0_IRQHandler                           
00001681  TA1_N_IRQHandler                           
00001681  TA1_N_IRQHandler                           
00000473  TA2_0_IRQHandler                           
00000473  TA2_N_IRQHandler                           
00000473  TA3_0_IRQHandler                           
00000473  TA3_N_IRQHandler                           
00001139  Timer_A_generatePWM                        
00000473  UsageFault_Handler                         
4000480c  WDTCTL_SYM                                 
00000473  WDT_A_IRQHandler                           
20010000  __STACK_END                                
00000200  __STACK_SIZE                               
00002278  __TI_CINIT_Base                            
00002288  __TI_CINIT_Limit                           
00002264  __TI_Handler_Table_Base                    
00002270  __TI_Handler_Table_Limit                   
000016c5  __TI_auto_init_nobinit_nopinit             
000012f5  __TI_decompress_lzss                       
00001d27  __TI_decompress_none                       
ffffffff  __TI_pprof_out_hndl                        
ffffffff  __TI_prof_data_size                        
ffffffff  __TI_prof_data_start                       
00000000  __TI_static_base__                         
00001d05  __TI_zero_init_nomemset                    
00001709  __aeabi_d2uiz                              
000002c7  __aeabi_dadd                               
00000859  __aeabi_ddiv                               
00000bf1  __aeabi_dmul                               
000002bd  __aeabi_dsub                               
00001971  __aeabi_f2d                                
00000f11  __aeabi_memcpy                             
00000f11  __aeabi_memcpy4                            
00000f11  __aeabi_memcpy8                            
ffffffff  __binit__                                  
ffffffff  __c_args__                                 
UNDEFED   __mpu_init                                 
2000fe00  __stack                                    
00001939  _c_int00_noargs                            
UNDEFED   _system_post_cinit                         
00001d4b  _system_pre_init                           
00001d4f  abort                                      
ffffffff  binit                                      
20000000  g_sContext                                 
20000054  g_sCrystalfontz128x128                     
000021c4  g_sCrystalfontz128x128_funcs               
0000204c  g_sFontFixed6x8                            
00002218  i2cConfig                                  
0000135d  initClock                                  
000011ad  initHardware                               
000015ed  initLCD                                    
00001d17  initLightSensor                            
0000188d  initTimers                                 
00000000  interruptVectors                           
00000719  main                                       
00000f11  memcpy                                     
00002234  portP2_mapping                             
00002200  sensorCheckTimer                           


GLOBAL SYMBOLS: SORTED BY Symbol Address 

address   name                                       
-------   ----                                       
00000000  __TI_static_base__                         
00000000  interruptVectors                           
00000200  __STACK_SIZE                               
000002bd  __aeabi_dsub                               
000002c7  __aeabi_dadd                               
00000473  AES256_IRQHandler                          
00000473  BusFault_Handler                           
00000473  COMP_E0_IRQHandler                         
00000473  COMP_E1_IRQHandler                         
00000473  CS_IRQHandler                              
00000473  DMA_ERR_IRQHandler                         
00000473  DMA_INT0_IRQHandler                        
00000473  DMA_INT1_IRQHandler                        
00000473  DMA_INT2_IRQHandler                        
00000473  DMA_INT3_IRQHandler                        
00000473  DebugMon_Handler                           
00000473  Default_Handler                            
00000473  EUSCIA0_IRQHandler                         
00000473  EUSCIA1_IRQHandler                         
00000473  EUSCIA2_IRQHandler                         
00000473  EUSCIA3_IRQHandler                         
00000473  EUSCIB0_IRQHandler                         
00000473  EUSCIB1_IRQHandler                         
00000473  EUSCIB2_IRQHandler                         
00000473  EUSCIB3_IRQHandler                         
00000473  FLCTL_IRQHandler                           
00000473  FPU_IRQHandler                             
00000473  HardFault_Handler                          
00000473  MemManage_Handler                          
00000473  NMI_Handler                                
00000473  PCM_IRQHandler                             
00000473  PORT1_IRQHandler                           
00000473  PORT2_IRQHandler                           
00000473  PORT3_IRQHandler                           
00000473  PORT4_IRQHandler                           
00000473  PORT5_IRQHandler                           
00000473  PORT6_IRQHandler                           
00000473  PSS_IRQHandler                             
00000473  PendSV_Handler                             
00000473  RTC_C_IRQHandler                           
00000473  SVC_Handler                                
00000473  SysTick_Handler                            
00000473  T32_INT1_IRQHandler                        
00000473  T32_INT2_IRQHandler                        
00000473  T32_INTC_IRQHandler                        
00000473  TA0_0_IRQHandler                           
00000473  TA0_N_IRQHandler                           
00000473  TA1_0_IRQHandler                           
00000473  TA2_0_IRQHandler                           
00000473  TA2_N_IRQHandler                           
00000473  TA3_0_IRQHandler                           
00000473  TA3_N_IRQHandler                           
00000473  UsageFault_Handler                         
00000473  WDT_A_IRQHandler                           
00000719  main                                       
00000859  __aeabi_ddiv                               
00000991  Crystalfontz128x128_SetDrawFrame           
00000ac5  Crystalfontz128x128_Init                   
00000bf1  __aeabi_dmul                               
00000ced  OPT3001_getLux                             
00000dc5  SPI_initMaster                             
00000f11  __aeabi_memcpy                             
00000f11  __aeabi_memcpy4                            
00000f11  __aeabi_memcpy8                            
00000f11  memcpy                                     
00000fad  I2C_read16                                 
00001039  GPIO_setAsPeripheralModuleFunctionOutputPin
000010c1  SystemInit                                 
00001139  Timer_A_generatePWM                        
000011ad  initHardware                               
00001221  I2C_masterSendMultiByteFinish              
0000128d  I2C_masterSendMultiByteStart               
000012f5  __TI_decompress_lzss                       
0000135d  initClock                                  
000013c5  I2C_initMaster                             
000014e9  ADC14_IRQHandler                           
000014e9  ADC14_IRQHandler                           
00001545  Crystalfontz128x128_SetOrientation         
00001599  Graphics_initContext                       
000015ed  initLCD                                    
00001639  I2C_write16                                
00001681  TA1_N_IRQHandler                           
00001681  TA1_N_IRQHandler                           
000016c5  __TI_auto_init_nobinit_nopinit             
00001709  __aeabi_d2uiz                              
0000178d  GPIO_setAsOutputPin                        
000017cd  HAL_LCD_SpiInit                            
0000180d  I2C_masterReceiveMultiByteFinish           
0000188d  initTimers                                 
000018c9  HAL_LCD_writeCommand                       
00001901  I2C_masterSendMultiByteStop                
00001939  _c_int00_noargs                            
00001971  __aeabi_f2d                                
000019a9  I2C_masterSendMultiByteNext                
000019dd  HAL_LCD_PortInit                           
00001a39  HAL_LCD_writeData                          
00001a8d  GPIO_setOutputHighOnPin                    
00001ab5  GPIO_setOutputLowOnPin                     
00001add  I2C_init                                   
00001afd  ADC14_getResult                            
00001b19  I2C_setMode                                
00001b35  I2C_setslave                               
00001b51  SPI_enableModule                           
00001b6d  Graphics_clearDisplayOnDisplay             
00001b87  Graphics_setBackgroundColor                
00001ba1  Graphics_setFont                           
00001bbb  I2C_masterReceiveStart                     
00001bd5  I2C_getInterruptStatus                     
00001bed  I2C_isBusBusy                              
00001c05  Init_I2C_GPIO                              
00001c1d  EUSCI_A_SPI_enable                         
00001c33  EUSCI_B_SPI_enable                         
00001c49  Graphics_setForegroundColor                
00001c5f  Graphics_translateColorOnDisplay           
00001c75  I2C_clearInterruptFlag                     
00001c8b  I2C_disableModule                          
00001ca1  I2C_enableModule                           
00001cb7  I2C_masterReceiveMultiByteNext             
00001ccb  I2C_setSlaveAddress                        
00001cdf  OPT3001_init                               
00001cf3  Graphics_clearDisplay                      
00001d05  __TI_zero_init_nomemset                    
00001d17  initLightSensor                            
00001d27  __TI_decompress_none                       
00001d35  Reset_Handler                              
00001d4b  _system_pre_init                           
00001d4f  C$$EXIT                                    
00001d4f  abort                                      
0000204c  g_sFontFixed6x8                            
000021c4  g_sCrystalfontz128x128_funcs               
00002200  sensorCheckTimer                           
00002218  i2cConfig                                  
00002234  portP2_mapping                             
00002264  __TI_Handler_Table_Base                    
00002270  __TI_Handler_Table_Limit                   
00002278  __TI_CINIT_Base                            
00002288  __TI_CINIT_Limit                           
20000000  g_sContext                                 
20000030  Lcd_ScreenHeigth                           
20000032  Lcd_ScreenWidth                            
20000034  Lcd_TouchTrim                              
20000036  Lcd_FlagRead                               
20000037  Lcd_FontSolid                              
20000038  Lcd_Orientation                            
20000039  Lcd_PenSolid                               
20000054  g_sCrystalfontz128x128                     
2000fe00  __stack                                    
20010000  __STACK_END                                
4000480c  WDTCTL_SYM                                 
ffffffff  __TI_pprof_out_hndl                        
ffffffff  __TI_prof_data_size                        
ffffffff  __TI_prof_data_start                       
ffffffff  __binit__                                  
ffffffff  __c_args__                                 
ffffffff  binit                                      
UNDEFED   __mpu_init                                 
UNDEFED   _system_post_cinit                         

[157 symbols]
